Warning[w6]: Type conflict for external/entry "Delay1OSC", in module mainapp against external/entry in module McuDrive; prototyped function vs K&R function
  /* In module mainapp: */
  /* K&R Function, args 0, attr 0 */
  int (__xdata_reentrant Delay1OSC)();
  /* In module McuDrive: */
  /* Function, args 0, attr 0 */
  void (__xdata_reentrant Delay1OSC)(void);
Warning[w6]: Type conflict for external/entry "stmemter_statu", in module indata_oper against external/entry in module dfinit; types have different memory attributes
  /* In module indata_oper: */
  struct STMEMTER_STATU /* Elements: 3, Bytes: 74 */
                        /* First seen in Meter */
  { 
    u8 IMType[10];
    u8 SoftVer[32];
    u8 HardVer[32];
  } stmemter_statu[];
    typedef unsigned char u8;
  /* In module dfinit: */
  struct STMEMTER_STATU /* Elements: 3, Bytes: 74 */
                        /* First seen in Meter */
  { 
    u8 IMType[10];
    u8 SoftVer[32];
    u8 HardVer[32];
  } (__code const stmemter_statu)[4];
    typedef unsigned char u8;
Warning[w6]: Type conflict for external/entry "c8025intno", in module System against external/entry in module globlvar; types have different type attributes
  /* In module System: */
  char c8025intno;
  /* In module globlvar: */
  unsigned char volatile c8025intno;
Warning[w6]: Type conflict for external/entry "Init_FlashData", in module TRx against external/entry in module indata_oper; function return types are different; different basic types
  /* In module TRx: */
  /* K&R Function, args 0, attr 0 */
  void (__xdata_reentrant Init_FlashData)();
  /* In module indata_oper: */
  /* K&R Function, args 0, attr 0 */
  u8 (__xdata_reentrant Init_FlashData)();
    typedef unsigned char u8;
Warning[w6]: Type conflict for external/entry "App_Init", in module mainapp against external/entry in module main; prototyped function vs K&R function
  /* In module mainapp: */
  /* K&R Function, args 0, attr 0 */
  int (__xdata_reentrant App_Init)();
  /* In module main: */
  /* Function, args 0, attr 0 */
  void (__xdata_reentrant App_Init)(void);
Warning[w6]: Type conflict for external/entry "Var_Init", in module mainapp against external/entry in module main; prototyped function vs K&R function
  /* In module mainapp: */
  /* K&R Function, args 0, attr 0 */
  int (__xdata_reentrant Var_Init)();
  /* In module main: */
  /* Function, args 0, attr 0 */
  void (__xdata_reentrant Var_Init)(void);
################################################################################
#                                                                              #
#      IAR Universal Linker V5.7.0.39                                          #
#                                                                              #
#           Link time     =  16/Sep/2019  20:07:00                             #
#           Target CPU    =  x51                                               #
#           List file     =  C:\worktop\galaxy_Thailand_9811b_62056_meter\sour #
#                            ce\Debug\List\D143R-9821S.map                     #
#           Output file 1 =  C:\worktop\galaxy_Thailand_9811b_62056_meter\sour #
#                            ce\Debug\Exe\D143F9821S.xx.20xxxxxx.hex           #
#                            Format: intel-extended                            #
#           Output file 2 =  C:\worktop\galaxy_Thailand_9811b_62056_meter\sour #
#                            ce\Debug\Exe\D143R-9821S.d51                      #
#                            Format: debug                                     #
#                            UBROF version 10.0.6                              #
#                            Using library modules for C-SPY (-r)              #
#           Command line  =  "-IC:\Program Files (x86)\IAR Systems\Embedded Wo #
#                            rkbench 6.5\8051\CONFIG\"                         #
#                            -D_NR_OF_BANKS=0 -D_CODEBANK_END=0                #
#                            -D_CODEBANK_START=0                               #
#                            C:\worktop\galaxy_Thailand_9811b_62056_meter\sour #
#                            ce\Debug\Obj\ADKfunc.r51                          #
#                            C:\worktop\galaxy_Thailand_9811b_62056_meter\sour #
#                            ce\Debug\Obj\Api.r51                              #
#                            C:\worktop\galaxy_Thailand_9811b_62056_meter\sour #
#                            ce\Debug\Obj\BEBottom.r51                         #
#                            C:\worktop\galaxy_Thailand_9811b_62056_meter\sour #
#                            ce\Debug\Obj\ComApplication.r51                   #
#                            C:\worktop\galaxy_Thailand_9811b_62056_meter\sour #
#                            ce\Debug\Obj\ComBottom.r51                        #
#                            C:\worktop\galaxy_Thailand_9811b_62056_meter\sour #
#                            ce\Debug\Obj\ComCoretab.r51                       #
#                            C:\worktop\galaxy_Thailand_9811b_62056_meter\sour #
#                            ce\Debug\Obj\DLT_645_2007.r51                     #
#                            C:\worktop\galaxy_Thailand_9811b_62056_meter\sour #
#                            ce\Debug\Obj\DataProtect.r51                      #
#                            C:\worktop\galaxy_Thailand_9811b_62056_meter\sour #
#                            ce\Debug\Obj\Dataproc.r51                         #
#                            C:\worktop\galaxy_Thailand_9811b_62056_meter\sour #
#                            ce\Debug\Obj\Demand.r51                           #
#                            C:\worktop\galaxy_Thailand_9811b_62056_meter\sour #
#                            ce\Debug\Obj\Disp.r51                             #
#                            C:\worktop\galaxy_Thailand_9811b_62056_meter\sour #
#                            ce\Debug\Obj\Drv_RTCSPK.r51                       #
#                            C:\worktop\galaxy_Thailand_9811b_62056_meter\sour #
#                            ce\Debug\Obj\Energy.r51                           #
#                            C:\worktop\galaxy_Thailand_9811b_62056_meter\sour #
#                            ce\Debug\Obj\EnergyBottom.r51                     #
#                            C:\worktop\galaxy_Thailand_9811b_62056_meter\sour #
#                            ce\Debug\Obj\FunCfg.r51                           #
#                            C:\worktop\galaxy_Thailand_9811b_62056_meter\sour #
#                            ce\Debug\Obj\GC_Use.r51                           #
#                            C:\worktop\galaxy_Thailand_9811b_62056_meter\sour #
#                            ce\Debug\Obj\InOut.r51                            #
#                            C:\worktop\galaxy_Thailand_9811b_62056_meter\sour #
#                            ce\Debug\Obj\InitPara.r51                         #
#                            C:\worktop\galaxy_Thailand_9811b_62056_meter\sour #
#                            ce\Debug\Obj\Key.r51                              #
#                            C:\worktop\galaxy_Thailand_9811b_62056_meter\sour #
#                            ce\Debug\Obj\LcdBottom.r51                        #
#                            C:\worktop\galaxy_Thailand_9811b_62056_meter\sour #
#                            ce\Debug\Obj\Lcdmiddle.r51                        #
#                            C:\worktop\galaxy_Thailand_9811b_62056_meter\sour #
#                            ce\Debug\Obj\Lcdshow.r51                          #
#                            C:\worktop\galaxy_Thailand_9811b_62056_meter\sour #
#                            ce\Debug\Obj\McuDrive.r51                         #
#                            C:\worktop\galaxy_Thailand_9811b_62056_meter\sour #
#                            ce\Debug\Obj\Meter.r51                            #
#                            C:\worktop\galaxy_Thailand_9811b_62056_meter\sour #
#                            ce\Debug\Obj\Powmanger.r51                        #
#                            C:\worktop\galaxy_Thailand_9811b_62056_meter\sour #
#                            ce\Debug\Obj\Prcfrm.r51                           #
#                            C:\worktop\galaxy_Thailand_9811b_62056_meter\sour #
#                            ce\Debug\Obj\Ptl_1107.r51                         #
#                            C:\worktop\galaxy_Thailand_9811b_62056_meter\sour #
#                            ce\Debug\Obj\PubData.r51                          #
#                            C:\worktop\galaxy_Thailand_9811b_62056_meter\sour #
#                            ce\Debug\Obj\System.r51                           #
#                            C:\worktop\galaxy_Thailand_9811b_62056_meter\sour #
#                            ce\Debug\Obj\TRx.r51                              #
#                            C:\worktop\galaxy_Thailand_9811b_62056_meter\sour #
#                            ce\Debug\Obj\TamperProc.r51                       #
#                            C:\worktop\galaxy_Thailand_9811b_62056_meter\sour #
#                            ce\Debug\Obj\Timeproc.r51                         #
#                            C:\worktop\galaxy_Thailand_9811b_62056_meter\sour #
#                            ce\Debug\Obj\Uart2.r51                            #
#                            C:\worktop\galaxy_Thailand_9811b_62056_meter\sour #
#                            ce\Debug\Obj\Uart4.r51                            #
#                            C:\worktop\galaxy_Thailand_9811b_62056_meter\sour #
#                            ce\Debug\Obj\Version.r51                          #
#                            C:\worktop\galaxy_Thailand_9811b_62056_meter\sour #
#                            ce\Debug\Obj\bit_edge.r51                         #
#                            C:\worktop\galaxy_Thailand_9811b_62056_meter\sour #
#                            ce\Debug\Obj\cstartup.r51                         #
#                            C:\worktop\galaxy_Thailand_9811b_62056_meter\sour #
#                            ce\Debug\Obj\dfinit.r51                           #
#                            C:\worktop\galaxy_Thailand_9811b_62056_meter\sour #
#                            ce\Debug\Obj\disp_format_lcd10329.r51             #
#                            C:\worktop\galaxy_Thailand_9811b_62056_meter\sour #
#                            ce\Debug\Obj\eeprom.r51                           #
#                            C:\worktop\galaxy_Thailand_9811b_62056_meter\sour #
#                            ce\Debug\Obj\globlvar.r51                         #
#                            C:\worktop\galaxy_Thailand_9811b_62056_meter\sour #
#                            ce\Debug\Obj\indata_oper.r51                      #
#                            C:\worktop\galaxy_Thailand_9811b_62056_meter\sour #
#                            ce\Debug\Obj\main.r51                             #
#                            C:\worktop\galaxy_Thailand_9811b_62056_meter\sour #
#                            ce\Debug\Obj\mainapp.r51                          #
#                            C:\worktop\galaxy_Thailand_9811b_62056_meter\sour #
#                            ce\Debug\Obj\public.r51                           #
#                            C:\worktop\galaxy_Thailand_9811b_62056_meter\sour #
#                            ce\Debug\Obj\pxv9811b.r51                         #
#                            C:\worktop\galaxy_Thailand_9811b_62056_meter\sour #
#                            ce\Debug\Obj\safedate.r51                         #
#                            C:\worktop\galaxy_Thailand_9811b_62056_meter\sour #
#                            ce\Debug\Obj\workaround.r51                       #
#                            -o                                                #
#                            C:\worktop\galaxy_Thailand_9811b_62056_meter\sour #
#                            ce\Debug\Exe\D143R-9821S.d51                      #
#                            -l                                                #
#                            C:\worktop\galaxy_Thailand_9811b_62056_meter\sour #
#                            ce\Debug\List\D143R-9821S.map                     #
#                            -xms                                              #
#                            "-IC:\Program Files (x86)\IAR Systems\Embedded Wo #
#                            rkbench 6.5\8051\LIB\"                            #
#                            -f                                                #
#                            C:\worktop\galaxy_Thailand_9811b_62056_meter\sour #
#                            ce\lnk51ew.xcl                                    #
#                            (-D_IDATA_END=0xFF -D_PDATA_START=0x0F01          #
#                            -D_PDATA_END=0x0F7F -D_IXDATA_START=1             #
#                            -D_IXDATA_END=0xF7F -D_XDATA_START=0x000001       #
#                            -D_XDATA_END=0x00F7F -D_CODE_START=0x000000       #
#                            -D_CODE_END=0xFFFF -D_NEAR_CODE_END=0xFFFF        #
#                            -D_FAR_DATA_NR_OF_BANKS=0x0E                      #
#                            -D_FAR_DATA_START=0x010001                        #
#                            -D_FAR_DATA_END=0xFFFFFF                          #
#                            -D_FAR_CODE_START=_CODE_START                     #
#                            -D_FAR_CODE_END=_CODE_END -D?REGISTER_BANK=0      #
#                            -D_REGISTER_BANK_START=0 -D_BREG_START=0x00       #
#                            -D?VB=0x20 -D_FIRST_BANK_ADDR=0                   #
#                            -P(CODE)BANKED_CODE_EXT2_C=[0x0F0000-0x0FFFFF]    #
#                            -P(CODE)BANKED_CODE_EXT2_N=[0x0F0000-0x0FFFFF]    #
#                            -KBANKED_EXT2=10000,15                            #
#                            -Z(CODE)BANKED_EXT2#FFF0-FFFF                     #
#                            -P(CODE)BANKED_CODE_INTERRUPTS_EXT2=[0x00E0100-0x #
#                            00EFFFF]                                          #
#                            -P(CODE)INTVEC_EXT2=[0x0E0000-0x0EFFFF]           #
#                            -Z(BIT)BREG=_BREG_START -Z(BIT)BIT_N=0-7F         #
#                            -Z(DATA)REGISTERS+8=_REGISTER_BANK_START          #
#                            -Z(DATA)BDATA_Z,BDATA_N,BDATA_I=20-2F             #
#                            -Z(DATA)VREG+_NR_OF_VIRTUAL_REGISTERS=08-7F       #
#                            -Z(DATA)PSP,XSP=08-7F -Z(DATA)DOVERLAY=08-7F      #
#                            -Z(DATA)DATA_I,DATA_Z,DATA_N=08-7F                #
#                            -U(IDATA)0-7F=(DATA)0-7F                          #
#                            -Z(IDATA)IDATA_I,IDATA_Z,IDATA_N=08-_IDATA_END    #
#                            -Z(IDATA)ISTACK+_IDATA_STACK_SIZE#08-_IDATA_END   #
#                            -Z(IDATA)IOVERLAY=08-FF -Z(CODE)INTVEC=0          #
#                            -Z(CODE)CSTART=_CODE_START-_CODE_END              #
#                            -D_BANK1_START=0x18000 -D_BANK1_END=0x1FFFF       #
#                            -D_BANK2_START=0x28000 -D_BANK2_END=0x2FFFF       #
#                            -D_BANK0_START=0x8000 -D_BANK0_END=0xFFFF         #
#                            -P(CODE)BANK0=_BANK0_START-_BANK0_END             #
#                            -P(CODE)BANK1=_BANK1_START-_BANK1_END             #
#                            -P(CODE)BANK2=_BANK2_START-_BANK2_END             #
#                            -Z(CODE)BIT_ID,BDATA_ID,DATA_ID,IDATA_ID,IXDATA_I #
#                            D,PDATA_ID,XDATA_ID=_CODE_START-_CODE_END         #
#                            -Z(CODE)HUGE_ID=_FAR_CODE_START-_FAR_CODE_END     #
#                            -Z(CODE)BANK_RELAYS,RCODE,DIFUNCT,CODE_C,CODE_N,N #
#                            EAR_CODE=_CODE_START-_CODE_END                    #
#                            -P(CODE)BANKED_CODE=_CODE_START-_CODE_END,[(_CODE #
#                            BANK_START+_FIRST_BANK_ADDR)-(_CODEBANK_END+_FIRS #
#                            T_BANK_ADDR)]*_NR_OF_BANKS+10000                  #
#                            -P(CODE)FAR_CODE_C,FAR_CODE_N,FAR_CODE=[_FAR_CODE #
#                            _START-_FAR_CODE_END]/10000                       #
#                            -P(CODE)HUGE_CODE_C=_FAR_CODE_START-_FAR_CODE_END #
#                            -Z(CODE)CHECKSUM#_CODE_END                        #
#                            -Z(XDATA)EXT_STACK+_EXTENDED_STACK_SIZE=_EXTENDED #
#                            _STACK_START                                      #
#                            -Z(XDATA)PSTACK+_PDATA_STACK_SIZE=_PDATA_START-_P #
#                            DATA_END                                          #
#                            -Z(XDATA)XSTACK+_XDATA_STACK_SIZE=_XDATA_START-_X #
#                            DATA_END                                          #
#                            -Z(XDATA)PDATA_Z,PDATA_I=_PDATA_START-_PDATA_END  #
#                            -P(XDATA)PDATA_N=_PDATA_START-_PDATA_END          #
#                            -Z(XDATA)IXDATA_Z,IXDATA_I=_IXDATA_START-_IXDATA_ #
#                            END                                               #
#                            -P(XDATA)IXDATA_N=_IXDATA_START-_IXDATA_END       #
#                            -Z(XDATA)XDATA_Z,XDATA_I=_XDATA_START-_XDATA_END  #
#                            -P(XDATA)XDATA_N=_XDATA_START-_XDATA_END          #
#                            -Z(XDATA)XDATA_HEAP+_XDATA_HEAP_SIZE=_XDATA_START #
#                            -_XDATA_END                                       #
#                            -Z(CONST)XDATA_ROM_C=_XDATA_START-_XDATA_END      #
#                            -Z(XDATA)FAR_Z=[_FAR_DATA_START-_FAR_DATA_END]/10 #
#                            000                                               #
#                            -Z(XDATA)FAR_I=[_FAR_DATA_START-_FAR_DATA_END]/10 #
#                            000                                               #
#                            -Z(CODE)FAR_ID=[_FAR_CODE_START-_FAR_CODE_END]/10 #
#                            000                                               #
#                            -Z(XDATA)FAR_HEAP+_FAR_HEAP_SIZE=[_FAR_DATA_START #
#                            -_FAR_DATA_END]/10000                             #
#                            -P(XDATA)FAR_N=[_FAR_DATA_START-_FAR_DATA_END]*_F #
#                            AR_DATA_NR_OF_BANKS+10000                         #
#                            -P(CONST)FAR_ROM_C=[_FAR_DATA_START-_FAR_DATA_END #
#                            ]*_FAR_DATA_NR_OF_BANKS+10000                     #
#                            -Z(XDATA)HUGE_Z,HUGE_I=_FAR_DATA_START-_FAR_DATA_ #
#                            END                                               #
#                            -P(XDATA)HUGE_N=_FAR_DATA_START-_FAR_DATA_END     #
#                            -Z(XDATA)HUGE_HEAP+_HUGE_HEAP_SIZE=_FAR_DATA_STAR #
#                            T-_FAR_DATA_END                                   #
#                            -Z(CONST)HUGE_ROM_C=_FAR_DATA_START-_FAR_DATA_END #
#                            -cx51 -D?ACON=9D -D?DPS1=F6 -D?TA=C7              #
#                            -D?MCON=C6) -D_NR_OF_VIRTUAL_REGISTERS=8          #
#                            -D?PBANK=0xA0 -e_large_write=_formatted_write     #
#                            -e_large_read=_formatted_read -r                  #
#                            -Ointel-extended=C:\worktop\galaxy_Thailand_9811b #
#                            _62056_meter\source\Debug\Exe\D143F9821S.xx.20xxx #
#                            xxx.hex                                           #
#                            -s __program_start                                #
#                            "C:\Program Files (x86)\IAR Systems\Embedded Work #
#                            bench 6.5\8051\LIB\CLIB\cl-pli-nlxc-1e16x01.r51"  #
#                            -D_IDATA_STACK_SIZE=0x60 -D?ESP=0 -D?ESP_MASK=0   #
#                            -D_EXTENDED_STACK_START=0                         #
#                            -D_EXTENDED_STACK_SIZE=0                          #
#                            -D_PDATA_STACK_SIZE=0x80                          #
#                            -D_XDATA_STACK_SIZE=0x200                         #
#                            -D_XDATA_HEAP_SIZE=0xFF -D_FAR_HEAP_SIZE=0xFFF    #
#                            -D_HUGE_HEAP_SIZE=0xFFF                           #
#                            -D_FAR22_HEAP_SIZE=0xFFF                          #
#                                                                              #
#                           Copyright (C) 1987-2013 IAR Systems AB.            #
################################################################################





                ****************************************
                *                                      *
                *           CROSS REFERENCE            *
                *                                      *
                ****************************************

       Program entry at : CODE      00000066  Relocatable, from module : CSTARTUP




                ****************************************
                *                                      *
                *            RUNTIME MODEL             *
                *                                      *
                ****************************************

  __SystemLibrary          = CLib
  __calling_convention     = xdata_reentrant
  __code_model             = near
  __core                   = plain
  __data_model             = large
  __dptr_size              = 16
  __extended_stack         = disabled
  __location_for_constants = code
  __number_of_dptrs        = 1
  __rt_version             = 1

                ****************************************
                *                                      *
                *    AUTOMATIC SYMBOL REDIRECTIONS     *
                *                                      *
                ****************************************

                  There are no automatic symbol redirections.



                ****************************************
                *                                      *
                *              MODULE MAP              *
                *                                      *
                ****************************************


  DEFINED ABSOLUTE ENTRIES
    *************************************************************************

  DEFINED ABSOLUTE ENTRIES
  PROGRAM MODULE, NAME : ?ABS_ENTRY_MOD

Absolute parts
           ENTRY                   ADDRESS         REF BY
           =====                   =======         ======
           _FAR22_HEAP_SIZE        00000FFF 
           _HUGE_HEAP_SIZE         00000FFF 
           _FAR_HEAP_SIZE          00000FFF 
           _XDATA_HEAP_SIZE        000000FF 
           _XDATA_STACK_SIZE       00000200 
           _PDATA_STACK_SIZE       00000080 
           _EXTENDED_STACK_SIZE    00000000 
           _EXTENDED_STACK_START   00000000 
           ?ESP_MASK               00000000 
           ?ESP                    00000000 
           _IDATA_STACK_SIZE       00000060 
           ?PBANK                  000000A0 
           _NR_OF_VIRTUAL_REGISTERS
                                   00000008 
           ?MCON                   000000C6 
           ?TA                     000000C7 
           ?DPS1                   000000F6 
           ?ACON                   0000009D 
           _BANK0_END              0000FFFF 
           _BANK0_START            00008000 
           _BANK2_END              0002FFFF 
           _BANK2_START            00028000 
           _BANK1_END              0001FFFF 
           _BANK1_START            00018000 
           _FIRST_BANK_ADDR        00000000 
           ?VB                     00000020        ?FUNC_ENTER_XDATA (?FUNC_ENTER_XDATA)
                                                   ?FUNC_LEAVE_XDATA (?FUNC_LEAVE_XDATA)
           _BREG_START             00000000 
           _REGISTER_BANK_START    00000000 
           ?REGISTER_BANK          00000000        Segment part 6 (CSTARTUP)
           _FAR_CODE_END           0000FFFF 
           _FAR_CODE_START         00000000 
           _FAR_DATA_END           00FFFFFF 
           _FAR_DATA_START         00010001 
           _FAR_DATA_NR_OF_BANKS   0000000E 
           _NEAR_CODE_END          0000FFFF 
           _CODE_END               0000FFFF 
           _CODE_START             00000000 
           _XDATA_END              00000F7F 
           _XDATA_START            00000001 
           _IXDATA_END             00000F7F 
           _IXDATA_START           00000001 
           _PDATA_END              00000F7F 
           _PDATA_START            00000F01 
           _IDATA_END              000000FF 
           _CODEBANK_START         00000000 
           _CODEBANK_END           00000000 
           _NR_OF_BANKS            00000000 
    *************************************************************************

  FILE NAME : C:\worktop\galaxy_Thailand_9811b_62056_meter\source\Debug\Obj\ADKfunc.r51
  PROGRAM MODULE, NAME : ADKfunc

  SEGMENTS IN THE MODULE
  ======================
SFR_AN
  Relative segment, address: DATA 000000CE - 000000CE (0x1 bytes), align: 0
  Segment part 1. ROOT.       Intra module refs:   Data_SecProc (Dataproc)
                                                   EnyB_SetMeterRule (EnergyBottom)
                                                   Mea_Init (EnergyBottom)
                                                   Pwr_ChkProc (Powmanger)
                                                   Pwr_SlpReset (Powmanger)
                                                   Pwr_WakeupProc (Powmanger)
                                                   SwitchMode (TamperProc)
                                                   TIMER_ISR (mainapp)
                                                   main (mainapp)
           ENTRY                   ADDRESS         REF BY
           =====                   =======         ======
           WDTEN                   000000CE 
    -------------------------------------------------------------------------
SFR_AN
  Relative segment, address: DATA 000000CF - 000000CF (0x1 bytes), align: 0
  Segment part 2. ROOT.       Intra module refs:   Data_SecProc (Dataproc)
                                                   EnyB_SetMeterRule (EnergyBottom)
                                                   Mea_Init (EnergyBottom)
                                                   Pwr_ChkProc (Powmanger)
                                                   Pwr_SlpReset (Powmanger)
                                                   Pwr_WakeupProc (Powmanger)
                                                   SwitchMode (TamperProc)
                                                   TIMER_ISR (mainapp)
                                                   main (mainapp)
           ENTRY                   ADDRESS         REF BY
           =====                   =======         ======
           WDTCLR                  000000CF 
    -------------------------------------------------------------------------
CODE_C
  Relative segment, address: CODE 000011CF - 000011D2 (0x4 bytes), align: 0
  Segment part 15.            Intra module refs:   CalRMS (EnergyBottom)
           ENTRY                   ADDRESS         REF BY
           =====                   =======         ======
           __Constant_800000       000011CF 
    -------------------------------------------------------------------------
CODE_C
  Relative segment, address: CODE 000011D3 - 000011D6 (0x4 bytes), align: 0
  Segment part 17.            Intra module refs:   Adc_DataGet (McuDrive)
                                                   CalRMS (EnergyBottom)
                                                   ChangeTime (Drv_RTCSPK)
                                                   ClrEvtState (TRx)
                                                   Get645Data (TRx)
                                                   GetTimeCnt (Drv_RTCSPK)
                                                   InitPMDSP (EnergyBottom)
                                                   ReadEvtState (TRx)
                                                   Send_I2C_Addr (eeprom)
                                                   Tamp_DspProc (TamperProc)
                                                   WaitTimeOver (Meter)
           ENTRY                   ADDRESS         REF BY
           =====                   =======         ======
           __Constant_1            000011D3 
    -------------------------------------------------------------------------
CODE_C
  Relative segment, address: CODE 000011D7 - 000011DA (0x4 bytes), align: 0
  Segment part 22.            Intra module refs:   CalImbRate (TamperProc)
                                                   ChkUseState (Meter)
           ENTRY                   ADDRESS         REF BY
           =====                   =======         ======
           __Constant_a            000011D7 
    -------------------------------------------------------------------------
CODE_C
  Relative segment, address: CODE 000011DB - 000011DE (0x4 bytes), align: 0
  Segment part 23.            Intra module refs:   BCD_Hex (public)
                                                   ClrRcdTime (public)
                                                   EnyB_ChkPowRev (EnergyBottom)
                                                   EnyB_Open_Cf (EnergyBottom)
                                                   Get645Data (TRx)
                                                   GetFeilv (Meter)
                                                   GetPrice (Meter)
                                                   Hex_BCD (public)
                                                   InitPMDSP (EnergyBottom)
                                                   MCUForPowerOff (McuDrive)
                                                   MeterADClose (TamperProc)
                                                   Pwr_SlpReset (Powmanger)
                                                   Pwr_WakeupProc (Powmanger)
                                                   Up_Remain (Meter)
                                                   labs (?labs)
           ENTRY                   ADDRESS         REF BY
           =====                   =======         ======
           __Constant_0            000011DB 

    *************************************************************************

  FILE NAME : C:\worktop\galaxy_Thailand_9811b_62056_meter\source\Debug\Obj\Api.r51
  PROGRAM MODULE, NAME : Api

  SEGMENTS IN THE MODULE
  ======================
CODE_AC
  Relative segment, address: CODE 00000300 - 00000399 (0x9a bytes), align: 0
  Segment part 1. ROOT.       Intra module refs:   APIByteBCD2HEX
           ENTRY                   ADDRESS         REF BY
           =====                   =======         ======
           gCuc_BCD2HEXMap         00000300 
    -------------------------------------------------------------------------
CODE_AC
  Relative segment, address: CODE 0000039C - 000003FF (0x64 bytes), align: 0
  Segment part 2. ROOT.       Intra module refs:   APIByteHEX2BCD
           ENTRY                   ADDRESS         REF BY
           =====                   =======         ======
           gCuc_HEX2BCDMap         0000039C 
    -------------------------------------------------------------------------
NEAR_CODE
  Relative segment, address: CODE 000028E5 - 00002910 (0x2c bytes), align: 0
  Segment part 12.
           ENTRY                   ADDRESS         REF BY
           =====                   =======         ======
           DelayXms                000028E5        LCD_Off (LcdBottom)
                                                   Pwr_WakeupProc (Powmanger)
               is not allocated
               not allocated function
    -------------------------------------------------------------------------
NEAR_CODE
  Relative segment, address: CODE 00002911 - 000029D7 (0xc7 bytes), align: 0
  Segment part 21.            Intra module refs:   Hex2BCD
           ENTRY                   ADDRESS         REF BY
           =====                   =======         ======
           IntHex2BCD              00002911 
               calls direct, is not allocated
               not allocated function
    -------------------------------------------------------------------------
NEAR_CODE
  Relative segment, address: CODE 000029D8 - 00002B01 (0x12a bytes), align: 0
  Segment part 22.
           ENTRY                   ADDRESS         REF BY
           =====                   =======         ======
           Hex2BCD                 000029D8        CalRMS (EnergyBottom)
               calls direct, is not allocated
               not allocated function
    -------------------------------------------------------------------------
NEAR_CODE
  Relative segment, address: CODE 00002B02 - 00002BA1 (0xa0 bytes), align: 0
  Segment part 23.
           ENTRY                   ADDRESS         REF BY
           =====                   =======         ======
           BCD2Hex                 00002B02        DoSinglePhase (mainapp)
               calls direct, is not allocated
               not allocated function
    -------------------------------------------------------------------------
NEAR_CODE
  Relative segment, address: CODE 00002BA2 - 00002BBE (0x1d bytes), align: 0
  Segment part 25.            Intra module refs:   BCD2Hex
           ENTRY                   ADDRESS         REF BY
           =====                   =======         ======
           APIByteBCD2HEX          00002BA2 
               is not allocated
               not allocated function
    -------------------------------------------------------------------------
NEAR_CODE
  Relative segment, address: CODE 00002BBF - 00002BDF (0x21 bytes), align: 0
  Segment part 26.            Intra module refs:   IntHex2BCD
           ENTRY                   ADDRESS         REF BY
           =====                   =======         ======
           APIByteHEX2BCD          00002BBF 
               is not allocated
               not allocated function
    -------------------------------------------------------------------------
CODE_AC
  Relative segment, address: CODE 00000100 - 000002FF (0x200 bytes), align: 0
  Segment part 3. ROOT.       Intra module refs:   do_CRC
           ENTRY                   ADDRESS         REF BY
           =====                   =======         ======
           CrcTab                  00000100 
    -------------------------------------------------------------------------
NEAR_CODE
  Relative segment, address: CODE 00002BE0 - 00002C27 (0x48 bytes), align: 0
  Segment part 31.
           ENTRY                   ADDRESS         REF BY
           =====                   =======         ======
           do_CRC                  00002BE0        Init_CfG (main)
                                                   Pwr_ChkProc (Powmanger)
                                                   RecoverCfg (FunCfg)
               is not allocated
               not allocated function
    -------------------------------------------------------------------------
NEAR_CODE
  Relative segment, address: CODE 00002C28 - 00002C46 (0x1f bytes), align: 0
  Segment part 38.
           ENTRY                   ADDRESS         REF BY
           =====                   =======         ======
           MemSet                  00002C28        Disp_Clear (LcdBottom)
                                                   Disp_Full (LcdBottom)
                                                   Init_CfG (main)
                                                   ResetMinuteDemand (Demand)
               ISTACK = 00000000 ( 00000003 )
    -------------------------------------------------------------------------
CODE_C
  Relative segment, address: CODE 000011DF - 000011E2 (0x4 bytes), align: 0
  Segment part 9.             Intra module refs:   Hex2BCD
           ENTRY                   ADDRESS         REF BY
           =====                   =======         ======
           __Constant_fa0a1f00     000011DF 
    -------------------------------------------------------------------------
CODE_C
  Relative segment, address: CODE 000011E3 - 000011E6 (0x4 bytes), align: 0
  Segment part 10.            Intra module refs:   Hex2BCD
           ENTRY                   ADDRESS         REF BY
           =====                   =======         ======
           __Constant_5f5e100      000011E3 
    -------------------------------------------------------------------------
CODE_C
  Relative segment, address: CODE 000011E7 - 000011EA (0x4 bytes), align: 0
  Segment part 11.            Intra module refs:   Adc_DataGet (McuDrive)
                                                   BCD2Hex
                                                   BCD_Hex (public)
                                                   CalImbRate (TamperProc)
                                                   Hex_BCD (public)
           ENTRY                   ADDRESS         REF BY
           =====                   =======         ======
           __Constant_64           000011E7 

    *************************************************************************

  FILE NAME : C:\worktop\galaxy_Thailand_9811b_62056_meter\source\Debug\Obj\BEBottom.r51
  PROGRAM MODULE, NAME : BEBottom

  SEGMENTS IN THE MODULE
  ======================
SFR_AN
  Relative segment, address: DATA 000000A4 - 000000A4 (0x1 bytes), align: 0
  Segment part 1. ROOT.       Intra module refs:   I2C_ACK (eeprom)
                                                   I2C_FStop (eeprom)
                                                   I2C_RByte (eeprom)
                                                   I2C_Start (eeprom)
                                                   I2C_Stop (eeprom)
                                                   I2C_WByte (eeprom)
                                                   IOOFF (McuDrive)
                                                   IO_Init (McuDrive)
                                                   MCU_OnLIne_Init (InOut)
                                                   UpBkltLED (Disp)
           ENTRY                   ADDRESS         REF BY
           =====                   =======         ======
           P9OE                    000000A4 
    -------------------------------------------------------------------------
SFR_AN
  Relative segment, address: DATA 000000A5 - 000000A5 (0x1 bytes), align: 0
  Segment part 2. ROOT.       Intra module refs:   I2C_ACK (eeprom)
                                                   I2C_FStop (eeprom)
                                                   I2C_RByte (eeprom)
                                                   I2C_Start (eeprom)
                                                   I2C_Stop (eeprom)
                                                   I2C_WByte (eeprom)
                                                   IOOFF (McuDrive)
                                                   IO_Init (McuDrive)
                                                   MCU_OnLIne_Init (InOut)
                                                   UpBkltLED (Disp)
           ENTRY                   ADDRESS         REF BY
           =====                   =======         ======
           P9IE                    000000A5 
    -------------------------------------------------------------------------
SFR_AN
  Relative segment, address: DATA 000000A6 - 000000A6 (0x1 bytes), align: 0
  Segment part 3. ROOT.       Intra module refs:   I2C_ACK (eeprom)
                                                   I2C_FStop (eeprom)
                                                   I2C_RByte (eeprom)
                                                   I2C_Start (eeprom)
                                                   I2C_Stop (eeprom)
                                                   I2C_WByte (eeprom)
                                                   IO_Init (McuDrive)
                                                   MCU_OnLIne_Init (InOut)
                                                   Read_I2C (eeprom)
                                                   SleepRTC (McuDrive)
                                                   UpBkltLED (Disp)
                                                   debug_ledshow (pxv9811b)
           ENTRY                   ADDRESS         REF BY
           =====                   =======         ======
           P9OD                    000000A6 
    -------------------------------------------------------------------------
SFR_AN
  Relative segment, address: DATA 000000A7 - 000000A7 (0x1 bytes), align: 0
  Segment part 4. ROOT.       Intra module refs:   I2C_FStop (eeprom)
                                                   I2C_RByte (eeprom)
                                                   I2C_Start (eeprom)
                                                   I2C_WByte (eeprom)
           ENTRY                   ADDRESS         REF BY
           =====                   =======         ======
           P9ID                    000000A7 

    *************************************************************************

  FILE NAME : C:\worktop\galaxy_Thailand_9811b_62056_meter\source\Debug\Obj\ComApplication.r51
    *************************************************************************

  FILE NAME : C:\worktop\galaxy_Thailand_9811b_62056_meter\source\Debug\Obj\ComBottom.r51
  PROGRAM MODULE, NAME : ComBottom

  SEGMENTS IN THE MODULE
  ======================
CODE_C
  Relative segment, address: CODE 000011EB - 000011F4 (0xa bytes), align: 0
  Segment part 6.
           ENTRY                   ADDRESS         REF BY
           =====                   =======         ======
           BaudRateTable           000011EB        Init_Uart4 (Uart4)
    -------------------------------------------------------------------------
XDATA_Z
  Relative segment, address: XDATA 00000201 - 00000247 (0x47 bytes), align: 0
  Segment part 7.             Intra module refs:   ComBom_10msDy
                                                   ComBom_Init
           ENTRY                   ADDRESS         REF BY
           =====                   =======         ======
           gs_ComGroup             00000201        Uart2_Receive (Uart2)
                                                   Uart2_Transmit (Uart2)
                                                   Uart4_Receive (Uart4)
                                                   Uart4_Transmit (Uart4)
    -------------------------------------------------------------------------
XDATA_Z
  Relative segment, address: XDATA 00000248 - 00000248 (0x1 bytes), align: 0
  Segment part 8.
           ENTRY                   ADDRESS         REF BY
           =====                   =======         ======
           guc_485Bode             00000248        Init_Uart (McuDrive)
                                                   Uart4_Dy10ms (Uart4)
    -------------------------------------------------------------------------
XDATA_Z
  Relative segment, address: XDATA 00000249 - 00000249 (0x1 bytes), align: 0
  Segment part 9.
           ENTRY                   ADDRESS         REF BY
           =====                   =======         ======
           guc_BodeDely            00000249        Uart4_Dy10ms (Uart4)
                                                   Var_Init (main)
    -------------------------------------------------------------------------
XDATA_Z
  Relative segment, address: XDATA 0000024A - 0000024A (0x1 bytes), align: 0
  Segment part 10.
           ENTRY                   ADDRESS         REF BY
           =====                   =======         ======
           guc_ComSendDy           0000024A        Timer2Interrupt (System)
                                                   Uart2_Receive (Uart2)
                                                   Uart4_Receive (Uart4)
                                                   Var_Init (main)
    -------------------------------------------------------------------------
NEAR_CODE
  Relative segment, address: CODE 00002C47 - 00002C6E (0x28 bytes), align: 0
  Segment part 11.
           ENTRY                   ADDRESS         REF BY
           =====                   =======         ======
           ComBom_Init             00002C47        Init_Uart (McuDrive)
                                                   Uart2_Transmit (Uart2)
                                                   Uart4_Dy10ms (Uart4)
                                                   Uart4_Transmit (Uart4)
               XSTACK = 00000008 ( 00000000 )
               ISTACK = 00000000 ( 00000002 )
    -------------------------------------------------------------------------
NEAR_CODE
  Relative segment, address: CODE 00002C6F - 00002C97 (0x29 bytes), align: 0
  Segment part 14.
           ENTRY                   ADDRESS         REF BY
           =====                   =======         ======
           ComBom_10msDy           00002C6F        Timer2Interrupt (System)
               ISTACK = 00000000 ( 00000002 )

    *************************************************************************

  FILE NAME : C:\worktop\galaxy_Thailand_9811b_62056_meter\source\Debug\Obj\ComCoretab.r51
    *************************************************************************

  FILE NAME : C:\worktop\galaxy_Thailand_9811b_62056_meter\source\Debug\Obj\DLT_645_2007.r51
    *************************************************************************

  FILE NAME : C:\worktop\galaxy_Thailand_9811b_62056_meter\source\Debug\Obj\DataProtect.r51
  PROGRAM MODULE, NAME : DataProtect

  SEGMENTS IN THE MODULE
  ======================
XDATA_Z
  Relative segment, address: XDATA 0000024B - 0000024E (0x4 bytes), align: 0
  Segment part 6.             Intra module refs:   DataSecurityInit
           ENTRY                   ADDRESS         REF BY
           =====                   =======         ======
           gul_E2ParaStt           0000024B 
    -------------------------------------------------------------------------
NEAR_CODE
  Relative segment, address: CODE 00002C98 - 00002CAF (0x18 bytes), align: 0
  Segment part 10.
           ENTRY                   ADDRESS         REF BY
           =====                   =======         ======
           DataSecurityInit        00002C98        App_Init (main)
               is not allocated
               not allocated function

    *************************************************************************

  FILE NAME : C:\worktop\galaxy_Thailand_9811b_62056_meter\source\Debug\Obj\Dataproc.r51
  PROGRAM MODULE, NAME : Dataproc

  SEGMENTS IN THE MODULE
  ======================
XDATA_Z
  Relative segment, address: XDATA 0000024F - 0000024F (0x1 bytes), align: 0
  Segment part 8.
           ENTRY                   ADDRESS         REF BY
           =====                   =======         ======
           gs_SysRunSt             0000024F        CalRMS (EnergyBottom)
                                                   EnyB_ChkPowRev (EnergyBottom)
                                                   Tamp_ChkBlance (TamperProc)
                                                   Var_Init (main)
    -------------------------------------------------------------------------
XDATA_Z
  Relative segment, address: XDATA 00000250 - 00000251 (0x2 bytes), align: 0
  Segment part 9.
           ENTRY                   ADDRESS         REF BY
           =====                   =======         ======
           gut_SysWarn             00000250        Var_Init (main)
    -------------------------------------------------------------------------
NEAR_CODE
  Relative segment, address: CODE 00002CB0 - 00002CB5 (0x6 bytes), align: 0
  Segment part 19.
           ENTRY                   ADDRESS         REF BY
           =====                   =======         ======
           Data_RecPara            00002CB0        main (mainapp)
               calls direct, is not allocated
               not allocated function
    -------------------------------------------------------------------------
NEAR_CODE
  Relative segment, address: CODE 00002CB6 - 00002D38 (0x83 bytes), align: 0
  Segment part 26.
           ENTRY                   ADDRESS         REF BY
           =====                   =======         ======
           Data_SecProc            00002CB6        main (mainapp)
               calls direct, is not allocated
               not allocated function
    -------------------------------------------------------------------------
NEAR_CODE
  Relative segment, address: CODE 00002D39 - 00002D39 (0x1 bytes), align: 0
  Segment part 37.            Intra module refs:   Data_RecPara
           ENTRY                   ADDRESS         REF BY
           =====                   =======         ======
           RecoverEnergyData       00002D39        Pwr_SlpReset (Powmanger)
               is not allocated
               not allocated function

    *************************************************************************

  FILE NAME : C:\worktop\galaxy_Thailand_9811b_62056_meter\source\Debug\Obj\Demand.r51
  PROGRAM MODULE, NAME : Demand

  SEGMENTS IN THE MODULE
  ======================
XDATA_Z
  Relative segment, address: XDATA 00000252 - 0000025B (0xa bytes), align: 0
  Segment part 6.             Intra module refs:   Demand_250ms
                                                   Demand_EnergyPulse
                                                   ResetMinuteDemand
           ENTRY                   ADDRESS         REF BY
           =====                   =======         ======
           gs_DemanCalcData        00000252 
    -------------------------------------------------------------------------
XDATA_Z
  Relative segment, address: XDATA 0000025C - 0000025C (0x1 bytes), align: 0
  Segment part 7.             Intra module refs:   Demand_Init
           ENTRY                   ADDRESS         REF BY
           =====                   =======         ======
           guc_DeamandTimer        0000025C 
    -------------------------------------------------------------------------
XDATA_Z
  Relative segment, address: XDATA 0000025D - 00000260 (0x4 bytes), align: 0
  Segment part 8.             Intra module refs:   Demand_Init
           ENTRY                   ADDRESS         REF BY
           =====                   =======         ======
           gl_DemandValue          0000025D 
    -------------------------------------------------------------------------
XDATA_Z
  Relative segment, address: XDATA 00000261 - 00000264 (0x4 bytes), align: 0
  Segment part 9.             Intra module refs:   Demand_Init
           ENTRY                   ADDRESS         REF BY
           =====                   =======         ======
           gul_Power               00000261 
    -------------------------------------------------------------------------
XDATA_Z
  Relative segment, address: XDATA 00000265 - 00000268 (0x4 bytes), align: 0
  Segment part 10.            Intra module refs:   Demand_Init
           ENTRY                   ADDRESS         REF BY
           =====                   =======         ======
           gl_XPm                  00000265 
    -------------------------------------------------------------------------
XDATA_Z
  Relative segment, address: XDATA 00000269 - 00000269 (0x1 bytes), align: 0
  Segment part 12.            Intra module refs:   Demand_Init
           ENTRY                   ADDRESS         REF BY
           =====                   =======         ======
           guc_DmdCnt              00000269 
    -------------------------------------------------------------------------
XDATA_Z
  Relative segment, address: XDATA 0000026A - 0000026A (0x1 bytes), align: 0
  Segment part 13.            Intra module refs:   ResetMinuteDemand
           ENTRY                   ADDRESS         REF BY
           =====                   =======         ======
           guc_DmdFrscnt           0000026A 
    -------------------------------------------------------------------------
XDATA_Z
  Relative segment, address: XDATA 0000026B - 0000026B (0x1 bytes), align: 0
  Segment part 14.            Intra module refs:   Demand_Init
           ENTRY                   ADDRESS         REF BY
           =====                   =======         ======
           guc_Dmd250msCnt         0000026B        Timer2Interrupt (System)
    -------------------------------------------------------------------------
NEAR_CODE
  Relative segment, address: CODE 00002D3A - 00002D72 (0x39 bytes), align: 0
  Segment part 20.
           ENTRY                   ADDRESS         REF BY
           =====                   =======         ======
           Demand_Init             00002D3A        App_Init (main)
               calls direct, is not allocated
               not allocated function
    -------------------------------------------------------------------------
NEAR_CODE
  Relative segment, address: CODE 00002D73 - 00002D8B (0x19 bytes), align: 0
  Segment part 22.
           ENTRY                   ADDRESS         REF BY
           =====                   =======         ======
           Demand_250ms            00002D73        Timer2Interrupt (System)
               ISTACK = 00000000 ( 00000002 )
    -------------------------------------------------------------------------
NEAR_CODE
  Relative segment, address: CODE 00002D8C - 00002DB0 (0x25 bytes), align: 0
  Segment part 23.
           ENTRY                   ADDRESS         REF BY
           =====                   =======         ======
           Demand_EnergyPulse      00002D8C        UATRAndCFInterrupt (System)
               ISTACK = 00000000 ( 00000002 )
    -------------------------------------------------------------------------
NEAR_CODE
  Relative segment, address: CODE 00002DB1 - 00002E0B (0x5b bytes), align: 0
  Segment part 24.            Intra module refs:   Demand_Init
           ENTRY                   ADDRESS         REF BY
           =====                   =======         ======
           ResetMinuteDemand       00002DB1 
               calls direct, is not allocated
               not allocated function

    *************************************************************************

  FILE NAME : C:\worktop\galaxy_Thailand_9811b_62056_meter\source\Debug\Obj\Disp.r51
  PROGRAM MODULE, NAME : Disp

  SEGMENTS IN THE MODULE
  ======================
NEAR_CODE
  Relative segment, address: CODE 00002E0C - 00002E63 (0x58 bytes), align: 0
  Segment part 21.
           ENTRY                   ADDRESS         REF BY
           =====                   =======         ======
           Do_Keys                 00002E0C        main (mainapp)
               calls direct, is not allocated
               not allocated function
    -------------------------------------------------------------------------
CODE_C
  Relative segment, address: CODE 000011F5 - 00001205 (0x11 bytes), align: 0
  Segment part 9.             Intra module refs:   SetDigitDisp
           ENTRY                   ADDRESS         REF BY
           =====                   =======         ======
           DigitBits               000011F5 
    -------------------------------------------------------------------------
NEAR_CODE
  Relative segment, address: CODE 00002E64 - 00002F6E (0x10b bytes), align: 0
  Segment part 23.            Intra module refs:   Do_Disp
           ENTRY                   ADDRESS         REF BY
           =====                   =======         ======
           UpBkltLED               00002E64 
               is not allocated
               not allocated function
    -------------------------------------------------------------------------
NEAR_CODE
  Relative segment, address: CODE 00002F6F - 00002FA5 (0x37 bytes), align: 0
  Segment part 25.            Intra module refs:   SetDigitDisp
                                                   SetDispBitLst
                                                   UpDisp
           ENTRY                   ADDRESS         REF BY
           =====                   =======         ======
           SetDispBit              00002F6F 
               is not allocated
               not allocated function
    -------------------------------------------------------------------------
NEAR_CODE
  Relative segment, address: CODE 00002FA6 - 00002FDD (0x38 bytes), align: 0
  Segment part 26.            Intra module refs:   SetDigitDisp
           ENTRY                   ADDRESS         REF BY
           =====                   =======         ======
           SetDispBit_rev          00002FA6 
               is not allocated
               not allocated function
    -------------------------------------------------------------------------
NEAR_CODE
  Relative segment, address: CODE 00002FDE - 0000303D (0x60 bytes), align: 0
  Segment part 27.            Intra module refs:   SetDispBitLst
                                                   UpDisp
           ENTRY                   ADDRESS         REF BY
           =====                   =======         ======
           SetDigitDisp            00002FDE 
               calls direct, is not allocated
               not allocated function
    -------------------------------------------------------------------------
NEAR_CODE
  Relative segment, address: CODE 0000303E - 000030CA (0x8d bytes), align: 0
  Segment part 28.            Intra module refs:   AddDispSetBits
                                                   AddUseLst
           ENTRY                   ADDRESS         REF BY
           =====                   =======         ======
           AddDispBits             0000303E        Get645Data (TRx)
                                                   ReadSafeData (TRx)
               is not allocated
               not allocated function
    -------------------------------------------------------------------------
NEAR_CODE
  Relative segment, address: CODE 000030CB - 000030EC (0x22 bytes), align: 0
  Segment part 29.
           ENTRY                   ADDRESS         REF BY
           =====                   =======         ======
           AddDispSetBits          000030CB        Get645Data (TRx)
               calls direct, is not allocated
               not allocated function
    -------------------------------------------------------------------------
NEAR_CODE
  Relative segment, address: CODE 000030ED - 00003129 (0x3d bytes), align: 0
  Segment part 30.
           ENTRY                   ADDRESS         REF BY
           =====                   =======         ======
           AddUseLst               000030ED        Get645Data (TRx)
               calls direct, is not allocated
               not allocated function
    -------------------------------------------------------------------------
NEAR_CODE
  Relative segment, address: CODE 0000312A - 000031E0 (0xb7 bytes), align: 0
  Segment part 31.            Intra module refs:   UpDisp
           ENTRY                   ADDRESS         REF BY
           =====                   =======         ======
           SetDispBitLst           0000312A 
               calls direct, is not allocated
               not allocated function
    -------------------------------------------------------------------------
NEAR_CODE
  Relative segment, address: CODE 000031E1 - 00003681 (0x4a1 bytes), align: 0
  Segment part 32.            Intra module refs:   Do_Disp
                                                   Do_Keys
           ENTRY                   ADDRESS         REF BY
           =====                   =======         ======
           UpDisp                  000031E1 
               calls direct, is not allocated
               not allocated function
    -------------------------------------------------------------------------
NEAR_CODE
  Relative segment, address: CODE 00003682 - 0000376A (0xe9 bytes), align: 0
  Segment part 33.            Intra module refs:   Do_Disp
                                                   Do_Keys
                                                   SetDispArry
           ENTRY                   ADDRESS         REF BY
           =====                   =======         ======
           NextItem                00003682 
               calls direct, is not allocated
               not allocated function
    -------------------------------------------------------------------------
NEAR_CODE
  Relative segment, address: CODE 0000376B - 000037ED (0x83 bytes), align: 0
  Segment part 35.            Intra module refs:   Do_Keys
                                                   NextItem
                                                   SetDispArry
           ENTRY                   ADDRESS         REF BY
           =====                   =======         ======
           SetpArry                0000376B 
               is not allocated
               not allocated function
    -------------------------------------------------------------------------
NEAR_CODE
  Relative segment, address: CODE 000037EE - 0000380D (0x20 bytes), align: 0
  Segment part 36.            Intra module refs:   Do_Keys
                                                   InitDispProg
           ENTRY                   ADDRESS         REF BY
           =====                   =======         ======
           SetDispArry             000037EE 
               calls direct, is not allocated
               not allocated function
    -------------------------------------------------------------------------
NEAR_CODE
  Relative segment, address: CODE 0000380E - 000038BC (0xaf bytes), align: 0
  Segment part 38.
           ENTRY                   ADDRESS         REF BY
           =====                   =======         ======
           Do_Disp                 0000380E        Do_HalfSecTask (GC_Use)
                                                   Init_Data (GC_Use)
               calls direct, is not allocated
               not allocated function
    -------------------------------------------------------------------------
NEAR_CODE
  Relative segment, address: CODE 000038BD - 000038F5 (0x39 bytes), align: 0
  Segment part 39.
           ENTRY                   ADDRESS         REF BY
           =====                   =======         ======
           InitDispProg            000038BD        Init_Data (GC_Use)
               calls direct, is not allocated
               not allocated function
    -------------------------------------------------------------------------
CODE_C
  Relative segment, address: CODE 00001206 - 00001209 (0x4 bytes), align: 0
  Segment part 10.            Intra module refs:   UpBkltLED
           ENTRY                   ADDRESS         REF BY
           =====                   =======         ======
           __Constant_6060606      00001206 
    -------------------------------------------------------------------------
CODE_C
  Relative segment, address: CODE 0000120A - 0000120D (0x4 bytes), align: 0
  Segment part 11.            Intra module refs:   BCD_Hex (public)
                                                   CheckDataAct (public)
                                                   CheckKeyChg (public)
                                                   ChkTimeGate (Meter)
                                                   Get645Data (TRx)
                                                   GetCntTime (Drv_RTCSPK)
                                                   I2C_FStop (eeprom)
                                                   I2C_Start (eeprom)
                                                   Mcu_RTCNormal (McuDrive)
                                                   SetRTCCnt (Drv_RTCSPK)
                                                   UpDisp
           ENTRY                   ADDRESS         REF BY
           =====                   =======         ======
           __Constant_ffffffff     0000120A 
    -------------------------------------------------------------------------
CODE_C
  Relative segment, address: CODE 0000120E - 00001211 (0x4 bytes), align: 0
  Segment part 12.            Intra module refs:   UpDisp
           ENTRY                   ADDRESS         REF BY
           =====                   =======         ======
           __Constant_900200       0000120E 
    -------------------------------------------------------------------------
CODE_C
  Relative segment, address: CODE 00001212 - 00001215 (0x4 bytes), align: 0
  Segment part 13.            Intra module refs:   Send_I2C_Addr (eeprom)
                                                   UpDisp
           ENTRY                   ADDRESS         REF BY
           =====                   =======         ======
           __Constant_ff           00001212 
    -------------------------------------------------------------------------
CODE_C
  Relative segment, address: CODE 00001216 - 00001219 (0x4 bytes), align: 0
  Segment part 14.            Intra module refs:   UpDisp
           ENTRY                   ADDRESS         REF BY
           =====                   =======         ======
           __Constant_f            00001216 
    -------------------------------------------------------------------------
CODE_C
  Relative segment, address: CODE 0000121A - 0000121D (0x4 bytes), align: 0
  Segment part 15.            Intra module refs:   GetFeilv (Meter)
                                                   UpDisp
                                                   Up_FLState (Meter)
           ENTRY                   ADDRESS         REF BY
           =====                   =======         ======
           __Constant_80000        0000121A 
    -------------------------------------------------------------------------
CODE_C
  Relative segment, address: CODE 0000121E - 00001221 (0x4 bytes), align: 0
  Segment part 16.            Intra module refs:   ChkUseState (Meter)
                                                   GetAlmState (Meter)
                                                   UpDisp
           ENTRY                   ADDRESS         REF BY
           =====                   =======         ======
           __Constant_400000       0000121E 
    -------------------------------------------------------------------------
CODE_C
  Relative segment, address: CODE 00001222 - 00001225 (0x4 bytes), align: 0
  Segment part 17.            Intra module refs:   UpDisp
           ENTRY                   ADDRESS         REF BY
           =====                   =======         ======
           __Constant_10000        00001222 
    -------------------------------------------------------------------------
CODE_C
  Relative segment, address: CODE 00001226 - 00001229 (0x4 bytes), align: 0
  Segment part 18.            Intra module refs:   NextItem
           ENTRY                   ADDRESS         REF BY
           =====                   =======         ======
           __Constant_400f11f      00001226 
    -------------------------------------------------------------------------
CODE_C
  Relative segment, address: CODE 0000122A - 0000122D (0x4 bytes), align: 0
  Segment part 19.            Intra module refs:   NextItem
           ENTRY                   ADDRESS         REF BY
           =====                   =======         ======
           __Constant_6060607      0000122A 
    -------------------------------------------------------------------------
CODE_C
  Relative segment, address: CODE 0000122E - 00001231 (0x4 bytes), align: 0
  Segment part 20.            Intra module refs:   Do_Disp
                                                   InitDispProg
                                                   Init_Data (GC_Use)
                                                   Init_MCU (InOut)
                                                   MCU_OnLIne_Init (InOut)
                                                   data_restore (mainapp)
           ENTRY                   ADDRESS         REF BY
           =====                   =======         ======
           __Constant_3243eb8      0000122E 

    *************************************************************************

  FILE NAME : C:\worktop\galaxy_Thailand_9811b_62056_meter\source\Debug\Obj\Drv_RTCSPK.r51
  PROGRAM MODULE, NAME : Drv_RTCSPK

  SEGMENTS IN THE MODULE
  ======================
NEAR_CODE
  Relative segment, address: CODE 000038F6 - 00003948 (0x53 bytes), align: 0
  Segment part 19.            Intra module refs:   Init_RTC
           ENTRY                   ADDRESS         REF BY
           =====                   =======         ======
           SetupRTC                000038F6        data_restore (mainapp)
               calls direct, is not allocated
               not allocated function
    -------------------------------------------------------------------------
NEAR_CODE
  Relative segment, address: CODE 00003949 - 00003963 (0x1b bytes), align: 0
  Segment part 20.
           ENTRY                   ADDRESS         REF BY
           =====                   =======         ======
           Init_RTC                00003949        Init_Data (GC_Use)
               calls direct, is not allocated
               not allocated function
    -------------------------------------------------------------------------
NEAR_CODE
  Relative segment, address: CODE 00003964 - 00003A9E (0x13b bytes), align: 0
  Segment part 21.            Intra module refs:   ChangeTime
           ENTRY                   ADDRESS         REF BY
           =====                   =======         ======
           SetRTCCnt               00003964        data_restore (mainapp)
               calls direct
               XSTACK = 00000015 ( 0000002E )
               ISTACK = 00000000 ( 00000001 )
    -------------------------------------------------------------------------
NEAR_CODE
  Relative segment, address: CODE 00003A9F - 00003AA9 (0xb bytes), align: 0
  Segment part 22.            Intra module refs:   ChangeTime
           ENTRY                   ADDRESS         REF BY
           =====                   =======         ======
           GetRTCCnt               00003A9F 
               calls direct
               XSTACK = 00000015 ( 00000000 )
    -------------------------------------------------------------------------
CODE_C
  Relative segment, address: CODE 00001232 - 0000123D (0xc bytes), align: 0
  Segment part 8.             Intra module refs:   GetCntTime
                                                   GetTimeCnt
           ENTRY                   ADDRESS         REF BY
           =====                   =======         ======
           MonthDates              00001232 
    -------------------------------------------------------------------------
CODE_C
  Relative segment, address: CODE 0000123E - 00001240 (0x3 bytes), align: 0
  Segment part 9.             Intra module refs:   GetTimeCnt
           LOCAL                   ADDRESS         
           =====                   =======         
           Tm_BCD_L                0000123E 
    -------------------------------------------------------------------------
NEAR_CODE
  Relative segment, address: CODE 00003AAA - 00003D76 (0x2cd bytes), align: 0
  Segment part 31.            Intra module refs:   GetRTCCnt
           ENTRY                   ADDRESS         REF BY
           =====                   =======         ======
           GetTimeCnt              00003AAA        ChkYMode (Meter)
                                                   GetFeilv (Meter)
                                                   MvData (public)
                                                   ReadWriteStartTm (TRx)
                                                   ReadWriteTime (TRx)
                                                   WriteFHStartTm (TRx)
               calls direct
               XSTACK = 00000000 ( 00000025 )
               ISTACK = 00000000 ( 00000002 )
    -------------------------------------------------------------------------
CODE_C
  Relative segment, address: CODE 00001241 - 00001248 (0x8 bytes), align: 0
  Segment part 10.            Intra module refs:   GetCntTime
           LOCAL                   ADDRESS         
           =====                   =======         
           T_Time_Lth              00001241 
    -------------------------------------------------------------------------
NEAR_CODE
  Relative segment, address: CODE 00003D77 - 000040A3 (0x32d bytes), align: 0
  Segment part 32.            Intra module refs:   GetTimeCnt
                                                   SetRTCCnt
           ENTRY                   ADDRESS         REF BY
           =====                   =======         ======
           GetCntTime              00003D77        GetFeilv (Meter)
                                                   MvData (public)
                                                   ReadWriteStartTm (TRx)
                                                   ReadWriteTime (TRx)
               calls direct
               XSTACK = 0000002E ( 00000016 )
               ISTACK = 00000000 ( 00000001 )
    -------------------------------------------------------------------------
NEAR_CODE
  Relative segment, address: CODE 000040A4 - 000041AF (0x10c bytes), align: 0
  Segment part 33.
           ENTRY                   ADDRESS         REF BY
           =====                   =======         ======
           ChangeTime              000040A4        ReadWriteTime (TRx)
               calls direct
               XSTACK = 00000000 ( 00000019 )
    -------------------------------------------------------------------------
NEAR_CODE
  Relative segment, address: CODE 000041B0 - 00004262 (0xb3 bytes), align: 0
  Segment part 34.            Intra module refs:   GetCntTime
                                                   GetTimeCnt
                                                   SetupRTC
           ENTRY                   ADDRESS         REF BY
           =====                   =======         ======
           GetRTCTm                000041B0        main (mainapp)
               calls direct
               XSTACK = 00000021 ( 00000013 )
               ISTACK = 00000000 ( 00000001 )
    -------------------------------------------------------------------------
NEAR_CODE
  Relative segment, address: CODE 00004263 - 000042B3 (0x51 bytes), align: 0
  Segment part 35.            Intra module refs:   SetRTCCnt
           ENTRY                   ADDRESS         REF BY
           =====                   =======         ======
           Rtcunint_write          00004263 
               calls direct
               XSTACK = 0000002A ( 00000000 )
               ISTACK = 00000000 ( 00000002 )
    -------------------------------------------------------------------------
CODE_C
  Relative segment, address: CODE 00001249 - 0000124C (0x4 bytes), align: 0
  Segment part 13.            Intra module refs:   GetTimeCnt
           ENTRY                   ADDRESS         REF BY
           =====                   =======         ======
           __Constant_18           00001249 
    -------------------------------------------------------------------------
CODE_C
  Relative segment, address: CODE 0000124D - 00001250 (0x4 bytes), align: 0
  Segment part 14.            Intra module refs:   Do_JDOff (Meter)
                                                   GetFrozeMinCnt (public)
                                                   GetTimeCnt
                                                   GetTimeDiff (public)
                                                   ReadIDTime (TRx)
                                                   SetRcdMin (public)
           ENTRY                   ADDRESS         REF BY
           =====                   =======         ======
           __Constant_3c           0000124D 
    -------------------------------------------------------------------------
CODE_C
  Relative segment, address: CODE 00001251 - 00001254 (0x4 bytes), align: 0
  Segment part 15.            Intra module refs:   GetTimeCnt
                                                   GetWeek (public)
           ENTRY                   ADDRESS         REF BY
           =====                   =======         ======
           __Constant_15180        00001251 
    -------------------------------------------------------------------------
CODE_C
  Relative segment, address: CODE 00001255 - 00001258 (0x4 bytes), align: 0
  Segment part 16.            Intra module refs:   ChangeTime
           ENTRY                   ADDRESS         REF BY
           =====                   =======         ======
           __Constant_1e3d680      00001255 
    -------------------------------------------------------------------------
CODE_C
  Relative segment, address: CODE 00001259 - 0000125C (0x4 bytes), align: 0
  Segment part 17.            Intra module refs:   ChangeTime
           ENTRY                   ADDRESS         REF BY
           =====                   =======         ======
           __Constant_15181        00001259 
    -------------------------------------------------------------------------
CODE_C
  Relative segment, address: CODE 0000125D - 00001260 (0x4 bytes), align: 0
  Segment part 18.            Intra module refs:   ChangeTime
                                                   GetWeek (public)
           ENTRY                   ADDRESS         REF BY
           =====                   =======         ======
           __Constant_7            0000125D 

    *************************************************************************

  FILE NAME : C:\worktop\galaxy_Thailand_9811b_62056_meter\source\Debug\Obj\Energy.r51
  PROGRAM MODULE, NAME : Energy

  SEGMENTS IN THE MODULE
  ======================
XDATA_Z
  Relative segment, address: XDATA 0000026C - 0000026D (0x2 bytes), align: 0
  Segment part 8.             Intra module refs:   Eny_SlpEnergyProc
           ENTRY                   ADDRESS         REF BY
           =====                   =======         ======
           gs_Energy               0000026C        EnyB_IntCF (EnergyBottom)
    -------------------------------------------------------------------------
XDATA_Z
  Relative segment, address: XDATA 0000026E - 0000026E (0x1 bytes), align: 0
  Segment part 9.             Intra module refs:   Eny_JbPm_MeterConst
                                                   Eny_SlpEnergyProc
           ENTRY                   ADDRESS         REF BY
           =====                   =======         ======
           guc_GateCF              0000026E        EnyB_IntCF (EnergyBottom)
    -------------------------------------------------------------------------
XDATA_Z
  Relative segment, address: XDATA 0000026F - 0000026F (0x1 bytes), align: 0
  Segment part 10.            Intra module refs:   Eny_JbPm_MeterConst
                                                   Eny_SlpEnergyProc
           ENTRY                   ADDRESS         REF BY
           =====                   =======         ======
           guc_UnitCF              0000026F        EnyB_IntCF (EnergyBottom)
    -------------------------------------------------------------------------
CODE_C
  Relative segment, address: CODE 00001261 - 000012A4 (0x44 bytes), align: 0
  Segment part 11.            Intra module refs:   Eny_JbPm_MeterConst
           ENTRY                   ADDRESS         REF BY
[...]
                                                   strCmp_x (PubData)
                                                   vol_Get (mainapp)

    -------------------------------------------------------------------------
  LIBRARY MODULE, NAME : ?PUSH_XSTACK_I

  SEGMENTS IN THE MODULE
  ======================
RCODE
  Relative segment, address: CODE 00000C3D - 00000C40 (0x4 bytes), align: 0
  Segment part 0.
           ENTRY                   ADDRESS         REF BY
           =====                   =======         ======
           ?PUSH_XSTACK_I_FOUR     00000C3D        ChangeTime (Drv_RTCSPK)
                                                   Do_JDOff (Meter)
                                                   ReadWriteStartTm (TRx)
                                                   Read_EEData1 (eeprom)
                                                   SetRcdMin (public)
                                                   UpEState (public)
                                                   Write_EEData1 (eeprom)
                                                   Write_I2C (eeprom)
    -------------------------------------------------------------------------
RCODE
  Relative segment, address: CODE 00000C41 - 00000C44 (0x4 bytes), align: 0
  Segment part 2.
           ENTRY                   ADDRESS         REF BY
           =====                   =======         ======
           ?PUSH_XSTACK_I_TWO      00000C41        Chg_Feilv (PubData)
                                                   ChkYMode (Meter)
                                                   Chk_PubAddr (TRx)
                                                   ClrEvtState (TRx)
                                                   Clr_EEData4 (PubData)
                                                   Cmp_4 (public)
                                                   CopyRam (PubData)
                                                   Copy_4 (public)
                                                   Copy_FlashInfo (PubData)
                                                   DispData_init (indata_oper)
                                                   EnyB_JbPm_Updata (EnergyBottom)
                                                   EnyB_Open_Cf (EnergyBottom)
                                                   Get645Data (TRx)
                                                   GetCntTime (Drv_RTCSPK)
                                                   GetComUse (Meter)
                                                   GetFeilv (Meter)
                                                   GetFrozeMinCnt (public)
                                                   GetFrozeStart (PubData)
                                                   GetHex (TRx)
                                                   GetMonth (TRx)
                                                   GetNewProgRcd (public)
                                                   GetPrice (Meter)
                                                   GetRTCTm (Drv_RTCSPK)
                                                   GetTimeCnt (Drv_RTCSPK)
                                                   InitPMDSP (EnergyBottom)
                                                   Init_FlashData (indata_oper)
                                                   MCUForPowerOff (McuDrive)
                                                   Mcu_RTCNormal (McuDrive)
                                                   MeterADClose (TamperProc)
                                                   MeterADSel (TamperProc)
                                                   MvData (public)
                                                   MvDataAddr (public)
                                                   NextItem (Disp)
                                                   NormCopy (public)
                                                   Pwr_SlpReset (Powmanger)
                                                   Pwr_WakeupProc (Powmanger)
                                                   ReadEEPROMFData (TRx)
                                                   ReadExtEEprom (TRx)
                                                   ReadFlashData (TRx)
                                                   ReadSTD (TRx)
                                                   ReadSafeData (TRx)
                                                   ReadWriteStartTm (TRx)
                                                   ReadWriteTime (TRx)
                                                   Read_EEData (eeprom)
                                                   Read_EEData1 (eeprom)
                                                   Read_ELVSave (PubData)
                                                   Read_FHRcd (PubData)
                                                   Read_FHSet (PubData)
                                                   RecoverCfg (FunCfg)
                                                   Reset_LVSave (PubData)
                                                   RevCopy (public)
                                                   RevCopyRam (public)
                                                   RxEOpenRcd (TRx)
                                                   RxHLDRcd (TRx)
                                                   RxJDErrRcd (TRx)
                                                   RxPwrErrRcd (TRx)
                                                   RxTmTblSetRcd (TRx)
                                                   RxWriteFacKey (TRx)
                                                   RxYTblSetRcd (TRx)
                                                   SetDispBitLst (Disp)
                                                   SetRTCCnt (Drv_RTCSPK)
                                                   Tamp_DspProc (TamperProc)
                                                   Up_BCDData (TRx)
                                                   Up_FHMode (PubData)
                                                   Up_ProgFroze (public)
                                                   WriteFHStartTm (TRx)
                                                   Write_EEData (eeprom)
                                                   Write_EEData1 (eeprom)
                                                   Write_Froze (PubData)
                                                   Write_meterconfig (TRx)
                                                   cFlashinfo_Restore (indata_oper)
                                                   cFlashinfo_dianlian_backup (indata_oper)
                                                   cFroze_Comp (mainapp)
                                                   cGet_First_Data (indata_oper)
                                                   cSafeData_restoreData (safedate)
                                                   strCmp (PubData)
    -------------------------------------------------------------------------
RCODE
  Relative segment, address: CODE 00000C45 - 00000C46 (0x2 bytes), align: 0
  Segment part 3.
           ENTRY                   ADDRESS         REF BY
           =====                   =======         ======
           ?PUSH_XSTACK_I_ONE      00000C45        Get645Data (TRx)
                                                   RxFrozeDTRcd (TRx)
                                                   RxHLDRcd (TRx)
                                                   RxTmTblSetRcd (TRx)
                                                   RxYTblSetRcd (TRx)
    -------------------------------------------------------------------------
RCODE
  Relative segment, address: CODE 00000C47 - 00000C53 (0xd bytes), align: 0
  Segment part 4.             Intra module refs:   ?PUSH_XSTACK_I_FOUR
                                                   ?PUSH_XSTACK_I_ONE
                                                   ?PUSH_XSTACK_I_TWO
           ENTRY                   ADDRESS         REF BY
           =====                   =======         ======
           ?PUSH_XSTACK_I          00000C47 

    -------------------------------------------------------------------------
  LIBRARY MODULE, NAME : ?PUSH_XSTACK8_X

  SEGMENTS IN THE MODULE
  ======================
RCODE
  Relative segment, address: CODE 00000C54 - 00000C57 (0x4 bytes), align: 0
  Segment part 1.
           ENTRY                   ADDRESS         REF BY
           =====                   =======         ======
           ?PUSH_XSTACK8_X_FOUR    00000C54        ChkYFroze (Meter)
                                                   GetTimeCnt (Drv_RTCSPK)
                                                   MStepFroze (Meter)
                                                   MvData (public)
                                                   ReadWriteTime (TRx)
                                                   SetRTCCnt (Drv_RTCSPK)
                                                   Tamp_ChkBlance (TamperProc)
                                                   UpJDWriter (public)
                                                   WriteDisCharge (TRx)
                                                   WriteFHStartTm (TRx)
    -------------------------------------------------------------------------
RCODE
  Relative segment, address: CODE 00000C58 - 00000C5B (0x4 bytes), align: 0
  Segment part 3.
           ENTRY                   ADDRESS         REF BY
           =====                   =======         ======
           ?PUSH_XSTACK8_X_TWO     00000C58        EEData_Safe_Read (eeprom)
                                                   Read_EEData1 (eeprom)
    -------------------------------------------------------------------------
RCODE
  Relative segment, address: CODE 00000C5C - 00000C84 (0x29 bytes), align: 0
  Segment part 5.             Intra module refs:   ?PUSH_XSTACK8_X_FOUR
                                                   ?PUSH_XSTACK8_X_TWO
           ENTRY                   ADDRESS         REF BY
           =====                   =======         ======
           ?PUSH_XSTACK8_X         00000C5C 

    -------------------------------------------------------------------------
  LIBRARY MODULE, NAME : ?PUSH_XSTACK8_C

  SEGMENTS IN THE MODULE
  ======================
RCODE
  Relative segment, address: CODE 00000C85 - 00000C88 (0x4 bytes), align: 0
  Segment part 1.
           ENTRY                   ADDRESS         REF BY
           =====                   =======         ======
           ?PUSH_XSTACK8_C_FOUR    00000C85        ClrRcdTime (public)
                                                   GetFeilv (Meter)
                                                   WaitTimeOver (Meter)
    -------------------------------------------------------------------------
RCODE
  Relative segment, address: CODE 00000C89 - 00000CB1 (0x29 bytes), align: 0
  Segment part 5.             Intra module refs:   ?PUSH_XSTACK8_C_FOUR
           ENTRY                   ADDRESS         REF BY
           =====                   =======         ======
           ?PUSH_XSTACK8_C         00000C89 

    -------------------------------------------------------------------------
  LIBRARY MODULE, NAME : ?US_SWITCH_SPARSE

  SEGMENTS IN THE MODULE
  ======================
RCODE
  Relative segment, address: CODE 00000CB2 - 00000CBB (0xa bytes), align: 0
  Segment part 0.
           ENTRY                   ADDRESS         REF BY
           =====                   =======         ======
           ?US_SWITCH_SPARSE       00000CB2        CalRMS (EnergyBottom)
           ?US_SWITCH_SPARSE_CFI_INVALID_BEGINS
                                   00000CB2 
    -------------------------------------------------------------------------
RCODE
  Relative segment, address: CODE 00000CBC - 00000CFC (0x41 bytes), align: 0
  Segment part 2.             Intra module refs:   Segment part 0
           ENTRY                   ADDRESS         REF BY
           =====                   =======         ======
           ?US_SWITCH_SPARSE_LEAVE
                                   00000CEE        Segment part 0 (?US_JMP_IF_IN_RANGE)
                                                   Segment part 0 (?US_JMP_IF_VALUE)
    -------------------------------------------------------------------------
RCODE
  Relative segment, address: CODE 00000CFD - 00000CFD (0x1 bytes), align: 0
  Segment part 4.             Intra module refs:   Segment part 0
           ENTRY                   ADDRESS         REF BY
           =====                   =======         ======
           ?US_SWITCH_SPARSE_CFI_INVALID_ENDS
                                   00000CFE 

    -------------------------------------------------------------------------
  LIBRARY MODULE, NAME : ?US_JMP_IF_IN_RANGE

  SEGMENTS IN THE MODULE
  ======================
RCODE
  Relative segment, address: CODE 00000CFE - 00000D3C (0x3f bytes), align: 0
  Segment part 0.
           ENTRY                   ADDRESS         REF BY
           =====                   =======         ======
           ?US_JMP_IF_IN_RANGE     00000CFE        ?US_SWITCH_SPARSE_LEAVE (?US_SWITCH_SPARSE)
           ?US_JMP_IF_IN_RANGE_CFI_INVALID_BEGINS
                                   00000CFE 
           ?US_JMP_IF_IN_RANGE_CFI_INVALID_ENDS
                                   00000D3D 

    -------------------------------------------------------------------------
  LIBRARY MODULE, NAME : ?US_JMP_IF_VALUE

  SEGMENTS IN THE MODULE
  ======================
RCODE
  Relative segment, address: CODE 00000D3D - 00000D67 (0x2b bytes), align: 0
  Segment part 0.
           ENTRY                   ADDRESS         REF BY
           =====                   =======         ======
           ?US_JMP_IF_VALUE        00000D3D        ?US_SWITCH_SPARSE_LEAVE (?US_SWITCH_SPARSE)
           ?US_JMP_IF_VALUE_CFI_INVALID_BEGINS
                                   00000D3D 
           ?US_JMP_IF_VALUE_CFI_INVALID_ENDS
                                   00000D68 

    -------------------------------------------------------------------------
  LIBRARY MODULE, NAME : ?labs

  SEGMENTS IN THE MODULE
  ======================
NEAR_CODE
  Relative segment, address: CODE 0000F199 - 0000F1D7 (0x3f bytes), align: 0
  Segment part 7.
           ENTRY                   ADDRESS         REF BY
           =====                   =======         ======
           labs                    0000F199        ChkJDWaitAM (Meter)
               XSTACK = 00000000 ( 0000000F )

    *************************************************************************

  DEFINED ABSOLUTE ENTRIES



                ****************************************
                *                                      *
                *      SEGMENTS IN ADDRESS ORDER       *
                *                                      *
                ****************************************


SEGMENT              SPACE    START ADDRESS   END ADDRESS     SIZE  TYPE  ALIGN
=======              =====    =============   ===========     ====  ====  =====
INTVEC               CODE          00000000 - 00000065          66   com    0
CSTART               CODE          00000066 - 00000084          1F   rel    0
BANK_RELAYS          CODE               00000085                     dse    0
CODE_AC              CODE          00000100 - 00000399         29A   rel    0
                     CODE          0000039C - 000005FF         264 
RCODE                CODE          00000600 - 00000D67         768   rel    0
DIFUNCT              CODE               00000D68                     dse    0
CODE_AC              CODE          000011C0 - 000011CC           D   rel    0
                     CODE          000011CE - 000011CE           1 
CODE_C               CODE          000011CF - 000028E4        1716   rel    0
CODE_N               CODE               000028E5                     dse    0
NEAR_CODE            CODE          000028E5 - 0000F1D7        C8F3   rel    0
REGISTERS            DATA          00000000 - 00000007           8   rel    0
__REG_BANK2          DATA          00000010 - 00000017           8   rel    0
BREG                 BIT        00000020.0  -  00000020.7        8   rel    0
VREG                 DATA          00000021 - 00000030          10   rel    0
PSP                  DATA               00000031                     dse    0
XSP                  DATA          00000031 - 00000032           2   rel    0
SFR_AN               DATA          00000080 - 00000080           1   rel    0
                     DATA          00000087 - 0000008E           8 
                     DATA          00000090 - 00000091           2 
                     DATA          00000093 - 00000097           5 
                     DATA          0000009A - 0000009F           6 
                     DATA          000000A1 - 000000A1           1 
                     DATA          000000A3 - 000000A8           6 
                     DATA          000000AD - 000000AD           1 
                     DATA          000000C0 - 000000C0           1 
                     DATA          000000C8 - 000000C8           1 
                     DATA          000000CC - 000000D0           5 
                     DATA          000000DA - 000000DD           4 
                     DATA          000000DF - 000000E0           2 
                     DATA          000000E8 - 000000E8           1 
XSTACK               XDATA         00000001 - 00000200         200   rel    0
XDATA_Z              XDATA         00000201 - 00000E97         C97   rel    0
XDATA_AN             XDATA         00002820 - 00002821           2   rel    0
                     XDATA         00002823 - 00002823           1 
                     XDATA         00002825 - 00002828           4 
                     XDATA         0000282E - 0000282E           1 
                     XDATA         00002830 - 00002831           2 
                     XDATA         00002833 - 00002833           1 
                     XDATA         00002835 - 00002838           4 
                     XDATA         0000283E - 0000283E           1 
                     XDATA         00002840 - 00002840           1 
                     XDATA         00002843 - 00002843           1 
                     XDATA         00002848 - 00002848           1 
                     XDATA         0000284B - 0000284B           1 
                     XDATA         00002858 - 00002868          11 
                     XDATA         000028A8 - 000028AA           3 
                     XDATA         000028AC - 000028B2           7 
                     XDATA         000028B4 - 000028B5           2 
                     XDATA         000028B8 - 000028B9           2 
                     XDATA         000028BC - 000028BD           2 
                     XDATA         000028C0 - 000028C1           2 
                     XDATA         000028C5 - 000028CA           6 
                     XDATA         000028CD - 000028CF           3 
                     XDATA         000028D5 - 000028D6           2 
                     XDATA         000028D9 - 000028DA           2 
                     XDATA         00002A05 - 00002A05           1 
                     XDATA         00002C00 - 00002C00           1 
                     XDATA         00002C1E - 00002C23           6 
                     XDATA         00002D00 - 00002D01           2 
ISTACK               IDATA         000000A0 - 000000FF          60   rel    0

                ****************************************
                *                                      *
                *        END OF CROSS REFERENCE        *
                *                                      *
                ****************************************

 59 382 bytes of CODE  memory (+ 1 292 absolute )
     26 bytes of DATA  memory (+    52 absolute )
  3 735 bytes of XDATA memory (+    78 absolute )
     96 bytes of IDATA memory
      8 bits  of BIT   memory

Errors: none
Warnings: 6

