Warning[w6]: Type conflict for external/entry "ASCII2BCD", in module Ptl_1107 against external/entry in module Api; prototyped function vs K&R function
  /* In module Ptl_1107: */
  /* K&R Function, args 0, attr 0 */
  int (__xdata_reentrant ASCII2BCD)();
  /* In module Api: */
  /* Function, args 3, attr 0 */
  uint8 (__xdata_reentrant ASCII2BCD)(uint8 *,
                                      uint8 *,
                                      uint8);
    typedef unsigned char uint8;
Warning[w6]: Type conflict for external/entry "Turn_OnDisplay", in module pwroffidsp against external/entry in module Disp; prototyped function vs K&R function
  /* In module pwroffidsp: */
  /* Function, args 0, attr 0 */
  void (__xdata_reentrant Turn_OnDisplay)(void);
  /* In module Disp: */
  /* K&R Function, args 0, attr 0 */
  void (__xdata_reentrant Turn_OnDisplay)();
Warning[w6]: Type conflict for external/entry "LCD_Init", in module InOut against external/entry in module LcdBottom; prototyped function vs K&R function
  /* In module InOut: */
  /* K&R Function, args 0, attr 0 */
  int (__xdata_reentrant LCD_Init)();
  /* In module LcdBottom: */
  /* Function, args 1, attr 0 */
  void (__xdata_reentrant LCD_Init)(char *);
Warning[w6]: Type conflict for external/entry "Delay1OSC", in module mainapp against external/entry in module McuDrive; prototyped function vs K&R function
  /* In module mainapp: */
  /* K&R Function, args 0, attr 0 */
  int (__xdata_reentrant Delay1OSC)();
  /* In module McuDrive: */
  /* Function, args 0, attr 0 */
  void (__xdata_reentrant Delay1OSC)(void);
Warning[w6]: Type conflict for external/entry "stmemter_statu", in module indata_oper against external/entry in module dfinit; types have different memory attributes
  /* In module indata_oper: */
  struct STMEMTER_STATU /* Elements: 3, Bytes: 74 */
                        /* First seen in Meter */
  { 
    u8 IMType[10];
    u8 SoftVer[32];
    u8 HardVer[32];
  } stmemter_statu[];
    typedef unsigned char u8;
  /* In module dfinit: */
  struct STMEMTER_STATU /* Elements: 3, Bytes: 74 */
                        /* First seen in Meter */
  { 
    u8 IMType[10];
    u8 SoftVer[32];
    u8 HardVer[32];
  } (__code const stmemter_statu)[4];
    typedef unsigned char u8;
Warning[w6]: Type conflict for external/entry "c8025intno", in module System against external/entry in module globlvar; types have different type attributes
  /* In module System: */
  char c8025intno;
  /* In module globlvar: */
  unsigned char volatile c8025intno;
Warning[w6]: Type conflict for external/entry "iTime_Isr_nobak", in module pwroffidsp against external/entry in module globlvar; types have different type attributes
  /* In module pwroffidsp: */
  unsigned short iTime_Isr_nobak;
  /* In module globlvar: */
  unsigned short volatile iTime_Isr_nobak;
Warning[w6]: Type conflict for external/entry "Init_FlashData", in module TRx against external/entry in module indata_oper; function return types are different; different basic types
  /* In module TRx: */
  /* K&R Function, args 0, attr 0 */
  void (__xdata_reentrant Init_FlashData)();
  /* In module indata_oper: */
  /* K&R Function, args 0, attr 0 */
  u8 (__xdata_reentrant Init_FlashData)();
    typedef unsigned char u8;
Warning[w6]: Type conflict for external/entry "App_Init", in module mainapp against external/entry in module main; prototyped function vs K&R function
  /* In module mainapp: */
  /* K&R Function, args 0, attr 0 */
  int (__xdata_reentrant App_Init)();
  /* In module main: */
  /* Function, args 0, attr 0 */
  void (__xdata_reentrant App_Init)(void);
Warning[w6]: Type conflict for external/entry "Mea_Consumption_Dly", in module pwroffidsp against external/entry in module main; prototyped function vs K&R function
  /* In module pwroffidsp: */
  /* K&R Function, args 0, attr 0 */
  int (__xdata_reentrant Mea_Consumption_Dly)();
  /* In module main: */
  /* Function, args 0, attr 0 */
  bool (__xdata_reentrant Mea_Consumption_Dly)(void);
Warning[w6]: Type conflict for external/entry "Var_Init", in module mainapp against external/entry in module main; prototyped function vs K&R function
  /* In module mainapp: */
  /* K&R Function, args 0, attr 0 */
  int (__xdata_reentrant Var_Init)();
  /* In module main: */
  /* Function, args 0, attr 0 */
  void (__xdata_reentrant Var_Init)(void);
Warning[w6]: Type conflict for external/entry "ChipSet_ReInit", in module TRx against external/entry in module mainapp; prototyped function vs K&R function
  /* In module TRx: */
  /* K&R Function, args 0, attr 0 */
  int (__xdata_reentrant ChipSet_ReInit)();
  /* In module mainapp: */
  /* Function, args 0, attr 0 */
  void (__xdata_reentrant ChipSet_ReInit)(void);
Warning[w6]: Type conflict for external/entry "INTERRUPT_DISABLE", in module mainapp against external/entry in module pxv9811b; prototyped function vs K&R function
  /* In module mainapp: */
  /* K&R Function, args 0, attr 0 */
  int (__xdata_reentrant INTERRUPT_DISABLE)();
  /* In module pxv9811b: */
  /* Function, args 0, attr 0 */
  void (__xdata_reentrant INTERRUPT_DISABLE)(void);
Warning[w6]: Type conflict for external/entry "INTERRUPT_ENABLE", in module mainint_protect against external/entry in module pxv9811b; prototyped function vs K&R function
  /* In module mainint_protect: */
  /* K&R Function, args 0, attr 0 */
  int (__xdata_reentrant INTERRUPT_ENABLE)();
  /* In module pxv9811b: */
  /* Function, args 0, attr 0 */
  void (__xdata_reentrant INTERRUPT_ENABLE)(void);
################################################################################
#                                                                              #
#      IAR Universal Linker V5.7.0.39                                          #
#                                                                              #
#           Link time     =  18/Oct/2019  08:34:33                             #
#           Target CPU    =  x51                                               #
#           List file     =  C:\worktop\galaxy_Thailand_9811b_62056_meter\sour #
#                            ce\Debug\List\D143R-9821S.map                     #
#           Output file 1 =  C:\worktop\galaxy_Thailand_9811b_62056_meter\sour #
#                            ce\Debug\Exe\D143F9821S.xx.20xxxxxx.hex           #
#                            Format: intel-extended                            #
#           Output file 2 =  C:\worktop\galaxy_Thailand_9811b_62056_meter\sour #
#                            ce\Debug\Exe\D143R-9821S.d51                      #
#                            Format: debug                                     #
#                            UBROF version 10.0.6                              #
#                            Using library modules for C-SPY (-r)              #
#           Command line  =  "-IC:\Program Files (x86)\IAR Systems\Embedded Wo #
#                            rkbench 6.5\8051\CONFIG\"                         #
#                            -D_NR_OF_BANKS=0x03 -D_CODEBANK_END=0xFFFF        #
#                            -D_CODEBANK_START=0x8000 -D?CBANK_MASK=0x03       #
#                            -D?CBANK=0xA0                                     #
#                            C:\worktop\galaxy_Thailand_9811b_62056_meter\sour #
#                            ce\Debug\Obj\Api.r51                              #
#                            C:\worktop\galaxy_Thailand_9811b_62056_meter\sour #
#                            ce\Debug\Obj\ComApplication.r51                   #
#                            C:\worktop\galaxy_Thailand_9811b_62056_meter\sour #
#                            ce\Debug\Obj\ComBottom.r51                        #
#                            C:\worktop\galaxy_Thailand_9811b_62056_meter\sour #
#                            ce\Debug\Obj\Dataproc.r51                         #
#                            C:\worktop\galaxy_Thailand_9811b_62056_meter\sour #
#                            ce\Debug\Obj\Demand.r51                           #
#                            C:\worktop\galaxy_Thailand_9811b_62056_meter\sour #
#                            ce\Debug\Obj\Disp.r51                             #
#                            C:\worktop\galaxy_Thailand_9811b_62056_meter\sour #
#                            ce\Debug\Obj\Drv_DispKey.r51                      #
#                            C:\worktop\galaxy_Thailand_9811b_62056_meter\sour #
#                            ce\Debug\Obj\Drv_RTCSPK.r51                       #
#                            C:\worktop\galaxy_Thailand_9811b_62056_meter\sour #
#                            ce\Debug\Obj\Energy.r51                           #
#                            C:\worktop\galaxy_Thailand_9811b_62056_meter\sour #
#                            ce\Debug\Obj\EnergyBottom.r51                     #
#                            C:\worktop\galaxy_Thailand_9811b_62056_meter\sour #
#                            ce\Debug\Obj\FunCfg.r51                           #
#                            C:\worktop\galaxy_Thailand_9811b_62056_meter\sour #
#                            ce\Debug\Obj\GC_Use.r51                           #
#                            C:\worktop\galaxy_Thailand_9811b_62056_meter\sour #
#                            ce\Debug\Obj\InOut.r51                            #
#                            C:\worktop\galaxy_Thailand_9811b_62056_meter\sour #
#                            ce\Debug\Obj\InitPara.r51                         #
#                            C:\worktop\galaxy_Thailand_9811b_62056_meter\sour #
#                            ce\Debug\Obj\LcdBottom.r51                        #
#                            C:\worktop\galaxy_Thailand_9811b_62056_meter\sour #
#                            ce\Debug\Obj\McuDrive.r51                         #
#                            C:\worktop\galaxy_Thailand_9811b_62056_meter\sour #
#                            ce\Debug\Obj\Meter.r51                            #
#                            C:\worktop\galaxy_Thailand_9811b_62056_meter\sour #
#                            ce\Debug\Obj\Powmanger.r51                        #
#                            C:\worktop\galaxy_Thailand_9811b_62056_meter\sour #
#                            ce\Debug\Obj\Prcfrm.r51                           #
#                            C:\worktop\galaxy_Thailand_9811b_62056_meter\sour #
#                            ce\Debug\Obj\Ptl_1107.r51                         #
#                            C:\worktop\galaxy_Thailand_9811b_62056_meter\sour #
#                            ce\Debug\Obj\PubData.r51                          #
#                            C:\worktop\galaxy_Thailand_9811b_62056_meter\sour #
#                            ce\Debug\Obj\System.r51                           #
#                            C:\worktop\galaxy_Thailand_9811b_62056_meter\sour #
#                            ce\Debug\Obj\TRx.r51                              #
#                            C:\worktop\galaxy_Thailand_9811b_62056_meter\sour #
#                            ce\Debug\Obj\TamperProc.r51                       #
#                            C:\worktop\galaxy_Thailand_9811b_62056_meter\sour #
#                            ce\Debug\Obj\Timeproc.r51                         #
#                            C:\worktop\galaxy_Thailand_9811b_62056_meter\sour #
#                            ce\Debug\Obj\Timer0Capture.r51                    #
#                            C:\worktop\galaxy_Thailand_9811b_62056_meter\sour #
#                            ce\Debug\Obj\Uart2.r51                            #
#                            C:\worktop\galaxy_Thailand_9811b_62056_meter\sour #
#                            ce\Debug\Obj\Uart4.r51                            #
#                            C:\worktop\galaxy_Thailand_9811b_62056_meter\sour #
#                            ce\Debug\Obj\Version.r51                          #
#                            C:\worktop\galaxy_Thailand_9811b_62056_meter\sour #
#                            ce\Debug\Obj\adcfun.r51                           #
#                            C:\worktop\galaxy_Thailand_9811b_62056_meter\sour #
#                            ce\Debug\Obj\bit_edge.r51                         #
#                            C:\worktop\galaxy_Thailand_9811b_62056_meter\sour #
#                            ce\Debug\Obj\cstartup.r51                         #
#                            C:\worktop\galaxy_Thailand_9811b_62056_meter\sour #
#                            ce\Debug\Obj\dfinit.r51                           #
#                            C:\worktop\galaxy_Thailand_9811b_62056_meter\sour #
#                            ce\Debug\Obj\disp_format_lcd10329.r51             #
#                            C:\worktop\galaxy_Thailand_9811b_62056_meter\sour #
#                            ce\Debug\Obj\eeprom.r51                           #
#                            C:\worktop\galaxy_Thailand_9811b_62056_meter\sour #
#                            ce\Debug\Obj\globlvar.r51                         #
#                            C:\worktop\galaxy_Thailand_9811b_62056_meter\sour #
#                            ce\Debug\Obj\iar_banked_code_support.r51          #
#                            C:\worktop\galaxy_Thailand_9811b_62056_meter\sour #
#                            ce\Debug\Obj\indata_oper.r51                      #
#                            C:\worktop\galaxy_Thailand_9811b_62056_meter\sour #
#                            ce\Debug\Obj\main.r51                             #
#                            C:\worktop\galaxy_Thailand_9811b_62056_meter\sour #
#                            ce\Debug\Obj\mainapp.r51                          #
#                            C:\worktop\galaxy_Thailand_9811b_62056_meter\sour #
#                            ce\Debug\Obj\mainint_protect.r51                  #
#                            C:\worktop\galaxy_Thailand_9811b_62056_meter\sour #
#                            ce\Debug\Obj\public.r51                           #
#                            C:\worktop\galaxy_Thailand_9811b_62056_meter\sour #
#                            ce\Debug\Obj\pwroffidsp.r51                       #
#                            C:\worktop\galaxy_Thailand_9811b_62056_meter\sour #
#                            ce\Debug\Obj\pxv9811b.r51                         #
#                            C:\worktop\galaxy_Thailand_9811b_62056_meter\sour #
#                            ce\Debug\Obj\safedate.r51                         #
#                            C:\worktop\galaxy_Thailand_9811b_62056_meter\sour #
#                            ce\Debug\Obj\streamio.r51                         #
#                            C:\worktop\galaxy_Thailand_9811b_62056_meter\sour #
#                            ce\Debug\Obj\uartiobase.r51                       #
#                            C:\worktop\galaxy_Thailand_9811b_62056_meter\sour #
#                            ce\Debug\Obj\workaround.r51                       #
#                            -o                                                #
#                            C:\worktop\galaxy_Thailand_9811b_62056_meter\sour #
#                            ce\Debug\Exe\D143R-9821S.d51                      #
#                            -l                                                #
#                            C:\worktop\galaxy_Thailand_9811b_62056_meter\sour #
#                            ce\Debug\List\D143R-9821S.map                     #
#                            -xms                                              #
#                            "-IC:\Program Files (x86)\IAR Systems\Embedded Wo #
#                            rkbench 6.5\8051\LIB\"                            #
#                            -f                                                #
#                            C:\worktop\galaxy_Thailand_9811b_62056_meter\sour #
#                            ce\lnk51ew.xcl                                    #
#                            (-D_IDATA_END=0xFF -D_PDATA_START=0x0F01          #
#                            -D_PDATA_END=0x0F7F -D_IXDATA_START=1             #
#                            -D_IXDATA_END=0xF7F -D_XDATA_START=0x000001       #
#                            -D_XDATA_END=0x00F7F -D_CODE_START=0x000000       #
#                            -D_CODE_END=0xFFFF -D_NEAR_CODE_END=0xFFFF        #
#                            -D_FAR_DATA_NR_OF_BANKS=0x0E                      #
#                            -D_FAR_DATA_START=0x010001                        #
#                            -D_FAR_DATA_END=0xFFFFFF                          #
#                            -D_FAR_CODE_START=_CODE_START                     #
#                            -D_FAR_CODE_END=_CODE_END -D?REGISTER_BANK=0      #
#                            -D_REGISTER_BANK_START=0 -D_BREG_START=0x00       #
#                            -D?VB=0x20 -D_FIRST_BANK_ADDR=0                   #
#                            -P(CODE)BANKED_CODE_EXT2_C=[0x0F0000-0x0FFFFF]    #
#                            -P(CODE)BANKED_CODE_EXT2_N=[0x0F0000-0x0FFFFF]    #
#                            -KBANKED_EXT2=10000,15                            #
#                            -Z(CODE)BANKED_EXT2#FFF0-FFFF                     #
#                            -P(CODE)BANKED_CODE_INTERRUPTS_EXT2=[0x00E0100-0x #
#                            00EFFFF]                                          #
#                            -P(CODE)INTVEC_EXT2=[0x0E0000-0x0EFFFF]           #
#                            -Z(BIT)BREG=_BREG_START -Z(BIT)BIT_N=0-7F         #
#                            -Z(DATA)REGISTERS+8=_REGISTER_BANK_START          #
#                            -Z(DATA)BDATA_Z,BDATA_N,BDATA_I=20-2F             #
#                            -Z(DATA)VREG+_NR_OF_VIRTUAL_REGISTERS=08-7F       #
#                            -Z(DATA)PSP,XSP=08-7F -Z(DATA)DOVERLAY=08-7F      #
#                            -Z(DATA)DATA_I,DATA_Z,DATA_N=08-7F                #
#                            -U(IDATA)0-7F=(DATA)0-7F                          #
#                            -Z(IDATA)IDATA_I,IDATA_Z,IDATA_N=08-_IDATA_END    #
#                            -Z(IDATA)ISTACK+_IDATA_STACK_SIZE#08-_IDATA_END   #
#                            -Z(IDATA)IOVERLAY=08-FF -Z(CODE)INTVEC=0          #
#                            -Z(CODE)CSTART=_CODE_START-_CODE_END              #
#                            -D_BANK1_START=0x18000 -D_BANK1_END=0x1FFFF       #
#                            -D_BANK2_START=0x28000 -D_BANK2_END=0x2FFFF       #
#                            -D_BANK0_START=0x8000 -D_BANK0_END=0xFFFF         #
#                            -P(CODE)BANK0=_BANK0_START-_BANK0_END             #
#                            -P(CODE)BANK1=_BANK1_START-_BANK1_END             #
#                            -P(CODE)BANK2=_BANK2_START-_BANK2_END             #
#                            -Z(CODE)BIT_ID,BDATA_ID,DATA_ID,IDATA_ID,IXDATA_I #
#                            D,PDATA_ID,XDATA_ID=_CODE_START-_CODE_END         #
#                            -Z(CODE)HUGE_ID=_FAR_CODE_START-_FAR_CODE_END     #
#                            -Z(CODE)BANK_RELAYS,RCODE,DIFUNCT,CODE_C,CODE_N,N #
#                            EAR_CODE=_CODE_START-_CODE_END                    #
#                            -P(CODE)BANKED_CODE=_CODE_START-_CODE_END,[(_CODE #
#                            BANK_START+_FIRST_BANK_ADDR)-(_CODEBANK_END+_FIRS #
#                            T_BANK_ADDR)]*_NR_OF_BANKS+10000                  #
#                            -P(CODE)FAR_CODE_C,FAR_CODE_N,FAR_CODE=[_FAR_CODE #
#                            _START-_FAR_CODE_END]/10000                       #
#                            -P(CODE)HUGE_CODE_C=_FAR_CODE_START-_FAR_CODE_END #
#                            -Z(CODE)CHECKSUM#_CODE_END                        #
#                            -Z(XDATA)EXT_STACK+_EXTENDED_STACK_SIZE=_EXTENDED #
#                            _STACK_START                                      #
#                            -Z(XDATA)PSTACK+_PDATA_STACK_SIZE=_PDATA_START-_P #
#                            DATA_END                                          #
#                            -Z(XDATA)XSTACK+_XDATA_STACK_SIZE=_XDATA_START-_X #
#                            DATA_END                                          #
#                            -Z(XDATA)PDATA_Z,PDATA_I=_PDATA_START-_PDATA_END  #
#                            -P(XDATA)PDATA_N=_PDATA_START-_PDATA_END          #
#                            -Z(XDATA)IXDATA_Z,IXDATA_I=_IXDATA_START-_IXDATA_ #
#                            END                                               #
#                            -P(XDATA)IXDATA_N=_IXDATA_START-_IXDATA_END       #
#                            -Z(XDATA)XDATA_Z,XDATA_I=_XDATA_START-_XDATA_END  #
#                            -P(XDATA)XDATA_N=_XDATA_START-_XDATA_END          #
#                            -Z(XDATA)XDATA_HEAP+_XDATA_HEAP_SIZE=_XDATA_START #
#                            -_XDATA_END                                       #
#                            -Z(CONST)XDATA_ROM_C=_XDATA_START-_XDATA_END      #
#                            -Z(XDATA)FAR_Z=[_FAR_DATA_START-_FAR_DATA_END]/10 #
#                            000                                               #
#                            -Z(XDATA)FAR_I=[_FAR_DATA_START-_FAR_DATA_END]/10 #
#                            000                                               #
#                            -Z(CODE)FAR_ID=[_FAR_CODE_START-_FAR_CODE_END]/10 #
#                            000                                               #
#                            -Z(XDATA)FAR_HEAP+_FAR_HEAP_SIZE=[_FAR_DATA_START #
#                            -_FAR_DATA_END]/10000                             #
#                            -P(XDATA)FAR_N=[_FAR_DATA_START-_FAR_DATA_END]*_F #
#                            AR_DATA_NR_OF_BANKS+10000                         #
#                            -P(CONST)FAR_ROM_C=[_FAR_DATA_START-_FAR_DATA_END #
#                            ]*_FAR_DATA_NR_OF_BANKS+10000                     #
#                            -Z(XDATA)HUGE_Z,HUGE_I=_FAR_DATA_START-_FAR_DATA_ #
#                            END                                               #
#                            -P(XDATA)HUGE_N=_FAR_DATA_START-_FAR_DATA_END     #
#                            -Z(XDATA)HUGE_HEAP+_HUGE_HEAP_SIZE=_FAR_DATA_STAR #
#                            T-_FAR_DATA_END                                   #
#                            -Z(CONST)HUGE_ROM_C=_FAR_DATA_START-_FAR_DATA_END #
#                            -cx51 -D?ACON=9D -D?DPS1=F6 -D?TA=C7              #
#                            -D?MCON=C6) -D_NR_OF_VIRTUAL_REGISTERS=8          #
#                            -D?PBANK=0xA0 -e?BCALL_03=?BCALL                  #
#                            -e?BRET_03=?BRET -e?BDISPATCH_03=?BDISPATCH       #
#                            -e_large_write=_formatted_write                   #
#                            -e_large_read=_formatted_read -r                  #
#                            -Ointel-extended=C:\worktop\galaxy_Thailand_9811b #
#                            _62056_meter\source\Debug\Exe\D143F9821S.xx.20xxx #
#                            xxx.hex                                           #
#                            -s __program_start                                #
#                            "C:\Program Files (x86)\IAR Systems\Embedded Work #
#                            bench 6.5\8051\LIB\CLIB\cl-pli-blxc-1e16x01.r51"  #
#                            -D_IDATA_STACK_SIZE=0x70 -D?ESP=0 -D?ESP_MASK=0   #
#                            -D_EXTENDED_STACK_START=0                         #
#                            -D_EXTENDED_STACK_SIZE=0                          #
#                            -D_PDATA_STACK_SIZE=0x90                          #
#                            -D_XDATA_STACK_SIZE=0x330                         #
#                            -D_XDATA_HEAP_SIZE=0xFF -D_FAR_HEAP_SIZE=0x1FFF   #
#                            -D_HUGE_HEAP_SIZE=0x1FFF                          #
#                            -D_FAR22_HEAP_SIZE=0x1FFF                         #
#                                                                              #
#                           Copyright (C) 1987-2013 IAR Systems AB.            #
################################################################################





                ****************************************
                *                                      *
                *           CROSS REFERENCE            *
                *                                      *
                ****************************************

       Program entry at : CODE      00000600  Relocatable, from module : CSTARTUP




                ****************************************
                *                                      *
                *            RUNTIME MODEL             *
                *                                      *
                ****************************************

  __SystemLibrary          = CLib
  __calling_convention     = xdata_reentrant
  __code_model             = banked
  __core                   = plain
  __data_model             = large
  __dptr_size              = 16
  __extended_stack         = disabled
  __location_for_constants = code
  __number_of_dptrs        = 1
  __rt_version             = 1

                ****************************************
                *                                      *
                *    AUTOMATIC SYMBOL REDIRECTIONS     *
                *                                      *
                ****************************************

                  There are no automatic symbol redirections.



                ****************************************
                *                                      *
                *              MODULE MAP              *
                *                                      *
                ****************************************


  DEFINED ABSOLUTE ENTRIES
    *************************************************************************

  DEFINED ABSOLUTE ENTRIES
  PROGRAM MODULE, NAME : ?ABS_ENTRY_MOD

Absolute parts
           ENTRY                   ADDRESS         REF BY
           =====                   =======         ======
           _FAR22_HEAP_SIZE        00001FFF 
           _HUGE_HEAP_SIZE         00001FFF 
           _FAR_HEAP_SIZE          00001FFF 
           _XDATA_HEAP_SIZE        000000FF 
           _XDATA_STACK_SIZE       00000330 
           _PDATA_STACK_SIZE       00000090 
           _EXTENDED_STACK_SIZE    00000000 
           _EXTENDED_STACK_START   00000000 
           ?ESP_MASK               00000000 
           ?ESP                    00000000 
           _IDATA_STACK_SIZE       00000070 
           ?PBANK                  000000A0 
           _NR_OF_VIRTUAL_REGISTERS
                                   00000008 
           ?MCON                   000000C6 
           ?TA                     000000C7 
           ?DPS1                   000000F6 
           ?ACON                   0000009D 
           _BANK0_END              0000FFFF 
           _BANK0_START            00008000 
           _BANK2_END              0002FFFF 
           _BANK2_START            00028000 
           _BANK1_END              0001FFFF 
           _BANK1_START            00018000 
           _FIRST_BANK_ADDR        00000000 
           ?VB                     00000020        ?BANKED_ENTER_XDATA (?BANKED_ENTER_XDATA)
                                                   ?BANKED_LEAVE_XDATA (?BANKED_LEAVE_XDATA)
                                                   ?FUNC_ENTER_XDATA (?FUNC_ENTER_XDATA)
                                                   ?FUNC_LEAVE_XDATA (?FUNC_LEAVE_XDATA)
           _BREG_START             00000000 
           _REGISTER_BANK_START    00000000 
           ?REGISTER_BANK          00000000        Segment part 6 (CSTARTUP)
           _FAR_CODE_END           0000FFFF 
           _FAR_CODE_START         00000000 
           _FAR_DATA_END           00FFFFFF 
           _FAR_DATA_START         00010001 
           _FAR_DATA_NR_OF_BANKS   0000000E 
           _NEAR_CODE_END          0000FFFF 
           _CODE_END               0000FFFF 
           _CODE_START             00000000 
           _XDATA_END              00000F7F 
           _XDATA_START            00000001 
           _IXDATA_END             00000F7F 
           _IXDATA_START           00000001 
           _PDATA_END              00000F7F 
           _PDATA_START            00000F01 
           _IDATA_END              000000FF 
           ?CBANK                  000000A0        ?RESET_CODE_BANK (CSTARTUP)
                                                   Segment part 0 (?BANKED_CODE_SUPPORT)
           ?CBANK_MASK             00000003 
           _CODEBANK_START         00008000 
           _CODEBANK_END           0000FFFF 
           _NR_OF_BANKS            00000003 
    *************************************************************************

  FILE NAME : C:\worktop\galaxy_Thailand_9811b_62056_meter\source\Debug\Obj\Api.r51
  PROGRAM MODULE, NAME : Api

  SEGMENTS IN THE MODULE
  ======================
CODE_AC
  Relative segment, address: CODE 00000300 - 00000399 (0x9a bytes), align: 0
  Segment part 1. ROOT.       Intra module refs:   APIByteBCD2HEX
           ENTRY                   ADDRESS         REF BY
           =====                   =======         ======
           gCuc_BCD2HEXMap         00000300 
    -------------------------------------------------------------------------
CODE_AC
  Relative segment, address: CODE 0000039C - 000003FF (0x64 bytes), align: 0
  Segment part 2. ROOT.       Intra module refs:   APIByteHEX2BCD
           ENTRY                   ADDRESS         REF BY
           =====                   =======         ======
           gCuc_HEX2BCDMap         0000039C 
    -------------------------------------------------------------------------
<BANKED_CODE> 1 (was BANKED_CODE)
  Relative segment, address: CODE 0000D52F - 0000D55C (0x2e bytes), align: 0
  Segment part 12.            Intra module refs:   DelayXms::?relay
           ENTRY                   ADDRESS         REF BY
           =====                   =======         ======
           DelayXms                0000D52F 
               is not allocated
               not allocated function
    -------------------------------------------------------------------------
<BANKED_CODE> 1 (was BANKED_CODE)
  Relative segment, address: CODE 0000D55D - 0000D623 (0xc7 bytes), align: 0
  Segment part 30.            Intra module refs:   IntHex2BCD::?relay
           ENTRY                   ADDRESS         REF BY
           =====                   =======         ======
           IntHex2BCD              0000D55D 
               calls direct, is not allocated
               not allocated function
    -------------------------------------------------------------------------
<BANKED_CODE> 1 (was BANKED_CODE)
  Relative segment, address: CODE 0000D624 - 0000D74D (0x12a bytes), align: 0
  Segment part 32.            Intra module refs:   Hex2BCD::?relay
           ENTRY                   ADDRESS         REF BY
           =====                   =======         ======
           Hex2BCD                 0000D624 
               calls direct, is not allocated
               not allocated function
    -------------------------------------------------------------------------
<BANKED_CODE> 1 (was BANKED_CODE)
  Relative segment, address: CODE 0000D74E - 0000D7ED (0xa0 bytes), align: 0
  Segment part 34.            Intra module refs:   BCD2Hex::?relay
           ENTRY                   ADDRESS         REF BY
           =====                   =======         ======
           BCD2Hex                 0000D74E 
               calls direct, is not allocated
               not allocated function
    -------------------------------------------------------------------------
<BANKED_CODE> 1 (was BANKED_CODE)
  Relative segment, address: CODE 0000D7EE - 0000D80A (0x1d bytes), align: 0
  Segment part 38.            Intra module refs:   APIByteBCD2HEX::?relay
           ENTRY                   ADDRESS         REF BY
           =====                   =======         ======
           APIByteBCD2HEX          0000D7EE 
               is not allocated
               not allocated function
    -------------------------------------------------------------------------
<BANKED_CODE> 1 (was BANKED_CODE)
  Relative segment, address: CODE 0000D80B - 0000D82B (0x21 bytes), align: 0
  Segment part 40.            Intra module refs:   APIByteHEX2BCD::?relay
           ENTRY                   ADDRESS         REF BY
           =====                   =======         ======
           APIByteHEX2BCD          0000D80B 
               is not allocated
               not allocated function
    -------------------------------------------------------------------------
CODE_AC
  Relative segment, address: CODE 00000100 - 000002FF (0x200 bytes), align: 0
  Segment part 3. ROOT.       Intra module refs:   do_CRC
           ENTRY                   ADDRESS         REF BY
           =====                   =======         ======
           CrcTab                  00000100 
    -------------------------------------------------------------------------
<BANKED_CODE> 1 (was BANKED_CODE)
  Relative segment, address: CODE 0000D82C - 0000D873 (0x48 bytes), align: 0
  Segment part 50.            Intra module refs:   do_CRC::?relay
           ENTRY                   ADDRESS         REF BY
           =====                   =======         ======
           do_CRC                  0000D82C 
               is not allocated
               not allocated function
    -------------------------------------------------------------------------
<BANKED_CODE> 1 (was BANKED_CODE)
  Relative segment, address: CODE 0000D874 - 0000D8AD (0x3a bytes), align: 0
  Segment part 52.            Intra module refs:   JudgeIsNum::?relay
           ENTRY                   ADDRESS         REF BY
           =====                   =======         ======
           JudgeIsNum              0000D874 
               calls direct, is not allocated
               not allocated function
    -------------------------------------------------------------------------
<BANKED_CODE> 1 (was BANKED_CODE)
  Relative segment, address: CODE 0000D8AE - 0000D8CE (0x21 bytes), align: 0
  Segment part 64.            Intra module refs:   MemSet::?relay
           ENTRY                   ADDRESS         REF BY
           =====                   =======         ======
           MemSet                  0000D8AE 
               ISTACK = 00000000 ( 00000003 )
    -------------------------------------------------------------------------
CODE_C
  Relative segment, address: CODE 00001A76 - 00001A79 (0x4 bytes), align: 0
  Segment part 9.             Intra module refs:   Hex2BCD
           ENTRY                   ADDRESS         REF BY
           =====                   =======         ======
           __Constant_fa0a1f00     00001A76 
    -------------------------------------------------------------------------
CODE_C
  Relative segment, address: CODE 00001A7A - 00001A7D (0x4 bytes), align: 0
  Segment part 10.            Intra module refs:   Hex2BCD
           ENTRY                   ADDRESS         REF BY
           =====                   =======         ======
           __Constant_5f5e100      00001A7A 
    -------------------------------------------------------------------------
CODE_C
  Relative segment, address: CODE 00001A7E - 00001A81 (0x4 bytes), align: 0
  Segment part 11.            Intra module refs:   Adc_DataGet (adcfun)
                                                   BCD2Hex
                                                   BCD_Hex (public)
                                                   CalImbRate (TamperProc)
                                                   Hex_BCD (public)
           ENTRY                   ADDRESS         REF BY
           =====                   =======         ======
           __Constant_64           00001A7E 
    -------------------------------------------------------------------------
BANK_RELAYS
  Relative segment, address: CODE 000006A3 - 000006A8 (0x6 bytes), align: 0
  Segment part 13.
           ENTRY                   ADDRESS         REF BY
           =====                   =======         ======
           DelayXms::?relay        000006A3        LCD_Off (LcdBottom)
    -------------------------------------------------------------------------
BANK_RELAYS
  Relative segment, address: CODE 000006A9 - 000006AE (0x6 bytes), align: 0
  Segment part 31.            Intra module refs:   Hex2BCD
           ENTRY                   ADDRESS         REF BY
           =====                   =======         ======
           IntHex2BCD::?relay      000006A9 
    -------------------------------------------------------------------------
BANK_RELAYS
  Relative segment, address: CODE 000006AF - 000006B4 (0x6 bytes), align: 0
  Segment part 33.
           ENTRY                   ADDRESS         REF BY
           =====                   =======         ======
           Hex2BCD::?relay         000006AF        CalRMS (EnergyBottom)
    -------------------------------------------------------------------------
BANK_RELAYS
  Relative segment, address: CODE 000006B5 - 000006BA (0x6 bytes), align: 0
  Segment part 35.
           ENTRY                   ADDRESS         REF BY
           =====                   =======         ======
           BCD2Hex::?relay         000006B5        DoSinglePhase (mainapp)
    -------------------------------------------------------------------------
BANK_RELAYS
  Relative segment, address: CODE 000006BB - 000006C0 (0x6 bytes), align: 0
  Segment part 39.            Intra module refs:   BCD2Hex
                                                   JudgeIsNum
           ENTRY                   ADDRESS         REF BY
           =====                   =======         ======
           APIByteBCD2HEX::?relay
                                   000006BB 
    -------------------------------------------------------------------------
BANK_RELAYS
  Relative segment, address: CODE 000006C1 - 000006C6 (0x6 bytes), align: 0
  Segment part 41.            Intra module refs:   IntHex2BCD
           ENTRY                   ADDRESS         REF BY
           =====                   =======         ======
           APIByteHEX2BCD::?relay
                                   000006C1 
    -------------------------------------------------------------------------
BANK_RELAYS
  Relative segment, address: CODE 000006C7 - 000006CC (0x6 bytes), align: 0
  Segment part 51.
           ENTRY                   ADDRESS         REF BY
           =====                   =======         ======
           do_CRC::?relay          000006C7        ClockBAK_RAM (Timeproc)
                                                   ClockCheck (Timeproc)
                                                   RecoverCfg (FunCfg)
                                                   SoftClockCheck (Timeproc)
    -------------------------------------------------------------------------
BANK_RELAYS
  Relative segment, address: CODE 000006CD - 000006D2 (0x6 bytes), align: 0
  Segment part 53.
           ENTRY                   ADDRESS         REF BY
           =====                   =======         ======
           JudgeIsNum::?relay      000006CD        RTCCheck (Timeproc)
    -------------------------------------------------------------------------
BANK_RELAYS
  Relative segment, address: CODE 000006D3 - 000006D8 (0x6 bytes), align: 0
  Segment part 65.
           ENTRY                   ADDRESS         REF BY
           =====                   =======         ======
           MemSet::?relay          000006D3        Disp_Clear (LcdBottom)
                                                   Disp_Full (LcdBottom)
                                                   ResetMinuteDemand (Demand)

    *************************************************************************

  FILE NAME : C:\worktop\galaxy_Thailand_9811b_62056_meter\source\Debug\Obj\ComApplication.r51
    *************************************************************************

  FILE NAME : C:\worktop\galaxy_Thailand_9811b_62056_meter\source\Debug\Obj\ComBottom.r51
  PROGRAM MODULE, NAME : ComBottom

  SEGMENTS IN THE MODULE
  ======================
XDATA_Z
  Relative segment, address: XDATA 00000331 - 00000331 (0x1 bytes), align: 0
  Segment part 6.
           ENTRY                   ADDRESS         REF BY
           =====                   =======         ======
           guc_BodeDely            00000331        Var_Init (main)
    -------------------------------------------------------------------------
XDATA_Z
  Relative segment, address: XDATA 00000332 - 00000332 (0x1 bytes), align: 0
  Segment part 7.
           ENTRY                   ADDRESS         REF BY
           =====                   =======         ======
           guc_ComSendDy           00000332        Var_Init (main)

    *************************************************************************

  FILE NAME : C:\worktop\galaxy_Thailand_9811b_62056_meter\source\Debug\Obj\Dataproc.r51
  PROGRAM MODULE, NAME : Dataproc

  SEGMENTS IN THE MODULE
  ======================
SFR_AN
  Relative segment, address: DATA 000000CE - 000000CE (0x1 bytes), align: 0
  Segment part 1. ROOT.       Intra module refs:   Data_SecProc
                                                   EnyB_SetMeterRule (EnergyBottom)
                                                   Get_LVDVolt (mainapp)
                                                   Init_MCU (InOut)
                                                   Mea_Consumption_Dly (main)
                                                   Mea_Init (EnergyBottom)
                                                   SwitchMode (TamperProc)
                                                   TIMER_ISR (mainapp)
                                                   Uart2_Transmit (Uart2)
                                                   Uart4_Transmit (Uart4)
                                                   main (mainapp)
           ENTRY                   ADDRESS         REF BY
           =====                   =======         ======
           WDTEN                   000000CE 
    -------------------------------------------------------------------------
SFR_AN
  Relative segment, address: DATA 000000CF - 000000CF (0x1 bytes), align: 0
  Segment part 2. ROOT.       Intra module refs:   Data_SecProc
                                                   EnyB_SetMeterRule (EnergyBottom)
                                                   Get_LVDVolt (mainapp)
                                                   Init_MCU (InOut)
                                                   Mea_Consumption_Dly (main)
                                                   Mea_Init (EnergyBottom)
                                                   SwitchMode (TamperProc)
                                                   TIMER_ISR (mainapp)
                                                   Uart2_Transmit (Uart2)
                                                   Uart4_Transmit (Uart4)
                                                   main (mainapp)
           ENTRY                   ADDRESS         REF BY
           =====                   =======         ======
           WDTCLR                  000000CF 
    -------------------------------------------------------------------------
XDATA_Z
  Relative segment, address: XDATA 00000333 - 00000333 (0x1 bytes), align: 0
  Segment part 8.
           ENTRY                   ADDRESS         REF BY
           =====                   =======         ======
           gs_SysRunSt             00000333        CalRMS (EnergyBottom)
                                                   EnyB_ChkPowRev (EnergyBottom)
                                                   Tamp_ChkBlance (TamperProc)
                                                   Var_Init (main)
    -------------------------------------------------------------------------
XDATA_Z
  Relative segment, address: XDATA 00000334 - 00000335 (0x2 bytes), align: 0
  Segment part 9.
           ENTRY                   ADDRESS         REF BY
           =====                   =======         ======
           gut_SysWarn             00000334        Var_Init (main)
    -------------------------------------------------------------------------
<BANKED_CODE> 1 (was BANKED_CODE)
  Relative segment, address: CODE 0000E76F - 0000E77F (0x11 bytes), align: 0
  Segment part 20.            Intra module refs:   Data_RecPara::?relay
           ENTRY                   ADDRESS         REF BY
           =====                   =======         ======
           Data_RecPara            0000E76F 
               calls direct, is not allocated
               not allocated function
    -------------------------------------------------------------------------
<BANKED_CODE> 1 (was BANKED_CODE)
  Relative segment, address: CODE 0000E780 - 0000E804 (0x85 bytes), align: 0
  Segment part 34.            Intra module refs:   Data_SecProc::?relay
           ENTRY                   ADDRESS         REF BY
           =====                   =======         ======
           Data_SecProc            0000E780 
               calls direct, is not allocated
               not allocated function
    -------------------------------------------------------------------------
<BANKED_CODE> 1 (was BANKED_CODE)
  Relative segment, address: CODE 0000E805 - 0000E807 (0x3 bytes), align: 0
  Segment part 56.            Intra module refs:   RecoverEnergyData::?relay
           ENTRY                   ADDRESS         REF BY
           =====                   =======         ======
           RecoverEnergyData       0000E805 
               is not allocated
               not allocated function
    -------------------------------------------------------------------------
BANK_RELAYS
  Relative segment, address: CODE 000006D9 - 000006DE (0x6 bytes), align: 0
  Segment part 21.
           ENTRY                   ADDRESS         REF BY
           =====                   =======         ======
           Data_RecPara::?relay    000006D9        main (mainapp)
    -------------------------------------------------------------------------
BANK_RELAYS
  Relative segment, address: CODE 000006DF - 000006E4 (0x6 bytes), align: 0
  Segment part 35.
           ENTRY                   ADDRESS         REF BY
           =====                   =======         ======
           Data_SecProc::?relay    000006DF        main (mainapp)
    -------------------------------------------------------------------------
BANK_RELAYS
  Relative segment, address: CODE 000006E5 - 000006EA (0x6 bytes), align: 0
  Segment part 57.            Intra module refs:   Data_RecPara
           ENTRY                   ADDRESS         REF BY
           =====                   =======         ======
           RecoverEnergyData::?relay
                                   000006E5 

    *************************************************************************

  FILE NAME : C:\worktop\galaxy_Thailand_9811b_62056_meter\source\Debug\Obj\Demand.r51
  PROGRAM MODULE, NAME : Demand

  SEGMENTS IN THE MODULE
  ======================
XDATA_Z
  Relative segment, address: XDATA 00000336 - 0000033F (0xa bytes), align: 0
  Segment part 6.             Intra module refs:   Demand_250ms
                                                   ResetMinuteDemand
           ENTRY                   ADDRESS         REF BY
           =====                   =======         ======
           gs_DemanCalcData        00000336 
    -------------------------------------------------------------------------
XDATA_Z
  Relative segment, address: XDATA 00000340 - 00000340 (0x1 bytes), align: 0
  Segment part 7.             Intra module refs:   Demand_Init
           ENTRY                   ADDRESS         REF BY
           =====                   =======         ======
           guc_DeamandTimer        00000340 
    -------------------------------------------------------------------------
XDATA_Z
  Relative segment, address: XDATA 00000341 - 00000344 (0x4 bytes), align: 0
  Segment part 8.             Intra module refs:   Demand_Init
           ENTRY                   ADDRESS         REF BY
           =====                   =======         ======
           gl_DemandValue          00000341 
    -------------------------------------------------------------------------
XDATA_Z
  Relative segment, address: XDATA 00000345 - 00000348 (0x4 bytes), align: 0
  Segment part 9.             Intra module refs:   Demand_Init
           ENTRY                   ADDRESS         REF BY
           =====                   =======         ======
           gul_Power               00000345 
    -------------------------------------------------------------------------
XDATA_Z
  Relative segment, address: XDATA 00000349 - 0000034C (0x4 bytes), align: 0
  Segment part 10.            Intra module refs:   Demand_Init
           ENTRY                   ADDRESS         REF BY
           =====                   =======         ======
           gl_XPm                  00000349 
    -------------------------------------------------------------------------
XDATA_Z
  Relative segment, address: XDATA 0000034D - 0000034D (0x1 bytes), align: 0
  Segment part 12.            Intra module refs:   Demand_Init
           ENTRY                   ADDRESS         REF BY
           =====                   =======         ======
           guc_DmdCnt              0000034D 
    -------------------------------------------------------------------------
XDATA_Z
  Relative segment, address: XDATA 0000034E - 0000034E (0x1 bytes), align: 0
  Segment part 13.            Intra module refs:   ResetMinuteDemand
           ENTRY                   ADDRESS         REF BY
           =====                   =======         ======
           guc_DmdFrscnt           0000034E 
    -------------------------------------------------------------------------
XDATA_Z
  Relative segment, address: XDATA 0000034F - 0000034F (0x1 bytes), align: 0
  Segment part 14.            Intra module refs:   Demand_Init
           ENTRY                   ADDRESS         REF BY
           =====                   =======         ======
           guc_Dmd250msCnt         0000034F        Timer2Interrupt (System)
    -------------------------------------------------------------------------
<BANKED_CODE> 1 (was BANKED_CODE)
  Relative segment, address: CODE 0000E583 - 0000E5BB (0x39 bytes), align: 0
  Segment part 20.            Intra module refs:   Demand_Init::?relay
           ENTRY                   ADDRESS         REF BY
           =====                   =======         ======
           Demand_Init             0000E583 
               calls direct, is not allocated
               not allocated function
    -------------------------------------------------------------------------
<BANKED_CODE> 1 (was BANKED_CODE)
  Relative segment, address: CODE 0000E5BC - 0000E5D6 (0x1b bytes), align: 0
  Segment part 24.            Intra module refs:   Demand_250ms::?relay
           ENTRY                   ADDRESS         REF BY
           =====                   =======         ======
           Demand_250ms            0000E5BC 
               ISTACK = 00000000 ( 00000002 )
    -------------------------------------------------------------------------
<BANKED_CODE> 1 (was BANKED_CODE)
  Relative segment, address: CODE 0000E5D7 - 0000E631 (0x5b bytes), align: 0
  Segment part 26.            Intra module refs:   ResetMinuteDemand::?relay
           ENTRY                   ADDRESS         REF BY
           =====                   =======         ======
           ResetMinuteDemand       0000E5D7 
               calls direct, is not allocated
               not allocated function
    -------------------------------------------------------------------------
CODE_C
  Relative segment, address: CODE 00001A82 - 00001A85 (0x4 bytes), align: 0
  Segment part 17.            Intra module refs:   BCD_Hex (public)
                                                   ClrRcdTime (public)
                                                   EnyB_ChkPowRev (EnergyBottom)
                                                   EnyB_Open_Cf (EnergyBottom)
                                                   GetFeilv (Meter)
                                                   GetFrozeLst (Meter)
                                                   Hex_BCD (public)
                                                   InitPMDSP (EnergyBottom)
                                                   MCUForPowerOff (McuDrive)
                                                   MeterADClose (TamperProc)
                                                   RxPublicWriteTime (TRx)
                                                   labs (?labs)
           ENTRY                   ADDRESS         REF BY
           =====                   =======         ======
           __Constant_0            00001A82 
    -------------------------------------------------------------------------
CODE_C
  Relative segment, address: CODE 00001A86 - 00001A89 (0x4 bytes), align: 0
  Segment part 19.            Intra module refs:   Adc_DataGet (adcfun)
                                                   CalImbRate (TamperProc)
                                                   calu_5 (mainapp)
                                                   vol_Get (adcfun)
           ENTRY                   ADDRESS         REF BY
           =====                   =======         ======
           __Constant_a            00001A86 
    -------------------------------------------------------------------------
BANK_RELAYS
  Relative segment, address: CODE 000006EB - 000006F0 (0x6 bytes), align: 0
  Segment part 21.
           ENTRY                   ADDRESS         REF BY
           =====                   =======         ======
           Demand_Init::?relay     000006EB        App_Init (main)
    -------------------------------------------------------------------------
BANK_RELAYS
  Relative segment, address: CODE 000006F1 - 000006F6 (0x6 bytes), align: 0
  Segment part 25.
           ENTRY                   ADDRESS         REF BY
           =====                   =======         ======
           Demand_250ms::?relay    000006F1        Timer2Interrupt (System)
    -------------------------------------------------------------------------
BANK_RELAYS
  Relative segment, address: CODE 000006F7 - 000006FC (0x6 bytes), align: 0
  Segment part 27.            Intra module refs:   Demand_Init
           ENTRY                   ADDRESS         REF BY
           =====                   =======         ======
           ResetMinuteDemand::?relay
                                   000006F7 

    *************************************************************************

  FILE NAME : C:\worktop\galaxy_Thailand_9811b_62056_meter\source\Debug\Obj\Disp.r51
  PROGRAM MODULE, NAME : Disp

  SEGMENTS IN THE MODULE
  ======================
SFR_AN
  Relative segment, address: DATA 000000A8 - 000000A8 (0x1 bytes), align: 0
  Segment part 1. ROOT.       Intra module refs:   Chk_KeyValue (Drv_DispKey)
                                                   Do_Keys
                                                   Do_MsTask_100 (GC_Use)
                                                   GPIO_Init_OffLine (InOut)
                                                   GetFeilv (Meter)
                                                   INTERRUPT_DISABLE (pxv9811b)
                                                   INTERRUPT_ENABLE (pxv9811b)
                                                   Init_Timer0 (McuDrive)
                                                   Init_Timer2 (McuDrive)
                                                   PwrOffDisp (pwroffidsp)
                                                   WBaud (TRx)
           ENTRY                   ADDRESS         REF BY
           =====                   =======         ======
           _A_IE                   000000A8 
           LOCAL                   ADDRESS         
           =====                   =======         
           IE                      000000A8 
           IE_bit                  000000A8 
    -------------------------------------------------------------------------
XDATA_AN
  Relative segment, address: XDATA 000028D5 - 000028D5 (0x1 bytes), align: 0
  Segment part 2. ROOT.       Intra module refs:   GPIO_Init_OffLine (InOut)
                                                   IO_Init (McuDrive)
                                                   MCU_OnLIne_Init (InOut)
                                                   TimerA_Capture_Reg_Init (Timer0Capture)
                                                   UpBkltLED
                                                   debug_ledshow (pxv9811b)
           ENTRY                   ADDRESS         REF BY
           =====                   =======         ======
           P7OE                    000028D5 
    -------------------------------------------------------------------------
XDATA_AN
  Relative segment, address: XDATA 000028D6 - 000028D6 (0x1 bytes), align: 0
  Segment part 3. ROOT.       Intra module refs:   GPIO_Init_OffLine (InOut)
                                                   IO_Init (McuDrive)
                                                   MCU_OnLIne_Init (InOut)
                                                   TimerA_Capture_Reg_Init (Timer0Capture)
                                                   UpBkltLED
                                                   debug_ledshow (pxv9811b)
           ENTRY                   ADDRESS         REF BY
           =====                   =======         ======
           P7IE                    000028D6 
    -------------------------------------------------------------------------
XDATA_AN
  Relative segment, address: XDATA 000028D7 - 000028D7 (0x1 bytes), align: 0
  Segment part 4. ROOT.       Intra module refs:   GPIO_Init_OffLine (InOut)
                                                   MCU_OnLIne_Init (InOut)
                                                   TimerA_Capture_Reg_Init (Timer0Capture)
                                                   UpBkltLED
                                                   debug_ledshow (pxv9811b)
           ENTRY                   ADDRESS         REF BY
           =====                   =======         ======
           P7OD                    000028D7 
    -------------------------------------------------------------------------
<BANKED_CODE> 1 (was BANKED_CODE)
  Relative segment, address: CODE 0000E6D5 - 0000E733 (0x5f bytes), align: 0
  Segment part 22.            Intra module refs:   Do_Keys::?relay
           ENTRY                   ADDRESS         REF BY
           =====                   =======         ======
           Do_Keys                 0000E6D5 
               calls direct, is not allocated
               not allocated function
    -------------------------------------------------------------------------
<BANKED_CODE> 1 (was BANKED_CODE)
  Relative segment, address: CODE 0000E734 - 0000E76E (0x3b bytes), align: 0
  Segment part 24.            Intra module refs:   Do_IRKeys::?relay
           ENTRY                   ADDRESS         REF BY
           =====                   =======         ======
           Do_IRKeys               0000E734 
               calls direct, is not allocated
               not allocated function
    -------------------------------------------------------------------------
CODE_C
  Relative segment, address: CODE 00001A8A - 00001A9A (0x11 bytes), align: 0
  Segment part 10.            Intra module refs:   SetDigitDisp
           ENTRY                   ADDRESS         REF BY
           =====                   =======         ======
           DigitBits               00001A8A 
    -------------------------------------------------------------------------
<BANK2> 1 (was BANK2)
  Relative segment, address: CODE 00029697 - 0002975A (0xc4 bytes), align: 0
  Segment part 26.            Intra module refs:   UpBkltLED::?relay
           ENTRY                   ADDRESS         REF BY
           =====                   =======         ======
           UpBkltLED               00029697 
               is not allocated
               not allocated function
    -------------------------------------------------------------------------
<BANK2> 1 (was BANK2)
  Relative segment, address: CODE 0002975B - 000297E2 (0x88 bytes), align: 0
  Segment part 28.            Intra module refs:   ChkDispItem::?relay
           ENTRY                   ADDRESS         REF BY
           =====                   =======         ======
           ChkDispItem             0002975B 
               calls direct, is not allocated
               not allocated function
    -------------------------------------------------------------------------
<BANK2> 1 (was BANK2)
  Relative segment, address: CODE 000297E3 - 0002981B (0x39 bytes), align: 0
  Segment part 30.            Intra module refs:   SetDispBit::?relay
           ENTRY                   ADDRESS         REF BY
           =====                   =======         ======
           SetDispBit              000297E3 
               is not allocated
               not allocated function
    -------------------------------------------------------------------------
<BANK2> 1 (was BANK2)
  Relative segment, address: CODE 0002981C - 00029855 (0x3a bytes), align: 0
  Segment part 32.            Intra module refs:   SetDispBit_rev::?relay
           ENTRY                   ADDRESS         REF BY
           =====                   =======         ======
           SetDispBit_rev          0002981C 
               is not allocated
               not allocated function
    -------------------------------------------------------------------------
<BANK2> 1 (was BANK2)
  Relative segment, address: CODE 00029856 - 000298B5 (0x60 bytes), align: 0
  Segment part 34.            Intra module refs:   SetDigitDisp::?relay
           ENTRY                   ADDRESS         REF BY
           =====                   =======         ======
           SetDigitDisp            00029856 
               calls direct, is not allocated
               not allocated function
    -------------------------------------------------------------------------
<BANK2> 1 (was BANK2)
  Relative segment, address: CODE 000298B6 - 00029942 (0x8d bytes), align: 0
  Segment part 36.            Intra module refs:   AddDispBits::?relay
           ENTRY                   ADDRESS         REF BY
           =====                   =======         ======
           AddDispBits             000298B6 
               is not allocated
               not allocated function
    -------------------------------------------------------------------------
<BANK2> 1 (was BANK2)
  Relative segment, address: CODE 00029943 - 00029966 (0x24 bytes), align: 0
  Segment part 38.            Intra module refs:   AddDispSetBits::?relay
           ENTRY                   ADDRESS         REF BY
           =====                   =======         ======
           AddDispSetBits          00029943 
               calls direct, is not allocated
               not allocated function
    -------------------------------------------------------------------------
<BANK2> 1 (was BANK2)
  Relative segment, address: CODE 00029967 - 000299A3 (0x3d bytes), align: 0
  Segment part 40.            Intra module refs:   AddUseLst::?relay
           ENTRY                   ADDRESS         REF BY
           =====                   =======         ======
           AddUseLst               00029967 
               calls direct, is not allocated
               not allocated function
    -------------------------------------------------------------------------
<BANK2> 1 (was BANK2)
  Relative segment, address: CODE 000299A4 - 00029A56 (0xb3 bytes), align: 0
  Segment part 42.            Intra module refs:   SetDispBitLst::?relay
           ENTRY                   ADDRESS         REF BY
           =====                   =======         ======
           SetDispBitLst           000299A4 
               calls direct, is not allocated
               not allocated function
    -------------------------------------------------------------------------
<BANK2> 1 (was BANK2)
  Relative segment, address: CODE 00029A57 - 00029EAA (0x454 bytes), align: 0
  Segment part 44.            Intra module refs:   UpDisp::?relay
           ENTRY                   ADDRESS         REF BY
           =====                   =======         ======
           UpDisp                  00029A57 
               calls direct, is not allocated
               not allocated function
    -------------------------------------------------------------------------
<BANK2> 1 (was BANK2)
  Relative segment, address: CODE 00029EAB - 00029F91 (0xe7 bytes), align: 0
  Segment part 46.            Intra module refs:   NextItem::?relay
           ENTRY                   ADDRESS         REF BY
           =====                   =======         ======
           NextItem                00029EAB 
               calls direct, is not allocated
               not allocated function
    -------------------------------------------------------------------------
<BANK2> 1 (was BANK2)
  Relative segment, address: CODE 00029F92 - 00029FF9 (0x68 bytes), align: 0
  Segment part 48.            Intra module refs:   SetDispItem::?relay
           ENTRY                   ADDRESS         REF BY
           =====                   =======         ======
           SetDispItem             00029F92 
               calls direct, is not allocated
               not allocated function
    -------------------------------------------------------------------------
<BANK2> 1 (was BANK2)
  Relative segment, address: CODE 00029FFA - 0002A07C (0x83 bytes), align: 0
  Segment part 50.            Intra module refs:   SetpArry::?relay
           ENTRY                   ADDRESS         REF BY
           =====                   =======         ======
           SetpArry                00029FFA 
               is not allocated
               not allocated function
    -------------------------------------------------------------------------
<BANK2> 1 (was BANK2)
  Relative segment, address: CODE 0002A07D - 0002A09C (0x20 bytes), align: 0
  Segment part 52.            Intra module refs:   SetDispArry::?relay
           ENTRY                   ADDRESS         REF BY
           =====                   =======         ======
           SetDispArry             0002A07D 
               calls direct, is not allocated
               not allocated function
    -------------------------------------------------------------------------
<BANK2> 1 (was BANK2)
  Relative segment, address: CODE 0002A09D - 0002A0B9 (0x1d bytes), align: 0
  Segment part 54.            Intra module refs:   SetDispSubItem::?relay
           ENTRY                   ADDRESS         REF BY
           =====                   =======         ======
           SetDispSubItem          0002A09D 
               ISTACK = 00000000 ( 00000002 )
    -------------------------------------------------------------------------
<BANK2> 1 (was BANK2)
  Relative segment, address: CODE 0002A0BA - 0002A168 (0xaf bytes), align: 0
  Segment part 56.            Intra module refs:   Do_Disp::?relay
           ENTRY                   ADDRESS         REF BY
           =====                   =======         ======
           Do_Disp                 0002A0BA 
               calls direct, is not allocated
               not allocated function
    -------------------------------------------------------------------------
<BANK2> 1 (was BANK2)
  Relative segment, address: CODE 0002A169 - 0002A1A1 (0x39 bytes), align: 0
  Segment part 58.            Intra module refs:   InitDispProg::?relay
           ENTRY                   ADDRESS         REF BY
           =====                   =======         ======
           InitDispProg            0002A169 
               calls direct, is not allocated
               not allocated function
    -------------------------------------------------------------------------
<BANK2> 1 (was BANK2)
  Relative segment, address: CODE 0002A1A2 - 0002A1B2 (0x11 bytes), align: 0
  Segment part 60.            Intra module refs:   Turn_OnDisplay::?relay
           ENTRY                   ADDRESS         REF BY
           =====                   =======         ======
           Turn_OnDisplay          0002A1A2 
               calls direct, is not allocated
               not allocated function
    -------------------------------------------------------------------------
CODE_C
  Relative segment, address: CODE 00001A9B - 00001A9E (0x4 bytes), align: 0
  Segment part 11.            Intra module refs:   UpBkltLED
           ENTRY                   ADDRESS         REF BY
           =====                   =======         ======
           __Constant_6060606      00001A9B 
    -------------------------------------------------------------------------
CODE_C
  Relative segment, address: CODE 00001A9F - 00001AA2 (0x4 bytes), align: 0
  Segment part 12.            Intra module refs:   BCD_Hex (public)
                                                   CheckDataAct (public)
                                                   ChkTimeGate (Meter)
                                                   Get645Data (TRx)
                                                   GetCntTime (Drv_RTCSPK)
                                                   GetFrozeLst (Meter)
                                                   I2C_FStop (eeprom)
                                                   I2C_Start (eeprom)
                                                   Mcu_RTCNormal (McuDrive)
                                                   RxSetDisp (TRx)
                                                   SetRTCCnt (Drv_RTCSPK)
                                                   UpDisp
           ENTRY                   ADDRESS         REF BY
           =====                   =======         ======
           __Constant_ffffffff     00001A9F 
    -------------------------------------------------------------------------
CODE_C
  Relative segment, address: CODE 00001AA3 - 00001AA6 (0x4 bytes), align: 0
  Segment part 13.            Intra module refs:   UpDisp
           ENTRY                   ADDRESS         REF BY
           =====                   =======         ======
           __Constant_900200       00001AA3 
    -------------------------------------------------------------------------
CODE_C
  Relative segment, address: CODE 00001AA7 - 00001AAA (0x4 bytes), align: 0
  Segment part 14.            Intra module refs:   Send_I2C_Addr (eeprom)
                                                   UpDisp
           ENTRY                   ADDRESS         REF BY
           =====                   =======         ======
           __Constant_ff           00001AA7 
    -------------------------------------------------------------------------
CODE_C
  Relative segment, address: CODE 00001AAB - 00001AAE (0x4 bytes), align: 0
  Segment part 15.            Intra module refs:   UpDisp
           ENTRY                   ADDRESS         REF BY
           =====                   =======         ======
           __Constant_f            00001AAB 
    -------------------------------------------------------------------------
CODE_C
  Relative segment, address: CODE 00001AAF - 00001AB2 (0x4 bytes), align: 0
  Segment part 16.            Intra module refs:   GetFeilv (Meter)
                                                   UpDisp
                                                   Up_FLState (Meter)
           ENTRY                   ADDRESS         REF BY
           =====                   =======         ======
           __Constant_80000        00001AAF 
    -------------------------------------------------------------------------
CODE_C
  Relative segment, address: CODE 00001AB3 - 00001AB6 (0x4 bytes), align: 0
  Segment part 17.            Intra module refs:   UpDisp
           ENTRY                   ADDRESS         REF BY
           =====                   =======         ======
           __Constant_400000       00001AB3 
    -------------------------------------------------------------------------
CODE_C
  Relative segment, address: CODE 00001AB7 - 00001ABA (0x4 bytes), align: 0
  Segment part 18.            Intra module refs:   DoSinglePhase (mainapp)
                                                   Do_SecTask (GC_Use)
                                                   RxPublicWriteTime (TRx)
                                                   UpDisp
           ENTRY                   ADDRESS         REF BY
           =====                   =======         ======
           __Constant_10000        00001AB7 
    -------------------------------------------------------------------------
CODE_C
  Relative segment, address: CODE 00001ABB - 00001ABE (0x4 bytes), align: 0
  Segment part 19.            Intra module refs:   NextItem
           ENTRY                   ADDRESS         REF BY
           =====                   =======         ======
           __Constant_400f11f      00001ABB 
    -------------------------------------------------------------------------
CODE_C
  Relative segment, address: CODE 00001ABF - 00001AC2 (0x4 bytes), align: 0
  Segment part 20.            Intra module refs:   NextItem
           ENTRY                   ADDRESS         REF BY
           =====                   =======         ======
           __Constant_6060607      00001ABF 
    -------------------------------------------------------------------------
CODE_C
  Relative segment, address: CODE 00001AC3 - 00001AC6 (0x4 bytes), align: 0
  Segment part 21.            Intra module refs:   Do_Disp
                                                   InitDispProg
                                                   Init_Data (GC_Use)
                                                   Init_MCU (InOut)
                                                   MCU_OnLIne_Init (InOut)
                                                   SetupRTC (Drv_RTCSPK)
                                                   data_restore (mainapp)
           ENTRY                   ADDRESS         REF BY
           =====                   =======         ======
           __Constant_3243eb8      00001AC3 
    -------------------------------------------------------------------------
BANK_RELAYS
  Relative segment, address: CODE 000006FD - 00000702 (0x6 bytes), align: 0
  Segment part 23.
           ENTRY                   ADDRESS         REF BY
           =====                   =======         ======
           Do_Keys::?relay         000006FD        main (mainapp)
    -------------------------------------------------------------------------
BANK_RELAYS
  Relative segment, address: CODE 00000703 - 00000708 (0x6 bytes), align: 0
  Segment part 25.
           ENTRY                   ADDRESS         REF BY
           =====                   =======         ======
           Do_IRKeys::?relay       00000703        main (mainapp)
    -------------------------------------------------------------------------
BANK_RELAYS
  Relative segment, address: CODE 00000709 - 0000070E (0x6 bytes), align: 0
  Segment part 27.            Intra module refs:   Do_Disp
                                                   SetDispItem
           ENTRY                   ADDRESS         REF BY
           =====                   =======         ======
           UpBkltLED::?relay       00000709 
    -------------------------------------------------------------------------
BANK_RELAYS
  Relative segment, address: CODE 0000070F - 00000714 (0x6 bytes), align: 0
  Segment part 29.            Intra module refs:   SetDispItem
           ENTRY                   ADDRESS         REF BY
           =====                   =======         ======
           ChkDispItem::?relay     0000070F        RxSetDisp (TRx)
    -------------------------------------------------------------------------
BANK_RELAYS
  Relative segment, address: CODE 00000715 - 0000071A (0x6 bytes), align: 0
  Segment part 31.            Intra module refs:   SetDigitDisp
                                                   SetDispBitLst
                                                   UpDisp
           ENTRY                   ADDRESS         REF BY
           =====                   =======         ======
           SetDispBit::?relay      00000715 
    -------------------------------------------------------------------------
BANK_RELAYS
  Relative segment, address: CODE 0000071B - 00000720 (0x6 bytes), align: 0
  Segment part 33.            Intra module refs:   SetDigitDisp
           ENTRY                   ADDRESS         REF BY
           =====                   =======         ======
           SetDispBit_rev::?relay
                                   0000071B 
    -------------------------------------------------------------------------
BANK_RELAYS
  Relative segment, address: CODE 00000721 - 00000726 (0x6 bytes), align: 0
  Segment part 35.            Intra module refs:   SetDispBitLst
                                                   UpDisp
           ENTRY                   ADDRESS         REF BY
           =====                   =======         ======
           SetDigitDisp::?relay    00000721 
    -------------------------------------------------------------------------
BANK_RELAYS
  Relative segment, address: CODE 00000727 - 0000072C (0x6 bytes), align: 0
  Segment part 37.            Intra module refs:   AddDispSetBits
                                                   AddUseLst
           ENTRY                   ADDRESS         REF BY
           =====                   =======         ======
           AddDispBits::?relay     00000727        Get645Data (TRx)
                                                   ReadSafeData (TRx)
    -------------------------------------------------------------------------
BANK_RELAYS
  Relative segment, address: CODE 0000072D - 00000732 (0x6 bytes), align: 0
  Segment part 39.
           ENTRY                   ADDRESS         REF BY
           =====                   =======         ======
           AddDispSetBits::?relay
                                   0000072D        Get645Data (TRx)
    -------------------------------------------------------------------------
BANK_RELAYS
  Relative segment, address: CODE 00000733 - 00000738 (0x6 bytes), align: 0
  Segment part 41.
           ENTRY                   ADDRESS         REF BY
           =====                   =======         ======
           AddUseLst::?relay       00000733        Get645Data (TRx)
    -------------------------------------------------------------------------
BANK_RELAYS
  Relative segment, address: CODE 00000739 - 0000073E (0x6 bytes), align: 0
  Segment part 43.            Intra module refs:   UpDisp
           ENTRY                   ADDRESS         REF BY
           =====                   =======         ======
           SetDispBitLst::?relay   00000739 
    -------------------------------------------------------------------------
BANK_RELAYS
  Relative segment, address: CODE 0000073F - 00000744 (0x6 bytes), align: 0
  Segment part 45.            Intra module refs:   Do_Disp
                                                   Do_IRKeys
                                                   Do_Keys
                                                   SetDispItem
[...]
                                                   MCUForPowerOff (McuDrive)
                                                   Mcu_RTCNormal (McuDrive)
                                                   MeterADClose (TamperProc)
                                                   MeterADSel (TamperProc)
                                                   MvData (public)
                                                   MvDataAddr (public)
                                                   NextItem (Disp)
                                                   NormCopy (public)
                                                   ReadEEPROMFData (TRx)
                                                   ReadExtEEprom (TRx)
                                                   ReadFlashData (TRx)
                                                   ReadSafeData (TRx)
                                                   ReadWriteTime (TRx)
                                                   Read_EEData (eeprom)
                                                   Read_EEData1 (eeprom)
                                                   Read_ELVSave (PubData)
                                                   RecoverCfg (FunCfg)
                                                   Reset_LVSave (PubData)
                                                   RevCopy (public)
                                                   RevCopyRam (public)
                                                   RevCopy_4 (public)
                                                   RxClrRecord (TRx)
                                                   RxEOpenRcd (TRx)
                                                   RxJDErrRcd (TRx)
                                                   RxPublicWriteTime (TRx)
                                                   RxPwrErrRcd (TRx)
                                                   RxSend645 (TRx)
                                                   RxSetDisp (TRx)
                                                   RxTmTblSetRcd (TRx)
                                                   RxWriteFacKey (TRx)
                                                   SetDispBitLst (Disp)
                                                   SetDispItem (Disp)
                                                   SetRTCCnt (Drv_RTCSPK)
                                                   SoftClockCheck (Timeproc)
                                                   TRX_Ctrl_Code (TRx)
                                                   Tamp_DspProc (TamperProc)
                                                   TimerProc (Timeproc)
                                                   Up_BCDData (TRx)
                                                   Up_ProgFroze (public)
                                                   Write645Data (TRx)
                                                   WriteSafeData (TRx)
                                                   Write_EEData (eeprom)
                                                   Write_EEData1 (eeprom)
                                                   Write_Froze (PubData)
                                                   cClrEvtState (TRx)
                                                   cFlashinfo_Restore (indata_oper)
                                                   cFlashinfo_dianlian_backup (indata_oper)
                                                   cFroze_Comp (mainapp)
                                                   cGet_First_Data (indata_oper)
                                                   cSafeData_restoreData (safedate)
                                                   strCmp (PubData)
    -------------------------------------------------------------------------
RCODE
  Relative segment, address: CODE 0000190D - 0000190E (0x2 bytes), align: 0
  Segment part 3.
           ENTRY                   ADDRESS         REF BY
           =====                   =======         ======
           ?PUSH_XSTACK_I_ONE      0000190D        Get645Data (TRx)
                                                   RxFrozeDTRcd (TRx)
                                                   RxTmTblSetRcd (TRx)
                                                   Write645Data (TRx)
    -------------------------------------------------------------------------
RCODE
  Relative segment, address: CODE 0000190F - 0000191B (0xd bytes), align: 0
  Segment part 4.             Intra module refs:   ?PUSH_XSTACK_I_FOUR
                                                   ?PUSH_XSTACK_I_ONE
                                                   ?PUSH_XSTACK_I_TWO
           ENTRY                   ADDRESS         REF BY
           =====                   =======         ======
           ?PUSH_XSTACK_I          0000190F 

    -------------------------------------------------------------------------
  LIBRARY MODULE, NAME : ?PUSH_XSTACK8_X

  SEGMENTS IN THE MODULE
  ======================
RCODE
  Relative segment, address: CODE 0000191C - 0000191F (0x4 bytes), align: 0
  Segment part 1.
           ENTRY                   ADDRESS         REF BY
           =====                   =======         ======
           ?PUSH_XSTACK8_X_FOUR    0000191C        CheckFroze (Meter)
                                                   ChkYFroze (Meter)
                                                   DoSinglePhase (mainapp)
                                                   GetFrozeLst (Meter)
                                                   GetTimeCnt (Drv_RTCSPK)
                                                   MStepFroze (Meter)
                                                   MvData (public)
                                                   ReadWriteTime (TRx)
                                                   SetRTCCnt (Drv_RTCSPK)
                                                   SetRcdTime (public)
                                                   Tamp_ChkBlance (TamperProc)
    -------------------------------------------------------------------------
RCODE
  Relative segment, address: CODE 00001920 - 00001923 (0x4 bytes), align: 0
  Segment part 3.
           ENTRY                   ADDRESS         REF BY
           =====                   =======         ======
           ?PUSH_XSTACK8_X_TWO     00001920        EEData_Safe_Read (eeprom)
                                                   EnyB_SetMeterCfgACK (EnergyBottom)
                                                   Read_EEData1 (eeprom)
    -------------------------------------------------------------------------
RCODE
  Relative segment, address: CODE 00001924 - 0000194C (0x29 bytes), align: 0
  Segment part 5.             Intra module refs:   ?PUSH_XSTACK8_X_FOUR
                                                   ?PUSH_XSTACK8_X_TWO
           ENTRY                   ADDRESS         REF BY
           =====                   =======         ======
           ?PUSH_XSTACK8_X         00001924 

    -------------------------------------------------------------------------
  LIBRARY MODULE, NAME : ?PUSH_XSTACK8_C

  SEGMENTS IN THE MODULE
  ======================
RCODE
  Relative segment, address: CODE 0000194D - 00001950 (0x4 bytes), align: 0
  Segment part 1.
           ENTRY                   ADDRESS         REF BY
           =====                   =======         ======
           ?PUSH_XSTACK8_C_FOUR    0000194D        ClrRcdTime (public)
                                                   GetFeilv (Meter)
                                                   Mea_Init (EnergyBottom)
                                                   RxPublicWriteTime (TRx)
                                                   WaitTimeOver (Meter)
    -------------------------------------------------------------------------
RCODE
  Relative segment, address: CODE 00001951 - 00001979 (0x29 bytes), align: 0
  Segment part 5.             Intra module refs:   ?PUSH_XSTACK8_C_FOUR
           ENTRY                   ADDRESS         REF BY
           =====                   =======         ======
           ?PUSH_XSTACK8_C         00001951 

    -------------------------------------------------------------------------
  LIBRARY MODULE, NAME : ?US_SWITCH_DENSE

  SEGMENTS IN THE MODULE
  ======================
RCODE
  Relative segment, address: CODE 0000197A - 00001980 (0x7 bytes), align: 0
  Segment part 0.
           ENTRY                   ADDRESS         REF BY
           =====                   =======         ======
           ?US_SWITCH_DENSE        0000197A        stream_refresh (streamio)
           ?US_SWITCH_DENSE_CFI_INVALID_BEGINS
                                   0000197A 
    -------------------------------------------------------------------------
RCODE
  Relative segment, address: CODE 00001981 - 000019BE (0x3e bytes), align: 0
  Segment part 2.             Intra module refs:   Segment part 0
    -------------------------------------------------------------------------
RCODE
  Relative segment, address: CODE 000019BF - 000019BF (0x1 bytes), align: 0
  Segment part 4.             Intra module refs:   Segment part 0
           ENTRY                   ADDRESS         REF BY
           =====                   =======         ======
           ?US_SWITCH_DENSE_CFI_INVALID_ENDS
                                   000019C0 

    -------------------------------------------------------------------------
  LIBRARY MODULE, NAME : ?US_SWITCH_SPARSE

  SEGMENTS IN THE MODULE
  ======================
RCODE
  Relative segment, address: CODE 000019C0 - 000019C9 (0xa bytes), align: 0
  Segment part 0.
           ENTRY                   ADDRESS         REF BY
           =====                   =======         ======
           ?US_SWITCH_SPARSE       000019C0        CalRMS (EnergyBottom)
           ?US_SWITCH_SPARSE_CFI_INVALID_BEGINS
                                   000019C0 
    -------------------------------------------------------------------------
RCODE
  Relative segment, address: CODE 000019CA - 00001A0A (0x41 bytes), align: 0
  Segment part 2.             Intra module refs:   Segment part 0
           ENTRY                   ADDRESS         REF BY
           =====                   =======         ======
           ?US_SWITCH_SPARSE_LEAVE
                                   000019FC        Segment part 0 (?US_JMP_IF_IN_RANGE)
                                                   Segment part 0 (?US_JMP_IF_VALUE)
    -------------------------------------------------------------------------
RCODE
  Relative segment, address: CODE 00001A0B - 00001A0B (0x1 bytes), align: 0
  Segment part 4.             Intra module refs:   Segment part 0
           ENTRY                   ADDRESS         REF BY
           =====                   =======         ======
           ?US_SWITCH_SPARSE_CFI_INVALID_ENDS
                                   00001A0C 

    -------------------------------------------------------------------------
  LIBRARY MODULE, NAME : ?US_JMP_IF_IN_RANGE

  SEGMENTS IN THE MODULE
  ======================
RCODE
  Relative segment, address: CODE 00001A0C - 00001A4A (0x3f bytes), align: 0
  Segment part 0.
           ENTRY                   ADDRESS         REF BY
           =====                   =======         ======
           ?US_JMP_IF_IN_RANGE     00001A0C        ?US_SWITCH_SPARSE_LEAVE (?US_SWITCH_SPARSE)
           ?US_JMP_IF_IN_RANGE_CFI_INVALID_BEGINS
                                   00001A0C 
           ?US_JMP_IF_IN_RANGE_CFI_INVALID_ENDS
                                   00001A4B 

    -------------------------------------------------------------------------
  LIBRARY MODULE, NAME : ?US_JMP_IF_VALUE

  SEGMENTS IN THE MODULE
  ======================
RCODE
  Relative segment, address: CODE 00001A4B - 00001A75 (0x2b bytes), align: 0
  Segment part 0.
           ENTRY                   ADDRESS         REF BY
           =====                   =======         ======
           ?US_JMP_IF_VALUE        00001A4B        ?US_SWITCH_SPARSE_LEAVE (?US_SWITCH_SPARSE)
           ?US_JMP_IF_VALUE_CFI_INVALID_BEGINS
                                   00001A4B 
           ?US_JMP_IF_VALUE_CFI_INVALID_ENDS
                                   00001A76 

    -------------------------------------------------------------------------
  LIBRARY MODULE, NAME : ?labs

  SEGMENTS IN THE MODULE
  ======================
<BANKED_CODE> 1 (was BANKED_CODE)
  Relative segment, address: CODE 0000E9A4 - 0000E9E2 (0x3f bytes), align: 0
  Segment part 7.             Intra module refs:   labs::?relay
           ENTRY                   ADDRESS         REF BY
           =====                   =======         ======
           labs                    0000E9A4 
               XSTACK = 00000000 ( 00000010 )
    -------------------------------------------------------------------------
BANK_RELAYS
  Relative segment, address: CODE 00000FE5 - 00000FEA (0x6 bytes), align: 0
  Segment part 8.
           ENTRY                   ADDRESS         REF BY
           =====                   =======         ======
           labs::?relay            00000FE5        Chk5Min (TRx)
                                                   DoSinglePhase (mainapp)

    *************************************************************************

  DEFINED ABSOLUTE ENTRIES



                ****************************************
                *                                      *
                *      SEGMENTS IN ADDRESS ORDER       *
                *                                      *
                ****************************************


SEGMENT              SPACE    START ADDRESS   END ADDRESS     SIZE  TYPE  ALIGN
=======              =====    =============   ===========     ====  ====  =====
INTVEC               CODE          00000000 - 00000065          66   com    0
CODE_AC              CODE          00000100 - 00000399         29A   rel    0
                     CODE          0000039C - 000005FF         264 
CSTART               CODE          00000600 - 000006A0          A1   rel    0
IXDATA_ID            CODE               000006A1                     dse    0
PDATA_ID             CODE               000006A1                     dse    0
BIT_ID               CODE               000006A1                     dse    0
BDATA_ID             CODE               000006A1                     dse    0
DATA_ID              CODE               000006A1                     dse    0
IDATA_ID             CODE               000006A1                     dse    0
XDATA_ID             CODE          000006A1 - 000006A2           2   rel    0
BANK_RELAYS          CODE          000006A3 - 00000FEA         948   rel    0
CODE_AC              CODE          000011C0 - 000011CC           D   rel    0
                     CODE          000011CE - 000011CE           1 
RCODE                CODE          000011CF - 00001A75         8A7   rel    0
DIFUNCT              CODE               00001A76                     dse    0
CODE_C               CODE          00001A76 - 0000323C        17C7   rel    0
CODE_N               CODE               0000323D                     dse    0
NEAR_CODE            CODE          0000323D - 00003BCB         98F   rel    0
<BANKED_CODE> 1      CODE          00003BCC - 0000EA00        AE35   rel    0
<BANK2> 1            CODE          00028000 - 0002B4D7        34D8   rel    0
REGISTERS            DATA          00000000 - 00000007           8   rel    0
__REG_BANK2          DATA          00000010 - 00000017           8   rel    0
BREG                 BIT        00000020.0  -  00000020.7        8   rel    0
VREG                 DATA          00000021 - 00000030          10   rel    0
PSP                  DATA               00000031                     dse    0
XSP                  DATA          00000031 - 00000032           2   rel    0
SFR_AN               DATA          00000080 - 00000080           1   rel    0
                     DATA          00000087 - 0000008E           8 
                     DATA          00000090 - 00000091           2 
                     DATA          00000093 - 00000097           5 
                     DATA          0000009A - 0000009F           6 
                     DATA          000000A1 - 000000A1           1 
                     DATA          000000A3 - 000000A8           6 
                     DATA          000000AD - 000000AD           1 
                     DATA          000000C0 - 000000C0           1 
                     DATA          000000C8 - 000000C8           1 
                     DATA          000000CC - 000000D0           5 
                     DATA          000000DA - 000000DD           4 
                     DATA          000000DF - 000000E0           2 
                     DATA          000000E8 - 000000E8           1 
XSTACK               XDATA         00000001 - 00000330         330   rel    0
XDATA_Z              XDATA         00000331 - 00000F63         C33   rel    0
XDATA_I              XDATA         00000F64 - 00000F65           2   rel    0
XDATA_AN             XDATA         00002820 - 00002821           2   rel    0
                     XDATA         00002823 - 00002823           1 
                     XDATA         00002825 - 00002828           4 
                     XDATA         0000282E - 0000282E           1 
                     XDATA         00002830 - 00002831           2 
                     XDATA         00002833 - 00002833           1 
                     XDATA         00002835 - 00002838           4 
                     XDATA         0000283E - 0000283E           1 
                     XDATA         00002840 - 00002840           1 
                     XDATA         00002843 - 00002843           1 
                     XDATA         00002848 - 00002848           1 
                     XDATA         0000284B - 0000284B           1 
                     XDATA         00002850 - 00002850           1 
                     XDATA         00002853 - 00002853           1 
                     XDATA         00002858 - 00002868          11 
                     XDATA         000028A2 - 000028A2           1 
                     XDATA         000028A5 - 000028A5           1 
                     XDATA         000028A8 - 000028AA           3 
                     XDATA         000028AC - 000028B2           7 
                     XDATA         000028B4 - 000028B5           2 
                     XDATA         000028B8 - 000028B9           2 
                     XDATA         000028BC - 000028BD           2 
                     XDATA         000028C0 - 000028C1           2 
                     XDATA         000028C4 - 000028CA           7 
                     XDATA         000028CD - 000028CF           3 
                     XDATA         000028D5 - 000028D7           3 
                     XDATA         000028D9 - 000028DA           2 
                     XDATA         00002900 - 00002900           1 
                     XDATA         00002904 - 00002905           2 
                     XDATA         0000290A - 0000290B           2 
                     XDATA         00002A05 - 00002A05           1 
                     XDATA         00002C00 - 00002C00           1 
                     XDATA         00002C1E - 00002C23           6 
                     XDATA         00002D00 - 00002D01           2 
ISTACK               IDATA         00000090 - 000000FF          70   rel    0

                ****************************************
                *                                      *
                *        END OF CROSS REFERENCE        *
                *                                      *
                ****************************************

 71 515 bytes of CODE  memory (+ 1 292 absolute )
     26 bytes of DATA  memory (+    52 absolute )
  3 941 bytes of XDATA memory (+    89 absolute )
    112 bytes of IDATA memory
      8 bits  of BIT   memory

Errors: none
Warnings: 14

