Warning[w6]: Type conflict for external/entry "Turn_OnDisplay", in module pwroffidsp against external/entry in module Disp; prototyped function vs K&R function
  /* In module pwroffidsp: */
  /* Function, args 0, attr 0 */
  void (__xdata_reentrant Turn_OnDisplay)(void);
  /* In module Disp: */
  /* K&R Function, args 0, attr 0 */
  void (__xdata_reentrant Turn_OnDisplay)();
Warning[w6]: Type conflict for external/entry "GPIO_Init_OffLine1", in module McuDrive against external/entry in module InOut; prototyped function vs K&R function
  /* In module McuDrive: */
  /* K&R Function, args 0, attr 0 */
  int (__xdata_reentrant GPIO_Init_OffLine1)();
  /* In module InOut: */
  /* Function, args 0, attr 0 */
  void (__xdata_reentrant GPIO_Init_OffLine1)(void);
Warning[w6]: Type conflict for external/entry "LCD_Init", in module InOut against external/entry in module LcdBottom; prototyped function vs K&R function
  /* In module InOut: */
  /* K&R Function, args 0, attr 0 */
  int (__xdata_reentrant LCD_Init)();
  /* In module LcdBottom: */
  /* Function, args 1, attr 0 */
  void (__xdata_reentrant LCD_Init)(char *);
Warning[w6]: Type conflict for external/entry "Delay1OSC", in module mainapp against external/entry in module McuDrive; prototyped function vs K&R function
  /* In module mainapp: */
  /* K&R Function, args 0, attr 0 */
  int (__xdata_reentrant Delay1OSC)();
  /* In module McuDrive: */
  /* Function, args 0, attr 0 */
  void (__xdata_reentrant Delay1OSC)(void);
Warning[w6]: Type conflict for external/entry "Mcu_I1nit", in module Powmanger against external/entry in module McuDrive; prototyped function vs K&R function
  /* In module Powmanger: */
  /* K&R Function, args 0, attr 0 */
  int (__xdata_reentrant Mcu_I1nit)();
  /* In module McuDrive: */
  /* Function, args 0, attr 0 */
  void (__xdata_reentrant Mcu_I1nit)(void);
Warning[w6]: Type conflict for external/entry "RtcParaFsToE2", in module mainapp against external/entry in module RtcCpt; prototyped function vs K&R function
  /* In module mainapp: */
  /* K&R Function, args 0, attr 0 */
  int (__xdata_reentrant RtcParaFsToE2)();
  /* In module RtcCpt: */
  /* Function, args 1, attr 0 */
  void (__xdata_reentrant RtcParaFsToE2)(uint8 *);
    typedef unsigned char uint8;
Warning[w6]: Type conflict for external/entry "stmemter_statu", in module indata_oper against external/entry in module dfinit; types have different memory attributes
  /* In module indata_oper: */
  struct STMEMTER_STATU /* Elements: 3, Bytes: 74 */
                        /* First seen in Meter */
  { 
    u8 IMType[10];
    u8 SoftVer[32];
    u8 HardVer[32];
  } stmemter_statu[];
    typedef unsigned char u8;
  /* In module dfinit: */
  struct STMEMTER_STATU /* Elements: 3, Bytes: 74 */
                        /* First seen in Meter */
  { 
    u8 IMType[10];
    u8 SoftVer[32];
    u8 HardVer[32];
  } (__code const stmemter_statu)[4];
    typedef unsigned char u8;
Warning[w6]: Type conflict for external/entry "c8025intno", in module System against external/entry in module globlvar; types have different type attributes
  /* In module System: */
  char c8025intno;
  /* In module globlvar: */
  unsigned char volatile c8025intno;
Warning[w6]: Type conflict for external/entry "iTime_Isr_nobak", in module pwroffidsp against external/entry in module globlvar; types have different type attributes
  /* In module pwroffidsp: */
  unsigned short iTime_Isr_nobak;
  /* In module globlvar: */
  unsigned short volatile iTime_Isr_nobak;
Warning[w6]: Type conflict for external/entry "Init_FlashData", in module TRx against external/entry in module indata_oper; function return types are different; different basic types
  /* In module TRx: */
  /* K&R Function, args 0, attr 0 */
  void (__xdata_reentrant Init_FlashData)();
  /* In module indata_oper: */
  /* K&R Function, args 0, attr 0 */
  u8 (__xdata_reentrant Init_FlashData)();
    typedef unsigned char u8;
Warning[w6]: Type conflict for external/entry "App_Init", in module mainapp against external/entry in module main; prototyped function vs K&R function
  /* In module mainapp: */
  /* K&R Function, args 0, attr 0 */
  int (__xdata_reentrant App_Init)();
  /* In module main: */
  /* Function, args 0, attr 0 */
  void (__xdata_reentrant App_Init)(void);
Warning[w6]: Type conflict for external/entry "Mea_Consumption_Dly", in module mainapp against external/entry in module main; prototyped function vs K&R function
  /* In module mainapp: */
  /* K&R Function, args 0, attr 0 */
  int (__xdata_reentrant Mea_Consumption_Dly)();
  /* In module main: */
  /* Function, args 0, attr 0 */
  bool (__xdata_reentrant Mea_Consumption_Dly)(void);
Warning[w6]: Type conflict for external/entry "Var_Init", in module mainapp against external/entry in module main; prototyped function vs K&R function
  /* In module mainapp: */
  /* K&R Function, args 0, attr 0 */
  int (__xdata_reentrant Var_Init)();
  /* In module main: */
  /* Function, args 0, attr 0 */
  void (__xdata_reentrant Var_Init)(void);
Warning[w6]: Type conflict for external/entry "ChipSet_ReInit", in module TRx against external/entry in module mainapp; prototyped function vs K&R function
  /* In module TRx: */
  /* K&R Function, args 0, attr 0 */
  int (__xdata_reentrant ChipSet_ReInit)();
  /* In module mainapp: */
  /* Function, args 0, attr 0 */
  void (__xdata_reentrant ChipSet_ReInit)(void);
Warning[w6]: Type conflict for external/entry "GetAVR", in module InOut against external/entry in module mainapp; prototyped function vs K&R function
  /* In module InOut: */
  /* K&R Function, args 0, attr 0 */
  int (__xdata_reentrant GetAVR)();
  /* In module mainapp: */
  /* Function, args 2, attr 0 */
  void (__xdata_reentrant GetAVR)(strVI *,
                                  u32);
    typedef struct __Unnamed_4_184 strVI;
    typedef unsigned long u32;
Warning[w6]: Type conflict for external/entry "appnegchange", in module InOut against external/entry in module mainapp; prototyped function vs K&R function
  /* In module InOut: */
  /* K&R Function, args 0, attr 0 */
  int (__xdata_reentrant appnegchange)();
  /* In module mainapp: */
  /* Function, args 2, attr 0 */
  unsigned long (__xdata_reentrant appnegchange)(unsigned long,
                                                 char *);
Warning[w6]: Type conflict for external/entry "data_restore", in module Powmanger against external/entry in module mainapp; prototyped function vs K&R function
  /* In module Powmanger: */
  /* K&R Function, args 0, attr 0 */
  int (__xdata_reentrant data_restore)();
  /* In module mainapp: */
  /* Function, args 0, attr 0 */
  void (__xdata_reentrant data_restore)(void);
Warning[w6]: Type conflict for external/entry "INTERRUPT_DISABLE", in module mainapp against external/entry in module pxv9811b; prototyped function vs K&R function
  /* In module mainapp: */
  /* K&R Function, args 0, attr 0 */
  int (__xdata_reentrant INTERRUPT_DISABLE)();
  /* In module pxv9811b: */
  /* Function, args 0, attr 0 */
  void (__xdata_reentrant INTERRUPT_DISABLE)(void);
Warning[w6]: Type conflict for external/entry "INTERRUPT_ENABLE", in module mainint_protect against external/entry in module pxv9811b; prototyped function vs K&R function
  /* In module mainint_protect: */
  /* K&R Function, args 0, attr 0 */
  int (__xdata_reentrant INTERRUPT_ENABLE)();
  /* In module pxv9811b: */
  /* Function, args 0, attr 0 */
  void (__xdata_reentrant INTERRUPT_ENABLE)(void);
################################################################################
#                                                                              #
#      IAR Universal Linker V5.7.0.39                                          #
#                                                                              #
#           Link time     =  03/Nov/2019  14:44:41                             #
#           Target CPU    =  x51                                               #
#           List file     =  C:\worktop\galaxy_Thailand_9811b_62056_meter\sour #
#                            ce\Debug\List\D143R-9821S.map                     #
#           Output file 1 =  C:\worktop\galaxy_Thailand_9811b_62056_meter\sour #
#                            ce\Debug\Exe\D143F9821S.xx.20xxxxxx.hex           #
#                            Format: intel-extended                            #
#           Output file 2 =  C:\worktop\galaxy_Thailand_9811b_62056_meter\sour #
#                            ce\Debug\Exe\D143R-9821S.d51                      #
#                            Format: debug                                     #
#                            UBROF version 10.0.6                              #
#                            Using library modules for C-SPY (-r)              #
#           Command line  =  "-IC:\Program Files (x86)\IAR Systems\Embedded Wo #
#                            rkbench 6.5_2\8051\CONFIG\"                       #
#                            -D_NR_OF_BANKS=0x03 -D_CODEBANK_END=0xFFFF        #
#                            -D_CODEBANK_START=0x8000 -D?CBANK_MASK=0x03       #
#                            -D?CBANK=0xA0                                     #
#                            C:\worktop\galaxy_Thailand_9811b_62056_meter\sour #
#                            ce\Debug\Obj\Api.r51                              #
#                            C:\worktop\galaxy_Thailand_9811b_62056_meter\sour #
#                            ce\Debug\Obj\ComApplication.r51                   #
#                            C:\worktop\galaxy_Thailand_9811b_62056_meter\sour #
#                            ce\Debug\Obj\ComBottom.r51                        #
#                            C:\worktop\galaxy_Thailand_9811b_62056_meter\sour #
#                            ce\Debug\Obj\Dataproc.r51                         #
#                            C:\worktop\galaxy_Thailand_9811b_62056_meter\sour #
#                            ce\Debug\Obj\Demand.r51                           #
#                            C:\worktop\galaxy_Thailand_9811b_62056_meter\sour #
#                            ce\Debug\Obj\Disp.r51                             #
#                            C:\worktop\galaxy_Thailand_9811b_62056_meter\sour #
#                            ce\Debug\Obj\Drv_DispKey.r51                      #
#                            C:\worktop\galaxy_Thailand_9811b_62056_meter\sour #
#                            ce\Debug\Obj\Drv_RTCSPK.r51                       #
#                            C:\worktop\galaxy_Thailand_9811b_62056_meter\sour #
#                            ce\Debug\Obj\Energy.r51                           #
#                            C:\worktop\galaxy_Thailand_9811b_62056_meter\sour #
#                            ce\Debug\Obj\EnergyBottom.r51                     #
#                            C:\worktop\galaxy_Thailand_9811b_62056_meter\sour #
#                            ce\Debug\Obj\FunCfg.r51                           #
#                            C:\worktop\galaxy_Thailand_9811b_62056_meter\sour #
#                            ce\Debug\Obj\GC_Use.r51                           #
#                            C:\worktop\galaxy_Thailand_9811b_62056_meter\sour #
#                            ce\Debug\Obj\InOut.r51                            #
#                            C:\worktop\galaxy_Thailand_9811b_62056_meter\sour #
#                            ce\Debug\Obj\InitPara.r51                         #
#                            C:\worktop\galaxy_Thailand_9811b_62056_meter\sour #
#                            ce\Debug\Obj\LcdBottom.r51                        #
#                            C:\worktop\galaxy_Thailand_9811b_62056_meter\sour #
#                            ce\Debug\Obj\McuDrive.r51                         #
#                            C:\worktop\galaxy_Thailand_9811b_62056_meter\sour #
#                            ce\Debug\Obj\Meter.r51                            #
#                            C:\worktop\galaxy_Thailand_9811b_62056_meter\sour #
#                            ce\Debug\Obj\Powmanger.r51                        #
#                            C:\worktop\galaxy_Thailand_9811b_62056_meter\sour #
#                            ce\Debug\Obj\Prcfrm.r51                           #
#                            C:\worktop\galaxy_Thailand_9811b_62056_meter\sour #
#                            ce\Debug\Obj\Ptl_1107.r51                         #
#                            C:\worktop\galaxy_Thailand_9811b_62056_meter\sour #
#                            ce\Debug\Obj\PubData.r51                          #
#                            C:\worktop\galaxy_Thailand_9811b_62056_meter\sour #
#                            ce\Debug\Obj\RtcCpt.r51                           #
#                            C:\worktop\galaxy_Thailand_9811b_62056_meter\sour #
#                            ce\Debug\Obj\System.r51                           #
#                            C:\worktop\galaxy_Thailand_9811b_62056_meter\sour #
#                            ce\Debug\Obj\TRx.r51                              #
#                            C:\worktop\galaxy_Thailand_9811b_62056_meter\sour #
#                            ce\Debug\Obj\TamperProc.r51                       #
#                            C:\worktop\galaxy_Thailand_9811b_62056_meter\sour #
#                            ce\Debug\Obj\Timeproc.r51                         #
#                            C:\worktop\galaxy_Thailand_9811b_62056_meter\sour #
#                            ce\Debug\Obj\Timer0Capture.r51                    #
#                            C:\worktop\galaxy_Thailand_9811b_62056_meter\sour #
#                            ce\Debug\Obj\Uart2.r51                            #
#                            C:\worktop\galaxy_Thailand_9811b_62056_meter\sour #
#                            ce\Debug\Obj\Uart4.r51                            #
#                            C:\worktop\galaxy_Thailand_9811b_62056_meter\sour #
#                            ce\Debug\Obj\Version.r51                          #
#                            C:\worktop\galaxy_Thailand_9811b_62056_meter\sour #
#                            ce\Debug\Obj\adcfun.r51                           #
#                            C:\worktop\galaxy_Thailand_9811b_62056_meter\sour #
#                            ce\Debug\Obj\bit_edge.r51                         #
#                            C:\worktop\galaxy_Thailand_9811b_62056_meter\sour #
#                            ce\Debug\Obj\cstartup.r51                         #
#                            C:\worktop\galaxy_Thailand_9811b_62056_meter\sour #
#                            ce\Debug\Obj\dfinit.r51                           #
#                            C:\worktop\galaxy_Thailand_9811b_62056_meter\sour #
#                            ce\Debug\Obj\disp_format_lcd10329.r51             #
#                            C:\worktop\galaxy_Thailand_9811b_62056_meter\sour #
#                            ce\Debug\Obj\eeprom.r51                           #
#                            C:\worktop\galaxy_Thailand_9811b_62056_meter\sour #
#                            ce\Debug\Obj\globlvar.r51                         #
#                            C:\worktop\galaxy_Thailand_9811b_62056_meter\sour #
#                            ce\Debug\Obj\iar_banked_code_support.r51          #
#                            C:\worktop\galaxy_Thailand_9811b_62056_meter\sour #
#                            ce\Debug\Obj\indata_oper.r51                      #
#                            C:\worktop\galaxy_Thailand_9811b_62056_meter\sour #
#                            ce\Debug\Obj\main.r51                             #
#                            C:\worktop\galaxy_Thailand_9811b_62056_meter\sour #
#                            ce\Debug\Obj\mainapp.r51                          #
#                            C:\worktop\galaxy_Thailand_9811b_62056_meter\sour #
#                            ce\Debug\Obj\mainint_protect.r51                  #
#                            C:\worktop\galaxy_Thailand_9811b_62056_meter\sour #
#                            ce\Debug\Obj\public.r51                           #
#                            C:\worktop\galaxy_Thailand_9811b_62056_meter\sour #
#                            ce\Debug\Obj\pwroffidsp.r51                       #
#                            C:\worktop\galaxy_Thailand_9811b_62056_meter\sour #
#                            ce\Debug\Obj\pxv9811b.r51                         #
#                            C:\worktop\galaxy_Thailand_9811b_62056_meter\sour #
#                            ce\Debug\Obj\safedate.r51                         #
#                            C:\worktop\galaxy_Thailand_9811b_62056_meter\sour #
#                            ce\Debug\Obj\streamio.r51                         #
#                            C:\worktop\galaxy_Thailand_9811b_62056_meter\sour #
#                            ce\Debug\Obj\uartiobase.r51                       #
#                            C:\worktop\galaxy_Thailand_9811b_62056_meter\sour #
#                            ce\Debug\Obj\workaround.r51                       #
#                            -o                                                #
#                            C:\worktop\galaxy_Thailand_9811b_62056_meter\sour #
#                            ce\Debug\Exe\D143R-9821S.d51                      #
#                            -l                                                #
#                            C:\worktop\galaxy_Thailand_9811b_62056_meter\sour #
#                            ce\Debug\List\D143R-9821S.map                     #
#                            -xms                                              #
#                            "-IC:\Program Files (x86)\IAR Systems\Embedded Wo #
#                            rkbench 6.5_2\8051\LIB\"                          #
#                            -f                                                #
#                            C:\worktop\galaxy_Thailand_9811b_62056_meter\sour #
#                            ce\lnk51ew.xcl                                    #
#                            (-D_IDATA_END=0xFF -D_PDATA_START=0x0F01          #
#                            -D_PDATA_END=0x1FFF -D_IXDATA_START=1             #
#                            -D_IXDATA_END=0x1FFF -D_XDATA_START=0x000001      #
#                            -D_XDATA_END=0x01fff -D_CODE_START=0x000000       #
#                            -D_CODE_END=0x7FFF -D_NEAR_CODE_END=0x7FFF        #
#                            -D_FAR_DATA_NR_OF_BANKS=0x0E                      #
#                            -D_FAR_DATA_START=0x010001                        #
#                            -D_FAR_DATA_END=0xFFFFFF                          #
#                            -D_FAR_CODE_START=_CODE_START                     #
#                            -D_FAR_CODE_END=_CODE_END -D?REGISTER_BANK=0      #
#                            -D_REGISTER_BANK_START=0 -D_BREG_START=0x00       #
#                            -D?VB=0x20 -D_FIRST_BANK_ADDR=0                   #
#                            -P(CODE)BANKED_CODE_EXT2_C=[0x0F0000-0x0FFFFF]    #
#                            -P(CODE)BANKED_CODE_EXT2_N=[0x0F0000-0x0FFFFF]    #
#                            -KBANKED_EXT2=10000,15                            #
#                            -Z(CODE)BANKED_EXT2#FFF0-FFFF                     #
#                            -P(CODE)BANKED_CODE_INTERRUPTS_EXT2=[0x00E0100-0x #
#                            00EFFFF]                                          #
#                            -P(CODE)INTVEC_EXT2=[0x0E0000-0x0EFFFF]           #
#                            -Z(BIT)BREG=_BREG_START -Z(BIT)BIT_N=0-7F         #
#                            -Z(DATA)REGISTERS+8=_REGISTER_BANK_START          #
#                            -Z(DATA)BDATA_Z,BDATA_N,BDATA_I=20-2F             #
#                            -Z(DATA)VREG+_NR_OF_VIRTUAL_REGISTERS=08-7F       #
#                            -Z(DATA)PSP,XSP=08-7F -Z(DATA)DOVERLAY=08-7F      #
#                            -Z(DATA)DATA_I,DATA_Z,DATA_N=08-7F                #
#                            -U(IDATA)0-7F=(DATA)0-7F                          #
#                            -Z(IDATA)IDATA_I,IDATA_Z,IDATA_N=08-_IDATA_END    #
#                            -Z(IDATA)ISTACK+_IDATA_STACK_SIZE#08-_IDATA_END   #
#                            -Z(IDATA)IOVERLAY=08-FF -Z(CODE)INTVEC=0          #
#                            -Z(CODE)CSTART=_CODE_START-_CODE_END              #
#                            -D_BANK0_START=0x8000 -D_BANK0_END=0xFFFF         #
#                            -D_BANK1_START=0x18000 -D_BANK1_END=0x1FFFF       #
#                            -D_BANK2_START=0x28000 -D_BANK2_END=0x2FFFF       #
#                            -P(CODE)BANK0=_BANK0_START-_BANK0_END             #
#                            -P(CODE)BANK1=_BANK1_START-_BANK1_END             #
#                            -P(CODE)BANK2=_BANK2_START-_BANK2_END             #
#                            -Z(CODE)BIT_ID,BDATA_ID,DATA_ID,IDATA_ID,IXDATA_I #
#                            D,PDATA_ID,XDATA_ID=_CODE_START-_CODE_END         #
#                            -Z(CODE)HUGE_ID=_FAR_CODE_START-_FAR_CODE_END     #
#                            -Z(CODE)BANK_RELAYS,RCODE,DIFUNCT,CODE_C,CODE_N,N #
#                            EAR_CODE=_CODE_START-_CODE_END                    #
#                            -P(CODE)BANKED_CODE=_CODE_START-_CODE_END,[(_CODE #
#                            BANK_START+_FIRST_BANK_ADDR)-(_CODEBANK_END+_FIRS #
#                            T_BANK_ADDR)]*_NR_OF_BANKS+10000                  #
#                            -P(CODE)FAR_CODE_C,FAR_CODE_N,FAR_CODE=[_FAR_CODE #
#                            _START-_FAR_CODE_END]/10000                       #
#                            -P(CODE)HUGE_CODE_C=_FAR_CODE_START-_FAR_CODE_END #
#                            -Z(CODE)CHECKSUM#_CODE_END                        #
#                            -Z(XDATA)EXT_STACK+_EXTENDED_STACK_SIZE=_EXTENDED #
#                            _STACK_START                                      #
#                            -Z(XDATA)PSTACK+_PDATA_STACK_SIZE=_PDATA_START-_P #
#                            DATA_END                                          #
#                            -Z(XDATA)XSTACK+_XDATA_STACK_SIZE=_XDATA_START-_X #
#                            DATA_END                                          #
#                            -Z(XDATA)PDATA_Z,PDATA_I=_PDATA_START-_PDATA_END  #
#                            -P(XDATA)PDATA_N=_PDATA_START-_PDATA_END          #
#                            -Z(XDATA)IXDATA_Z,IXDATA_I=_IXDATA_START-_IXDATA_ #
#                            END                                               #
#                            -P(XDATA)IXDATA_N=_IXDATA_START-_IXDATA_END       #
#                            -Z(XDATA)XDATA_Z,XDATA_I=_XDATA_START-_XDATA_END  #
#                            -P(XDATA)XDATA_N=_XDATA_START-_XDATA_END          #
#                            -Z(XDATA)XDATA_HEAP+_XDATA_HEAP_SIZE=_XDATA_START #
#                            -_XDATA_END                                       #
#                            -Z(CONST)XDATA_ROM_C=_XDATA_START-_XDATA_END      #
#                            -Z(XDATA)FAR_Z=[_FAR_DATA_START-_FAR_DATA_END]/10 #
#                            000                                               #
#                            -Z(XDATA)FAR_I=[_FAR_DATA_START-_FAR_DATA_END]/10 #
#                            000                                               #
#                            -Z(CODE)FAR_ID=[_FAR_CODE_START-_FAR_CODE_END]/10 #
#                            000                                               #
#                            -Z(XDATA)FAR_HEAP+_FAR_HEAP_SIZE=[_FAR_DATA_START #
#                            -_FAR_DATA_END]/10000                             #
#                            -P(XDATA)FAR_N=[_FAR_DATA_START-_FAR_DATA_END]*_F #
#                            AR_DATA_NR_OF_BANKS+10000                         #
#                            -P(CONST)FAR_ROM_C=[_FAR_DATA_START-_FAR_DATA_END #
#                            ]*_FAR_DATA_NR_OF_BANKS+10000                     #
#                            -Z(XDATA)HUGE_Z,HUGE_I=_FAR_DATA_START-_FAR_DATA_ #
#                            END                                               #
#                            -P(XDATA)HUGE_N=_FAR_DATA_START-_FAR_DATA_END     #
#                            -Z(XDATA)HUGE_HEAP+_HUGE_HEAP_SIZE=_FAR_DATA_STAR #
#                            T-_FAR_DATA_END                                   #
#                            -Z(CONST)HUGE_ROM_C=_FAR_DATA_START-_FAR_DATA_END #
#                            -cx51) -D_NR_OF_VIRTUAL_REGISTERS=8               #
#                            -D?PBANK=0xA0 -e?BCALL_03=?BCALL                  #
#                            -e?BRET_03=?BRET -e?BDISPATCH_03=?BDISPATCH       #
#                            -e_large_write=_formatted_write                   #
#                            -e_large_read=_formatted_read -r                  #
#                            -Ointel-extended=C:\worktop\galaxy_Thailand_9811b #
#                            _62056_meter\source\Debug\Exe\D143F9821S.xx.20xxx #
#                            xxx.hex                                           #
#                            -s __program_start                                #
#                            "C:\Program Files (x86)\IAR Systems\Embedded Work #
#                            bench 6.5_2\8051\LIB\CLIB\cl-pli-blxc-1e16x01.r51 #
#                            "                                                 #
#                            -D_IDATA_STACK_SIZE=0x70 -D?ESP=0 -D?ESP_MASK=0   #
#                            -D_EXTENDED_STACK_START=0                         #
#                            -D_EXTENDED_STACK_SIZE=0                          #
#                            -D_PDATA_STACK_SIZE=0x90                          #
#                            -D_XDATA_STACK_SIZE=0x350                         #
#                            -D_XDATA_HEAP_SIZE=0xFF -D_FAR_HEAP_SIZE=0x1FFF   #
#                            -D_HUGE_HEAP_SIZE=0x1FFF                          #
#                            -D_FAR22_HEAP_SIZE=0x1FFF                         #
#                                                                              #
#                           Copyright (C) 1987-2013 IAR Systems AB.            #
################################################################################





                ****************************************
                *                                      *
                *           CROSS REFERENCE            *
                *                                      *
                ****************************************

       Program entry at : CODE      00000600  Relocatable, from module : CSTARTUP




                ****************************************
                *                                      *
                *            RUNTIME MODEL             *
                *                                      *
                ****************************************

  __SystemLibrary          = CLib
  __calling_convention     = xdata_reentrant
  __code_model             = banked
  __core                   = plain
  __data_model             = large
  __dptr_size              = 16
  __extended_stack         = disabled
  __location_for_constants = code
  __number_of_dptrs        = 1
  __rt_version             = 1

                ****************************************
                *                                      *
                *    AUTOMATIC SYMBOL REDIRECTIONS     *
                *                                      *
                ****************************************

                  There are no automatic symbol redirections.



                ****************************************
                *                                      *
                *              MODULE MAP              *
                *                                      *
                ****************************************


  DEFINED ABSOLUTE ENTRIES
    *************************************************************************

  DEFINED ABSOLUTE ENTRIES
  PROGRAM MODULE, NAME : ?ABS_ENTRY_MOD

Absolute parts
           ENTRY                   ADDRESS         REF BY
           =====                   =======         ======
           _FAR22_HEAP_SIZE        00001FFF 
           _HUGE_HEAP_SIZE         00001FFF 
           _FAR_HEAP_SIZE          00001FFF 
           _XDATA_HEAP_SIZE        000000FF 
           _XDATA_STACK_SIZE       00000350 
           _PDATA_STACK_SIZE       00000090 
           _EXTENDED_STACK_SIZE    00000000 
           _EXTENDED_STACK_START   00000000 
           ?ESP_MASK               00000000 
           ?ESP                    00000000 
           _IDATA_STACK_SIZE       00000070 
           ?PBANK                  000000A0 
           _NR_OF_VIRTUAL_REGISTERS
                                   00000008 
           _BANK2_END              0002FFFF 
           _BANK2_START            00028000 
           _BANK1_END              0001FFFF 
           _BANK1_START            00018000 
           _BANK0_END              0000FFFF 
           _BANK0_START            00008000 
           _FIRST_BANK_ADDR        00000000 
           ?VB                     00000020        ?BANKED_ENTER_XDATA (?BANKED_ENTER_XDATA)
                                                   ?BANKED_LEAVE_XDATA (?BANKED_LEAVE_XDATA)
                                                   ?FUNC_ENTER_XDATA (?FUNC_ENTER_XDATA)
                                                   ?FUNC_LEAVE_XDATA (?FUNC_LEAVE_XDATA)
           _BREG_START             00000000 
           _REGISTER_BANK_START    00000000 
           ?REGISTER_BANK          00000000        Segment part 6 (CSTARTUP)
           _FAR_CODE_END           00007FFF 
           _FAR_CODE_START         00000000 
           _FAR_DATA_END           00FFFFFF 
           _FAR_DATA_START         00010001 
           _FAR_DATA_NR_OF_BANKS   0000000E 
           _NEAR_CODE_END          00007FFF 
           _CODE_END               00007FFF 
           _CODE_START             00000000 
           _XDATA_END              00001FFF 
           _XDATA_START            00000001 
           _IXDATA_END             00001FFF 
           _IXDATA_START           00000001 
           _PDATA_END              00001FFF 
           _PDATA_START            00000F01 
           _IDATA_END              000000FF 
           ?CBANK                  000000A0        ?RESET_CODE_BANK (CSTARTUP)
                                                   Segment part 0 (?BANKED_CODE_SUPPORT)
           ?CBANK_MASK             00000003 
           _CODEBANK_START         00008000 
           _CODEBANK_END           0000FFFF 
           _NR_OF_BANKS            00000003 
    *************************************************************************

  FILE NAME : C:\worktop\galaxy_Thailand_9811b_62056_meter\source\Debug\Obj\Api.r51
  PROGRAM MODULE, NAME : Api

  SEGMENTS IN THE MODULE
  ======================
CODE_AC
  Relative segment, address: CODE 00000300 - 00000399 (0x9a bytes), align: 0
  Segment part 1. ROOT.       Intra module refs:   APIByteBCD2HEX
           ENTRY                   ADDRESS         REF BY
           =====                   =======         ======
           gCuc_BCD2HEXMap         00000300 
    -------------------------------------------------------------------------
CODE_AC
  Relative segment, address: CODE 0000039C - 000003FF (0x64 bytes), align: 0
  Segment part 2. ROOT.       Intra module refs:   APIByteHEX2BCD
           ENTRY                   ADDRESS         REF BY
           =====                   =======         ======
           gCuc_HEX2BCDMap         0000039C 
    -------------------------------------------------------------------------
<BANKED_CODE> 2 (was BANKED_CODE)
  Relative segment, address: CODE 0000E57E - 0000E5AB (0x2e bytes), align: 0
  Segment part 12.            Intra module refs:   DelayXms::?relay
           ENTRY                   ADDRESS         REF BY
           =====                   =======         ======
           DelayXms                0000E57E 
               is not allocated
               not allocated function
    -------------------------------------------------------------------------
<BANKED_CODE> 2 (was BANKED_CODE)
  Relative segment, address: CODE 0000E5AC - 0000E672 (0xc7 bytes), align: 0
  Segment part 30.            Intra module refs:   IntHex2BCD::?relay
           ENTRY                   ADDRESS         REF BY
           =====                   =======         ======
           IntHex2BCD              0000E5AC 
               calls direct, is not allocated
               not allocated function
    -------------------------------------------------------------------------
<BANKED_CODE> 2 (was BANKED_CODE)
  Relative segment, address: CODE 0000E673 - 0000E79C (0x12a bytes), align: 0
  Segment part 32.            Intra module refs:   Hex2BCD::?relay
           ENTRY                   ADDRESS         REF BY
           =====                   =======         ======
           Hex2BCD                 0000E673 
               calls direct, is not allocated
               not allocated function
    -------------------------------------------------------------------------
<BANKED_CODE> 2 (was BANKED_CODE)
  Relative segment, address: CODE 0000E79D - 0000E83C (0xa0 bytes), align: 0
  Segment part 34.            Intra module refs:   BCD2Hex::?relay
           ENTRY                   ADDRESS         REF BY
           =====                   =======         ======
           BCD2Hex                 0000E79D 
               calls direct, is not allocated
               not allocated function
    -------------------------------------------------------------------------
<BANKED_CODE> 2 (was BANKED_CODE)
  Relative segment, address: CODE 0000E83D - 0000E859 (0x1d bytes), align: 0
  Segment part 38.            Intra module refs:   APIByteBCD2HEX::?relay
           ENTRY                   ADDRESS         REF BY
           =====                   =======         ======
           APIByteBCD2HEX          0000E83D 
               is not allocated
               not allocated function
    -------------------------------------------------------------------------
<BANKED_CODE> 2 (was BANKED_CODE)
  Relative segment, address: CODE 0000E85A - 0000E87A (0x21 bytes), align: 0
  Segment part 40.            Intra module refs:   APIByteHEX2BCD::?relay
           ENTRY                   ADDRESS         REF BY
           =====                   =======         ======
           APIByteHEX2BCD          0000E85A 
               is not allocated
               not allocated function
    -------------------------------------------------------------------------
CODE_AC
  Relative segment, address: CODE 00000100 - 000002FF (0x200 bytes), align: 0
  Segment part 3. ROOT.       Intra module refs:   do_CRC
           ENTRY                   ADDRESS         REF BY
           =====                   =======         ======
           CrcTab                  00000100 
    -------------------------------------------------------------------------
<BANKED_CODE> 2 (was BANKED_CODE)
  Relative segment, address: CODE 0000E87B - 0000E8C2 (0x48 bytes), align: 0
  Segment part 50.            Intra module refs:   do_CRC::?relay
           ENTRY                   ADDRESS         REF BY
           =====                   =======         ======
           do_CRC                  0000E87B 
               is not allocated
               not allocated function
    -------------------------------------------------------------------------
<BANKED_CODE> 2 (was BANKED_CODE)
  Relative segment, address: CODE 0000E8C3 - 0000E8FC (0x3a bytes), align: 0
  Segment part 52.            Intra module refs:   JudgeIsNum::?relay
           ENTRY                   ADDRESS         REF BY
           =====                   =======         ======
           JudgeIsNum              0000E8C3 
               calls direct, is not allocated
               not allocated function
    -------------------------------------------------------------------------
<BANKED_CODE> 2 (was BANKED_CODE)
  Relative segment, address: CODE 0000E8FD - 0000E91D (0x21 bytes), align: 0
  Segment part 64.            Intra module refs:   MemSet::?relay
           ENTRY                   ADDRESS         REF BY
           =====                   =======         ======
           MemSet                  0000E8FD 
               ISTACK = 00000000 ( 00000003 )
    -------------------------------------------------------------------------
CODE_C
  Relative segment, address: CODE 00001AA8 - 00001AAB (0x4 bytes), align: 0
  Segment part 9.             Intra module refs:   Hex2BCD
           ENTRY                   ADDRESS         REF BY
           =====                   =======         ======
           __Constant_fa0a1f00     00001AA8 
    -------------------------------------------------------------------------
CODE_C
  Relative segment, address: CODE 00001AAC - 00001AAF (0x4 bytes), align: 0
  Segment part 10.            Intra module refs:   Hex2BCD
           ENTRY                   ADDRESS         REF BY
           =====                   =======         ======
           __Constant_5f5e100      00001AAC 
    -------------------------------------------------------------------------
CODE_C
  Relative segment, address: CODE 00001AB0 - 00001AB3 (0x4 bytes), align: 0
  Segment part 11.            Intra module refs:   Adc_DataGet (adcfun)
                                                   BCD2Hex
                                                   BCD_Hex (public)
                                                   Hex_BCD (public)
                                                   RTC_Format_io (mainapp)
           ENTRY                   ADDRESS         REF BY
           =====                   =======         ======
           __Constant_64           00001AB0 
    -------------------------------------------------------------------------
BANK_RELAYS
  Relative segment, address: CODE 000006A3 - 000006A8 (0x6 bytes), align: 0
  Segment part 13.
           ENTRY                   ADDRESS         REF BY
           =====                   =======         ======
           DelayXms::?relay        000006A3        LCD_Off (LcdBottom)
                                                   Pwr_WakeupProc_adc2allTurno (Powmanger)
    -------------------------------------------------------------------------
BANK_RELAYS
  Relative segment, address: CODE 000006A9 - 000006AE (0x6 bytes), align: 0
  Segment part 31.            Intra module refs:   Hex2BCD
           ENTRY                   ADDRESS         REF BY
           =====                   =======         ======
           IntHex2BCD::?relay      000006A9 
    -------------------------------------------------------------------------
BANK_RELAYS
  Relative segment, address: CODE 000006AF - 000006B4 (0x6 bytes), align: 0
  Segment part 33.
           ENTRY                   ADDRESS         REF BY
           =====                   =======         ======
           Hex2BCD::?relay         000006AF        CalRMS (EnergyBottom)
    -------------------------------------------------------------------------
BANK_RELAYS
  Relative segment, address: CODE 000006B5 - 000006BA (0x6 bytes), align: 0
  Segment part 35.
           ENTRY                   ADDRESS         REF BY
           =====                   =======         ======
           BCD2Hex::?relay         000006B5        DoSinglePhase (mainapp)
                                                   SleepLcdRefresh (InOut)
    -------------------------------------------------------------------------
BANK_RELAYS
  Relative segment, address: CODE 000006BB - 000006C0 (0x6 bytes), align: 0
  Segment part 39.            Intra module refs:   BCD2Hex
                                                   JudgeIsNum
           ENTRY                   ADDRESS         REF BY
           =====                   =======         ======
           APIByteBCD2HEX::?relay
                                   000006BB 
    -------------------------------------------------------------------------
BANK_RELAYS
  Relative segment, address: CODE 000006C1 - 000006C6 (0x6 bytes), align: 0
  Segment part 41.            Intra module refs:   IntHex2BCD
           ENTRY                   ADDRESS         REF BY
           =====                   =======         ======
           APIByteHEX2BCD::?relay
                                   000006C1 
    -------------------------------------------------------------------------
BANK_RELAYS
  Relative segment, address: CODE 000006C7 - 000006CC (0x6 bytes), align: 0
  Segment part 51.
           ENTRY                   ADDRESS         REF BY
           =====                   =======         ======
           do_CRC::?relay          000006C7        ClockBAK_RAM (Timeproc)
                                                   ClockCheck (Timeproc)
                                                   SoftClockCheck (Timeproc)
    -------------------------------------------------------------------------
BANK_RELAYS
  Relative segment, address: CODE 000006CD - 000006D2 (0x6 bytes), align: 0
  Segment part 53.
           ENTRY                   ADDRESS         REF BY
           =====                   =======         ======
           JudgeIsNum::?relay      000006CD        RTCCheck (Timeproc)
    -------------------------------------------------------------------------
BANK_RELAYS
  Relative segment, address: CODE 000006D3 - 000006D8 (0x6 bytes), align: 0
  Segment part 65.
           ENTRY                   ADDRESS         REF BY
           =====                   =======         ======
           MemSet::?relay          000006D3        Disp_Clear (LcdBottom)
                                                   Disp_Full (LcdBottom)
                                                   ResetMinuteDemand (Demand)

    *************************************************************************

  FILE NAME : C:\worktop\galaxy_Thailand_9811b_62056_meter\source\Debug\Obj\ComApplication.r51
    *************************************************************************

  FILE NAME : C:\worktop\galaxy_Thailand_9811b_62056_meter\source\Debug\Obj\ComBottom.r51
  PROGRAM MODULE, NAME : ComBottom

  SEGMENTS IN THE MODULE
  ======================
XDATA_Z
  Relative segment, address: XDATA 00000351 - 00000351 (0x1 bytes), align: 0
  Segment part 6.
           ENTRY                   ADDRESS         REF BY
           =====                   =======         ======
           guc_BodeDely            00000351        Var_Init (main)
    -------------------------------------------------------------------------
XDATA_Z
  Relative segment, address: XDATA 00000352 - 00000352 (0x1 bytes), align: 0
  Segment part 7.
           ENTRY                   ADDRESS         REF BY
           =====                   =======         ======
           guc_ComSendDy           00000352        Var_Init (main)

    *************************************************************************

  FILE NAME : C:\worktop\galaxy_Thailand_9811b_62056_meter\source\Debug\Obj\Dataproc.r51
  PROGRAM MODULE, NAME : Dataproc

  SEGMENTS IN THE MODULE
  ======================
SFR_AN
  Relative segment, address: DATA 000000CE - 000000CE (0x1 bytes), align: 0
  Segment part 1. ROOT.       Intra module refs:   Data_SecProc
                                                   EnyB_SetMeterRule (EnergyBottom)
                                                   Get_LVDVolt (mainapp)
                                                   Init_MCU (InOut)
                                                   Mea_Consumption_Dly (main)
                                                   Mea_Init (EnergyBottom)
                                                   Pwr_ChkProc (Powmanger)
                                                   Pwr_SlpReset (Powmanger)
                                                   Pwr_WakeupProc_adc2allTurno (Powmanger)
                                                   SwitchMode (TamperProc)
                                                   TIMER_ISR (mainapp)
                                                   Uart2_Transmit (Uart2)
                                                   Uart4_Transmit (Uart4)
                                                   main (mainapp)
           ENTRY                   ADDRESS         REF BY
           =====                   =======         ======
           WDTEN                   000000CE 
    -------------------------------------------------------------------------
SFR_AN
  Relative segment, address: DATA 000000CF - 000000CF (0x1 bytes), align: 0
  Segment part 2. ROOT.       Intra module refs:   Data_SecProc
                                                   EnyB_SetMeterRule (EnergyBottom)
                                                   Get_LVDVolt (mainapp)
                                                   Init_MCU (InOut)
                                                   Mea_Consumption_Dly (main)
                                                   Mea_Init (EnergyBottom)
                                                   Pwr_ChkProc (Powmanger)
                                                   Pwr_SlpReset (Powmanger)
                                                   Pwr_WakeupProc_adc2allTurno (Powmanger)
                                                   SwitchMode (TamperProc)
                                                   TIMER_ISR (mainapp)
                                                   Uart2_Transmit (Uart2)
                                                   Uart4_Transmit (Uart4)
                                                   main (mainapp)
           ENTRY                   ADDRESS         REF BY
           =====                   =======         ======
           WDTCLR                  000000CF 
    -------------------------------------------------------------------------
XDATA_Z
  Relative segment, address: XDATA 00000353 - 00000353 (0x1 bytes), align: 0
  Segment part 8.
           ENTRY                   ADDRESS         REF BY
           =====                   =======         ======
           gs_SysRunSt             00000353        CalRMS (EnergyBottom)
                                                   Var_Init (main)
    -------------------------------------------------------------------------
XDATA_Z
  Relative segment, address: XDATA 00000354 - 00000355 (0x2 bytes), align: 0
  Segment part 9.
           ENTRY                   ADDRESS         REF BY
           =====                   =======         ======
           gut_SysWarn             00000354        Var_Init (main)
    -------------------------------------------------------------------------
<BANKED_CODE> 2 (was BANKED_CODE)
  Relative segment, address: CODE 0000F60A - 0000F60C (0x3 bytes), align: 0
  Segment part 23.            Intra module refs:   Data_RecPara::?relay
           ENTRY                   ADDRESS         REF BY
           =====                   =======         ======
           Data_RecPara            0000F60A 
               is not allocated
               not allocated function
    -------------------------------------------------------------------------
<BANKED_CODE> 2 (was BANKED_CODE)
  Relative segment, address: CODE 0000F60D - 0000F68E (0x82 bytes), align: 0
  Segment part 37.            Intra module refs:   Data_SecProc::?relay
           ENTRY                   ADDRESS         REF BY
           =====                   =======         ======
           Data_SecProc            0000F60D 
               calls direct, is not allocated
               not allocated function
    -------------------------------------------------------------------------
<BANKED_CODE> 2 (was BANKED_CODE)
  Relative segment, address: CODE 0000F68F - 0000F691 (0x3 bytes), align: 0
  Segment part 59.            Intra module refs:   RecoverEnergyData::?relay
           ENTRY                   ADDRESS         REF BY
           =====                   =======         ======
           RecoverEnergyData       0000F68F 
               is not allocated
               not allocated function
    -------------------------------------------------------------------------
BANK_RELAYS
  Relative segment, address: CODE 000006D9 - 000006DE (0x6 bytes), align: 0
  Segment part 24.
           ENTRY                   ADDRESS         REF BY
           =====                   =======         ======
           Data_RecPara::?relay    000006D9        main (mainapp)
    -------------------------------------------------------------------------
BANK_RELAYS
  Relative segment, address: CODE 000006DF - 000006E4 (0x6 bytes), align: 0
  Segment part 38.
           ENTRY                   ADDRESS         REF BY
           =====                   =======         ======
           Data_SecProc::?relay    000006DF        main (mainapp)
    -------------------------------------------------------------------------
BANK_RELAYS
  Relative segment, address: CODE 000006E5 - 000006EA (0x6 bytes), align: 0
  Segment part 60.
           ENTRY                   ADDRESS         REF BY
           =====                   =======         ======
           RecoverEnergyData::?relay
                                   000006E5        Pwr_SlpReset (Powmanger)

    *************************************************************************

  FILE NAME : C:\worktop\galaxy_Thailand_9811b_62056_meter\source\Debug\Obj\Demand.r51
  PROGRAM MODULE, NAME : Demand

  SEGMENTS IN THE MODULE
  ======================
XDATA_Z
  Relative segment, address: XDATA 00000356 - 0000035F (0xa bytes), align: 0
  Segment part 6.             Intra module refs:   Demand_250ms
                                                   ResetMinuteDemand
           ENTRY                   ADDRESS         REF BY
           =====                   =======         ======
           gs_DemanCalcData        00000356 
    -------------------------------------------------------------------------
XDATA_Z
  Relative segment, address: XDATA 00000360 - 00000360 (0x1 bytes), align: 0
  Segment part 7.             Intra module refs:   Demand_Init
           ENTRY                   ADDRESS         REF BY
           =====                   =======         ======
           guc_DeamandTimer        00000360 
    -------------------------------------------------------------------------
XDATA_Z
  Relative segment, address: XDATA 00000361 - 00000364 (0x4 bytes), align: 0
  Segment part 8.             Intra module refs:   Demand_Init
           ENTRY                   ADDRESS         REF BY
           =====                   =======         ======
           gl_DemandValue          00000361 
    -------------------------------------------------------------------------
XDATA_Z
  Relative segment, address: XDATA 00000365 - 00000368 (0x4 bytes), align: 0
  Segment part 9.             Intra module refs:   Demand_Init
           ENTRY                   ADDRESS         REF BY
           =====                   =======         ======
           gul_Power               00000365 
    -------------------------------------------------------------------------
XDATA_Z
  Relative segment, address: XDATA 00000369 - 0000036C (0x4 bytes), align: 0
  Segment part 10.            Intra module refs:   Demand_Init
           ENTRY                   ADDRESS         REF BY
           =====                   =======         ======
           gl_XPm                  00000369 
    -------------------------------------------------------------------------
XDATA_Z
  Relative segment, address: XDATA 0000036D - 0000036D (0x1 bytes), align: 0
  Segment part 12.            Intra module refs:   Demand_Init
           ENTRY                   ADDRESS         REF BY
           =====                   =======         ======
           guc_DmdCnt              0000036D 
    -------------------------------------------------------------------------
XDATA_Z
  Relative segment, address: XDATA 0000036E - 0000036E (0x1 bytes), align: 0
  Segment part 13.            Intra module refs:   ResetMinuteDemand
           ENTRY                   ADDRESS         REF BY
           =====                   =======         ======
           guc_DmdFrscnt           0000036E 
    -------------------------------------------------------------------------
XDATA_Z
  Relative segment, address: XDATA 0000036F - 0000036F (0x1 bytes), align: 0
  Segment part 14.            Intra module refs:   Demand_Init
           ENTRY                   ADDRESS         REF BY
           =====                   =======         ======
           guc_Dmd250msCnt         0000036F        Timer2Interrupt (System)
    -------------------------------------------------------------------------
<BANKED_CODE> 2 (was BANKED_CODE)
  Relative segment, address: CODE 0000F40E - 0000F446 (0x39 bytes), align: 0
  Segment part 20.            Intra module refs:   Demand_Init::?relay
           ENTRY                   ADDRESS         REF BY
           =====                   =======         ======
           Demand_Init             0000F40E 
               calls direct, is not allocated
               not allocated function
    -------------------------------------------------------------------------
<BANKED_CODE> 2 (was BANKED_CODE)
  Relative segment, address: CODE 0000F447 - 0000F461 (0x1b bytes), align: 0
  Segment part 24.            Intra module refs:   Demand_250ms::?relay
           ENTRY                   ADDRESS         REF BY
           =====                   =======         ======
           Demand_250ms            0000F447 
               ISTACK = 00000000 ( 00000002 )
    -------------------------------------------------------------------------
<BANKED_CODE> 2 (was BANKED_CODE)
  Relative segment, address: CODE 0000F462 - 0000F4BC (0x5b bytes), align: 0
  Segment part 26.            Intra module refs:   ResetMinuteDemand::?relay
           ENTRY                   ADDRESS         REF BY
           =====                   =======         ======
           ResetMinuteDemand       0000F462 
               calls direct, is not allocated
               not allocated function
    -------------------------------------------------------------------------
CODE_C
  Relative segment, address: CODE 00001AB4 - 00001AB7 (0x4 bytes), align: 0
  Segment part 17.            Intra module refs:   BCD_Hex (public)
                                                   ClrRcdTime (public)
                                                   EnyB_Open_Cf (EnergyBottom)
                                                   GetFeilv (Meter)
                                                   GetFrozeLst (Meter)
                                                   GetNearOfftime (Drv_RTCSPK)
                                                   Hex_BCD (public)
                                                   InitPMDSP (EnergyBottom)
                                                   MeterADClose (TamperProc)
                                                   Pwr_SlpReset (Powmanger)
                                                   Pwr_WakeupProc_adc2allTurno (Powmanger)
                                                   RTC_Format_io (mainapp)
                                                   RxPublicWriteTime (TRx)
                                                   Tamp_Sleep (TamperProc)
                                                   labs (?labs)
           ENTRY                   ADDRESS         REF BY
           =====                   =======         ======
           __Constant_0            00001AB4 
    -------------------------------------------------------------------------
CODE_C
  Relative segment, address: CODE 00001AB8 - 00001ABB (0x4 bytes), align: 0
  Segment part 19.            Intra module refs:   Adc_DataGet (adcfun)
                                                   calu_5 (mainapp)
                                                   vol_Get (adcfun)
           ENTRY                   ADDRESS         REF BY
           =====                   =======         ======
           __Constant_a            00001AB8 
    -------------------------------------------------------------------------
BANK_RELAYS
  Relative segment, address: CODE 000006EB - 000006F0 (0x6 bytes), align: 0
  Segment part 21.
           ENTRY                   ADDRESS         REF BY
           =====                   =======         ======
           Demand_Init::?relay     000006EB        App_Init (main)
    -------------------------------------------------------------------------
BANK_RELAYS
  Relative segment, address: CODE 000006F1 - 000006F6 (0x6 bytes), align: 0
  Segment part 25.
           ENTRY                   ADDRESS         REF BY
           =====                   =======         ======
           Demand_250ms::?relay    000006F1        Timer2Interrupt (System)
    -------------------------------------------------------------------------
BANK_RELAYS
  Relative segment, address: CODE 000006F7 - 000006FC (0x6 bytes), align: 0
  Segment part 27.            Intra module refs:   Demand_Init
           ENTRY                   ADDRESS         REF BY
           =====                   =======         ======
           ResetMinuteDemand::?relay
                                   000006F7 

    *************************************************************************

  FILE NAME : C:\worktop\galaxy_Thailand_9811b_62056_meter\source\Debug\Obj\Disp.r51
  PROGRAM MODULE, NAME : Disp

  SEGMENTS IN THE MODULE
  ======================
SFR_AN
  Relative segment, address: DATA 000000A8 - 000000A8 (0x1 bytes), align: 0
  Segment part 1. ROOT.       Intra module refs:   Chk_KeyValue (Drv_DispKey)
                                                   Do_Keys
                                                   Do_MsTask_100 (GC_Use)
                                                   GPIO_Init_OffLine (InOut)
                                                   GPIO_Init_OffLine1 (InOut)
                                                   GetFeilv (Meter)
                                                   INTERRUPT_DISABLE (pxv9811b)
                                                   INTERRUPT_ENABLE (pxv9811b)
                                                   Init_Timer0 (McuDrive)
                                                   Init_Timer1 (McuDrive)
                                                   Init_Timer2 (McuDrive)
                                                   IntOFF (McuDrive)
                                                   WBaud (TRx)
                                                   main (mainapp)
           ENTRY                   ADDRESS         REF BY
           =====                   =======         ======
           _A_IE                   000000A8 
           LOCAL                   ADDRESS         
           =====                   =======         
           IE                      000000A8 
           IE_bit                  000000A8 
    -------------------------------------------------------------------------
XDATA_AN
  Relative segment, address: XDATA 000028D5 - 000028D5 (0x1 bytes), align: 0
  Segment part 2. ROOT.       Intra module refs:   GPIO_Init_OffLine (InOut)
                                                   GPIO_Init_OffLine1 (InOut)
                                                   IO_Init (McuDrive)
                                                   MCU_OnLIne_Init (InOut)
                                                   TimerA_Capture_Reg_Init (Timer0Capture)
                                                   UpBkltLED
                                                   debug_ledshow (pxv9811b)
           ENTRY                   ADDRESS         REF BY
           =====                   =======         ======
           P7OE                    000028D5 
    -------------------------------------------------------------------------
XDATA_AN
  Relative segment, address: XDATA 000028D6 - 000028D6 (0x1 bytes), align: 0
  Segment part 3. ROOT.       Intra module refs:   GPIO_Init_OffLine (InOut)
                                                   GPIO_Init_OffLine1 (InOut)
                                                   IO_Init (McuDrive)
                                                   MCU_OnLIne_Init (InOut)
                                                   TimerA_Capture_Reg_Init (Timer0Capture)
                                                   UpBkltLED
                                                   debug_ledshow (pxv9811b)
           ENTRY                   ADDRESS         REF BY
           =====                   =======         ======
           P7IE                    000028D6 
    -------------------------------------------------------------------------
XDATA_AN
  Relative segment, address: XDATA 000028D7 - 000028D7 (0x1 bytes), align: 0
  Segment part 4. ROOT.       Intra module refs:   GPIO_Init_OffLine (InOut)
                                                   GPIO_Init_OffLine1 (InOut)
                                                   MCU_OnLIne_Init (InOut)
                                                   TimerA_Capture_Reg_Init (Timer0Capture)
                                                   UpBkltLED
                                                   debug_ledshow (pxv9811b)
           ENTRY                   ADDRESS         REF BY
           =====                   =======         ======
           P7OD                    000028D7 
    -------------------------------------------------------------------------
<BANKED_CODE> 2 (was BANKED_CODE)
  Relative segment, address: CODE 0000F569 - 0000F5CE (0x66 bytes), align: 0
  Segment part 21.            Intra module refs:   Do_Keys::?relay
           ENTRY                   ADDRESS         REF BY
           =====                   =======         ======
           Do_Keys                 0000F569 
               calls direct, is not allocated
               not allocated function
    -------------------------------------------------------------------------
<BANKED_CODE> 2 (was BANKED_CODE)
  Relative segment, address: CODE 0000F5CF - 0000F609 (0x3b bytes), align: 0
  Segment part 23.            Intra module refs:   Do_IRKeys::?relay
           ENTRY                   ADDRESS         REF BY
           =====                   =======         ======
           Do_IRKeys               0000F5CF 
               calls direct, is not allocated
               not allocated function
    -------------------------------------------------------------------------
CODE_C
  Relative segment, address: CODE 00001ABC - 00001ACC (0x11 bytes), align: 0
  Segment part 10.            Intra module refs:   SetDigitDisp
           ENTRY                   ADDRESS         REF BY
           =====                   =======         ======
           DigitBits               00001ABC 
    -------------------------------------------------------------------------
<BANK2> 1 (was BANK2)
  Relative segment, address: CODE 0002969D - 00029760 (0xc4 bytes), align: 0
  Segment part 25.            Intra module refs:   UpBkltLED::?relay
           ENTRY                   ADDRESS         REF BY
           =====                   =======         ======
           UpBkltLED               0002969D 
               is not allocated
               not allocated function
    -------------------------------------------------------------------------
<BANK2> 1 (was BANK2)
  Relative segment, address: CODE 00029761 - 000297E8 (0x88 bytes), align: 0
  Segment part 27.            Intra module refs:   ChkDispItem::?relay
           ENTRY                   ADDRESS         REF BY
           =====                   =======         ======
           ChkDispItem             00029761 
               calls direct, is not allocated
               not allocated function
    -------------------------------------------------------------------------
<BANK2> 1 (was BANK2)
  Relative segment, address: CODE 000297E9 - 00029821 (0x39 bytes), align: 0
  Segment part 29.            Intra module refs:   SetDispBit::?relay
           ENTRY                   ADDRESS         REF BY
           =====                   =======         ======
           SetDispBit              000297E9 
               is not allocated
               not allocated function
    -------------------------------------------------------------------------
<BANK2> 1 (was BANK2)
  Relative segment, address: CODE 00029822 - 0002985B (0x3a bytes), align: 0
  Segment part 31.            Intra module refs:   SetDispBit_rev::?relay
           ENTRY                   ADDRESS         REF BY
           =====                   =======         ======
           SetDispBit_rev          00029822 
               is not allocated
               not allocated function
    -------------------------------------------------------------------------
<BANK2> 1 (was BANK2)
  Relative segment, address: CODE 0002985C - 000298BB (0x60 bytes), align: 0
  Segment part 33.            Intra module refs:   SetDigitDisp::?relay
           ENTRY                   ADDRESS         REF BY
           =====                   =======         ======
           SetDigitDisp            0002985C 
               calls direct, is not allocated
               not allocated function
    -------------------------------------------------------------------------
<BANK2> 1 (was BANK2)
  Relative segment, address: CODE 000298BC - 00029948 (0x8d bytes), align: 0
  Segment part 35.            Intra module refs:   AddDispBits::?relay
           ENTRY                   ADDRESS         REF BY
           =====                   =======         ======
           AddDispBits             000298BC 
               is not allocated
               not allocated function
    -------------------------------------------------------------------------
<BANK2> 1 (was BANK2)
  Relative segment, address: CODE 00029949 - 0002996C (0x24 bytes), align: 0
  Segment part 37.            Intra module refs:   AddDispSetBits::?relay
           ENTRY                   ADDRESS         REF BY
           =====                   =======         ======
           AddDispSetBits          00029949 
               calls direct, is not allocated
               not allocated function
    -------------------------------------------------------------------------
<BANK2> 1 (was BANK2)
  Relative segment, address: CODE 0002996D - 00029992 (0x26 bytes), align: 0
  Segment part 39.            Intra module refs:   AddUseLst::?relay
           ENTRY                   ADDRESS         REF BY
           =====                   =======         ======
           AddUseLst               0002996D 
               calls direct, is not allocated
               not allocated function
    -------------------------------------------------------------------------
<BANK2> 1 (was BANK2)
  Relative segment, address: CODE 00029993 - 00029A45 (0xb3 bytes), align: 0
  Segment part 41.            Intra module refs:   SetDispBitLst::?relay
           ENTRY                   ADDRESS         REF BY
           =====                   =======         ======
           SetDispBitLst           00029993 
               calls direct, is not allocated
               not allocated function
    -------------------------------------------------------------------------
<BANK2> 1 (was BANK2)
  Relative segment, address: CODE 00029A46 - 00029E74 (0x42f bytes), align: 0
  Segment part 43.            Intra module refs:   UpDisp::?relay
           ENTRY                   ADDRESS         REF BY
           =====                   =======         ======
           UpDisp                  00029A46 
               calls direct, is not allocated
               not allocated function
    -------------------------------------------------------------------------
<BANK2> 1 (was BANK2)
  Relative segment, address: CODE 00029E75 - 00029F5B (0xe7 bytes), align: 0
  Segment part 45.            Intra module refs:   NextItem::?relay
           ENTRY                   ADDRESS         REF BY
           =====                   =======         ======
           NextItem                00029E75 
               calls direct, is not allocated
               not allocated function
    -------------------------------------------------------------------------
<BANK2> 1 (was BANK2)
  Relative segment, address: CODE 00029F5C - 00029FC3 (0x68 bytes), align: 0
  Segment part 47.            Intra module refs:   SetDispItem::?relay
           ENTRY                   ADDRESS         REF BY
           =====                   =======         ======
           SetDispItem             00029F5C 
               calls direct, is not allocated
               not allocated function
    -------------------------------------------------------------------------
<BANK2> 1 (was BANK2)
  Relative segment, address: CODE 00029FC4 - 0002A046 (0x83 bytes), align: 0
  Segment part 49.            Intra module refs:   SetpArry::?relay
           ENTRY                   ADDRESS         REF BY
           =====                   =======         ======
           SetpArry                00029FC4 
               is not allocated
               not allocated function
    -------------------------------------------------------------------------
<BANK2> 1 (was BANK2)
  Relative segment, address: CODE 0002A047 - 0002A066 (0x20 bytes), align: 0
  Segment part 51.            Intra module refs:   SetDispArry::?relay
           ENTRY                   ADDRESS         REF BY
           =====                   =======         ======
           SetDispArry             0002A047 
               calls direct, is not allocated
               not allocated function
    -------------------------------------------------------------------------
<BANK2> 1 (was BANK2)
  Relative segment, address: CODE 0002A067 - 0002A083 (0x1d bytes), align: 0
  Segment part 53.            Intra module refs:   SetDispSubItem::?relay
           ENTRY                   ADDRESS         REF BY
           =====                   =======         ======
           SetDispSubItem          0002A067 
               ISTACK = 00000000 ( 00000002 )
    -------------------------------------------------------------------------
<BANK2> 1 (was BANK2)
  Relative segment, address: CODE 0002A084 - 0002A132 (0xaf bytes), align: 0
  Segment part 55.            Intra module refs:   Do_Disp::?relay
           ENTRY                   ADDRESS         REF BY
           =====                   =======         ======
           Do_Disp                 0002A084 
               calls direct, is not allocated
               not allocated function
    -------------------------------------------------------------------------
<BANK2> 1 (was BANK2)
  Relative segment, address: CODE 0002A133 - 0002A16B (0x39 bytes), align: 0
  Segment part 57.            Intra module refs:   InitDispProg::?relay
           ENTRY                   ADDRESS         REF BY
           =====                   =======         ======
           InitDispProg            0002A133 
               calls direct, is not allocated
               not allocated function
    -------------------------------------------------------------------------
CODE_C
  Relative segment, address: CODE 00001ACD - 00001AD0 (0x4 bytes), align: 0
  Segment part 11.            Intra module refs:   UpBkltLED
           ENTRY                   ADDRESS         REF BY
           =====                   =======         ======
           __Constant_6060606      00001ACD 
    -------------------------------------------------------------------------
CODE_C
  Relative segment, address: CODE 00001AD1 - 00001AD4 (0x4 bytes), align: 0
  Segment part 12.            Intra module refs:   BCD_Hex (public)
                                                   CheckDataAct (public)
                                                   ChkTimeGate (Meter)
                                                   Get645Data (TRx)
                                                   GetCntTime (Drv_RTCSPK)
                                                   GetFrozeLst (Meter)
                                                   GetNearOfftime (Drv_RTCSPK)
                                                   I2C_FStop (eeprom)
                                                   I2C_Start (eeprom)
                                                   RTC_Format (mainapp)
                                                   RxSetDisp (TRx)
                                                   SetRTCCnt (Drv_RTCSPK)
                                                   UpDisp
           ENTRY                   ADDRESS         REF BY
           =====                   =======         ======
           __Constant_ffffffff     00001AD1 
    -------------------------------------------------------------------------
CODE_C
  Relative segment, address: CODE 00001AD5 - 00001AD8 (0x4 bytes), align: 0
  Segment part 13.            Intra module refs:   UpDisp
           ENTRY                   ADDRESS         REF BY
           =====                   =======         ======
           __Constant_900200       00001AD5 
    -------------------------------------------------------------------------
CODE_C
  Relative segment, address: CODE 00001AD9 - 00001ADC (0x4 bytes), align: 0
  Segment part 14.            Intra module refs:   Send_I2C_Addr (eeprom)
                                                   UpDisp
           ENTRY                   ADDRESS         REF BY
           =====                   =======         ======
           __Constant_ff           00001AD9 
    -------------------------------------------------------------------------
CODE_C
  Relative segment, address: CODE 00001ADD - 00001AE0 (0x4 bytes), align: 0
  Segment part 15.            Intra module refs:   UpDisp
           ENTRY                   ADDRESS         REF BY
           =====                   =======         ======
           __Constant_f            00001ADD 
    -------------------------------------------------------------------------
CODE_C
  Relative segment, address: CODE 00001AE1 - 00001AE4 (0x4 bytes), align: 0
  Segment part 16.            Intra module refs:   UpDisp
           ENTRY                   ADDRESS         REF BY
           =====                   =======         ======
           __Constant_400000       00001AE1 
    -------------------------------------------------------------------------
CODE_C
  Relative segment, address: CODE 00001AE5 - 00001AE8 (0x4 bytes), align: 0
  Segment part 17.            Intra module refs:   DoSinglePhase (mainapp)
                                                   Do_SecTask (GC_Use)
                                                   RxPublicWriteTime (TRx)
                                                   UpDisp
           ENTRY                   ADDRESS         REF BY
           =====                   =======         ======
           __Constant_10000        00001AE5 
    -------------------------------------------------------------------------
CODE_C
  Relative segment, address: CODE 00001AE9 - 00001AEC (0x4 bytes), align: 0
  Segment part 18.            Intra module refs:   NextItem
           ENTRY                   ADDRESS         REF BY
           =====                   =======         ======
           __Constant_400f11f      00001AE9 
    -------------------------------------------------------------------------
CODE_C
  Relative segment, address: CODE 00001AED - 00001AF0 (0x4 bytes), align: 0
  Segment part 19.            Intra module refs:   NextItem
           ENTRY                   ADDRESS         REF BY
           =====                   =======         ======
           __Constant_6060607      00001AED 
    -------------------------------------------------------------------------
CODE_C
  Relative segment, address: CODE 00001AF1 - 00001AF4 (0x4 bytes), align: 0
  Segment part 20.            Intra module refs:   Do_Disp
                                                   InitDispProg
                                                   Init_Data (GC_Use)
                                                   Init_MCU (InOut)
                                                   MCU_OnLIne_Init (InOut)
                                                   Pwr_ChkProc (Powmanger)
                                                   data_restore (mainapp)
                                                   main (mainapp)
           ENTRY                   ADDRESS         REF BY
           =====                   =======         ======
           __Constant_3243eb8      00001AF1 
    -------------------------------------------------------------------------
BANK_RELAYS
  Relative segment, address: CODE 000006FD - 00000702 (0x6 bytes), align: 0
  Segment part 22.
           ENTRY                   ADDRESS         REF BY
           =====                   =======         ======
           Do_Keys::?relay         000006FD        main (mainapp)
    -------------------------------------------------------------------------
BANK_RELAYS
  Relative segment, address: CODE 00000703 - 00000708 (0x6 bytes), align: 0
  Segment part 24.
           ENTRY                   ADDRESS         REF BY
           =====                   =======         ======
           Do_IRKeys::?relay       00000703        main (mainapp)
    -------------------------------------------------------------------------
BANK_RELAYS
  Relative segment, address: CODE 00000709 - 0000070E (0x6 bytes), align: 0
  Segment part 26.            Intra module refs:   Do_Disp
                                                   SetDispItem
           ENTRY                   ADDRESS         REF BY
           =====                   =======         ======
           UpBkltLED::?relay       00000709 
    -------------------------------------------------------------------------
BANK_RELAYS
  Relative segment, address: CODE 0000070F - 00000714 (0x6 bytes), align: 0
  Segment part 28.            Intra module refs:   SetDispItem
           ENTRY                   ADDRESS         REF BY
           =====                   =======         ======
           ChkDispItem::?relay     0000070F        RxSetDisp (TRx)
    -------------------------------------------------------------------------
BANK_RELAYS
  Relative segment, address: CODE 00000715 - 0000071A (0x6 bytes), align: 0
  Segment part 30.            Intra module refs:   SetDigitDisp
                                                   SetDispBitLst
                                                   UpDisp
           ENTRY                   ADDRESS         REF BY
           =====                   =======         ======
           SetDispBit::?relay      00000715 
    -------------------------------------------------------------------------
BANK_RELAYS
  Relative segment, address: CODE 0000071B - 00000720 (0x6 bytes), align: 0
  Segment part 32.            Intra module refs:   SetDigitDisp
           ENTRY                   ADDRESS         REF BY
           =====                   =======         ======
           SetDispBit_rev::?relay
                                   0000071B 
    -------------------------------------------------------------------------
BANK_RELAYS
  Relative segment, address: CODE 00000721 - 00000726 (0x6 bytes), align: 0
  Segment part 34.            Intra module refs:   SetDispBitLst
                                                   UpDisp
           ENTRY                   ADDRESS         REF BY
           =====                   =======         ======
           SetDigitDisp::?relay    00000721 
[...]
                                                   Pwr_SlpReset (Powmanger)
                                                   Pwr_WakeupProc_adc2allTurno (Powmanger)
                                                   ReadEEPROMFData (TRx)
                                                   ReadExtEEprom (TRx)
                                                   ReadFlashData (TRx)
                                                   ReadSafeData (TRx)
                                                   ReadWriteTime (TRx)
                                                   Read_EEData (eeprom)
                                                   Read_EEData1 (eeprom)
                                                   Read_ELVSave (PubData)
                                                   Reset_LVSave (PubData)
                                                   RevCopy (public)
                                                   RevCopyRam (public)
                                                   RevCopy_4 (public)
                                                   RtcParaFsToE2 (RtcCpt)
                                                   RxClrRecord (TRx)
                                                   RxEOpenRcd (TRx)
                                                   RxJDErrRcd (TRx)
                                                   RxPublicWriteTime (TRx)
                                                   RxPwrErrRcd (TRx)
                                                   RxSend645 (TRx)
                                                   RxSetDisp (TRx)
                                                   RxTmTblSetRcd (TRx)
                                                   RxWriteFacKey (TRx)
                                                   SetDispBitLst (Disp)
                                                   SetDispItem (Disp)
                                                   SetRTCCnt (Drv_RTCSPK)
                                                   SleepLcdRefresh (InOut)
                                                   SoftClockCheck (Timeproc)
                                                   TRX_Ctrl_Code (TRx)
                                                   Tamp_DspProc (TamperProc)
                                                   Tamp_Sleep (TamperProc)
                                                   TimerProc (Timeproc)
                                                   Up_BCDData (TRx)
                                                   Up_ProgFroze (public)
                                                   Write645Data (TRx)
                                                   WriteSafeData (TRx)
                                                   Write_EEData (eeprom)
                                                   Write_EEData1 (eeprom)
                                                   Write_Froze (PubData)
                                                   cClrEvtState (TRx)
                                                   cFlashinfo_Restore (indata_oper)
                                                   cFlashinfo_dianlian_backup (indata_oper)
                                                   cFroze_Comp (mainapp)
                                                   cGet_First_Data (indata_oper)
                                                   cSafeData_restoreData (safedate)
                                                   rtcJb (TRx)
                                                   strCmp (PubData)
    -------------------------------------------------------------------------
RCODE
  Relative segment, address: CODE 0000193F - 00001940 (0x2 bytes), align: 0
  Segment part 3.
           ENTRY                   ADDRESS         REF BY
           =====                   =======         ======
           ?PUSH_XSTACK_I_ONE      0000193F        Get645Data (TRx)
                                                   RxFrozeDTRcd (TRx)
                                                   RxTmTblSetRcd (TRx)
                                                   Write645Data (TRx)
    -------------------------------------------------------------------------
RCODE
  Relative segment, address: CODE 00001941 - 0000194D (0xd bytes), align: 0
  Segment part 4.             Intra module refs:   ?PUSH_XSTACK_I_FOUR
                                                   ?PUSH_XSTACK_I_ONE
                                                   ?PUSH_XSTACK_I_TWO
           ENTRY                   ADDRESS         REF BY
           =====                   =======         ======
           ?PUSH_XSTACK_I          00001941 

    -------------------------------------------------------------------------
  LIBRARY MODULE, NAME : ?PUSH_XSTACK8_X

  SEGMENTS IN THE MODULE
  ======================
RCODE
  Relative segment, address: CODE 0000194E - 00001951 (0x4 bytes), align: 0
  Segment part 1.
           ENTRY                   ADDRESS         REF BY
           =====                   =======         ======
           ?PUSH_XSTACK8_X_FOUR    0000194E        CheckFroze (Meter)
                                                   ChkYFroze (Meter)
                                                   DoSinglePhase (mainapp)
                                                   GetFrozeLst (Meter)
                                                   GetTimeCnt (Drv_RTCSPK)
                                                   MStepFroze (Meter)
                                                   MvData (public)
                                                   ReadWriteTime (TRx)
                                                   SetRTCCnt (Drv_RTCSPK)
                                                   SetRcdTime (public)
                                                   SleepLcdRefresh (InOut)
                                                   rtcJb (TRx)
    -------------------------------------------------------------------------
RCODE
  Relative segment, address: CODE 00001952 - 00001955 (0x4 bytes), align: 0
  Segment part 3.
           ENTRY                   ADDRESS         REF BY
           =====                   =======         ======
           ?PUSH_XSTACK8_X_TWO     00001952        EEData_Safe_Read (eeprom)
                                                   EnyB_SetMeterCfgACK (EnergyBottom)
                                                   EnyB_SetMeterCfgACK1 (EnergyBottom)
                                                   Read_EEData1 (eeprom)
    -------------------------------------------------------------------------
RCODE
  Relative segment, address: CODE 00001956 - 0000197E (0x29 bytes), align: 0
  Segment part 5.             Intra module refs:   ?PUSH_XSTACK8_X_FOUR
                                                   ?PUSH_XSTACK8_X_TWO
           ENTRY                   ADDRESS         REF BY
           =====                   =======         ======
           ?PUSH_XSTACK8_X         00001956 

    -------------------------------------------------------------------------
  LIBRARY MODULE, NAME : ?PUSH_XSTACK8_C

  SEGMENTS IN THE MODULE
  ======================
RCODE
  Relative segment, address: CODE 0000197F - 00001982 (0x4 bytes), align: 0
  Segment part 1.
           ENTRY                   ADDRESS         REF BY
           =====                   =======         ======
           ?PUSH_XSTACK8_C_FOUR    0000197F        ClrRcdTime (public)
                                                   GetFeilv (Meter)
                                                   Mea_Init (EnergyBottom)
                                                   RxPublicWriteTime (TRx)
                                                   WaitTimeOver (Meter)
    -------------------------------------------------------------------------
RCODE
  Relative segment, address: CODE 00001983 - 000019AB (0x29 bytes), align: 0
  Segment part 5.             Intra module refs:   ?PUSH_XSTACK8_C_FOUR
           ENTRY                   ADDRESS         REF BY
           =====                   =======         ======
           ?PUSH_XSTACK8_C         00001983 

    -------------------------------------------------------------------------
  LIBRARY MODULE, NAME : ?US_SWITCH_DENSE

  SEGMENTS IN THE MODULE
  ======================
RCODE
  Relative segment, address: CODE 000019AC - 000019B2 (0x7 bytes), align: 0
  Segment part 0.
           ENTRY                   ADDRESS         REF BY
           =====                   =======         ======
           ?US_SWITCH_DENSE        000019AC        stream_refresh (streamio)
           ?US_SWITCH_DENSE_CFI_INVALID_BEGINS
                                   000019AC 
    -------------------------------------------------------------------------
RCODE
  Relative segment, address: CODE 000019B3 - 000019F0 (0x3e bytes), align: 0
  Segment part 2.             Intra module refs:   Segment part 0
    -------------------------------------------------------------------------
RCODE
  Relative segment, address: CODE 000019F1 - 000019F1 (0x1 bytes), align: 0
  Segment part 4.             Intra module refs:   Segment part 0
           ENTRY                   ADDRESS         REF BY
           =====                   =======         ======
           ?US_SWITCH_DENSE_CFI_INVALID_ENDS
                                   000019F2 

    -------------------------------------------------------------------------
  LIBRARY MODULE, NAME : ?US_SWITCH_SPARSE

  SEGMENTS IN THE MODULE
  ======================
RCODE
  Relative segment, address: CODE 000019F2 - 000019FB (0xa bytes), align: 0
  Segment part 0.
           ENTRY                   ADDRESS         REF BY
           =====                   =======         ======
           ?US_SWITCH_SPARSE       000019F2        CalRMS (EnergyBottom)
           ?US_SWITCH_SPARSE_CFI_INVALID_BEGINS
                                   000019F2 
    -------------------------------------------------------------------------
RCODE
  Relative segment, address: CODE 000019FC - 00001A3C (0x41 bytes), align: 0
  Segment part 2.             Intra module refs:   Segment part 0
           ENTRY                   ADDRESS         REF BY
           =====                   =======         ======
           ?US_SWITCH_SPARSE_LEAVE
                                   00001A2E        Segment part 0 (?US_JMP_IF_IN_RANGE)
                                                   Segment part 0 (?US_JMP_IF_VALUE)
    -------------------------------------------------------------------------
RCODE
  Relative segment, address: CODE 00001A3D - 00001A3D (0x1 bytes), align: 0
  Segment part 4.             Intra module refs:   Segment part 0
           ENTRY                   ADDRESS         REF BY
           =====                   =======         ======
           ?US_SWITCH_SPARSE_CFI_INVALID_ENDS
                                   00001A3E 

    -------------------------------------------------------------------------
  LIBRARY MODULE, NAME : ?US_JMP_IF_IN_RANGE

  SEGMENTS IN THE MODULE
  ======================
RCODE
  Relative segment, address: CODE 00001A3E - 00001A7C (0x3f bytes), align: 0
  Segment part 0.
           ENTRY                   ADDRESS         REF BY
           =====                   =======         ======
           ?US_JMP_IF_IN_RANGE     00001A3E        ?US_SWITCH_SPARSE_LEAVE (?US_SWITCH_SPARSE)
           ?US_JMP_IF_IN_RANGE_CFI_INVALID_BEGINS
                                   00001A3E 
           ?US_JMP_IF_IN_RANGE_CFI_INVALID_ENDS
                                   00001A7D 

    -------------------------------------------------------------------------
  LIBRARY MODULE, NAME : ?US_JMP_IF_VALUE

  SEGMENTS IN THE MODULE
  ======================
RCODE
  Relative segment, address: CODE 00001A7D - 00001AA7 (0x2b bytes), align: 0
  Segment part 0.
           ENTRY                   ADDRESS         REF BY
           =====                   =======         ======
           ?US_JMP_IF_VALUE        00001A7D        ?US_SWITCH_SPARSE_LEAVE (?US_SWITCH_SPARSE)
           ?US_JMP_IF_VALUE_CFI_INVALID_BEGINS
                                   00001A7D 
           ?US_JMP_IF_VALUE_CFI_INVALID_ENDS
                                   00001AA8 

    -------------------------------------------------------------------------
  LIBRARY MODULE, NAME : ?labs

  SEGMENTS IN THE MODULE
  ======================
<BANKED_CODE> 2 (was BANKED_CODE)
  Relative segment, address: CODE 0000F716 - 0000F754 (0x3f bytes), align: 0
  Segment part 7.             Intra module refs:   labs::?relay
           ENTRY                   ADDRESS         REF BY
           =====                   =======         ======
           labs                    0000F716 
               XSTACK = 00000000 ( 00000010 )
    -------------------------------------------------------------------------
BANK_RELAYS
  Relative segment, address: CODE 0000102D - 00001032 (0x6 bytes), align: 0
  Segment part 8.
           ENTRY                   ADDRESS         REF BY
           =====                   =======         ======
           labs::?relay            0000102D        Chk5Min (TRx)
                                                   DoSinglePhase (mainapp)
                                                   calu_5 (mainapp)

    *************************************************************************

  DEFINED ABSOLUTE ENTRIES



                ****************************************
                *                                      *
                *      SEGMENTS IN ADDRESS ORDER       *
                *                                      *
                ****************************************


SEGMENT              SPACE    START ADDRESS   END ADDRESS     SIZE  TYPE  ALIGN
=======              =====    =============   ===========     ====  ====  =====
INTVEC               CODE          00000000 - 00000065          66   com    0
CODE_AC              CODE          00000100 - 00000399         29A   rel    0
                     CODE          0000039C - 000005FF         264 
CSTART               CODE          00000600 - 000006A0          A1   rel    0
IXDATA_ID            CODE               000006A1                     dse    0
PDATA_ID             CODE               000006A1                     dse    0
BIT_ID               CODE               000006A1                     dse    0
BDATA_ID             CODE               000006A1                     dse    0
DATA_ID              CODE               000006A1                     dse    0
IDATA_ID             CODE               000006A1                     dse    0
XDATA_ID             CODE          000006A1 - 000006A2           2   rel    0
BANK_RELAYS          CODE          000006A3 - 00001032         990   rel    0
CODE_AC              CODE          000011C0 - 000011CC           D   rel    0
                     CODE          000011CE - 000011CE           1 
RCODE                CODE          000011CF - 00001AA7         8D9   rel    0
DIFUNCT              CODE               00001AA8                     dse    0
CODE_C               CODE          00001AA8 - 000032D1        182A   rel    0
CODE_N               CODE               000032D2                     dse    0
NEAR_CODE            CODE          000032D2 - 00003FD6         D05   rel    0
<BANKED_CODE> 1      CODE          00003FD7 - 00007FFE        4028   rel    0
<BANKED_CODE> 2      CODE          00008000 - 0000F772        7773   rel    0
<BANK2> 1            CODE          00028000 - 0002B076        3077   rel    0
REGISTERS            DATA          00000000 - 00000007           8   rel    0
__REG_BANK2          DATA          00000010 - 00000017           8   rel    0
BREG                 BIT        00000020.0  -  00000020.7        8   rel    0
VREG                 DATA          00000021 - 00000030          10   rel    0
PSP                  DATA               00000031                     dse    0
XSP                  DATA          00000031 - 00000032           2   rel    0
SFR_AN               DATA          00000080 - 00000080           1   rel    0
                     DATA          00000087 - 0000008E           8 
                     DATA          00000090 - 00000091           2 
                     DATA          00000093 - 00000097           5 
                     DATA          0000009A - 0000009F           6 
                     DATA          000000A1 - 000000A1           1 
                     DATA          000000A3 - 000000A8           6 
                     DATA          000000AD - 000000AD           1 
                     DATA          000000C0 - 000000C0           1 
                     DATA          000000C8 - 000000C8           1 
                     DATA          000000CC - 000000D0           5 
                     DATA          000000DA - 000000DD           4 
                     DATA          000000DF - 000000E0           2 
                     DATA          000000E8 - 000000E8           1 
XSTACK               XDATA         00000001 - 00000350         350   rel    0
XDATA_Z              XDATA         00000351 - 00000FA5         C55   rel    0
XDATA_I              XDATA         00000FA6 - 00000FA7           2   rel    0
XDATA_AN             XDATA         00002820 - 00002821           2   rel    0
                     XDATA         00002823 - 00002823           1 
                     XDATA         00002825 - 00002828           4 
                     XDATA         0000282E - 0000282E           1 
                     XDATA         00002830 - 00002831           2 
                     XDATA         00002833 - 00002833           1 
                     XDATA         00002835 - 00002838           4 
                     XDATA         0000283E - 0000283E           1 
                     XDATA         00002840 - 00002840           1 
                     XDATA         00002843 - 00002843           1 
                     XDATA         00002848 - 00002848           1 
                     XDATA         0000284B - 0000284B           1 
                     XDATA         00002850 - 00002850           1 
                     XDATA         00002853 - 00002853           1 
                     XDATA         00002858 - 00002868          11 
                     XDATA         000028A2 - 000028A2           1 
                     XDATA         000028A5 - 000028A5           1 
                     XDATA         000028A8 - 000028AA           3 
                     XDATA         000028AC - 000028B2           7 
                     XDATA         000028B4 - 000028B5           2 
                     XDATA         000028B8 - 000028B9           2 
                     XDATA         000028BC - 000028BD           2 
                     XDATA         000028C0 - 000028C1           2 
                     XDATA         000028C4 - 000028CF           C 
                     XDATA         000028D5 - 000028D7           3 
                     XDATA         000028D9 - 000028DA           2 
                     XDATA         00002900 - 00002900           1 
                     XDATA         00002904 - 00002905           2 
                     XDATA         0000290A - 0000290B           2 
                     XDATA         00002A05 - 00002A05           1 
                     XDATA         00002C00 - 00002C00           1 
                     XDATA         00002C1E - 00002C23           6 
                     XDATA         00002D00 - 00002D01           2 
ISTACK               IDATA         00000090 - 000000FF          70   rel    0

                ****************************************
                *                                      *
                *        END OF CROSS REFERENCE        *
                *                                      *
                ****************************************

 73 907 bytes of CODE  memory (+ 1 292 absolute )
     26 bytes of DATA  memory (+    52 absolute )
  4 007 bytes of XDATA memory (+    91 absolute )
    112 bytes of IDATA memory
      8 bits  of BIT   memory

Errors: none
Warnings: 19

