Warning[w6]: Type conflict for external/entry "ASCII2BCD", in module Ptl_1107 against external/entry in module Api; prototyped function vs K&R function
  /* In module Ptl_1107: */
  /* K&R Function, args 0, attr 0 */
  int (__xdata_reentrant ASCII2BCD)();
  /* In module Api: */
  /* Function, args 3, attr 0 */
  uint8 (__xdata_reentrant ASCII2BCD)(uint8 *,
                                      uint8 *,
                                      uint8);
    typedef unsigned char uint8;
Warning[w6]: Type conflict for external/entry "Turn_OnDisplay", in module pwroffidsp against external/entry in module Disp; prototyped function vs K&R function
  /* In module pwroffidsp: */
  /* Function, args 0, attr 0 */
  void (__xdata_reentrant Turn_OnDisplay)(void);
  /* In module Disp: */
  /* K&R Function, args 0, attr 0 */
  void (__xdata_reentrant Turn_OnDisplay)();
Warning[w6]: Type conflict for external/entry "LCD_Init", in module InOut against external/entry in module LcdBottom; prototyped function vs K&R function
  /* In module InOut: */
  /* K&R Function, args 0, attr 0 */
  int (__xdata_reentrant LCD_Init)();
  /* In module LcdBottom: */
  /* Function, args 1, attr 0 */
  void (__xdata_reentrant LCD_Init)(char *);
Warning[w6]: Type conflict for external/entry "Delay1OSC", in module mainapp against external/entry in module McuDrive; prototyped function vs K&R function
  /* In module mainapp: */
  /* K&R Function, args 0, attr 0 */
  int (__xdata_reentrant Delay1OSC)();
  /* In module McuDrive: */
  /* Function, args 0, attr 0 */
  void (__xdata_reentrant Delay1OSC)(void);
Warning[w6]: Type conflict for external/entry "stmemter_statu", in module indata_oper against external/entry in module dfinit; types have different memory attributes
  /* In module indata_oper: */
  struct STMEMTER_STATU /* Elements: 3, Bytes: 74 */
                        /* First seen in Meter */
  { 
    u8 IMType[10];
    u8 SoftVer[32];
    u8 HardVer[32];
  } stmemter_statu[];
    typedef unsigned char u8;
  /* In module dfinit: */
  struct STMEMTER_STATU /* Elements: 3, Bytes: 74 */
                        /* First seen in Meter */
  { 
    u8 IMType[10];
    u8 SoftVer[32];
    u8 HardVer[32];
  } (__code const stmemter_statu)[4];
    typedef unsigned char u8;
Warning[w6]: Type conflict for external/entry "c8025intno", in module System against external/entry in module globlvar; types have different type attributes
  /* In module System: */
  char c8025intno;
  /* In module globlvar: */
  unsigned char volatile c8025intno;
Warning[w6]: Type conflict for external/entry "iTime_Isr_nobak", in module pwroffidsp against external/entry in module globlvar; types have different type attributes
  /* In module pwroffidsp: */
  unsigned short iTime_Isr_nobak;
  /* In module globlvar: */
  unsigned short volatile iTime_Isr_nobak;
Warning[w6]: Type conflict for external/entry "Init_FlashData", in module TRx against external/entry in module indata_oper; function return types are different; different basic types
  /* In module TRx: */
  /* K&R Function, args 0, attr 0 */
  void (__xdata_reentrant Init_FlashData)();
  /* In module indata_oper: */
  /* K&R Function, args 0, attr 0 */
  u8 (__xdata_reentrant Init_FlashData)();
    typedef unsigned char u8;
Warning[w6]: Type conflict for external/entry "App_Init", in module mainapp against external/entry in module main; prototyped function vs K&R function
  /* In module mainapp: */
  /* K&R Function, args 0, attr 0 */
  int (__xdata_reentrant App_Init)();
  /* In module main: */
  /* Function, args 0, attr 0 */
  void (__xdata_reentrant App_Init)(void);
Warning[w6]: Type conflict for external/entry "Mea_Consumption_Dly", in module mainapp against external/entry in module main; prototyped function vs K&R function
  /* In module mainapp: */
  /* K&R Function, args 0, attr 0 */
  int (__xdata_reentrant Mea_Consumption_Dly)();
  /* In module main: */
  /* Function, args 0, attr 0 */
  bool (__xdata_reentrant Mea_Consumption_Dly)(void);
Warning[w6]: Type conflict for external/entry "Var_Init", in module mainapp against external/entry in module main; prototyped function vs K&R function
  /* In module mainapp: */
  /* K&R Function, args 0, attr 0 */
  int (__xdata_reentrant Var_Init)();
  /* In module main: */
  /* Function, args 0, attr 0 */
  void (__xdata_reentrant Var_Init)(void);
Warning[w6]: Type conflict for external/entry "ChipSet_ReInit", in module TRx against external/entry in module mainapp; prototyped function vs K&R function
  /* In module TRx: */
  /* K&R Function, args 0, attr 0 */
  int (__xdata_reentrant ChipSet_ReInit)();
  /* In module mainapp: */
  /* Function, args 0, attr 0 */
  void (__xdata_reentrant ChipSet_ReInit)(void);
Warning[w6]: Type conflict for external/entry "INTERRUPT_DISABLE", in module mainapp against external/entry in module pxv9811b; prototyped function vs K&R function
  /* In module mainapp: */
  /* K&R Function, args 0, attr 0 */
  int (__xdata_reentrant INTERRUPT_DISABLE)();
  /* In module pxv9811b: */
  /* Function, args 0, attr 0 */
  void (__xdata_reentrant INTERRUPT_DISABLE)(void);
Warning[w6]: Type conflict for external/entry "INTERRUPT_ENABLE", in module mainint_protect against external/entry in module pxv9811b; prototyped function vs K&R function
  /* In module mainint_protect: */
  /* K&R Function, args 0, attr 0 */
  int (__xdata_reentrant INTERRUPT_ENABLE)();
  /* In module pxv9811b: */
  /* Function, args 0, attr 0 */
  void (__xdata_reentrant INTERRUPT_ENABLE)(void);
################################################################################
#                                                                              #
#      IAR Universal Linker V5.7.0.39                                          #
#                                                                              #
#           Link time     =  21/Oct/2019  14:12:14                             #
#           Target CPU    =  x51                                               #
#           List file     =  C:\worktop\galaxy_Thailand_9811b_62056_meter\sour #
#                            ce\Debug\List\D143R-9821S.map                     #
#           Output file 1 =  C:\worktop\galaxy_Thailand_9811b_62056_meter\sour #
#                            ce\Debug\Exe\D143F9821S.xx.20xxxxxx.hex           #
#                            Format: intel-extended                            #
#           Output file 2 =  C:\worktop\galaxy_Thailand_9811b_62056_meter\sour #
#                            ce\Debug\Exe\D143R-9821S.d51                      #
#                            Format: debug                                     #
#                            UBROF version 10.0.6                              #
#                            Using library modules for C-SPY (-r)              #
#           Command line  =  "-IC:\Program Files (x86)\IAR Systems\Embedded Wo #
#                            rkbench 6.5\8051\CONFIG\"                         #
#                            -D_NR_OF_BANKS=0x03 -D_CODEBANK_END=0xFFFF        #
#                            -D_CODEBANK_START=0x8000 -D?CBANK_MASK=0x03       #
#                            -D?CBANK=0xA0                                     #
#                            C:\worktop\galaxy_Thailand_9811b_62056_meter\sour #
#                            ce\Debug\Obj\Api.r51                              #
#                            C:\worktop\galaxy_Thailand_9811b_62056_meter\sour #
#                            ce\Debug\Obj\ComApplication.r51                   #
#                            C:\worktop\galaxy_Thailand_9811b_62056_meter\sour #
#                            ce\Debug\Obj\ComBottom.r51                        #
#                            C:\worktop\galaxy_Thailand_9811b_62056_meter\sour #
#                            ce\Debug\Obj\Dataproc.r51                         #
#                            C:\worktop\galaxy_Thailand_9811b_62056_meter\sour #
#                            ce\Debug\Obj\Demand.r51                           #
#                            C:\worktop\galaxy_Thailand_9811b_62056_meter\sour #
#                            ce\Debug\Obj\Disp.r51                             #
#                            C:\worktop\galaxy_Thailand_9811b_62056_meter\sour #
#                            ce\Debug\Obj\Drv_DispKey.r51                      #
#                            C:\worktop\galaxy_Thailand_9811b_62056_meter\sour #
#                            ce\Debug\Obj\Drv_RTCSPK.r51                       #
#                            C:\worktop\galaxy_Thailand_9811b_62056_meter\sour #
#                            ce\Debug\Obj\Energy.r51                           #
#                            C:\worktop\galaxy_Thailand_9811b_62056_meter\sour #
#                            ce\Debug\Obj\EnergyBottom.r51                     #
#                            C:\worktop\galaxy_Thailand_9811b_62056_meter\sour #
#                            ce\Debug\Obj\FunCfg.r51                           #
#                            C:\worktop\galaxy_Thailand_9811b_62056_meter\sour #
#                            ce\Debug\Obj\GC_Use.r51                           #
#                            C:\worktop\galaxy_Thailand_9811b_62056_meter\sour #
#                            ce\Debug\Obj\InOut.r51                            #
#                            C:\worktop\galaxy_Thailand_9811b_62056_meter\sour #
#                            ce\Debug\Obj\InitPara.r51                         #
#                            C:\worktop\galaxy_Thailand_9811b_62056_meter\sour #
#                            ce\Debug\Obj\LcdBottom.r51                        #
#                            C:\worktop\galaxy_Thailand_9811b_62056_meter\sour #
#                            ce\Debug\Obj\McuDrive.r51                         #
#                            C:\worktop\galaxy_Thailand_9811b_62056_meter\sour #
#                            ce\Debug\Obj\Meter.r51                            #
#                            C:\worktop\galaxy_Thailand_9811b_62056_meter\sour #
#                            ce\Debug\Obj\Powmanger.r51                        #
#                            C:\worktop\galaxy_Thailand_9811b_62056_meter\sour #
#                            ce\Debug\Obj\Prcfrm.r51                           #
#                            C:\worktop\galaxy_Thailand_9811b_62056_meter\sour #
#                            ce\Debug\Obj\Ptl_1107.r51                         #
#                            C:\worktop\galaxy_Thailand_9811b_62056_meter\sour #
#                            ce\Debug\Obj\PubData.r51                          #
#                            C:\worktop\galaxy_Thailand_9811b_62056_meter\sour #
#                            ce\Debug\Obj\System.r51                           #
#                            C:\worktop\galaxy_Thailand_9811b_62056_meter\sour #
#                            ce\Debug\Obj\TRx.r51                              #
#                            C:\worktop\galaxy_Thailand_9811b_62056_meter\sour #
#                            ce\Debug\Obj\TamperProc.r51                       #
#                            C:\worktop\galaxy_Thailand_9811b_62056_meter\sour #
#                            ce\Debug\Obj\Timeproc.r51                         #
#                            C:\worktop\galaxy_Thailand_9811b_62056_meter\sour #
#                            ce\Debug\Obj\Timer0Capture.r51                    #
#                            C:\worktop\galaxy_Thailand_9811b_62056_meter\sour #
#                            ce\Debug\Obj\Uart2.r51                            #
#                            C:\worktop\galaxy_Thailand_9811b_62056_meter\sour #
#                            ce\Debug\Obj\Uart4.r51                            #
#                            C:\worktop\galaxy_Thailand_9811b_62056_meter\sour #
#                            ce\Debug\Obj\Version.r51                          #
#                            C:\worktop\galaxy_Thailand_9811b_62056_meter\sour #
#                            ce\Debug\Obj\adcfun.r51                           #
#                            C:\worktop\galaxy_Thailand_9811b_62056_meter\sour #
#                            ce\Debug\Obj\bit_edge.r51                         #
#                            C:\worktop\galaxy_Thailand_9811b_62056_meter\sour #
#                            ce\Debug\Obj\cstartup.r51                         #
#                            C:\worktop\galaxy_Thailand_9811b_62056_meter\sour #
#                            ce\Debug\Obj\dfinit.r51                           #
#                            C:\worktop\galaxy_Thailand_9811b_62056_meter\sour #
#                            ce\Debug\Obj\disp_format_lcd10329.r51             #
#                            C:\worktop\galaxy_Thailand_9811b_62056_meter\sour #
#                            ce\Debug\Obj\eeprom.r51                           #
#                            C:\worktop\galaxy_Thailand_9811b_62056_meter\sour #
#                            ce\Debug\Obj\globlvar.r51                         #
#                            C:\worktop\galaxy_Thailand_9811b_62056_meter\sour #
#                            ce\Debug\Obj\iar_banked_code_support.r51          #
#                            C:\worktop\galaxy_Thailand_9811b_62056_meter\sour #
#                            ce\Debug\Obj\indata_oper.r51                      #
#                            C:\worktop\galaxy_Thailand_9811b_62056_meter\sour #
#                            ce\Debug\Obj\main.r51                             #
#                            C:\worktop\galaxy_Thailand_9811b_62056_meter\sour #
#                            ce\Debug\Obj\mainapp.r51                          #
#                            C:\worktop\galaxy_Thailand_9811b_62056_meter\sour #
#                            ce\Debug\Obj\mainint_protect.r51                  #
#                            C:\worktop\galaxy_Thailand_9811b_62056_meter\sour #
#                            ce\Debug\Obj\public.r51                           #
#                            C:\worktop\galaxy_Thailand_9811b_62056_meter\sour #
#                            ce\Debug\Obj\pwroffidsp.r51                       #
#                            C:\worktop\galaxy_Thailand_9811b_62056_meter\sour #
#                            ce\Debug\Obj\pxv9811b.r51                         #
#                            C:\worktop\galaxy_Thailand_9811b_62056_meter\sour #
#                            ce\Debug\Obj\safedate.r51                         #
#                            C:\worktop\galaxy_Thailand_9811b_62056_meter\sour #
#                            ce\Debug\Obj\streamio.r51                         #
#                            C:\worktop\galaxy_Thailand_9811b_62056_meter\sour #
#                            ce\Debug\Obj\uartiobase.r51                       #
#                            C:\worktop\galaxy_Thailand_9811b_62056_meter\sour #
#                            ce\Debug\Obj\workaround.r51                       #
#                            -o                                                #
#                            C:\worktop\galaxy_Thailand_9811b_62056_meter\sour #
#                            ce\Debug\Exe\D143R-9821S.d51                      #
#                            -l                                                #
#                            C:\worktop\galaxy_Thailand_9811b_62056_meter\sour #
#                            ce\Debug\List\D143R-9821S.map                     #
#                            -xms                                              #
#                            "-IC:\Program Files (x86)\IAR Systems\Embedded Wo #
#                            rkbench 6.5\8051\LIB\"                            #
#                            -f                                                #
#                            C:\worktop\galaxy_Thailand_9811b_62056_meter\sour #
#                            ce\lnk51ew.xcl                                    #
#                            (-D_IDATA_END=0xFF -D_PDATA_START=0x0F01          #
#                            -D_PDATA_END=0x1FFF -D_IXDATA_START=1             #
#                            -D_IXDATA_END=0x1FFF -D_XDATA_START=0x000001      #
#                            -D_XDATA_END=0x01fff -D_CODE_START=0x000000       #
#                            -D_CODE_END=0x7FFF -D_NEAR_CODE_END=0x7FFF        #
#                            -D_FAR_DATA_NR_OF_BANKS=0x0E                      #
#                            -D_FAR_DATA_START=0x010001                        #
#                            -D_FAR_DATA_END=0xFFFFFF                          #
#                            -D_FAR_CODE_START=_CODE_START                     #
#                            -D_FAR_CODE_END=_CODE_END -D?REGISTER_BANK=0      #
#                            -D_REGISTER_BANK_START=0 -D_BREG_START=0x00       #
#                            -D?VB=0x20 -D_FIRST_BANK_ADDR=0                   #
#                            -P(CODE)BANKED_CODE_EXT2_C=[0x0F0000-0x0FFFFF]    #
#                            -P(CODE)BANKED_CODE_EXT2_N=[0x0F0000-0x0FFFFF]    #
#                            -KBANKED_EXT2=10000,15                            #
#                            -Z(CODE)BANKED_EXT2#FFF0-FFFF                     #
#                            -P(CODE)BANKED_CODE_INTERRUPTS_EXT2=[0x00E0100-0x #
#                            00EFFFF]                                          #
#                            -P(CODE)INTVEC_EXT2=[0x0E0000-0x0EFFFF]           #
#                            -Z(BIT)BREG=_BREG_START -Z(BIT)BIT_N=0-7F         #
#                            -Z(DATA)REGISTERS+8=_REGISTER_BANK_START          #
#                            -Z(DATA)BDATA_Z,BDATA_N,BDATA_I=20-2F             #
#                            -Z(DATA)VREG+_NR_OF_VIRTUAL_REGISTERS=08-7F       #
#                            -Z(DATA)PSP,XSP=08-7F -Z(DATA)DOVERLAY=08-7F      #
#                            -Z(DATA)DATA_I,DATA_Z,DATA_N=08-7F                #
#                            -U(IDATA)0-7F=(DATA)0-7F                          #
#                            -Z(IDATA)IDATA_I,IDATA_Z,IDATA_N=08-_IDATA_END    #
#                            -Z(IDATA)ISTACK+_IDATA_STACK_SIZE#08-_IDATA_END   #
#                            -Z(IDATA)IOVERLAY=08-FF -Z(CODE)INTVEC=0          #
#                            -Z(CODE)CSTART=_CODE_START-_CODE_END              #
#                            -D_BANK0_START=0x8000 -D_BANK0_END=0xFFFF         #
#                            -D_BANK1_START=0x18000 -D_BANK1_END=0x1FFFF       #
#                            -D_BANK2_START=0x28000 -D_BANK2_END=0x2FFFF       #
#                            -P(CODE)BANK0=_BANK0_START-_BANK0_END             #
#                            -P(CODE)BANK1=_BANK1_START-_BANK1_END             #
#                            -P(CODE)BANK2=_BANK2_START-_BANK2_END             #
#                            -Z(CODE)BIT_ID,BDATA_ID,DATA_ID,IDATA_ID,IXDATA_I #
#                            D,PDATA_ID,XDATA_ID=_CODE_START-_CODE_END         #
#                            -Z(CODE)HUGE_ID=_FAR_CODE_START-_FAR_CODE_END     #
#                            -Z(CODE)BANK_RELAYS,RCODE,DIFUNCT,CODE_C,CODE_N,N #
#                            EAR_CODE=_CODE_START-_CODE_END                    #
#                            -P(CODE)BANKED_CODE=_CODE_START-_CODE_END,[(_CODE #
#                            BANK_START+_FIRST_BANK_ADDR)-(_CODEBANK_END+_FIRS #
#                            T_BANK_ADDR)]*_NR_OF_BANKS+10000                  #
#                            -P(CODE)FAR_CODE_C,FAR_CODE_N,FAR_CODE=[_FAR_CODE #
#                            _START-_FAR_CODE_END]/10000                       #
#                            -P(CODE)HUGE_CODE_C=_FAR_CODE_START-_FAR_CODE_END #
#                            -Z(CODE)CHECKSUM#_CODE_END                        #
#                            -Z(XDATA)EXT_STACK+_EXTENDED_STACK_SIZE=_EXTENDED #
#                            _STACK_START                                      #
#                            -Z(XDATA)PSTACK+_PDATA_STACK_SIZE=_PDATA_START-_P #
#                            DATA_END                                          #
#                            -Z(XDATA)XSTACK+_XDATA_STACK_SIZE=_XDATA_START-_X #
#                            DATA_END                                          #
#                            -Z(XDATA)PDATA_Z,PDATA_I=_PDATA_START-_PDATA_END  #
#                            -P(XDATA)PDATA_N=_PDATA_START-_PDATA_END          #
#                            -Z(XDATA)IXDATA_Z,IXDATA_I=_IXDATA_START-_IXDATA_ #
#                            END                                               #
#                            -P(XDATA)IXDATA_N=_IXDATA_START-_IXDATA_END       #
#                            -Z(XDATA)XDATA_Z,XDATA_I=_XDATA_START-_XDATA_END  #
#                            -P(XDATA)XDATA_N=_XDATA_START-_XDATA_END          #
#                            -Z(XDATA)XDATA_HEAP+_XDATA_HEAP_SIZE=_XDATA_START #
#                            -_XDATA_END                                       #
#                            -Z(CONST)XDATA_ROM_C=_XDATA_START-_XDATA_END      #
#                            -Z(XDATA)FAR_Z=[_FAR_DATA_START-_FAR_DATA_END]/10 #
#                            000                                               #
#                            -Z(XDATA)FAR_I=[_FAR_DATA_START-_FAR_DATA_END]/10 #
#                            000                                               #
#                            -Z(CODE)FAR_ID=[_FAR_CODE_START-_FAR_CODE_END]/10 #
#                            000                                               #
#                            -Z(XDATA)FAR_HEAP+_FAR_HEAP_SIZE=[_FAR_DATA_START #
#                            -_FAR_DATA_END]/10000                             #
#                            -P(XDATA)FAR_N=[_FAR_DATA_START-_FAR_DATA_END]*_F #
#                            AR_DATA_NR_OF_BANKS+10000                         #
#                            -P(CONST)FAR_ROM_C=[_FAR_DATA_START-_FAR_DATA_END #
#                            ]*_FAR_DATA_NR_OF_BANKS+10000                     #
#                            -Z(XDATA)HUGE_Z,HUGE_I=_FAR_DATA_START-_FAR_DATA_ #
#                            END                                               #
#                            -P(XDATA)HUGE_N=_FAR_DATA_START-_FAR_DATA_END     #
#                            -Z(XDATA)HUGE_HEAP+_HUGE_HEAP_SIZE=_FAR_DATA_STAR #
#                            T-_FAR_DATA_END                                   #
#                            -Z(CONST)HUGE_ROM_C=_FAR_DATA_START-_FAR_DATA_END #
#                            -cx51) -D_NR_OF_VIRTUAL_REGISTERS=8               #
#                            -D?PBANK=0xA0 -e?BCALL_03=?BCALL                  #
#                            -e?BRET_03=?BRET -e?BDISPATCH_03=?BDISPATCH       #
#                            -e_large_write=_formatted_write                   #
#                            -e_large_read=_formatted_read -r                  #
#                            -Ointel-extended=C:\worktop\galaxy_Thailand_9811b #
#                            _62056_meter\source\Debug\Exe\D143F9821S.xx.20xxx #
#                            xxx.hex                                           #
#                            -s __program_start                                #
#                            "C:\Program Files (x86)\IAR Systems\Embedded Work #
#                            bench 6.5\8051\LIB\CLIB\cl-pli-blxc-1e16x01.r51"  #
#                            -D_IDATA_STACK_SIZE=0x70 -D?ESP=0 -D?ESP_MASK=0   #
#                            -D_EXTENDED_STACK_START=0                         #
#                            -D_EXTENDED_STACK_SIZE=0                          #
#                            -D_PDATA_STACK_SIZE=0x90                          #
#                            -D_XDATA_STACK_SIZE=0x330                         #
#                            -D_XDATA_HEAP_SIZE=0xFF -D_FAR_HEAP_SIZE=0x1FFF   #
#                            -D_HUGE_HEAP_SIZE=0x1FFF                          #
#                            -D_FAR22_HEAP_SIZE=0x1FFF                         #
#                                                                              #
#                           Copyright (C) 1987-2013 IAR Systems AB.            #
################################################################################





                ****************************************
                *                                      *
                *           CROSS REFERENCE            *
                *                                      *
                ****************************************

       Program entry at : CODE      00000600  Relocatable, from module : CSTARTUP




                ****************************************
                *                                      *
                *            RUNTIME MODEL             *
                *                                      *
                ****************************************

  __SystemLibrary          = CLib
  __calling_convention     = xdata_reentrant
  __code_model             = banked
  __core                   = plain
  __data_model             = large
  __dptr_size              = 16
  __extended_stack         = disabled
  __location_for_constants = code
  __number_of_dptrs        = 1
  __rt_version             = 1

                ****************************************
                *                                      *
                *    AUTOMATIC SYMBOL REDIRECTIONS     *
                *                                      *
                ****************************************

                  There are no automatic symbol redirections.



                ****************************************
                *                                      *
                *              MODULE MAP              *
                *                                      *
                ****************************************


  DEFINED ABSOLUTE ENTRIES
    *************************************************************************

  DEFINED ABSOLUTE ENTRIES
  PROGRAM MODULE, NAME : ?ABS_ENTRY_MOD

Absolute parts
           ENTRY                   ADDRESS         REF BY
           =====                   =======         ======
           _FAR22_HEAP_SIZE        00001FFF 
           _HUGE_HEAP_SIZE         00001FFF 
           _FAR_HEAP_SIZE          00001FFF 
           _XDATA_HEAP_SIZE        000000FF 
           _XDATA_STACK_SIZE       00000330 
           _PDATA_STACK_SIZE       00000090 
           _EXTENDED_STACK_SIZE    00000000 
           _EXTENDED_STACK_START   00000000 
           ?ESP_MASK               00000000 
           ?ESP                    00000000 
           _IDATA_STACK_SIZE       00000070 
           ?PBANK                  000000A0 
           _NR_OF_VIRTUAL_REGISTERS
                                   00000008 
           _BANK2_END              0002FFFF 
           _BANK2_START            00028000 
           _BANK1_END              0001FFFF 
           _BANK1_START            00018000 
           _BANK0_END              0000FFFF 
           _BANK0_START            00008000 
           _FIRST_BANK_ADDR        00000000 
           ?VB                     00000020        ?BANKED_ENTER_XDATA (?BANKED_ENTER_XDATA)
                                                   ?BANKED_LEAVE_XDATA (?BANKED_LEAVE_XDATA)
                                                   ?FUNC_ENTER_XDATA (?FUNC_ENTER_XDATA)
                                                   ?FUNC_LEAVE_XDATA (?FUNC_LEAVE_XDATA)
           _BREG_START             00000000 
           _REGISTER_BANK_START    00000000 
           ?REGISTER_BANK          00000000        Segment part 6 (CSTARTUP)
           _FAR_CODE_END           00007FFF 
           _FAR_CODE_START         00000000 
           _FAR_DATA_END           00FFFFFF 
           _FAR_DATA_START         00010001 
           _FAR_DATA_NR_OF_BANKS   0000000E 
           _NEAR_CODE_END          00007FFF 
           _CODE_END               00007FFF 
           _CODE_START             00000000 
           _XDATA_END              00001FFF 
           _XDATA_START            00000001 
           _IXDATA_END             00001FFF 
           _IXDATA_START           00000001 
           _PDATA_END              00001FFF 
           _PDATA_START            00000F01 
           _IDATA_END              000000FF 
           ?CBANK                  000000A0        ?RESET_CODE_BANK (CSTARTUP)
                                                   Segment part 0 (?BANKED_CODE_SUPPORT)
           ?CBANK_MASK             00000003 
           _CODEBANK_START         00008000 
           _CODEBANK_END           0000FFFF 
           _NR_OF_BANKS            00000003 
    *************************************************************************

  FILE NAME : C:\worktop\galaxy_Thailand_9811b_62056_meter\source\Debug\Obj\Api.r51
  PROGRAM MODULE, NAME : Api

  SEGMENTS IN THE MODULE
  ======================
CODE_AC
  Relative segment, address: CODE 00000300 - 00000399 (0x9a bytes), align: 0
  Segment part 1. ROOT.       Intra module refs:   APIByteBCD2HEX
           ENTRY                   ADDRESS         REF BY
           =====                   =======         ======
           gCuc_BCD2HEXMap         00000300 
    -------------------------------------------------------------------------
CODE_AC
  Relative segment, address: CODE 0000039C - 000003FF (0x64 bytes), align: 0
  Segment part 2. ROOT.       Intra module refs:   APIByteHEX2BCD
           ENTRY                   ADDRESS         REF BY
           =====                   =======         ======
           gCuc_HEX2BCDMap         0000039C 
    -------------------------------------------------------------------------
<BANKED_CODE> 2 (was BANKED_CODE)
  Relative segment, address: CODE 0000D654 - 0000D681 (0x2e bytes), align: 0
  Segment part 12.            Intra module refs:   DelayXms::?relay
           ENTRY                   ADDRESS         REF BY
           =====                   =======         ======
           DelayXms                0000D654 
               ISTACK = 00000000 ( 00000002 )
    -------------------------------------------------------------------------
<BANKED_CODE> 2 (was BANKED_CODE)
  Relative segment, address: CODE 0000D682 - 0000D748 (0xc7 bytes), align: 0
  Segment part 30.            Intra module refs:   IntHex2BCD::?relay
           ENTRY                   ADDRESS         REF BY
           =====                   =======         ======
           IntHex2BCD              0000D682 
               calls direct
               XSTACK = 0000001C ( 00000009 )
    -------------------------------------------------------------------------
<BANKED_CODE> 2 (was BANKED_CODE)
  Relative segment, address: CODE 0000D749 - 0000D872 (0x12a bytes), align: 0
  Segment part 32.            Intra module refs:   Hex2BCD::?relay
           ENTRY                   ADDRESS         REF BY
           =====                   =======         ======
           Hex2BCD                 0000D749 
               calls direct
               XSTACK = 00000000 ( 0000001C )
    -------------------------------------------------------------------------
<BANKED_CODE> 2 (was BANKED_CODE)
  Relative segment, address: CODE 0000D873 - 0000D912 (0xa0 bytes), align: 0
  Segment part 34.            Intra module refs:   BCD2Hex::?relay
           ENTRY                   ADDRESS         REF BY
           =====                   =======         ======
           BCD2Hex                 0000D873 
               calls direct, is not allocated
               not allocated function
    -------------------------------------------------------------------------
<BANKED_CODE> 2 (was BANKED_CODE)
  Relative segment, address: CODE 0000D913 - 0000D92F (0x1d bytes), align: 0
  Segment part 38.            Intra module refs:   APIByteBCD2HEX::?relay
           ENTRY                   ADDRESS         REF BY
           =====                   =======         ======
           APIByteBCD2HEX          0000D913 
               XSTACK = 00000016 ( 0000000A )
    -------------------------------------------------------------------------
<BANKED_CODE> 2 (was BANKED_CODE)
  Relative segment, address: CODE 0000D930 - 0000D950 (0x21 bytes), align: 0
  Segment part 40.            Intra module refs:   APIByteHEX2BCD::?relay
           ENTRY                   ADDRESS         REF BY
           =====                   =======         ======
           APIByteHEX2BCD          0000D930 
               XSTACK = 00000009 ( 0000000A )
    -------------------------------------------------------------------------
<BANKED_CODE> 2 (was BANKED_CODE)
  Relative segment, address: CODE 0000D951 - 0000D98F (0x3f bytes), align: 0
  Segment part 42.            Intra module refs:   ApiBufCmp::?relay
           ENTRY                   ADDRESS         REF BY
           =====                   =======         ======
           ApiBufCmp               0000D951 
               XSTACK = 00000000 ( 00000009 )
    -------------------------------------------------------------------------
<BANKED_CODE> 2 (was BANKED_CODE)
  Relative segment, address: CODE 0000D990 - 0000D9CF (0x40 bytes), align: 0
  Segment part 46.            Intra module refs:   ApiCodeBufCmp::?relay
           ENTRY                   ADDRESS         REF BY
           =====                   =======         ======
           ApiCodeBufCmp           0000D990 
               XSTACK = 00000000 ( 00000009 )
    -------------------------------------------------------------------------
CODE_AC
  Relative segment, address: CODE 00000100 - 000002FF (0x200 bytes), align: 0
  Segment part 3. ROOT.       Intra module refs:   do_CRC
           ENTRY                   ADDRESS         REF BY
           =====                   =======         ======
           CrcTab                  00000100 
    -------------------------------------------------------------------------
<BANKED_CODE> 2 (was BANKED_CODE)
  Relative segment, address: CODE 0000D9D0 - 0000DA17 (0x48 bytes), align: 0
  Segment part 50.            Intra module refs:   do_CRC::?relay
           ENTRY                   ADDRESS         REF BY
           =====                   =======         ======
           do_CRC                  0000D9D0 
               XSTACK = 00000000 ( 0000000A )
    -------------------------------------------------------------------------
<BANKED_CODE> 2 (was BANKED_CODE)
  Relative segment, address: CODE 0000DA18 - 0000DA51 (0x3a bytes), align: 0
  Segment part 52.            Intra module refs:   JudgeIsNum::?relay
           ENTRY                   ADDRESS         REF BY
           =====                   =======         ======
           JudgeIsNum              0000DA18 
               calls direct, is not allocated
               not allocated function
    -------------------------------------------------------------------------
<BANKED_CODE> 2 (was BANKED_CODE)
  Relative segment, address: CODE 0000DA52 - 0000DA72 (0x21 bytes), align: 0
  Segment part 64.            Intra module refs:   MemSet::?relay
           ENTRY                   ADDRESS         REF BY
           =====                   =======         ======
           MemSet                  0000DA52 
               ISTACK = 00000000 ( 00000003 )
    -------------------------------------------------------------------------
<BANKED_CODE> 2 (was BANKED_CODE)
  Relative segment, address: CODE 0000DA73 - 0000DAD9 (0x67 bytes), align: 0
  Segment part 74.            Intra module refs:   ASCII2BCD::?relay
           ENTRY                   ADDRESS         REF BY
           =====                   =======         ======
           ASCII2BCD               0000DA73 
               XSTACK = 00000000 ( 0000000C )
               ISTACK = 00000000 ( 00000001 )
    -------------------------------------------------------------------------
<BANKED_CODE> 2 (was BANKED_CODE)
  Relative segment, address: CODE 0000DADA - 0000DB4D (0x74 bytes), align: 0
  Segment part 76.            Intra module refs:   BCD2ASCII::?relay
           ENTRY                   ADDRESS         REF BY
           =====                   =======         ======
           BCD2ASCII               0000DADA 
               XSTACK = 00000000 ( 0000000C )
               ISTACK = 00000000 ( 00000001 )
    -------------------------------------------------------------------------
<BANKED_CODE> 2 (was BANKED_CODE)
  Relative segment, address: CODE 0000DB4E - 0000DB73 (0x26 bytes), align: 0
  Segment part 78.            Intra module refs:   StrLen::?relay
           ENTRY                   ADDRESS         REF BY
           =====                   =======         ======
           StrLen                  0000DB4E 
               XSTACK = 0000000C ( 0000000A )
    -------------------------------------------------------------------------
<BANKED_CODE> 2 (was BANKED_CODE)
  Relative segment, address: CODE 0000DB74 - 0000DBA7 (0x34 bytes), align: 0
  Segment part 80.            Intra module refs:   StrCpy::?relay
           ENTRY                   ADDRESS         REF BY
           =====                   =======         ======
           StrCpy                  0000DB74 
               calls direct
               XSTACK = 00000000 ( 0000000E )
    -------------------------------------------------------------------------
CODE_C
  Relative segment, address: CODE 00001A44 - 00001A47 (0x4 bytes), align: 0
  Segment part 9.             Intra module refs:   Hex2BCD
           ENTRY                   ADDRESS         REF BY
           =====                   =======         ======
           __Constant_fa0a1f00     00001A44 
    -------------------------------------------------------------------------
CODE_C
  Relative segment, address: CODE 00001A48 - 00001A4B (0x4 bytes), align: 0
  Segment part 10.            Intra module refs:   Hex2BCD
           ENTRY                   ADDRESS         REF BY
           =====                   =======         ======
           __Constant_5f5e100      00001A48 
    -------------------------------------------------------------------------
CODE_C
  Relative segment, address: CODE 00001A4C - 00001A4F (0x4 bytes), align: 0
  Segment part 11.            Intra module refs:   Adc_DataGet (adcfun)
                                                   BCD2Hex
                                                   BCD_Hex (public)
                                                   CalImbRate (TamperProc)
                                                   Hex_BCD (public)
                                                   RTC_Format_io (mainapp)
           ENTRY                   ADDRESS         REF BY
           =====                   =======         ======
           __Constant_64           00001A4C 
    -------------------------------------------------------------------------
BANK_RELAYS
  Relative segment, address: CODE 000006A3 - 000006A8 (0x6 bytes), align: 0
  Segment part 13.
           ENTRY                   ADDRESS         REF BY
           =====                   =======         ======
           DelayXms::?relay        000006A3        JbMode (Ptl_1107)
                                                   LCD_Off (LcdBottom)
                                                   Pwr_WakeupProc (Powmanger)
    -------------------------------------------------------------------------
BANK_RELAYS
  Relative segment, address: CODE 000006A9 - 000006AE (0x6 bytes), align: 0
  Segment part 31.            Intra module refs:   Hex2BCD
           ENTRY                   ADDRESS         REF BY
           =====                   =======         ======
           IntHex2BCD::?relay      000006A9 
    -------------------------------------------------------------------------
BANK_RELAYS
  Relative segment, address: CODE 000006AF - 000006B4 (0x6 bytes), align: 0
  Segment part 33.
           ENTRY                   ADDRESS         REF BY
           =====                   =======         ======
           Hex2BCD::?relay         000006AF        CalRMS (EnergyBottom)
                                                   ReadCurEgy (Ptl_1107)
                                                   ReadHisDemad (Ptl_1107)
                                                   ReadHisEgy (Ptl_1107)
    -------------------------------------------------------------------------
BANK_RELAYS
  Relative segment, address: CODE 000006B5 - 000006BA (0x6 bytes), align: 0
  Segment part 35.
           ENTRY                   ADDRESS         REF BY
           =====                   =======         ======
           BCD2Hex::?relay         000006B5        DoSinglePhase (mainapp)
    -------------------------------------------------------------------------
BANK_RELAYS
  Relative segment, address: CODE 000006BB - 000006C0 (0x6 bytes), align: 0
  Segment part 39.            Intra module refs:   BCD2Hex
                                                   JudgeIsNum
           ENTRY                   ADDRESS         REF BY
           =====                   =======         ======
           APIByteBCD2HEX::?relay
                                   000006BB        CalcWeek (Timeproc)
    -------------------------------------------------------------------------
BANK_RELAYS
  Relative segment, address: CODE 000006C1 - 000006C6 (0x6 bytes), align: 0
  Segment part 41.            Intra module refs:   IntHex2BCD
           ENTRY                   ADDRESS         REF BY
           =====                   =======         ======
           APIByteHEX2BCD::?relay
                                   000006C1 
    -------------------------------------------------------------------------
BANK_RELAYS
  Relative segment, address: CODE 000006C7 - 000006CC (0x6 bytes), align: 0
  Segment part 43.
           ENTRY                   ADDRESS         REF BY
           =====                   =======         ======
           ApiBufCmp::?relay       000006C7        JbComHd (Ptl_1107)
    -------------------------------------------------------------------------
BANK_RELAYS
  Relative segment, address: CODE 000006CD - 000006D2 (0x6 bytes), align: 0
  Segment part 47.
           ENTRY                   ADDRESS         REF BY
           =====                   =======         ======
           ApiCodeBufCmp::?relay   000006CD        FindObsiPoint (Ptl_1107)
    -------------------------------------------------------------------------
BANK_RELAYS
  Relative segment, address: CODE 000006D3 - 000006D8 (0x6 bytes), align: 0
  Segment part 51.
           ENTRY                   ADDRESS         REF BY
           =====                   =======         ======
           do_CRC::?relay          000006D3        ClockBAK_RAM (Timeproc)
                                                   ClockCheck (Timeproc)
                                                   Pwr_ChkProc (Powmanger)
                                                   RecoverCfg (FunCfg)
                                                   SetCRCWord (Dataproc)
                                                   SoftClockCheck (Timeproc)
    -------------------------------------------------------------------------
BANK_RELAYS
  Relative segment, address: CODE 000006D9 - 000006DE (0x6 bytes), align: 0
  Segment part 53.
           ENTRY                   ADDRESS         REF BY
           =====                   =======         ======
           JudgeIsNum::?relay      000006D9        RTCCheck (Timeproc)
    -------------------------------------------------------------------------
BANK_RELAYS
  Relative segment, address: CODE 000006DF - 000006E4 (0x6 bytes), align: 0
  Segment part 65.
           ENTRY                   ADDRESS         REF BY
           =====                   =======         ======
           MemSet::?relay          000006DF        Disp_Clear (LcdBottom)
                                                   Disp_Full (LcdBottom)
                                                   ResetMinuteDemand (Demand)
    -------------------------------------------------------------------------
BANK_RELAYS
  Relative segment, address: CODE 000006E5 - 000006EA (0x6 bytes), align: 0
  Segment part 75.
           ENTRY                   ADDRESS         REF BY
           =====                   =======         ======
           ASCII2BCD::?relay       000006E5        DateAndTimeProc (Ptl_1107)
                                                   E2DataProc (Ptl_1107)
    -------------------------------------------------------------------------
BANK_RELAYS
  Relative segment, address: CODE 000006EB - 000006F0 (0x6 bytes), align: 0
  Segment part 77.
           ENTRY                   ADDRESS         REF BY
           =====                   =======         ======
           BCD2ASCII::?relay       000006EB        DateAndTimeProc (Ptl_1107)
                                                   E2DataProc (Ptl_1107)
                                                   JbComHd (Ptl_1107)
                                                   ReadBodyOpOrMdTrDate (Ptl_1107)
                                                   ReadCurEgy (Ptl_1107)
                                                   ReadHisDemad (Ptl_1107)
                                                   ReadHisEgy (Ptl_1107)
                                                   ReadInsData (Ptl_1107)
                                                   ReadPowDnJl (Ptl_1107)
    -------------------------------------------------------------------------
BANK_RELAYS
  Relative segment, address: CODE 000006F1 - 000006F6 (0x6 bytes), align: 0
  Segment part 79.            Intra module refs:   StrCpy
           ENTRY                   ADDRESS         REF BY
           =====                   =======         ======
           StrLen::?relay          000006F1        RdData (Ptl_1107)
    -------------------------------------------------------------------------
BANK_RELAYS
  Relative segment, address: CODE 000006F7 - 000006FC (0x6 bytes), align: 0
  Segment part 81.
           ENTRY                   ADDRESS         REF BY
           =====                   =======         ======
           StrCpy::?relay          000006F7        RdData (Ptl_1107)

    *************************************************************************

  FILE NAME : C:\worktop\galaxy_Thailand_9811b_62056_meter\source\Debug\Obj\ComApplication.r51
  PROGRAM MODULE, NAME : ComApplication

  SEGMENTS IN THE MODULE
  ======================
<BANKED_CODE> 3 (was BANKED_CODE)
  Relative segment, address: CODE 00018000 - 00018034 (0x35 bytes), align: 0
  Segment part 6.             Intra module refs:   ComApp_Proc::?relay
           ENTRY                   ADDRESS         REF BY
           =====                   =======         ======
           ComApp_Proc             00018000 
               calls direct, is not allocated
               not allocated function
    -------------------------------------------------------------------------
<BANKED_CODE> 3 (was BANKED_CODE)
  Relative segment, address: CODE 00018035 - 00018072 (0x3e bytes), align: 0
  Segment part 8.             Intra module refs:   Uart_Proc::?relay
           ENTRY                   ADDRESS         REF BY
           =====                   =======         ======
           Uart_Proc               00018035 
               calls direct, is not allocated
               not allocated function
    -------------------------------------------------------------------------
BANK_RELAYS
  Relative segment, address: CODE 000006FD - 00000702 (0x6 bytes), align: 0
  Segment part 7.
           ENTRY                   ADDRESS         REF BY
           =====                   =======         ======
           ComApp_Proc::?relay     000006FD        main (mainapp)
    -------------------------------------------------------------------------
BANK_RELAYS
  Relative segment, address: CODE 00000703 - 00000708 (0x6 bytes), align: 0
  Segment part 9.             Intra module refs:   ComApp_Proc
           ENTRY                   ADDRESS         REF BY
           =====                   =======         ======
           Uart_Proc::?relay       00000703 

    *************************************************************************

  FILE NAME : C:\worktop\galaxy_Thailand_9811b_62056_meter\source\Debug\Obj\ComBottom.r51
  PROGRAM MODULE, NAME : ComBottom

  SEGMENTS IN THE MODULE
  ======================
XDATA_Z
  Relative segment, address: XDATA 00000331 - 00000331 (0x1 bytes), align: 0
  Segment part 6.
           ENTRY                   ADDRESS         REF BY
           =====                   =======         ======
           guc_BodeDely            00000331        BD_ProcFrame (Prcfrm)
                                                   JbMode (Ptl_1107)
                                                   PrRdWr (Ptl_1107)
                                                   Uart4_Dy10ms (Uart4)
                                                   Var_Init (main)
    -------------------------------------------------------------------------
XDATA_Z
  Relative segment, address: XDATA 00000332 - 00000332 (0x1 bytes), align: 0
  Segment part 7.
           ENTRY                   ADDRESS         REF BY
           =====                   =======         ======
           guc_ComSendDy           00000332        Timer2Interrupt (System)
                                                   Var_Init (main)
    -------------------------------------------------------------------------
<BANKED_CODE> 2 (was BANKED_CODE)
  Relative segment, address: CODE 0000F933 - 0000F9D4 (0xa2 bytes), align: 0
  Segment part 8.             Intra module refs:   ComBom_Init::?relay
           ENTRY                   ADDRESS         REF BY
           =====                   =======         ======
           ComBom_Init             0000F933 
               calls direct
               XSTACK = 00000009 ( 00000009 )
    -------------------------------------------------------------------------
<BANKED_CODE> 2 (was BANKED_CODE)
  Relative segment, address: CODE 0000F9D5 - 0000F9EE (0x1a bytes), align: 0
  Segment part 10.            Intra module refs:   ComBom_InitAll::?relay
           ENTRY                   ADDRESS         REF BY
           =====                   =======         ======
           ComBom_InitAll          0000F9D5 
               calls direct, is not allocated
               not allocated function
    -------------------------------------------------------------------------
<BANKED_CODE> 2 (was BANKED_CODE)
  Relative segment, address: CODE 0000F9EF - 0000FA37 (0x49 bytes), align: 0
  Segment part 12.            Intra module refs:   ComBom_StartSend::?relay
           ENTRY                   ADDRESS         REF BY
           =====                   =======         ======
           ComBom_StartSend        0000F9EF 
               calls direct, is not allocated
               not allocated function
    -------------------------------------------------------------------------
<BANKED_CODE> 2 (was BANKED_CODE)
  Relative segment, address: CODE 0000FA38 - 0000FA8C (0x55 bytes), align: 0
  Segment part 14.            Intra module refs:   ComBom_10msDy::?relay
           ENTRY                   ADDRESS         REF BY
           =====                   =======         ======
           ComBom_10msDy           0000FA38 
               ISTACK = 00000000 ( 00000002 )
    -------------------------------------------------------------------------
BANK_RELAYS
  Relative segment, address: CODE 00000709 - 0000070E (0x6 bytes), align: 0
  Segment part 9.             Intra module refs:   ComBom_InitAll
                                                   ComBom_StartSend
           ENTRY                   ADDRESS         REF BY
           =====                   =======         ======
           ComBom_Init::?relay     00000709        Init_Uart (McuDrive)
                                                   Uart2_Transmit (Uart2)
                                                   Uart4_Dy10ms (Uart4)
                                                   Uart4_Transmit (Uart4)
                                                   Uart_Proc (ComApplication)
    -------------------------------------------------------------------------
BANK_RELAYS
  Relative segment, address: CODE 0000070F - 00000714 (0x6 bytes), align: 0
  Segment part 11.
           ENTRY                   ADDRESS         REF BY
           =====                   =======         ======
           ComBom_InitAll::?relay
                                   0000070F        Init_Data (GC_Use)
                                                   Uart_Proc (ComApplication)
                                                   main (mainapp)
    -------------------------------------------------------------------------
BANK_RELAYS
  Relative segment, address: CODE 00000715 - 0000071A (0x6 bytes), align: 0
  Segment part 13.
           ENTRY                   ADDRESS         REF BY
           =====                   =======         ======
           ComBom_StartSend::?relay
                                   00000715        BD_ProcFrame (Prcfrm)
    -------------------------------------------------------------------------
BANK_RELAYS
  Relative segment, address: CODE 0000071B - 00000720 (0x6 bytes), align: 0
  Segment part 15.
           ENTRY                   ADDRESS         REF BY
           =====                   =======         ======
           ComBom_10msDy::?relay   0000071B        Timer2Interrupt (System)

    *************************************************************************

  FILE NAME : C:\worktop\galaxy_Thailand_9811b_62056_meter\source\Debug\Obj\Dataproc.r51
  PROGRAM MODULE, NAME : Dataproc

  SEGMENTS IN THE MODULE
  ======================
SFR_AN
  Relative segment, address: DATA 000000CE - 000000CE (0x1 bytes), align: 0
  Segment part 1. ROOT.       Intra module refs:   Data_SecProc
                                                   EnyB_SetMeterRule (EnergyBottom)
                                                   Get_LVDVolt (mainapp)
                                                   Init_MCU (InOut)
                                                   Mea_Consumption_Dly (main)
                                                   Mea_Init (EnergyBottom)
                                                   Pwr_ChkProc (Powmanger)
                                                   Pwr_WakeupProc (Powmanger)
                                                   SwitchMode (TamperProc)
                                                   TIMER_ISR (mainapp)
                                                   main (mainapp)
           ENTRY                   ADDRESS         REF BY
           =====                   =======         ======
           WDTEN                   000000CE 
    -------------------------------------------------------------------------
SFR_AN
  Relative segment, address: DATA 000000CF - 000000CF (0x1 bytes), align: 0
  Segment part 2. ROOT.       Intra module refs:   Data_SecProc
                                                   EnyB_SetMeterRule (EnergyBottom)
                                                   Get_LVDVolt (mainapp)
                                                   Init_MCU (InOut)
                                                   Mea_Consumption_Dly (main)
                                                   Mea_Init (EnergyBottom)
                                                   Pwr_ChkProc (Powmanger)
                                                   Pwr_WakeupProc (Powmanger)
                                                   SwitchMode (TamperProc)
                                                   TIMER_ISR (mainapp)
                                                   main (mainapp)
           ENTRY                   ADDRESS         REF BY
           =====                   =======         ======
           WDTCLR                  000000CF 
    -------------------------------------------------------------------------
XDATA_Z
  Relative segment, address: XDATA 00000333 - 00000333 (0x1 bytes), align: 0
  Segment part 8.
           ENTRY                   ADDRESS         REF BY
           =====                   =======         ======
           gs_SysRunSt             00000333        CalRMS (EnergyBottom)
                                                   EnyB_ChkPowRev (EnergyBottom)
                                                   Tamp_ChkBlance (TamperProc)
                                                   Var_Init (main)
    -------------------------------------------------------------------------
XDATA_Z
  Relative segment, address: XDATA 00000334 - 00000335 (0x2 bytes), align: 0
  Segment part 9.
           ENTRY                   ADDRESS         REF BY
           =====                   =======         ======
           gut_SysWarn             00000334        Var_Init (main)
    -------------------------------------------------------------------------
XDATA_Z
  Relative segment, address: XDATA 00000336 - 0000033F (0xa bytes), align: 0
  Segment part 13.
           ENTRY                   ADDRESS         REF BY
           =====                   =======         ======
           guc_InitWd              00000336        ClearMeterProc (Ptl_1107)
                                                   JbComHd (Ptl_1107)
    -------------------------------------------------------------------------
<BANKED_CODE> 2 (was BANKED_CODE)
  Relative segment, address: CODE 0000FB9D - 0000FBAD (0x11 bytes), align: 0
  Segment part 23.            Intra module refs:   Data_RecPara::?relay
           ENTRY                   ADDRESS         REF BY
           =====                   =======         ======
           Data_RecPara            0000FB9D 
               calls direct, is not allocated
               not allocated function
    -------------------------------------------------------------------------
<BANKED_CODE> 2 (was BANKED_CODE)
  Relative segment, address: CODE 0000FBAE - 0000FC16 (0x69 bytes), align: 0
  Segment part 29.            Intra module refs:   SetCRCWord::?relay
           ENTRY                   ADDRESS         REF BY
           =====                   =======         ======
           SetCRCWord              0000FBAE 
               calls direct
               XSTACK = 00000000 ( 0000000C )
               ISTACK = 00000000 ( 00000001 )
    -------------------------------------------------------------------------
<BANKED_CODE> 2 (was BANKED_CODE)
  Relative segment, address: CODE 0000FC17 - 0000FC19 (0x3 bytes), align: 0
  Segment part 31.            Intra module refs:   Data_ClearMeter::?relay
           ENTRY                   ADDRESS         REF BY
           =====                   =======         ======
           Data_ClearMeter         0000FC17 
    -------------------------------------------------------------------------
<BANKED_CODE> 2 (was BANKED_CODE)
  Relative segment, address: CODE 0000FC1A - 0000FC9E (0x85 bytes), align: 0
  Segment part 37.            Intra module refs:   Data_SecProc::?relay
           ENTRY                   ADDRESS         REF BY
           =====                   =======         ======
           Data_SecProc            0000FC1A 
               calls direct, is not allocated
               not allocated function
    -------------------------------------------------------------------------
<BANKED_CODE> 2 (was BANKED_CODE)
  Relative segment, address: CODE 0000FC9F - 0000FCA1 (0x3 bytes), align: 0
  Segment part 59.            Intra module refs:   RecoverEnergyData::?relay
           ENTRY                   ADDRESS         REF BY
           =====                   =======         ======
           RecoverEnergyData       0000FC9F 
               is not allocated
               not allocated function
    -------------------------------------------------------------------------
BANK_RELAYS
  Relative segment, address: CODE 00000721 - 00000726 (0x6 bytes), align: 0
  Segment part 24.
           ENTRY                   ADDRESS         REF BY
           =====                   =======         ======
           Data_RecPara::?relay    00000721        main (mainapp)
    -------------------------------------------------------------------------
BANK_RELAYS
  Relative segment, address: CODE 00000727 - 0000072C (0x6 bytes), align: 0
  Segment part 30.
           ENTRY                   ADDRESS         REF BY
           =====                   =======         ======
           SetCRCWord::?relay      00000727        ClearMeterProc (Ptl_1107)
                                                   JbComHd (Ptl_1107)
    -------------------------------------------------------------------------
BANK_RELAYS
  Relative segment, address: CODE 0000072D - 00000732 (0x6 bytes), align: 0
  Segment part 32.
           ENTRY                   ADDRESS         REF BY
           =====                   =======         ======
           Data_ClearMeter::?relay
                                   0000072D        ClearMeterProc (Ptl_1107)
    -------------------------------------------------------------------------
BANK_RELAYS
  Relative segment, address: CODE 00000733 - 00000738 (0x6 bytes), align: 0
  Segment part 38.
           ENTRY                   ADDRESS         REF BY
           =====                   =======         ======
           Data_SecProc::?relay    00000733        main (mainapp)
    -------------------------------------------------------------------------
BANK_RELAYS
  Relative segment, address: CODE 00000739 - 0000073E (0x6 bytes), align: 0
  Segment part 60.            Intra module refs:   Data_RecPara
           ENTRY                   ADDRESS         REF BY
           =====                   =======         ======
           RecoverEnergyData::?relay
                                   00000739 

    *************************************************************************

  FILE NAME : C:\worktop\galaxy_Thailand_9811b_62056_meter\source\Debug\Obj\Demand.r51
  PROGRAM MODULE, NAME : Demand

  SEGMENTS IN THE MODULE
  ======================
XDATA_Z
  Relative segment, address: XDATA 00000340 - 00000349 (0xa bytes), align: 0
  Segment part 6.             Intra module refs:   Demand_250ms
                                                   ResetMinuteDemand
           ENTRY                   ADDRESS         REF BY
           =====                   =======         ======
           gs_DemanCalcData        00000340 
    -------------------------------------------------------------------------
XDATA_Z
  Relative segment, address: XDATA 0000034A - 0000034A (0x1 bytes), align: 0
  Segment part 7.             Intra module refs:   Demand_Init
           ENTRY                   ADDRESS         REF BY
           =====                   =======         ======
           guc_DeamandTimer        0000034A 
    -------------------------------------------------------------------------
XDATA_Z
  Relative segment, address: XDATA 0000034B - 0000034E (0x4 bytes), align: 0
  Segment part 8.             Intra module refs:   Demand_Init
           ENTRY                   ADDRESS         REF BY
           =====                   =======         ======
           gl_DemandValue          0000034B 
    -------------------------------------------------------------------------
XDATA_Z
  Relative segment, address: XDATA 0000034F - 00000352 (0x4 bytes), align: 0
  Segment part 9.             Intra module refs:   Demand_Init
           ENTRY                   ADDRESS         REF BY
           =====                   =======         ======
           gul_Power               0000034F 
    -------------------------------------------------------------------------
XDATA_Z
  Relative segment, address: XDATA 00000353 - 00000356 (0x4 bytes), align: 0
  Segment part 10.            Intra module refs:   Demand_Init
           ENTRY                   ADDRESS         REF BY
           =====                   =======         ======
           gl_XPm                  00000353 
    -------------------------------------------------------------------------
XDATA_Z
  Relative segment, address: XDATA 00000357 - 00000357 (0x1 bytes), align: 0
  Segment part 12.            Intra module refs:   Demand_Init
           ENTRY                   ADDRESS         REF BY
           =====                   =======         ======
           guc_DmdCnt              00000357 
    -------------------------------------------------------------------------
XDATA_Z
  Relative segment, address: XDATA 00000358 - 00000358 (0x1 bytes), align: 0
  Segment part 13.            Intra module refs:   ResetMinuteDemand
           ENTRY                   ADDRESS         REF BY
           =====                   =======         ======
           guc_DmdFrscnt           00000358 
    -------------------------------------------------------------------------
XDATA_Z
  Relative segment, address: XDATA 00000359 - 00000359 (0x1 bytes), align: 0
  Segment part 14.            Intra module refs:   Demand_Init
           ENTRY                   ADDRESS         REF BY
           =====                   =======         ======
           guc_Dmd250msCnt         00000359        Timer2Interrupt (System)
    -------------------------------------------------------------------------
<BANKED_CODE> 2 (was BANKED_CODE)
  Relative segment, address: CODE 0000FD5C - 0000FD94 (0x39 bytes), align: 0
  Segment part 20.            Intra module refs:   Demand_Init::?relay
           ENTRY                   ADDRESS         REF BY
           =====                   =======         ======
           Demand_Init             0000FD5C 
               calls direct, is not allocated
               not allocated function
    -------------------------------------------------------------------------
<BANKED_CODE> 2 (was BANKED_CODE)
  Relative segment, address: CODE 0000FD95 - 0000FDAF (0x1b bytes), align: 0
  Segment part 24.            Intra module refs:   Demand_250ms::?relay
           ENTRY                   ADDRESS         REF BY
           =====                   =======         ======
           Demand_250ms            0000FD95 
               ISTACK = 00000000 ( 00000002 )
    -------------------------------------------------------------------------
<BANKED_CODE> 2 (was BANKED_CODE)
  Relative segment, address: CODE 0000FDB0 - 0000FE0A (0x5b bytes), align: 0
  Segment part 26.            Intra module refs:   ResetMinuteDemand::?relay
           ENTRY                   ADDRESS         REF BY
           =====                   =======         ======
           ResetMinuteDemand       0000FDB0 
               calls direct, is not allocated
               not allocated function
    -------------------------------------------------------------------------
CODE_C
  Relative segment, address: CODE 00001A50 - 00001A53 (0x4 bytes), align: 0
  Segment part 17.            Intra module refs:   BCD_Hex (public)
                                                   ClrRcdTime (public)
                                                   EnyB_ChkPowRev (EnergyBottom)
                                                   EnyB_Open_Cf (EnergyBottom)
                                                   GetFeilv (Meter)
                                                   GetFrozeLst (Meter)
                                                   Hex_BCD (public)
                                                   InitPMDSP (EnergyBottom)
                                                   MCUForPowerOff (McuDrive)
                                                   MeterADClose (TamperProc)
                                                   Pwr_WakeupProc (Powmanger)
                                                   RTC_Format_io (mainapp)
                                                   ReadBodyOpOrMdTrDate (Ptl_1107)
                                                   labs (?labs)
           ENTRY                   ADDRESS         REF BY
           =====                   =======         ======
           __Constant_0            00001A50 
    -------------------------------------------------------------------------
CODE_C
  Relative segment, address: CODE 00001A54 - 00001A57 (0x4 bytes), align: 0
  Segment part 19.            Intra module refs:   Adc_DataGet (adcfun)
                                                   CalImbRate (TamperProc)
                                                   calu_5 (mainapp)
                                                   vol_Get (adcfun)
           ENTRY                   ADDRESS         REF BY
           =====                   =======         ======
           __Constant_a            00001A54 
    -------------------------------------------------------------------------
BANK_RELAYS
  Relative segment, address: CODE 0000073F - 00000744 (0x6 bytes), align: 0
  Segment part 21.
           ENTRY                   ADDRESS         REF BY
           =====                   =======         ======
           Demand_Init::?relay     0000073F        App_Init (main)
    -------------------------------------------------------------------------
BANK_RELAYS
  Relative segment, address: CODE 00000745 - 0000074A (0x6 bytes), align: 0
  Segment part 25.
           ENTRY                   ADDRESS         REF BY
           =====                   =======         ======
           Demand_250ms::?relay    00000745        Timer2Interrupt (System)
    -------------------------------------------------------------------------
BANK_RELAYS
  Relative segment, address: CODE 0000074B - 00000750 (0x6 bytes), align: 0
  Segment part 27.            Intra module refs:   Demand_Init
           ENTRY                   ADDRESS         REF BY
           =====                   =======         ======
           ResetMinuteDemand::?relay
                                   0000074B 

    *************************************************************************

  FILE NAME : C:\worktop\galaxy_Thailand_9811b_62056_meter\source\Debug\Obj\Disp.r51
  PROGRAM MODULE, NAME : Disp

  SEGMENTS IN THE MODULE
  ======================
SFR_AN
  Relative segment, address: DATA 000000A8 - 000000A8 (0x1 bytes), align: 0
  Segment part 1. ROOT.       Intra module refs:   Chk_KeyValue (Drv_DispKey)
                                                   Do_Keys
                                                   Do_MsTask_100 (GC_Use)
                                                   GPIO_Init_OffLine (InOut)
                                                   GetFeilv (Meter)
                                                   INTERRUPT_DISABLE (pxv9811b)
                                                   INTERRUPT_ENABLE (pxv9811b)
                                                   Init_Timer0 (McuDrive)
                                                   Init_Timer1 (McuDrive)
                                                   Init_Timer2 (McuDrive)
                                                   IntOFF (McuDrive)
                                                   PwrOffDisp (pwroffidsp)
                                                   Pwr_WakeupProc (Powmanger)
                                                   WBaud (TRx)
           ENTRY                   ADDRESS         REF BY
           =====                   =======         ======
           _A_IE                   000000A8 
           LOCAL                   ADDRESS         
           =====                   =======         
           IE                      000000A8 
           IE_bit                  000000A8 
    -------------------------------------------------------------------------
XDATA_AN
  Relative segment, address: XDATA 000028D5 - 000028D5 (0x1 bytes), align: 0
  Segment part 2. ROOT.       Intra module refs:   GPIO_Init_OffLine (InOut)
                                                   IO_Init (McuDrive)
                                                   MCU_OnLIne_Init (InOut)
                                                   TimerA_Capture_Reg_Init (Timer0Capture)
                                                   UpBkltLED
                                                   debug_ledshow (pxv9811b)
           ENTRY                   ADDRESS         REF BY
           =====                   =======         ======
           P7OE                    000028D5 
    -------------------------------------------------------------------------
XDATA_AN
  Relative segment, address: XDATA 000028D6 - 000028D6 (0x1 bytes), align: 0
  Segment part 3. ROOT.       Intra module refs:   GPIO_Init_OffLine (InOut)
                                                   IO_Init (McuDrive)
                                                   MCU_OnLIne_Init (InOut)
                                                   TimerA_Capture_Reg_Init (Timer0Capture)
                                                   UpBkltLED
                                                   debug_ledshow (pxv9811b)
           ENTRY                   ADDRESS         REF BY
           =====                   =======         ======
           P7IE                    000028D6 
    -------------------------------------------------------------------------
XDATA_AN
  Relative segment, address: XDATA 000028D7 - 000028D7 (0x1 bytes), align: 0
  Segment part 4. ROOT.       Intra module refs:   GPIO_Init_OffLine (InOut)
                                                   MCU_OnLIne_Init (InOut)
                                                   TimerA_Capture_Reg_Init (Timer0Capture)
                                                   UpBkltLED
                                                   debug_ledshow (pxv9811b)
           ENTRY                   ADDRESS         REF BY
           =====                   =======         ======
           P7OD                    000028D7 
    -------------------------------------------------------------------------
<BANKED_CODE> 2 (was BANKED_CODE)
  Relative segment, address: CODE 0000FEB4 - 0000FF12 (0x5f bytes), align: 0
  Segment part 21.            Intra module refs:   Do_Keys::?relay
           ENTRY                   ADDRESS         REF BY
           =====                   =======         ======
           Do_Keys                 0000FEB4 
               calls direct, is not allocated
               not allocated function
    -------------------------------------------------------------------------
<BANKED_CODE> 2 (was BANKED_CODE)
  Relative segment, address: CODE 0000FF13 - 0000FF4D (0x3b bytes), align: 0
  Segment part 23.            Intra module refs:   Do_IRKeys::?relay
           ENTRY                   ADDRESS         REF BY
           =====                   =======         ======
           Do_IRKeys               0000FF13 
               calls direct, is not allocated
               not allocated function
    -------------------------------------------------------------------------
CODE_C
  Relative segment, address: CODE 00001A58 - 00001A68 (0x11 bytes), align: 0
  Segment part 10.            Intra module refs:   SetDigitDisp
           ENTRY                   ADDRESS         REF BY
           =====                   =======         ======
           DigitBits               00001A58 
    -------------------------------------------------------------------------
<BANK2> 1 (was BANK2)
  Relative segment, address: CODE 00029693 - 00029756 (0xc4 bytes), align: 0
  Segment part 25.            Intra module refs:   UpBkltLED::?relay
           ENTRY                   ADDRESS         REF BY
           =====                   =======         ======
           UpBkltLED               00029693 
               is not allocated
               not allocated function
    -------------------------------------------------------------------------
<BANK2> 1 (was BANK2)
  Relative segment, address: CODE 00029757 - 0002978F (0x39 bytes), align: 0
  Segment part 29.            Intra module refs:   SetDispBit::?relay
           ENTRY                   ADDRESS         REF BY
           =====                   =======         ======
           SetDispBit              00029757 
               is not allocated
               not allocated function
    -------------------------------------------------------------------------
<BANK2> 1 (was BANK2)
  Relative segment, address: CODE 00029790 - 000297C9 (0x3a bytes), align: 0
  Segment part 31.            Intra module refs:   SetDispBit_rev::?relay
           ENTRY                   ADDRESS         REF BY
           =====                   =======         ======
           SetDispBit_rev          00029790 
               is not allocated
               not allocated function
    -------------------------------------------------------------------------
<BANK2> 1 (was BANK2)
  Relative segment, address: CODE 000297CA - 00029829 (0x60 bytes), align: 0
  Segment part 33.            Intra module refs:   SetDigitDisp::?relay
           ENTRY                   ADDRESS         REF BY
           =====                   =======         ======
           SetDigitDisp            000297CA 
               calls direct, is not allocated
               not allocated function
    -------------------------------------------------------------------------
<BANK2> 1 (was BANK2)
  Relative segment, address: CODE 0002982A - 000298B6 (0x8d bytes), align: 0
  Segment part 35.            Intra module refs:   AddDispBits::?relay
           ENTRY                   ADDRESS         REF BY
           =====                   =======         ======
           AddDispBits             0002982A 
               XSTACK = 00000000 ( 0000000A )
               ISTACK = 00000000 ( 00000001 )
    -------------------------------------------------------------------------
<BANK2> 1 (was BANK2)
  Relative segment, address: CODE 000298B7 - 000298DA (0x24 bytes), align: 0
  Segment part 37.            Intra module refs:   AddDispSetBits::?relay
           ENTRY                   ADDRESS         REF BY
           =====                   =======         ======
           AddDispSetBits          000298B7 
               calls direct
               ISTACK = 00000000 ( 00000002 )
    -------------------------------------------------------------------------
<BANK2> 1 (was BANK2)
  Relative segment, address: CODE 000298DB - 00029900 (0x26 bytes), align: 0
  Segment part 39.            Intra module refs:   AddUseLst::?relay
           ENTRY                   ADDRESS         REF BY
           =====                   =======         ======
           AddUseLst               000298DB 
               calls direct
               ISTACK = 00000000 ( 00000002 )
    -------------------------------------------------------------------------
<BANK2> 1 (was BANK2)
  Relative segment, address: CODE 00029901 - 000299B3 (0xb3 bytes), align: 0
  Segment part 41.            Intra module refs:   SetDispBitLst::?relay
           ENTRY                   ADDRESS         REF BY
           =====                   =======         ======
           SetDispBitLst           00029901 
               calls direct, is not allocated
               not allocated function
    -------------------------------------------------------------------------
<BANK2> 1 (was BANK2)
  Relative segment, address: CODE 000299B4 - 00029DBF (0x40c bytes), align: 0
  Segment part 43.            Intra module refs:   UpDisp::?relay
           ENTRY                   ADDRESS         REF BY
           =====                   =======         ======
           UpDisp                  000299B4 
               calls direct, is not allocated
               not allocated function
    -------------------------------------------------------------------------
<BANK2> 1 (was BANK2)
  Relative segment, address: CODE 00029DC0 - 00029EA6 (0xe7 bytes), align: 0
  Segment part 45.            Intra module refs:   NextItem::?relay
           ENTRY                   ADDRESS         REF BY
[...]
                                                   Get645Data (TRx)
                                                   GetCntTime (Drv_RTCSPK)
                                                   GetComUse (Meter)
                                                   GetFeilv (Meter)
                                                   GetFrozeLst (Meter)
                                                   GetFrozeMinCnt (public)
                                                   GetFrozeStart (PubData)
                                                   GetHex (TRx)
                                                   GetMonth (TRx)
                                                   GetRTCTm (Drv_RTCSPK)
                                                   GetTimeCnt (Drv_RTCSPK)
                                                   InitPMDSP (EnergyBottom)
                                                   Init_FlashData (indata_oper)
                                                   JbComHd (Ptl_1107)
                                                   JbMode (Ptl_1107)
                                                   JbSet (TRx)
                                                   Judge62056Frm (Prcfrm)
                                                   MCUForPowerOff (McuDrive)
                                                   MeterADClose (TamperProc)
                                                   MeterADSel (TamperProc)
                                                   MvData (public)
                                                   MvDataAddr (public)
                                                   NextItem (Disp)
                                                   NormCopy (public)
                                                   PrRdWr (Ptl_1107)
                                                   Pwr_WakeupProc (Powmanger)
                                                   ReadCurEgy (Ptl_1107)
                                                   ReadEEPROMFData (TRx)
                                                   ReadExtEEprom (TRx)
                                                   ReadFlashData (TRx)
                                                   ReadHisDemad (Ptl_1107)
                                                   ReadHisEgy (Ptl_1107)
                                                   ReadInsData (Ptl_1107)
                                                   ReadPowDnJl (Ptl_1107)
                                                   ReadSafeData (TRx)
                                                   ReadWriteTime (TRx)
                                                   Read_EEData (eeprom)
                                                   Read_EEData1 (eeprom)
                                                   Read_ELVSave (PubData)
                                                   RecoverCfg (FunCfg)
                                                   Reset_LVSave (PubData)
                                                   RevCopy (public)
                                                   RevCopyRam (public)
                                                   RxEOpenRcd (TRx)
                                                   RxJDErrRcd (TRx)
                                                   RxPwrErrRcd (TRx)
                                                   RxTmTblSetRcd (TRx)
                                                   RxWriteFacKey (TRx)
                                                   SetDispBitLst (Disp)
                                                   SetRTCCnt (Drv_RTCSPK)
                                                   SoftClockCheck (Timeproc)
                                                   StrCpy (Api)
                                                   Tamp_DspProc (TamperProc)
                                                   TimerProc (Timeproc)
                                                   Up_BCDData (TRx)
                                                   Up_ProgFroze (public)
                                                   Write_EEData (eeprom)
                                                   Write_EEData1 (eeprom)
                                                   Write_Froze (PubData)
                                                   cFlashinfo_Restore (indata_oper)
                                                   cFlashinfo_dianlian_backup (indata_oper)
                                                   cFroze_Comp (mainapp)
                                                   cGet_First_Data (indata_oper)
                                                   cSafeData_restoreData (safedate)
                                                   rtcJb (TRx)
                                                   strCmp (PubData)
    -------------------------------------------------------------------------
RCODE
  Relative segment, address: CODE 00001921 - 00001922 (0x2 bytes), align: 0
  Segment part 3.
           ENTRY                   ADDRESS         REF BY
           =====                   =======         ======
           ?PUSH_XSTACK_I_ONE      00001921        Get645Data (TRx)
                                                   RxFrozeDTRcd (TRx)
                                                   RxTmTblSetRcd (TRx)
    -------------------------------------------------------------------------
RCODE
  Relative segment, address: CODE 00001923 - 0000192F (0xd bytes), align: 0
  Segment part 4.             Intra module refs:   ?PUSH_XSTACK_I_FOUR
                                                   ?PUSH_XSTACK_I_ONE
                                                   ?PUSH_XSTACK_I_TWO
           ENTRY                   ADDRESS         REF BY
           =====                   =======         ======
           ?PUSH_XSTACK_I          00001923 

    -------------------------------------------------------------------------
  LIBRARY MODULE, NAME : ?PUSH_XSTACK8_X

  SEGMENTS IN THE MODULE
  ======================
RCODE
  Relative segment, address: CODE 00001930 - 00001933 (0x4 bytes), align: 0
  Segment part 1.
           ENTRY                   ADDRESS         REF BY
           =====                   =======         ======
           ?PUSH_XSTACK8_X_FOUR    00001930        CheckFroze (Meter)
                                                   ChkYFroze (Meter)
                                                   DoSinglePhase (mainapp)
                                                   GetFrozeLst (Meter)
                                                   GetTimeCnt (Drv_RTCSPK)
                                                   MStepFroze (Meter)
                                                   MvData (public)
                                                   ReadWriteTime (TRx)
                                                   SetRTCCnt (Drv_RTCSPK)
                                                   SetRcdTime (public)
                                                   Tamp_ChkBlance (TamperProc)
                                                   rtcJb (TRx)
    -------------------------------------------------------------------------
RCODE
  Relative segment, address: CODE 00001934 - 00001937 (0x4 bytes), align: 0
  Segment part 3.
           ENTRY                   ADDRESS         REF BY
           =====                   =======         ======
           ?PUSH_XSTACK8_X_TWO     00001934        EEData_Safe_Read (eeprom)
                                                   EnyB_SetMeterCfgACK (EnergyBottom)
                                                   EnyB_SetMeterCfgACK1 (EnergyBottom)
                                                   Read_EEData1 (eeprom)
    -------------------------------------------------------------------------
RCODE
  Relative segment, address: CODE 00001938 - 00001960 (0x29 bytes), align: 0
  Segment part 5.             Intra module refs:   ?PUSH_XSTACK8_X_FOUR
                                                   ?PUSH_XSTACK8_X_TWO
           ENTRY                   ADDRESS         REF BY
           =====                   =======         ======
           ?PUSH_XSTACK8_X         00001938        DateAndTimeProc (Ptl_1107)

    -------------------------------------------------------------------------
  LIBRARY MODULE, NAME : ?PUSH_XSTACK8_C

  SEGMENTS IN THE MODULE
  ======================
RCODE
  Relative segment, address: CODE 00001961 - 00001964 (0x4 bytes), align: 0
  Segment part 1.
           ENTRY                   ADDRESS         REF BY
           =====                   =======         ======
           ?PUSH_XSTACK8_C_FOUR    00001961        ClrRcdTime (public)
                                                   GetFeilv (Meter)
                                                   Mea_Init (EnergyBottom)
                                                   WaitTimeOver (Meter)
    -------------------------------------------------------------------------
RCODE
  Relative segment, address: CODE 00001965 - 0000198D (0x29 bytes), align: 0
  Segment part 5.             Intra module refs:   ?PUSH_XSTACK8_C_FOUR
           ENTRY                   ADDRESS         REF BY
           =====                   =======         ======
           ?PUSH_XSTACK8_C         00001965 

    -------------------------------------------------------------------------
  LIBRARY MODULE, NAME : ?US_SWITCH_SPARSE

  SEGMENTS IN THE MODULE
  ======================
RCODE
  Relative segment, address: CODE 0000198E - 00001997 (0xa bytes), align: 0
  Segment part 0.
           ENTRY                   ADDRESS         REF BY
           =====                   =======         ======
           ?US_SWITCH_SPARSE       0000198E        CalRMS (EnergyBottom)
           ?US_SWITCH_SPARSE_CFI_INVALID_BEGINS
                                   0000198E 
    -------------------------------------------------------------------------
RCODE
  Relative segment, address: CODE 00001998 - 000019D8 (0x41 bytes), align: 0
  Segment part 2.             Intra module refs:   Segment part 0
           ENTRY                   ADDRESS         REF BY
           =====                   =======         ======
           ?US_SWITCH_SPARSE_LEAVE
                                   000019CA        Segment part 0 (?US_JMP_IF_IN_RANGE)
                                                   Segment part 0 (?US_JMP_IF_VALUE)
    -------------------------------------------------------------------------
RCODE
  Relative segment, address: CODE 000019D9 - 000019D9 (0x1 bytes), align: 0
  Segment part 4.             Intra module refs:   Segment part 0
           ENTRY                   ADDRESS         REF BY
           =====                   =======         ======
           ?US_SWITCH_SPARSE_CFI_INVALID_ENDS
                                   000019DA 

    -------------------------------------------------------------------------
  LIBRARY MODULE, NAME : ?US_JMP_IF_IN_RANGE

  SEGMENTS IN THE MODULE
  ======================
RCODE
  Relative segment, address: CODE 000019DA - 00001A18 (0x3f bytes), align: 0
  Segment part 0.
           ENTRY                   ADDRESS         REF BY
           =====                   =======         ======
           ?US_JMP_IF_IN_RANGE     000019DA        ?US_SWITCH_SPARSE_LEAVE (?US_SWITCH_SPARSE)
           ?US_JMP_IF_IN_RANGE_CFI_INVALID_BEGINS
                                   000019DA 
           ?US_JMP_IF_IN_RANGE_CFI_INVALID_ENDS
                                   00001A19 

    -------------------------------------------------------------------------
  LIBRARY MODULE, NAME : ?US_JMP_IF_VALUE

  SEGMENTS IN THE MODULE
  ======================
RCODE
  Relative segment, address: CODE 00001A19 - 00001A43 (0x2b bytes), align: 0
  Segment part 0.
           ENTRY                   ADDRESS         REF BY
           =====                   =======         ======
           ?US_JMP_IF_VALUE        00001A19        ?US_SWITCH_SPARSE_LEAVE (?US_SWITCH_SPARSE)
           ?US_JMP_IF_VALUE_CFI_INVALID_BEGINS
                                   00001A19 
           ?US_JMP_IF_VALUE_CFI_INVALID_ENDS
                                   00001A44 

    -------------------------------------------------------------------------
  LIBRARY MODULE, NAME : ?labs

  SEGMENTS IN THE MODULE
  ======================
<BANKED_CODE> 3 (was BANKED_CODE)
  Relative segment, address: CODE 0001810F - 0001814D (0x3f bytes), align: 0
  Segment part 7.             Intra module refs:   labs::?relay
           ENTRY                   ADDRESS         REF BY
           =====                   =======         ======
           labs                    0001810F 
               is not allocated
               not allocated function
    -------------------------------------------------------------------------
BANK_RELAYS
  Relative segment, address: CODE 0000104B - 00001050 (0x6 bytes), align: 0
  Segment part 8.
           ENTRY                   ADDRESS         REF BY
           =====                   =======         ======
           labs::?relay            0000104B        DoSinglePhase (mainapp)

    *************************************************************************

  DEFINED ABSOLUTE ENTRIES



                ****************************************
                *                                      *
                *      SEGMENTS IN ADDRESS ORDER       *
                *                                      *
                ****************************************


SEGMENT              SPACE    START ADDRESS   END ADDRESS     SIZE  TYPE  ALIGN
=======              =====    =============   ===========     ====  ====  =====
INTVEC               CODE          00000000 - 00000065          66   com    0
CODE_AC              CODE          00000100 - 00000399         29A   rel    0
                     CODE          0000039C - 000005FF         264 
CSTART               CODE          00000600 - 000006A0          A1   rel    0
BIT_ID               CODE               000006A1                     dse    0
PDATA_ID             CODE               000006A1                     dse    0
IDATA_ID             CODE               000006A1                     dse    0
BDATA_ID             CODE               000006A1                     dse    0
DATA_ID              CODE               000006A1                     dse    0
IXDATA_ID            CODE               000006A1                     dse    0
XDATA_ID             CODE          000006A1 - 000006A2           2   rel    0
BANK_RELAYS          CODE          000006A3 - 00001050         9AE   rel    0
CODE_AC              CODE          000011C0 - 000011CC           D   rel    0
                     CODE          000011CE - 000011CE           1 
RCODE                CODE          000011CF - 00001A43         875   rel    0
DIFUNCT              CODE               00001A44                     dse    0
CODE_C               CODE          00001A44 - 0000375D        1D1A   rel    0
CODE_N               CODE               0000375E                     dse    0
NEAR_CODE            CODE          0000375E - 0000417D         A20   rel    0
<BANKED_CODE> 1      CODE          0000417E - 00007FF7        3E7A   rel    0
<BANKED_CODE> 2      CODE          00008000 - 0000FFFE        7FFF   rel    0
<BANKED_CODE> 3      CODE          00018000 - 0001814D         14E   rel    0
<BANK2> 1            CODE          00028000 - 0002A95C        295D   rel    0
REGISTERS            DATA          00000000 - 00000007           8   rel    0
__REG_BANK2          DATA          00000010 - 00000017           8   rel    0
BREG                 BIT        00000020.0  -  00000020.7        8   rel    0
VREG                 DATA          00000021 - 00000030          10   rel    0
PSP                  DATA               00000031                     dse    0
XSP                  DATA          00000031 - 00000032           2   rel    0
SFR_AN               DATA          00000080 - 00000080           1   rel    0
                     DATA          00000087 - 0000008E           8 
                     DATA          00000090 - 00000091           2 
                     DATA          00000093 - 00000097           5 
                     DATA          0000009A - 0000009F           6 
                     DATA          000000A1 - 000000A1           1 
                     DATA          000000A3 - 000000A8           6 
                     DATA          000000AD - 000000AD           1 
                     DATA          000000C0 - 000000C0           1 
                     DATA          000000C8 - 000000C8           1 
                     DATA          000000CC - 000000CF           4 
                     DATA          000000DA - 000000DD           4 
                     DATA          000000DF - 000000DF           1 
                     DATA          000000E8 - 000000E8           1 
XSTACK               XDATA         00000001 - 00000330         330   rel    0
XDATA_Z              XDATA         00000331 - 00000E8B         B5B   rel    0
XDATA_I              XDATA         00000E8C - 00000E8D           2   rel    0
XDATA_AN             XDATA         00002820 - 00002821           2   rel    0
                     XDATA         00002823 - 00002823           1 
                     XDATA         00002825 - 00002828           4 
                     XDATA         0000282E - 0000282E           1 
                     XDATA         00002830 - 00002831           2 
                     XDATA         00002833 - 00002833           1 
                     XDATA         00002835 - 00002838           4 
                     XDATA         0000283E - 0000283E           1 
                     XDATA         00002840 - 00002840           1 
                     XDATA         00002843 - 00002843           1 
                     XDATA         00002848 - 00002848           1 
                     XDATA         0000284B - 0000284B           1 
                     XDATA         00002850 - 00002850           1 
                     XDATA         00002853 - 00002853           1 
                     XDATA         00002858 - 00002868          11 
                     XDATA         000028A2 - 000028A2           1 
                     XDATA         000028A5 - 000028A5           1 
                     XDATA         000028A8 - 000028AA           3 
                     XDATA         000028AC - 000028B2           7 
                     XDATA         000028B4 - 000028B5           2 
                     XDATA         000028B8 - 000028B9           2 
                     XDATA         000028BC - 000028BD           2 
                     XDATA         000028C0 - 000028C1           2 
                     XDATA         000028C4 - 000028CA           7 
                     XDATA         000028CD - 000028CF           3 
                     XDATA         000028D5 - 000028D7           3 
                     XDATA         000028D9 - 000028DA           2 
                     XDATA         00002900 - 00002900           1 
                     XDATA         00002904 - 00002905           2 
                     XDATA         0000290A - 0000290B           2 
                     XDATA         00002A05 - 00002A05           1 
                     XDATA         00002C00 - 00002C00           1 
                     XDATA         00002C1E - 00002C23           6 
                     XDATA         00002D00 - 00002D01           2 
ISTACK               IDATA         00000090 - 000000FF          70   rel    0

                ****************************************
                *                                      *
                *        END OF CROSS REFERENCE        *
                *                                      *
                ****************************************

 74 634 bytes of CODE  memory (+ 1 292 absolute )
     26 bytes of DATA  memory (+    50 absolute )
  3 725 bytes of XDATA memory (+    89 absolute )
    112 bytes of IDATA memory
      8 bits  of BIT   memory

Errors: none
Warnings: 14

