################################################################################
#                                                                              #
#      IAR Universal Linker V5.7.0.39                                          #
#                                                                              #
#           Link time     =  06/Sep/2019  12:14:21                             #
#           Target CPU    =  x51                                               #
#           List file     =  C:\worktop\galaxy_Thailand_9811b_62056_meter\sour #
#                            ce\Debug\List\D143R-9821S.map                     #
#           Output file 1 =  C:\worktop\galaxy_Thailand_9811b_62056_meter\sour #
#                            ce\Debug\Exe\D143F9821S.xx.20xxxxxx.hex           #
#                            Format: intel-extended                            #
#           Output file 2 =  C:\worktop\galaxy_Thailand_9811b_62056_meter\sour #
#                            ce\Debug\Exe\D143R-9821S.d51                      #
#                            Format: debug                                     #
#                            UBROF version 10.0.6                              #
#                            Using library modules for C-SPY (-r)              #
#           Command line  =  "-IC:\Program Files (x86)\IAR Systems\Embedded Wo #
#                            rkbench 6.5\8051\CONFIG\"                         #
#                            -D_NR_OF_BANKS=0 -D_CODEBANK_END=0                #
#                            -D_CODEBANK_START=0                               #
#                            C:\worktop\galaxy_Thailand_9811b_62056_meter\sour #
#                            ce\Debug\Obj\ADKfunc.r51                          #
#                            C:\worktop\galaxy_Thailand_9811b_62056_meter\sour #
#                            ce\Debug\Obj\Api.r51                              #
#                            C:\worktop\galaxy_Thailand_9811b_62056_meter\sour #
#                            ce\Debug\Obj\BEBottom.r51                         #
#                            C:\worktop\galaxy_Thailand_9811b_62056_meter\sour #
#                            ce\Debug\Obj\ComApplication.r51                   #
#                            C:\worktop\galaxy_Thailand_9811b_62056_meter\sour #
#                            ce\Debug\Obj\ComBottom.r51                        #
#                            C:\worktop\galaxy_Thailand_9811b_62056_meter\sour #
#                            ce\Debug\Obj\ComCoretab.r51                       #
#                            C:\worktop\galaxy_Thailand_9811b_62056_meter\sour #
#                            ce\Debug\Obj\DLT_645_2007.r51                     #
#                            C:\worktop\galaxy_Thailand_9811b_62056_meter\sour #
#                            ce\Debug\Obj\DataProtect.r51                      #
#                            C:\worktop\galaxy_Thailand_9811b_62056_meter\sour #
#                            ce\Debug\Obj\Dataproc.r51                         #
#                            C:\worktop\galaxy_Thailand_9811b_62056_meter\sour #
#                            ce\Debug\Obj\Demand.r51                           #
#                            C:\worktop\galaxy_Thailand_9811b_62056_meter\sour #
#                            ce\Debug\Obj\Energy.r51                           #
#                            C:\worktop\galaxy_Thailand_9811b_62056_meter\sour #
#                            ce\Debug\Obj\EnergyBottom.r51                     #
#                            C:\worktop\galaxy_Thailand_9811b_62056_meter\sour #
#                            ce\Debug\Obj\FunCfg.r51                           #
#                            C:\worktop\galaxy_Thailand_9811b_62056_meter\sour #
#                            ce\Debug\Obj\InitPara.r51                         #
#                            C:\worktop\galaxy_Thailand_9811b_62056_meter\sour #
#                            ce\Debug\Obj\Key.r51                              #
#                            C:\worktop\galaxy_Thailand_9811b_62056_meter\sour #
#                            ce\Debug\Obj\LcdBottom.r51                        #
#                            C:\worktop\galaxy_Thailand_9811b_62056_meter\sour #
#                            ce\Debug\Obj\Lcdmiddle.r51                        #
#                            C:\worktop\galaxy_Thailand_9811b_62056_meter\sour #
#                            ce\Debug\Obj\Lcdshow.r51                          #
#                            C:\worktop\galaxy_Thailand_9811b_62056_meter\sour #
#                            ce\Debug\Obj\McuDrive.r51                         #
#                            C:\worktop\galaxy_Thailand_9811b_62056_meter\sour #
#                            ce\Debug\Obj\Powmanger.r51                        #
#                            C:\worktop\galaxy_Thailand_9811b_62056_meter\sour #
#                            ce\Debug\Obj\Prcfrm.r51                           #
#                            C:\worktop\galaxy_Thailand_9811b_62056_meter\sour #
#                            ce\Debug\Obj\System.r51                           #
#                            C:\worktop\galaxy_Thailand_9811b_62056_meter\sour #
#                            ce\Debug\Obj\TamperProc.r51                       #
#                            C:\worktop\galaxy_Thailand_9811b_62056_meter\sour #
#                            ce\Debug\Obj\Timeproc.r51                         #
#                            C:\worktop\galaxy_Thailand_9811b_62056_meter\sour #
#                            ce\Debug\Obj\Uart2.r51                            #
#                            C:\worktop\galaxy_Thailand_9811b_62056_meter\sour #
#                            ce\Debug\Obj\Uart4.r51                            #
#                            C:\worktop\galaxy_Thailand_9811b_62056_meter\sour #
#                            ce\Debug\Obj\Version.r51                          #
#                            C:\worktop\galaxy_Thailand_9811b_62056_meter\sour #
#                            ce\Debug\Obj\cstartup.r51                         #
#                            C:\worktop\galaxy_Thailand_9811b_62056_meter\sour #
#                            ce\Debug\Obj\main.r51                             #
#                            C:\worktop\galaxy_Thailand_9811b_62056_meter\sour #
#                            ce\Debug\Obj\pxv9811b.r51                         #
#                            C:\worktop\galaxy_Thailand_9811b_62056_meter\sour #
#                            ce\Debug\Obj\workaround.r51                       #
#                            -o                                                #
#                            C:\worktop\galaxy_Thailand_9811b_62056_meter\sour #
#                            ce\Debug\Exe\D143R-9821S.d51                      #
#                            -l                                                #
#                            C:\worktop\galaxy_Thailand_9811b_62056_meter\sour #
#                            ce\Debug\List\D143R-9821S.map                     #
#                            -xms                                              #
#                            "-IC:\Program Files (x86)\IAR Systems\Embedded Wo #
#                            rkbench 6.5\8051\LIB\"                            #
#                            -f                                                #
#                            C:\worktop\galaxy_Thailand_9811b_62056_meter\sour #
#                            ce\lnk51ew.xcl                                    #
#                            (-D_IDATA_END=0xFF -D_PDATA_START=0x0F01          #
#                            -D_PDATA_END=0x0F7F -D_IXDATA_START=1             #
#                            -D_IXDATA_END=0xF7F -D_XDATA_START=0x000001       #
#                            -D_XDATA_END=0x00F7F -D_CODE_START=0x000000       #
#                            -D_CODE_END=0xFFFF -D_NEAR_CODE_END=0xFFFF        #
#                            -D_FAR_DATA_NR_OF_BANKS=0x0E                      #
#                            -D_FAR_DATA_START=0x010001                        #
#                            -D_FAR_DATA_END=0xFFFFFF                          #
#                            -D_FAR_CODE_START=_CODE_START                     #
#                            -D_FAR_CODE_END=_CODE_END -D?REGISTER_BANK=0      #
#                            -D_REGISTER_BANK_START=0 -D_BREG_START=0x00       #
#                            -D?VB=0x20 -D_FIRST_BANK_ADDR=0                   #
#                            -P(CODE)BANKED_CODE_EXT2_C=[0x0F0000-0x0FFFFF]    #
#                            -P(CODE)BANKED_CODE_EXT2_N=[0x0F0000-0x0FFFFF]    #
#                            -KBANKED_EXT2=10000,15                            #
#                            -Z(CODE)BANKED_EXT2#FFF0-FFFF                     #
#                            -P(CODE)BANKED_CODE_INTERRUPTS_EXT2=[0x00E0100-0x #
#                            00EFFFF]                                          #
#                            -P(CODE)INTVEC_EXT2=[0x0E0000-0x0EFFFF]           #
#                            -Z(BIT)BREG=_BREG_START -Z(BIT)BIT_N=0-7F         #
#                            -Z(DATA)REGISTERS+8=_REGISTER_BANK_START          #
#                            -Z(DATA)BDATA_Z,BDATA_N,BDATA_I=20-2F             #
#                            -Z(DATA)VREG+_NR_OF_VIRTUAL_REGISTERS=08-7F       #
#                            -Z(DATA)PSP,XSP=08-7F -Z(DATA)DOVERLAY=08-7F      #
#                            -Z(DATA)DATA_I,DATA_Z,DATA_N=08-7F                #
#                            -U(IDATA)0-7F=(DATA)0-7F                          #
#                            -Z(IDATA)IDATA_I,IDATA_Z,IDATA_N=08-_IDATA_END    #
#                            -Z(IDATA)ISTACK+_IDATA_STACK_SIZE#08-_IDATA_END   #
#                            -Z(IDATA)IOVERLAY=08-FF -Z(CODE)INTVEC=0          #
#                            -Z(CODE)CSTART=_CODE_START-_CODE_END              #
#                            -D_BANK1_START=0x18000 -D_BANK1_END=0x1FFFF       #
#                            -D_BANK2_START=0x28000 -D_BANK2_END=0x2FFFF       #
#                            -D_BANK0_START=0x8000 -D_BANK0_END=0xFFFF         #
#                            -P(CODE)BANK0=_BANK0_START-_BANK0_END             #
#                            -P(CODE)BANK1=_BANK1_START-_BANK1_END             #
#                            -P(CODE)BANK2=_BANK2_START-_BANK2_END             #
#                            -Z(CODE)BIT_ID,BDATA_ID,DATA_ID,IDATA_ID,IXDATA_I #
#                            D,PDATA_ID,XDATA_ID=_CODE_START-_CODE_END         #
#                            -Z(CODE)HUGE_ID=_FAR_CODE_START-_FAR_CODE_END     #
#                            -Z(CODE)BANK_RELAYS,RCODE,DIFUNCT,CODE_C,CODE_N,N #
#                            EAR_CODE=_CODE_START-_CODE_END                    #
#                            -P(CODE)BANKED_CODE=_CODE_START-_CODE_END,[(_CODE #
#                            BANK_START+_FIRST_BANK_ADDR)-(_CODEBANK_END+_FIRS #
#                            T_BANK_ADDR)]*_NR_OF_BANKS+10000                  #
#                            -P(CODE)FAR_CODE_C,FAR_CODE_N,FAR_CODE=[_FAR_CODE #
#                            _START-_FAR_CODE_END]/10000                       #
#                            -P(CODE)HUGE_CODE_C=_FAR_CODE_START-_FAR_CODE_END #
#                            -Z(CODE)CHECKSUM#_CODE_END                        #
#                            -Z(XDATA)EXT_STACK+_EXTENDED_STACK_SIZE=_EXTENDED #
#                            _STACK_START                                      #
#                            -Z(XDATA)PSTACK+_PDATA_STACK_SIZE=_PDATA_START-_P #
#                            DATA_END                                          #
#                            -Z(XDATA)XSTACK+_XDATA_STACK_SIZE=_XDATA_START-_X #
#                            DATA_END                                          #
#                            -Z(XDATA)PDATA_Z,PDATA_I=_PDATA_START-_PDATA_END  #
#                            -P(XDATA)PDATA_N=_PDATA_START-_PDATA_END          #
#                            -Z(XDATA)IXDATA_Z,IXDATA_I=_IXDATA_START-_IXDATA_ #
#                            END                                               #
#                            -P(XDATA)IXDATA_N=_IXDATA_START-_IXDATA_END       #
#                            -Z(XDATA)XDATA_Z,XDATA_I=_XDATA_START-_XDATA_END  #
#                            -P(XDATA)XDATA_N=_XDATA_START-_XDATA_END          #
#                            -Z(XDATA)XDATA_HEAP+_XDATA_HEAP_SIZE=_XDATA_START #
#                            -_XDATA_END                                       #
#                            -Z(CONST)XDATA_ROM_C=_XDATA_START-_XDATA_END      #
#                            -Z(XDATA)FAR_Z=[_FAR_DATA_START-_FAR_DATA_END]/10 #
#                            000                                               #
#                            -Z(XDATA)FAR_I=[_FAR_DATA_START-_FAR_DATA_END]/10 #
#                            000                                               #
#                            -Z(CODE)FAR_ID=[_FAR_CODE_START-_FAR_CODE_END]/10 #
#                            000                                               #
#                            -Z(XDATA)FAR_HEAP+_FAR_HEAP_SIZE=[_FAR_DATA_START #
#                            -_FAR_DATA_END]/10000                             #
#                            -P(XDATA)FAR_N=[_FAR_DATA_START-_FAR_DATA_END]*_F #
#                            AR_DATA_NR_OF_BANKS+10000                         #
#                            -P(CONST)FAR_ROM_C=[_FAR_DATA_START-_FAR_DATA_END #
#                            ]*_FAR_DATA_NR_OF_BANKS+10000                     #
#                            -Z(XDATA)HUGE_Z,HUGE_I=_FAR_DATA_START-_FAR_DATA_ #
#                            END                                               #
#                            -P(XDATA)HUGE_N=_FAR_DATA_START-_FAR_DATA_END     #
#                            -Z(XDATA)HUGE_HEAP+_HUGE_HEAP_SIZE=_FAR_DATA_STAR #
#                            T-_FAR_DATA_END                                   #
#                            -Z(CONST)HUGE_ROM_C=_FAR_DATA_START-_FAR_DATA_END #
#                            -cx51 -D?ACON=9D -D?DPS1=F6 -D?TA=C7              #
#                            -D?MCON=C6) -D_NR_OF_VIRTUAL_REGISTERS=8          #
#                            -D?PBANK=0xA0 -e_large_write=_formatted_write     #
#                            -e_large_read=_formatted_read -r                  #
#                            -Ointel-extended=C:\worktop\galaxy_Thailand_9811b #
#                            _62056_meter\source\Debug\Exe\D143F9821S.xx.20xxx #
#                            xxx.hex                                           #
#                            -s __program_start                                #
#                            "C:\Program Files (x86)\IAR Systems\Embedded Work #
#                            bench 6.5\8051\LIB\CLIB\cl-pli-nlxc-1e16x01.r51"  #
#                            -D_IDATA_STACK_SIZE=0x60 -D?ESP=0 -D?ESP_MASK=0   #
#                            -D_EXTENDED_STACK_START=0                         #
#                            -D_EXTENDED_STACK_SIZE=0                          #
#                            -D_PDATA_STACK_SIZE=0x80                          #
#                            -D_XDATA_STACK_SIZE=0x200                         #
#                            -D_XDATA_HEAP_SIZE=0xFF -D_FAR_HEAP_SIZE=0xFFF    #
#                            -D_HUGE_HEAP_SIZE=0xFFF                           #
#                            -D_FAR22_HEAP_SIZE=0xFFF                          #
#                                                                              #
#                           Copyright (C) 1987-2013 IAR Systems AB.            #
################################################################################





                ****************************************
                *                                      *
                *           CROSS REFERENCE            *
                *                                      *
                ****************************************

       Program entry at : CODE      00000066  Relocatable, from module : CSTARTUP




                ****************************************
                *                                      *
                *            RUNTIME MODEL             *
                *                                      *
                ****************************************

  __SystemLibrary          = CLib
  __calling_convention     = xdata_reentrant
  __code_model             = near
  __core                   = plain
  __data_model             = large
  __dptr_size              = 16
  __extended_stack         = disabled
  __location_for_constants = code
  __number_of_dptrs        = 1
  __rt_version             = 1

                ****************************************
                *                                      *
                *    AUTOMATIC SYMBOL REDIRECTIONS     *
                *                                      *
                ****************************************

                  There are no automatic symbol redirections.



                ****************************************
                *                                      *
                *              MODULE MAP              *
                *                                      *
                ****************************************


  DEFINED ABSOLUTE ENTRIES
    *************************************************************************

  DEFINED ABSOLUTE ENTRIES
  PROGRAM MODULE, NAME : ?ABS_ENTRY_MOD

Absolute parts
           ENTRY                   ADDRESS         REF BY
           =====                   =======         ======
           _FAR22_HEAP_SIZE        00000FFF 
           _HUGE_HEAP_SIZE         00000FFF 
           _FAR_HEAP_SIZE          00000FFF 
           _XDATA_HEAP_SIZE        000000FF 
           _XDATA_STACK_SIZE       00000200 
           _PDATA_STACK_SIZE       00000080 
           _EXTENDED_STACK_SIZE    00000000 
           _EXTENDED_STACK_START   00000000 
           ?ESP_MASK               00000000 
           ?ESP                    00000000 
           _IDATA_STACK_SIZE       00000060 
           ?PBANK                  000000A0 
           _NR_OF_VIRTUAL_REGISTERS
                                   00000008 
           ?MCON                   000000C6 
           ?TA                     000000C7 
           ?DPS1                   000000F6 
           ?ACON                   0000009D 
           _BANK0_END              0000FFFF 
           _BANK0_START            00008000 
           _BANK2_END              0002FFFF 
           _BANK2_START            00028000 
           _BANK1_END              0001FFFF 
           _BANK1_START            00018000 
           _FIRST_BANK_ADDR        00000000 
           ?VB                     00000020        ?FUNC_ENTER_XDATA (?FUNC_ENTER_XDATA)
                                                   ?FUNC_LEAVE_XDATA (?FUNC_LEAVE_XDATA)
           _BREG_START             00000000 
           _REGISTER_BANK_START    00000000 
           ?REGISTER_BANK          00000000        Segment part 6 (CSTARTUP)
           _FAR_CODE_END           0000FFFF 
           _FAR_CODE_START         00000000 
           _FAR_DATA_END           00FFFFFF 
           _FAR_DATA_START         00010001 
           _FAR_DATA_NR_OF_BANKS   0000000E 
           _NEAR_CODE_END          0000FFFF 
           _CODE_END               0000FFFF 
           _CODE_START             00000000 
           _XDATA_END              00000F7F 
           _XDATA_START            00000001 
           _IXDATA_END             00000F7F 
           _IXDATA_START           00000001 
           _PDATA_END              00000F7F 
           _PDATA_START            00000F01 
           _IDATA_END              000000FF 
           _CODEBANK_START         00000000 
           _CODEBANK_END           00000000 
           _NR_OF_BANKS            00000000 
    *************************************************************************

  FILE NAME : C:\worktop\galaxy_Thailand_9811b_62056_meter\source\Debug\Obj\ADKfunc.r51
  PROGRAM MODULE, NAME : ADKfunc

  SEGMENTS IN THE MODULE
  ======================
SFR_AN
  Relative segment, address: DATA 000000CE - 000000CE (0x1 bytes), align: 0
  Segment part 1. ROOT.       Intra module refs:   ADK_AutoChkTinyPW
                                                   ADK_CalFun
                                                   Data_MinProc (Dataproc)
                                                   Data_SecProc (Dataproc)
                                                   E2DataChk (InitPara)
                                                   EnyB_SetMeterRule (EnergyBottom)
                                                   Eny_JbPm_GetE2 (Energy)
                                                   InitE2Data (InitPara)
                                                   Mea_Consumption_Dly (main)
                                                   Mea_Init (EnergyBottom)
                                                   Pwr_ChkProc (Powmanger)
                                                   Pwr_SlpReset (Powmanger)
                                                   Pwr_WakeupProc (Powmanger)
                                                   ShowDataProc (Lcdshow)
                                                   ShowNumManage (Lcdshow)
                                                   SwitchMode (TamperProc)
                                                   main (main)
           ENTRY                   ADDRESS         REF BY
           =====                   =======         ======
           WDTEN                   000000CE 
    -------------------------------------------------------------------------
SFR_AN
  Relative segment, address: DATA 000000CF - 000000CF (0x1 bytes), align: 0
  Segment part 2. ROOT.       Intra module refs:   ADK_AutoChkTinyPW
                                                   ADK_CalFun
                                                   Data_MinProc (Dataproc)
                                                   Data_SecProc (Dataproc)
                                                   E2DataChk (InitPara)
                                                   EnyB_SetMeterRule (EnergyBottom)
                                                   Eny_JbPm_GetE2 (Energy)
                                                   InitE2Data (InitPara)
                                                   Mea_Consumption_Dly (main)
                                                   Mea_Init (EnergyBottom)
                                                   Pwr_ChkProc (Powmanger)
                                                   Pwr_SlpReset (Powmanger)
                                                   Pwr_WakeupProc (Powmanger)
                                                   ShowDataProc (Lcdshow)
                                                   ShowNumManage (Lcdshow)
                                                   SwitchMode (TamperProc)
                                                   main (main)
           ENTRY                   ADDRESS         REF BY
           =====                   =======         ======
           WDTCLR                  000000CF 
    -------------------------------------------------------------------------
CODE_C
  Relative segment, address: CODE 000011CF - 000011D2 (0x4 bytes), align: 0
  Segment part 8.
           ENTRY                   ADDRESS         REF BY
           =====                   =======         ======
           guc_ADKcmd              000011CF        Judge645Frm (Prcfrm)
    -------------------------------------------------------------------------
XDATA_Z
  Relative segment, address: XDATA 00000201 - 00000201 (0x1 bytes), align: 0
  Segment part 9.             Intra module refs:   ADK_ReadFlash
           ENTRY                   ADDRESS         REF BY
           =====                   =======         ======
           gt_RunCode              00000201 
    -------------------------------------------------------------------------
XDATA_Z
  Relative segment, address: XDATA 00000202 - 00000202 (0x1 bytes), align: 0
  Segment part 10.            Intra module refs:   ADK_CalFun
           ENTRY                   ADDRESS         REF BY
           =====                   =======         ======
           guc_ADKcal              00000202        BD_ProcFrame (Prcfrm)
                                                   Decode645Frame (Prcfrm)
                                                   IsValidFrame (Prcfrm)
                                                   Judge645Frm (Prcfrm)
    -------------------------------------------------------------------------
NEAR_CODE
  Relative segment, address: CODE 000019F7 - 00001B5E (0x168 bytes), align: 0
  Segment part 40.
           ENTRY                   ADDRESS         REF BY
           =====                   =======         ======
           ADK_CalFun              000019F7        BD_ProcFrame (Prcfrm)
               calls direct, is not allocated
               not allocated function
    -------------------------------------------------------------------------
NEAR_CODE
  Relative segment, address: CODE 00001B5F - 00001BDC (0x7e bytes), align: 0
  Segment part 41.
           ENTRY                   ADDRESS         REF BY
           =====                   =======         ======
           ParaInit                00001B5F        gs_CmdProc (Prcfrm)
               calls direct, is indirectly called
               XSTACK = 00000000 ( 0000000F )
    -------------------------------------------------------------------------
NEAR_CODE
  Relative segment, address: CODE 00001BDD - 00001DC8 (0x1ec bytes), align: 0
  Segment part 42.
           ENTRY                   ADDRESS         REF BY
           =====                   =======         ======
           ADK_ReadVar             00001BDD        FunList (ComCoretab)
               calls direct, is indirectly called
               XSTACK = 00000000 ( 0000001B )
    -------------------------------------------------------------------------
NEAR_CODE
  Relative segment, address: CODE 00001DC9 - 00001E98 (0xd0 bytes), align: 0
  Segment part 43.
           ENTRY                   ADDRESS         REF BY
           =====                   =======         ======
           ADK_Backup              00001DC9        FunList (ComCoretab)
               calls direct, is indirectly called
               XSTACK = 00000000 ( 00000011 )
    -------------------------------------------------------------------------
NEAR_CODE
  Relative segment, address: CODE 00001E99 - 00001FED (0x155 bytes), align: 0
  Segment part 44.
           ENTRY                   ADDRESS         REF BY
           =====                   =======         ======
           ADK_ReadFlash           00001E99        FunList (ComCoretab)
               calls direct, is indirectly called
               XSTACK = 00000000 ( 0000000D )
               ISTACK = 00000000 ( 00000001 )
    -------------------------------------------------------------------------
NEAR_CODE
  Relative segment, address: CODE 00001FEE - 00002189 (0x19c bytes), align: 0
  Segment part 45.            Intra module refs:   ADK_AutoChkIrms
                                                   ADK_AutoChkPW
                                                   ADK_AutoChkUrms
           ENTRY                   ADDRESS         REF BY
           =====                   =======         ======
           CalculateSC             00001FEE 
               is not allocated
               not allocated function
    -------------------------------------------------------------------------
NEAR_CODE
  Relative segment, address: CODE 0000218A - 000021EE (0x65 bytes), align: 0
  Segment part 46.            Intra module refs:   ADK_AutoChkAngle
           ENTRY                   ADDRESS         REF BY
           =====                   =======         ======
           CalculateAC             0000218A 
               is not allocated
               not allocated function
    -------------------------------------------------------------------------
NEAR_CODE
  Relative segment, address: CODE 000021EF - 0000232A (0x13c bytes), align: 0
  Segment part 47.
           ENTRY                   ADDRESS         REF BY
           =====                   =======         ======
           ADK_AutoChkPW           000021EF        RefreshPara (DataProtect)
               calls direct, is not allocated
               not allocated function
    -------------------------------------------------------------------------
NEAR_CODE
  Relative segment, address: CODE 0000232B - 0000257A (0x250 bytes), align: 0
  Segment part 48.
           ENTRY                   ADDRESS         REF BY
           =====                   =======         ======
           ADK_AutoChkTinyPW       0000232B        RefreshPara (DataProtect)
               calls direct, is not allocated
               not allocated function
    -------------------------------------------------------------------------
NEAR_CODE
  Relative segment, address: CODE 0000257B - 000026A1 (0x127 bytes), align: 0
  Segment part 49.
           ENTRY                   ADDRESS         REF BY
           =====                   =======         ======
           ADK_AutoChkIrms         0000257B        RefreshPara (DataProtect)
               calls direct, is not allocated
               not allocated function
    -------------------------------------------------------------------------
NEAR_CODE
  Relative segment, address: CODE 000026A2 - 00002784 (0xe3 bytes), align: 0
  Segment part 50.
           ENTRY                   ADDRESS         REF BY
           =====                   =======         ======
           ADK_AutoChkUrms         000026A2        RefreshPara (DataProtect)
               calls direct, is not allocated
               not allocated function
    -------------------------------------------------------------------------
NEAR_CODE
  Relative segment, address: CODE 00002785 - 000028E9 (0x165 bytes), align: 0
  Segment part 51.
           ENTRY                   ADDRESS         REF BY
           =====                   =======         ======
           ADK_AutoChkAngle        00002785        RefreshPara (DataProtect)
               calls direct, is not allocated
               not allocated function
    -------------------------------------------------------------------------
CODE_C
  Relative segment, address: CODE 000011D3 - 000011D6 (0x4 bytes), align: 0
  Segment part 11.            Intra module refs:   ADK_CalFun
                                                   FactoryWR (DLT_645_2007)
           ENTRY                   ADDRESS         REF BY
           =====                   =======         ======
           __Constant_3e9          000011D3 
    -------------------------------------------------------------------------
CODE_C
  Relative segment, address: CODE 000011D7 - 000011DA (0x4 bytes), align: 0
  Segment part 12.            Intra module refs:   ADK_CalFun
           ENTRY                   ADDRESS         REF BY
           =====                   =======         ======
           __Constant_1cc          000011D7 
    -------------------------------------------------------------------------
CODE_C
  Relative segment, address: CODE 000011DB - 000011DE (0x4 bytes), align: 0
  Segment part 13.            Intra module refs:   ParaInit
           ENTRY                   ADDRESS         REF BY
           =====                   =======         ======
           __Constant_80541413     000011DB 
    -------------------------------------------------------------------------
CODE_C
  Relative segment, address: CODE 000011DF - 000011E2 (0x4 bytes), align: 0
  Segment part 14.            Intra module refs:   ADK_AutoChkUrms
                                                   ADK_Backup
                                                   ADK_ReadVar
                                                   CalImbRate (TamperProc)
                                                   Demand_Calc (Demand)
                                                   ReadCurEgy (DLT_645_2007)
                                                   ShowNumManage (Lcdshow)
           ENTRY                   ADDRESS         REF BY
           =====                   =======         ======
           __Constant_a            000011DF 
    -------------------------------------------------------------------------
CODE_C
  Relative segment, address: CODE 000011E3 - 000011E6 (0x4 bytes), align: 0
  Segment part 15.            Intra module refs:   ADK_ReadVar
           ENTRY                   ADDRESS         REF BY
           =====                   =======         ======
           __Constant_4c4b401      000011E3 
    -------------------------------------------------------------------------
CODE_C
  Relative segment, address: CODE 000011E7 - 000011EA (0x4 bytes), align: 0
  Segment part 16.            Intra module refs:   ADK_ReadVar
           ENTRY                   ADDRESS         REF BY
           =====                   =======         ======
           __Constant_4c4b400      000011E7 
    -------------------------------------------------------------------------
CODE_C
  Relative segment, address: CODE 000011EB - 000011EE (0x4 bytes), align: 0
  Segment part 17.            Intra module refs:   ADK_ReadVar
                                                   ReadCurEgy (DLT_645_2007)
                                                   ShowNumManage (Lcdshow)
           ENTRY                   ADDRESS         REF BY
           =====                   =======         ======
           __Constant_7fffffff     000011EB 
    -------------------------------------------------------------------------
CODE_C
  Relative segment, address: CODE 000011EF - 000011F2 (0x4 bytes), align: 0
  Segment part 18.            Intra module refs:   ADK_Backup
                                                   Eny_EnergyActiveSave (Energy)
                                                   Eny_EnergyClrCur (Energy)
                                                   Eny_PurCheckRAMEny (Energy)
           ENTRY                   ADDRESS         REF BY
           =====                   =======         ======
           __Constant_60           000011EF 
    -------------------------------------------------------------------------
CODE_C
  Relative segment, address: CODE 000011F3 - 000011F6 (0x4 bytes), align: 0
  Segment part 19.            Intra module refs:   ADK_Backup
                                                   Eny_EnergyActiveSave (Energy)
                                                   Eny_EnergyClrCur (Energy)
                                                   Eny_PurCheckRAMEny (Energy)
           ENTRY                   ADDRESS         REF BY
           =====                   =======         ======
           __Constant_120          000011F3 
    -------------------------------------------------------------------------
CODE_C
  Relative segment, address: CODE 000011F7 - 000011FA (0x4 bytes), align: 0
  Segment part 20.            Intra module refs:   ADK_ReadFlash
                                                   ComRWE2Para (DLT_645_2007)
           ENTRY                   ADDRESS         REF BY
           =====                   =======         ======
           __Constant_4000404      000011F7 
    -------------------------------------------------------------------------
CODE_C
  Relative segment, address: CODE 000011FB - 000011FE (0x4 bytes), align: 0
  Segment part 21.            Intra module refs:   ADK_ReadFlash
                                                   ComRWE2Para (DLT_645_2007)
           ENTRY                   ADDRESS         REF BY
           =====                   =======         ======
           __Constant_4000405      000011FB 
    -------------------------------------------------------------------------
CODE_C
  Relative segment, address: CODE 000011FF - 00001202 (0x4 bytes), align: 0
  Segment part 22.            Intra module refs:   ADK_ReadFlash
                                                   ComRWE2Para (DLT_645_2007)
           ENTRY                   ADDRESS         REF BY
           =====                   =======         ======
           __Constant_4000406      000011FF 
    -------------------------------------------------------------------------
CODE_C
  Relative segment, address: CODE 00001203 - 00001206 (0x4 bytes), align: 0
  Segment part 23.            Intra module refs:   ADK_ReadFlash
           ENTRY                   ADDRESS         REF BY
           =====                   =======         ======
           __Constant_4000409      00001203 
    -------------------------------------------------------------------------
CODE_C
  Relative segment, address: CODE 00001207 - 0000120A (0x4 bytes), align: 0
  Segment part 24.            Intra module refs:   ADK_ReadFlash
           ENTRY                   ADDRESS         REF BY
           =====                   =======         ======
           __Constant_4000501      00001207 
    -------------------------------------------------------------------------
CODE_C
  Relative segment, address: CODE 0000120B - 0000120E (0x4 bytes), align: 0
  Segment part 25.            Intra module refs:   ADK_ReadFlash
           ENTRY                   ADDRESS         REF BY
           =====                   =======         ======
           __Constant_4800001      0000120B 
    -------------------------------------------------------------------------
CODE_C
  Relative segment, address: CODE 0000120F - 00001212 (0x4 bytes), align: 0
  Segment part 26.            Intra module refs:   ADK_ReadFlash
           ENTRY                   ADDRESS         REF BY
           =====                   =======         ======
           __Constant_4800002      0000120F 
    -------------------------------------------------------------------------
CODE_C
  Relative segment, address: CODE 00001213 - 00001216 (0x4 bytes), align: 0
  Segment part 27.            Intra module refs:   CalCos (EnergyBottom)
                                                   CalculateAC
                                                   CalculateSC
           ENTRY                   ADDRESS         REF BY
           =====                   =======         ======
           __Constant_3e8          00001213 
    -------------------------------------------------------------------------
CODE_C
  Relative segment, address: CODE 00001217 - 0000121A (0x4 bytes), align: 0
  Segment part 28.            Intra module refs:   CalculateAC
           ENTRY                   ADDRESS         REF BY
           =====                   =======         ======
           __Constant_bc3          00001217 
    -------------------------------------------------------------------------
CODE_C
  Relative segment, address: CODE 0000121B - 0000121E (0x4 bytes), align: 0
  Segment part 29.            Intra module refs:   CalculateAC
           ENTRY                   ADDRESS         REF BY
           =====                   =======         ======
           __Constant_7d0          0000121B 
    -------------------------------------------------------------------------
CODE_C
  Relative segment, address: CODE 0000121F - 00001222 (0x4 bytes), align: 0
  Segment part 30.            Intra module refs:   ADK_AutoChkAngle
                                                   ADK_AutoChkPW
                                                   ADK_AutoChkTinyPW
           ENTRY                   ADDRESS         REF BY
           =====                   =======         ======
           __Constant_1d4          0000121F 
    -------------------------------------------------------------------------
CODE_C
  Relative segment, address: CODE 00001223 - 00001226 (0x4 bytes), align: 0
  Segment part 31.            Intra module refs:   ADK_AutoChkAngle
                                                   ADK_AutoChkPW
                                                   CalCos (EnergyBottom)
                                                   CalRMS (EnergyBottom)
           ENTRY                   ADDRESS         REF BY
           =====                   =======         ======
           __Constant_800000       00001223 
    -------------------------------------------------------------------------
CODE_C
  Relative segment, address: CODE 00001227 - 0000122A (0x4 bytes), align: 0
  Segment part 32.            Intra module refs:   ADK_AutoChkAngle
                                                   ADK_AutoChkPW
                                                   CalCos (EnergyBottom)
           ENTRY                   ADDRESS         REF BY
           =====                   =======         ======
           __Constant_ff7fffff     00001227 
    -------------------------------------------------------------------------
CODE_C
  Relative segment, address: CODE 0000122B - 0000122E (0x4 bytes), align: 0
  Segment part 33.            Intra module refs:   ADK_AutoChkTinyPW
                                                   CalRMS (EnergyBottom)
                                                   GetBat (McuDrive)
                                                   InitPMDSP (EnergyBottom)
                                                   Tamp_DspProc (TamperProc)
           ENTRY                   ADDRESS         REF BY
           =====                   =======         ======
           __Constant_1            0000122B 
    -------------------------------------------------------------------------
CODE_C
  Relative segment, address: CODE 0000122F - 00001232 (0x4 bytes), align: 0
  Segment part 34.            Intra module refs:   ADK_AutoChkTinyPW
           ENTRY                   ADDRESS         REF BY
           =====                   =======         ======
           __Constant_a00          0000122F 
    -------------------------------------------------------------------------
CODE_C
  Relative segment, address: CODE 00001233 - 00001236 (0x4 bytes), align: 0
  Segment part 35.            Intra module refs:   ADK_AutoChkIrms
           ENTRY                   ADDRESS         REF BY
           =====                   =======         ======
           __Constant_1d1          00001233 
    -------------------------------------------------------------------------
CODE_C
  Relative segment, address: CODE 00001237 - 0000123A (0x4 bytes), align: 0
  Segment part 36.            Intra module refs:   ADK_AutoChkIrms
                                                   CalCos (EnergyBottom)
           ENTRY                   ADDRESS         REF BY
           =====                   =======         ======
           __Constant_7fffff       00001237 
    -------------------------------------------------------------------------
CODE_C
  Relative segment, address: CODE 0000123B - 0000123E (0x4 bytes), align: 0
  Segment part 37.            Intra module refs:   ADK_AutoChkUrms
           ENTRY                   ADDRESS         REF BY
           =====                   =======         ======
           __Constant_1cd          0000123B 
    -------------------------------------------------------------------------
CODE_C
  Relative segment, address: CODE 0000123F - 00001242 (0x4 bytes), align: 0
  Segment part 38.            Intra module refs:   ADK_AutoChkAngle
                                                   Demand_Calc (Demand)
                                                   E2DataChk (InitPara)
                                                   EnyB_ChkPowRev (EnergyBottom)
                                                   EnyB_Open_Cf (EnergyBottom)
                                                   Eny_JbPm_GetE2 (Energy)
                                                   FactoryRD (DLT_645_2007)
                                                   FactoryWR (DLT_645_2007)
                                                   InitE2Data (InitPara)
                                                   InitPMDSP (EnergyBottom)
                                                   MCUForPowerOff (McuDrive)
                                                   MeterADClose (TamperProc)
                                                   Pwr_SlpReset (Powmanger)
                                                   Pwr_WakeupProc (Powmanger)
                                                   ShowNumManage (Lcdshow)
                                                   Tamp_Sleep (TamperProc)
           ENTRY                   ADDRESS         REF BY
           =====                   =======         ======
           __Constant_0            0000123F 

    *************************************************************************

  FILE NAME : C:\worktop\galaxy_Thailand_9811b_62056_meter\source\Debug\Obj\Api.r51
  PROGRAM MODULE, NAME : Api

  SEGMENTS IN THE MODULE
  ======================
CODE_AC
  Relative segment, address: CODE 00000300 - 00000399 (0x9a bytes), align: 0
  Segment part 1. ROOT.       Intra module refs:   APIByteBCD2HEX
           ENTRY                   ADDRESS         REF BY
           =====                   =======         ======
           gCuc_BCD2HEXMap         00000300 
    -------------------------------------------------------------------------
CODE_AC
  Relative segment, address: CODE 0000039C - 000003FF (0x64 bytes), align: 0
  Segment part 2. ROOT.       Intra module refs:   APIByteHEX2BCD
           ENTRY                   ADDRESS         REF BY
           =====                   =======         ======
           gCuc_HEX2BCDMap         0000039C 
    -------------------------------------------------------------------------
NEAR_CODE
  Relative segment, address: CODE 000028EA - 00002915 (0x2c bytes), align: 0
  Segment part 12.
           ENTRY                   ADDRESS         REF BY
           =====                   =======         ======
           DelayXms                000028EA        ADK_AutoChkTinyPW (ADKfunc)
                                                   GetBat (McuDrive)
                                                   LCD_Off (LcdBottom)
                                                   Pwr_WakeupProc (Powmanger)
               is not allocated
               not allocated function
    -------------------------------------------------------------------------
NEAR_CODE
  Relative segment, address: CODE 00002916 - 00002927 (0x12 bytes), align: 0
  Segment part 13.
           ENTRY                   ADDRESS         REF BY
           =====                   =======         ======
           Uint16_To_Uint8         00002916        SysE2ParaSetManage (DataProtect)
               ISTACK = 00000000 ( 00000003 )
    -------------------------------------------------------------------------
NEAR_CODE
  Relative segment, address: CODE 00002928 - 0000293F (0x18 bytes), align: 0
  Segment part 14.
           ENTRY                   ADDRESS         REF BY
           =====                   =======         ======
           Uint8_To_Uint16         00002928        ComCheckFormat (DataProtect)
                                                   ComMeterConst (DLT_645_2007)
                                                   ComRWE2Para (DLT_645_2007)
                                                   E2DataChk (InitPara)
                                                   Eny_JbPm_GetE2 (Energy)
                                                   InitE2Data (InitPara)
                                                   RecoverEnergyData (Dataproc)
                                                   SysE2ParaSetManage (DataProtect)
               ISTACK = 00000000 ( 00000002 )
    -------------------------------------------------------------------------
NEAR_CODE
  Relative segment, address: CODE 00002940 - 00002998 (0x59 bytes), align: 0
  Segment part 15.
           ENTRY                   ADDRESS         REF BY
           =====                   =======         ======
           Uint24_To_Uint8         00002940        Demand_Calc (Demand)
               is not allocated
               not allocated function
    -------------------------------------------------------------------------
NEAR_CODE
  Relative segment, address: CODE 00002999 - 000029EB (0x53 bytes), align: 0
  Segment part 16.
           ENTRY                   ADDRESS         REF BY
           =====                   =======         ======
           Uint8_To_Uint24         00002999        ADK_AutoChkIrms (ADKfunc)
                                                   ADK_AutoChkUrms (ADKfunc)
                                                   Demand_Calc (Demand)
               is not allocated
               not allocated function
    -------------------------------------------------------------------------
NEAR_CODE
  Relative segment, address: CODE 000029EC - 00002A4A (0x5f bytes), align: 0
  Segment part 19.
           ENTRY                   ADDRESS         REF BY
           =====                   =======         ======
           Uint8_To_Uint32         000029EC        ADK_AutoChkAngle (ADKfunc)
                                                   ADK_AutoChkPW (ADKfunc)
                                                   ADK_AutoChkTinyPW (ADKfunc)
                                                   ADK_Backup (ADKfunc)
                                                   ComRWE2Para (DLT_645_2007)
                                                   FactoryWR (DLT_645_2007)
                                                   ShowDataProc (Lcdshow)
               XSTACK = 00000000 ( 00000004 )
               ISTACK = 00000000 ( 00000003 )
    -------------------------------------------------------------------------
NEAR_CODE
  Relative segment, address: CODE 00002A4B - 00002B11 (0xc7 bytes), align: 0
  Segment part 21.            Intra module refs:   Hex2BCD
           ENTRY                   ADDRESS         REF BY
           =====                   =======         ======
           IntHex2BCD              00002A4B        ComRWE2Para (DLT_645_2007)
               calls direct
               XSTACK = 0000001B ( 00000008 )
    -------------------------------------------------------------------------
NEAR_CODE
  Relative segment, address: CODE 00002B12 - 00002C3B (0x12a bytes), align: 0
  Segment part 22.
           ENTRY                   ADDRESS         REF BY
           =====                   =======         ======
           Hex2BCD                 00002B12        ADK_ReadVar (ADKfunc)
                                                   CalCos (EnergyBottom)
                                                   CalRMS (EnergyBottom)
                                                   ComMeterConst (DLT_645_2007)
                                                   ComRWE2Para (DLT_645_2007)
                                                   ReadCurEgy (DLT_645_2007)
                                                   ReadVar (DLT_645_2007)
                                                   ShowNumManage (Lcdshow)
               calls direct
               XSTACK = 00000000 ( 0000001B )
    -------------------------------------------------------------------------
NEAR_CODE
  Relative segment, address: CODE 00002C3C - 00002CDB (0xa0 bytes), align: 0
  Segment part 23.
           ENTRY                   ADDRESS         REF BY
           =====                   =======         ======
           BCD2Hex                 00002C3C        ADK_AutoChkAngle (ADKfunc)
                                                   ADK_AutoChkIrms (ADKfunc)
                                                   ADK_AutoChkPW (ADKfunc)
                                                   ADK_AutoChkTinyPW (ADKfunc)
                                                   ADK_AutoChkUrms (ADKfunc)
                                                   ADK_Backup (ADKfunc)
                                                   CalCos (EnergyBottom)
                                                   ComRWE2Para (DLT_645_2007)
                                                   FactoryWR (DLT_645_2007)
               calls direct
               XSTACK = 00000000 ( 00000015 )
    -------------------------------------------------------------------------
NEAR_CODE
  Relative segment, address: CODE 00002CDC - 00002D1D (0x42 bytes), align: 0
  Segment part 24.
           ENTRY                   ADDRESS         REF BY
           =====                   =======         ======
           IntBCD2Hex              00002CDC        ComCheckFormat (DataProtect)
                                                   ComRWE2Para (DLT_645_2007)
               calls direct
               XSTACK = 00000000 ( 0000000A )
    -------------------------------------------------------------------------
NEAR_CODE
  Relative segment, address: CODE 00002D1E - 00002D3A (0x1d bytes), align: 0
  Segment part 25.            Intra module refs:   BCD2Hex
                                                   HourAndMinToMin
                                                   IntBCD2Hex
                                                   JudgeIsNum
           ENTRY                   ADDRESS         REF BY
           =====                   =======         ======
           APIByteBCD2HEX          00002D1E        CheckSqFormat (DataProtect)
                                                   ComRWE2Para (DLT_645_2007)
                                                   ValidTime (Timeproc)
               XSTACK = 00000015 ( 00000009 )
    -------------------------------------------------------------------------
NEAR_CODE
  Relative segment, address: CODE 00002D3B - 00002D5B (0x21 bytes), align: 0
  Segment part 26.            Intra module refs:   IntHex2BCD
           ENTRY                   ADDRESS         REF BY
           =====                   =======         ======
           APIByteHEX2BCD          00002D3B        ComRWE2Para (DLT_645_2007)
               XSTACK = 00000008 ( 00000009 )
    -------------------------------------------------------------------------
NEAR_CODE
  Relative segment, address: CODE 00002D5C - 00002D9A (0x3f bytes), align: 0
  Segment part 27.
           ENTRY                   ADDRESS         REF BY
           =====                   =======         ======
           ApiBufCmp               00002D5C        CheckSqFormat (DataProtect)
                                                   Judge645Addr (Prcfrm)
                                                   JudgePassword (Prcfrm)
               XSTACK = 00000000 ( 00000008 )
    -------------------------------------------------------------------------
NEAR_CODE
  Relative segment, address: CODE 00002D9B - 00002DDA (0x40 bytes), align: 0
  Segment part 29.
           ENTRY                   ADDRESS         REF BY
           =====                   =======         ======
           ApiCodeBufCmp           00002D9B        Judge645Frm (Prcfrm)
               is not allocated
               not allocated function
    -------------------------------------------------------------------------
CODE_AC
  Relative segment, address: CODE 00000100 - 000002FF (0x200 bytes), align: 0
  Segment part 3. ROOT.       Intra module refs:   do_CRC
           ENTRY                   ADDRESS         REF BY
           =====                   =======         ======
           CrcTab                  00000100 
    -------------------------------------------------------------------------
NEAR_CODE
  Relative segment, address: CODE 00002DDB - 00002E22 (0x48 bytes), align: 0
  Segment part 31.
           ENTRY                   ADDRESS         REF BY
           =====                   =======         ======
           do_CRC                  00002DDB        ADK_AutoChkAngle (ADKfunc)
                                                   ADK_AutoChkTinyPW (ADKfunc)
                                                   ADK_Backup (ADKfunc)
                                                   ADK_CalFun (ADKfunc)
                                                   CfgCheck (FunCfg)
                                                   CheckCRCWord (Dataproc)
                                                   ClockBAK_RAM (Timeproc)
                                                   ClockCheck (Timeproc)
                                                   E2DataChk (InitPara)
                                                   EnyB_JbPm_Init (EnergyBottom)
                                                   Eny_CheckEnergy (Energy)
                                                   Eny_CheckEnergyActiveRAM (Energy)
                                                   Eny_EnergyActiveSave (Energy)
                                                   Eny_EnergyClrCur (Energy)
                                                   Eny_EnergyProc (Energy)
                                                   Eny_JbPm_GetE2 (Energy)
                                                   Eny_PurCheckRAMEny (Energy)
                                                   Eny_RefVar (Energy)
                                                   Eny_SlpEnergyProc (Energy)
                                                   FactoryWR (DLT_645_2007)
                                                   InitE2Data (InitPara)
                                                   Init_CfG (main)
                                                   Pwr_ChkProc (Powmanger)
                                                   Pwr_E2Save (Powmanger)
                                                   RecoverCfg (FunCfg)
                                                   RecoverEnergyData (Dataproc)
                                                   RefreshPara (DataProtect)
                                                   SetCRCWord (Dataproc)
                                                   SoftClockCheck (Timeproc)
                                                   SysE2ParaSetManage (DataProtect)
               XSTACK = 00000000 ( 00000009 )
    -------------------------------------------------------------------------
NEAR_CODE
  Relative segment, address: CODE 00002E23 - 00002E4D (0x2b bytes), align: 0
  Segment part 32.
           ENTRY                   ADDRESS         REF BY
           =====                   =======         ======
           JudgeIsNum              00002E23        CheckSdFormat (DataProtect)
                                                   CheckSqFormat (DataProtect)
                                                   ComCheckFormat (DataProtect)
                                                   RTCCheck (Timeproc)
                                                   ValidTime (Timeproc)
                                                   WriteMeterAddr (DLT_645_2007)
               calls direct
               XSTACK = 00000000 ( 00000008 )
    -------------------------------------------------------------------------
NEAR_CODE
  Relative segment, address: CODE 00002E4E - 00002E7E (0x31 bytes), align: 0
  Segment part 37.
           ENTRY                   ADDRESS         REF BY
           =====                   =======         ======
           FCpyTMem                00002E4E        ADK_CalFun (ADKfunc)
                                                   ADK_ReadFlash (ADKfunc)
                                                   ComRWE2Para (DLT_645_2007)
                                                   E2DataChk (InitPara)
                                                   EnyB_JbPm_Init (EnergyBottom)
                                                   FactoryWR (DLT_645_2007)
                                                   InitE2Data (InitPara)
                                                   Mcu_RTCNormal (McuDrive)
                                                   ReadSwVersion (DLT_645_2007)
                                                   RecoverCfg (FunCfg)
                                                   ShowDataProc (Lcdshow)
                                                   SoftClockCheck (Timeproc)
               ISTACK = 00000000 ( 00000003 )
    -------------------------------------------------------------------------
NEAR_CODE
  Relative segment, address: CODE 00002E7F - 00002EAE (0x30 bytes), align: 0
  Segment part 40.
           ENTRY                   ADDRESS         REF BY
           =====                   =======         ======
           MemCpy                  00002E7F        ADK_ReadVar (ADKfunc)
                                                   ChangePassWord (DLT_645_2007)
                                                   ClearMeter (DLT_645_2007)
                                                   ClockBAK_RAM (Timeproc)
                                                   ComCheckFormat (DataProtect)
                                                   ComMeterConst (DLT_645_2007)
                                                   ComRWE2Para (DLT_645_2007)
                                                   Decode645Frame (Prcfrm)
                                                   Encode645Frame (Prcfrm)
                                                   Eny_CheckEnergy (Energy)
                                                   Eny_EnergyActiveSave (Energy)
                                                   Eny_EnergyClrCur (Energy)
                                                   Eny_EnergyProc (Energy)
                                                   Eny_PurCheckRAMEny (Energy)
                                                   Eny_SlpEnergyProc (Energy)
                                                   FactoryRD (DLT_645_2007)
                                                   FactoryWR (DLT_645_2007)
                                                   ParaInit (ADKfunc)
                                                   Pwr_E2Save (Powmanger)
                                                   ReadCurEgy (DLT_645_2007)
                                                   ReadVar (DLT_645_2007)
                                                   RecoverEnergyData (Dataproc)
                                                   SoftClockCheck (Timeproc)
                                                   SysE2ParaSetManage (DataProtect)
                                                   TimerProc (Timeproc)
                                                   WriteMeterAddr (DLT_645_2007)
               ISTACK = 00000000 ( 00000003 )
    -------------------------------------------------------------------------
NEAR_CODE
  Relative segment, address: CODE 00002EAF - 00002ECD (0x1f bytes), align: 0
  Segment part 41.
           ENTRY                   ADDRESS         REF BY
           =====                   =======         ======
           MemSet                  00002EAF        ADK_Backup (ADKfunc)
                                                   ADK_ReadVar (ADKfunc)
                                                   Data_ClearMeter (Dataproc)
                                                   Disp_Clear (LcdBottom)
                                                   Disp_Full (LcdBottom)
                                                   Eny_EnergyClrCur (Energy)
                                                   FactoryWR (DLT_645_2007)
                                                   InitE2Data (InitPara)
                                                   Init_CfG (main)
                                                   ReadVar (DLT_645_2007)
                                                   RecoverEnergyData (Dataproc)
                                                   ResetMinuteDemand (Demand)
               ISTACK = 00000000 ( 00000003 )
    -------------------------------------------------------------------------
NEAR_CODE
  Relative segment, address: CODE 00002ECE - 00002EF8 (0x2b bytes), align: 0
  Segment part 44.
           ENTRY                   ADDRESS         REF BY
           =====                   =======         ======
           HourAndMinToMin         00002ECE        ComCheckFormat (DataProtect)
               calls direct
               XSTACK = 00000000 ( 00000009 )
    -------------------------------------------------------------------------
CODE_C
  Relative segment, address: CODE 00001243 - 00001246 (0x4 bytes), align: 0
  Segment part 9.             Intra module refs:   Hex2BCD
           ENTRY                   ADDRESS         REF BY
           =====                   =======         ======
           __Constant_fa0a1f00     00001243 
    -------------------------------------------------------------------------
CODE_C
  Relative segment, address: CODE 00001247 - 0000124A (0x4 bytes), align: 0
  Segment part 10.            Intra module refs:   Hex2BCD
           ENTRY                   ADDRESS         REF BY
           =====                   =======         ======
           __Constant_5f5e100      00001247 
    -------------------------------------------------------------------------
CODE_C
  Relative segment, address: CODE 0000124B - 0000124E (0x4 bytes), align: 0
  Segment part 11.            Intra module refs:   BCD2Hex
                                                   CalImbRate (TamperProc)
                                                   CalcMinuteDemand (Demand)
                                                   GetBat (McuDrive)
           ENTRY                   ADDRESS         REF BY
           =====                   =======         ======
           __Constant_64           0000124B 

    *************************************************************************

  FILE NAME : C:\worktop\galaxy_Thailand_9811b_62056_meter\source\Debug\Obj\BEBottom.r51
  PROGRAM MODULE, NAME : BEBottom

  SEGMENTS IN THE MODULE
  ======================
SFR_AN
  Relative segment, address: DATA 000000A4 - 000000A4 (0x1 bytes), align: 0
  Segment part 1. ROOT.       Intra module refs:   BE_I_ACK
                                                   BE_I_NAK
                                                   BE_I_ReadB
                                                   BE_I_Start
                                                   BE_I_Stop
                                                   BE_I_WriteB
                                                   BE_ReadP
                                                   BE_WriteP
                                                   IOOFF (McuDrive)
                                                   IO_Init (McuDrive)
                                                   Mea_Consumption_Dly (main)
                                                   Pwr_DownProc (Powmanger)
                                                   SleepRTC (McuDrive)
           ENTRY                   ADDRESS         REF BY
           =====                   =======         ======
           P9OE                    000000A4 
    -------------------------------------------------------------------------
SFR_AN
  Relative segment, address: DATA 000000A5 - 000000A5 (0x1 bytes), align: 0
  Segment part 2. ROOT.       Intra module refs:   BE_I_ACK
                                                   BE_I_NAK
                                                   BE_I_ReadB
                                                   BE_I_Start
                                                   BE_I_Stop
                                                   BE_I_WriteB
                                                   BE_ReadP
                                                   BE_WriteP
                                                   IOOFF (McuDrive)
                                                   IO_Init (McuDrive)
                                                   Mea_Consumption_Dly (main)
                                                   Pwr_DownProc (Powmanger)
                                                   SleepRTC (McuDrive)
           ENTRY                   ADDRESS         REF BY
           =====                   =======         ======
           P9IE                    000000A5 
    -------------------------------------------------------------------------
SFR_AN
  Relative segment, address: DATA 000000A6 - 000000A6 (0x1 bytes), align: 0
  Segment part 3. ROOT.       Intra module refs:   BE_I_ACK
                                                   BE_I_NAK
                                                   BE_I_ReadB
                                                   BE_I_Start
                                                   BE_I_Stop
                                                   BE_I_WriteB
                                                   BE_ReadP
                                                   BE_WriteP
                                                   IO_Init (McuDrive)
                                                   Mea_Consumption_Dly (main)
                                                   Pwr_DownProc (Powmanger)
                                                   SleepRTC (McuDrive)
                                                   debug_ledshow (pxv9811b)
           ENTRY                   ADDRESS         REF BY
           =====                   =======         ======
           P9OD                    000000A6 
    -------------------------------------------------------------------------
SFR_AN
  Relative segment, address: DATA 000000A7 - 000000A7 (0x1 bytes), align: 0
  Segment part 4. ROOT.       Intra module refs:   BE_I_ReadB
                                                   BE_I_WriteB
           ENTRY                   ADDRESS         REF BY
           =====                   =======         ======
           P9ID                    000000A7 
    -------------------------------------------------------------------------
NEAR_CODE
  Relative segment, address: CODE 00002EF9 - 00002F10 (0x18 bytes), align: 0
  Segment part 12.            Intra module refs:   BE_ReadP
                                                   BE_WriteP
           ENTRY                   ADDRESS         REF BY
           =====                   =======         ======
           Stop_Delay              00002EF9 
               XSTACK = 00000010 ( 00000000 )
    -------------------------------------------------------------------------
NEAR_CODE
  Relative segment, address: CODE 00002F11 - 0000300A (0xfa bytes), align: 0
  Segment part 13.
           ENTRY                   ADDRESS         REF BY
           =====                   =======         ======
           BE_WriteP               00002F11        ADK_Backup (ADKfunc)
                                                   ADK_CalFun (ADKfunc)
                                                   Data_ClearMeter (Dataproc)
                                                   Data_YearProc (Dataproc)
                                                   Demand_Calc (Demand)
                                                   E2DataChk (InitPara)
                                                   Eny_EnergyActiveSave (Energy)
                                                   Eny_EnergyClrCur (Energy)
                                                   FactoryWR (DLT_645_2007)
                                                   InitE2Data (InitPara)
                                                   Pwr_E2Save (Powmanger)
                                                   RecoverEnergyData (Dataproc)
                                                   RwRamE2 (DLT_645_2007)
                                                   SysE2ParaSetManage (DataProtect)
               calls direct
               XSTACK = 00000002 ( 0000000F )
    -------------------------------------------------------------------------
NEAR_CODE
  Relative segment, address: CODE 0000300B - 000030EA (0xe0 bytes), align: 0
  Segment part 14.            Intra module refs:   BE_ReadW
           ENTRY                   ADDRESS         REF BY
           =====                   =======         ======
           BE_ReadP                0000300B        ADK_AutoChkAngle (ADKfunc)
                                                   ADK_AutoChkIrms (ADKfunc)
                                                   ADK_AutoChkPW (ADKfunc)
                                                   ADK_AutoChkTinyPW (ADKfunc)
                                                   ADK_AutoChkUrms (ADKfunc)
                                                   Demand_Calc (Demand)
                                                   E2DataChk (InitPara)
                                                   Eny_EnergyActiveSave (Energy)
                                                   Eny_JbPm_GetE2 (Energy)
                                                   Eny_PurCheckRAMEny (Energy)
                                                   FactoryRD (DLT_645_2007)
                                                   InitE2Data (InitPara)
                                                   Judge645Addr (Prcfrm)
                                                   JudgePassword (Prcfrm)
                                                   RecoverEnergyData (Dataproc)
                                                   RwRamE2 (DLT_645_2007)
                                                   SysE2ParaSetManage (DataProtect)
                                                   SysE2ReadData (DataProtect)
               calls direct
               XSTACK = 0000000D ( 00000010 )
               ISTACK = 00000000 ( 00000001 )
    -------------------------------------------------------------------------
NEAR_CODE
  Relative segment, address: CODE 000030EB - 00003108 (0x1e bytes), align: 0
  Segment part 16.
           ENTRY                   ADDRESS         REF BY
           =====                   =======         ======
           BE_ReadW                000030EB        Eny_RefVar (Energy)
               calls direct, is not allocated
               not allocated function
    -------------------------------------------------------------------------
XDATA_Z
  Relative segment, address: XDATA 00000203 - 00000203 (0x1 bytes), align: 0
  Segment part 10.            Intra module refs:   BE_I_ReadB
           ENTRY                   ADDRESS         REF BY
           =====                   =======         ======
           uc_BeRdData             00000203 
    -------------------------------------------------------------------------
NEAR_CODE
  Relative segment, address: CODE 00003109 - 00003153 (0x4b bytes), align: 0
  Segment part 17.            Intra module refs:   BE_ReadP
           ENTRY                   ADDRESS         REF BY
           =====                   =======         ======
           BE_I_ReadB              00003109 
               XSTACK = 00000010 ( 00000000 )
               ISTACK = 00000000 ( 00000002 )
    -------------------------------------------------------------------------
XDATA_Z
  Relative segment, address: XDATA 00000204 - 00000204 (0x1 bytes), align: 0
  Segment part 11.            Intra module refs:   BE_I_WriteB
           ENTRY                   ADDRESS         REF BY
           =====                   =======         ======
           uc_BeWrData             00000204 
    -------------------------------------------------------------------------
NEAR_CODE
  Relative segment, address: CODE 00003154 - 000031D2 (0x7f bytes), align: 0
  Segment part 18.            Intra module refs:   BE_ReadP
                                                   BE_WriteP
           ENTRY                   ADDRESS         REF BY
           =====                   =======         ======
           BE_I_WriteB             00003154 
               XSTACK = 00000010 ( 00000000 )
               ISTACK = 00000000 ( 00000002 )
    -------------------------------------------------------------------------
NEAR_CODE
  Relative segment, address: CODE 000031D3 - 00003200 (0x2e bytes), align: 0
  Segment part 19.            Intra module refs:   BE_ReadP
                                                   BE_WriteP
           ENTRY                   ADDRESS         REF BY
           =====                   =======         ======
           BE_I_Start              000031D3 
               XSTACK = 00000010 ( 00000000 )
    -------------------------------------------------------------------------
NEAR_CODE
  Relative segment, address: CODE 00003201 - 00003234 (0x34 bytes), align: 0
  Segment part 20.            Intra module refs:   BE_ReadP
                                                   BE_WriteP
           ENTRY                   ADDRESS         REF BY
           =====                   =======         ======
           BE_I_Stop               00003201 
               XSTACK = 00000010 ( 00000000 )
    -------------------------------------------------------------------------
NEAR_CODE
  Relative segment, address: CODE 00003235 - 00003258 (0x24 bytes), align: 0
  Segment part 21.            Intra module refs:   BE_ReadP
           ENTRY                   ADDRESS         REF BY
           =====                   =======         ======
           BE_I_NAK                00003235 
               XSTACK = 00000010 ( 00000000 )
    -------------------------------------------------------------------------
NEAR_CODE
  Relative segment, address: CODE 00003259 - 0000327C (0x24 bytes), align: 0
  Segment part 22.            Intra module refs:   BE_ReadP
           ENTRY                   ADDRESS         REF BY
           =====                   =======         ======
           BE_I_ACK                00003259 
               XSTACK = 00000010 ( 00000000 )

    *************************************************************************

  FILE NAME : C:\worktop\galaxy_Thailand_9811b_62056_meter\source\Debug\Obj\ComApplication.r51
  PROGRAM MODULE, NAME : ComApplication

  SEGMENTS IN THE MODULE
  ======================
NEAR_CODE
  Relative segment, address: CODE 0000327D - 00003299 (0x1d bytes), align: 0
  Segment part 6.
           ENTRY                   ADDRESS         REF BY
           =====                   =======         ======
           ComApp_Proc             0000327D        SysEventProc (main)
               calls direct, is not allocated
               not allocated function
    -------------------------------------------------------------------------
NEAR_CODE
  Relative segment, address: CODE 0000329A - 000032D3 (0x3a bytes), align: 0
  Segment part 7.             Intra module refs:   ComApp_Proc
           ENTRY                   ADDRESS         REF BY
           =====                   =======         ======
           Uart_Proc               0000329A 
               calls direct, is not allocated
               not allocated function

    *************************************************************************

  FILE NAME : C:\worktop\galaxy_Thailand_9811b_62056_meter\source\Debug\Obj\ComBottom.r51
  PROGRAM MODULE, NAME : ComBottom

  SEGMENTS IN THE MODULE
  ======================
CODE_C
  Relative segment, address: CODE 0000124F - 00001258 (0xa bytes), align: 0
  Segment part 6.
           ENTRY                   ADDRESS         REF BY
           =====                   =======         ======
           BaudRateTable           0000124F        Init_Uart4 (Uart4)
    -------------------------------------------------------------------------
XDATA_Z
  Relative segment, address: XDATA 00000205 - 00000373 (0x16f bytes), align: 0
  Segment part 7.             Intra module refs:   ComBom_10msDy
                                                   ComBom_Init
                                                   ComBom_StartSend
           ENTRY                   ADDRESS         REF BY
           =====                   =======         ======
[...]
                                                   ShowSysStart (Lcdshow)
                                                   SwitchMode (TamperProc)
                                                   SysE2ParaSetManage (DataProtect)
                                                   SysE2ReadData (DataProtect)
                                                   Tamp_BlanceProc (TamperProc)
                                                   Tamp_ChkBlance (TamperProc)
                                                   Tamp_ChkPLL (TamperProc)
                                                   Tamp_DspProc (TamperProc)
                                                   Tamp_Init (TamperProc)
                                                   Tamp_Sleep (TamperProc)
                                                   Uart2_Receive (Uart2)
                                                   Uart2_Transmit (Uart2)
                                                   Uart4_Receive (Uart4)
                                                   Uart4_Transmit (Uart4)
                                                   Uart_Proc (ComApplication)
                                                   UnDo33 (Prcfrm)
                                                   ValidTime (Timeproc)
                                                   WriteMeterAddr (DLT_645_2007)
                                                   do_CRC (Api)

    -------------------------------------------------------------------------
  LIBRARY MODULE, NAME : ?PUSH_XSTACK_I

  SEGMENTS IN THE MODULE
  ======================
RCODE
  Relative segment, address: CODE 00000BE0 - 00000BE3 (0x4 bytes), align: 0
  Segment part 0.
           ENTRY                   ADDRESS         REF BY
           =====                   =======         ======
           ?PUSH_XSTACK_I_FOUR     00000BE0        ADK_AutoChkIrms (ADKfunc)
    -------------------------------------------------------------------------
RCODE
  Relative segment, address: CODE 00000BE4 - 00000BE7 (0x4 bytes), align: 0
  Segment part 2.
           ENTRY                   ADDRESS         REF BY
           =====                   =======         ======
           ?PUSH_XSTACK_I_TWO      00000BE4        ADK_AutoChkAngle (ADKfunc)
                                                   ADK_AutoChkIrms (ADKfunc)
                                                   ADK_AutoChkPW (ADKfunc)
                                                   ADK_AutoChkTinyPW (ADKfunc)
                                                   ADK_AutoChkUrms (ADKfunc)
                                                   ADK_Backup (ADKfunc)
                                                   ADK_CalFun (ADKfunc)
                                                   Data_ClearMeter (Dataproc)
                                                   Data_YearProc (Dataproc)
                                                   Demand_Calc (Demand)
                                                   E2DataChk (InitPara)
                                                   EnyB_JbPm_Updata (EnergyBottom)
                                                   EnyB_Open_Cf (EnergyBottom)
                                                   Eny_EnergyActiveSave (Energy)
                                                   Eny_EnergyClrCur (Energy)
                                                   Eny_JbPm_GetE2 (Energy)
                                                   Eny_PurCheckRAMEny (Energy)
                                                   Eny_RefVar (Energy)
                                                   FactoryRD (DLT_645_2007)
                                                   FactoryWR (DLT_645_2007)
                                                   InitE2Data (InitPara)
                                                   InitPMDSP (EnergyBottom)
                                                   Judge645Addr (Prcfrm)
                                                   JudgePassword (Prcfrm)
                                                   MCUForPowerOff (McuDrive)
                                                   MeterADClose (TamperProc)
                                                   MeterADSel (TamperProc)
                                                   Pwr_E2Save (Powmanger)
                                                   Pwr_SlpReset (Powmanger)
                                                   Pwr_WakeupProc (Powmanger)
                                                   RecoverEnergyData (Dataproc)
                                                   RwRamE2 (DLT_645_2007)
                                                   ShowNumManage (Lcdshow)
                                                   SysE2ParaSetManage (DataProtect)
                                                   Tamp_DspProc (TamperProc)
                                                   Tamp_Sleep (TamperProc)
    -------------------------------------------------------------------------
RCODE
  Relative segment, address: CODE 00000BE8 - 00000BF4 (0xd bytes), align: 0
  Segment part 4.             Intra module refs:   ?PUSH_XSTACK_I_FOUR
                                                   ?PUSH_XSTACK_I_TWO
           ENTRY                   ADDRESS         REF BY
           =====                   =======         ======
           ?PUSH_XSTACK_I          00000BE8 

    -------------------------------------------------------------------------
  LIBRARY MODULE, NAME : ?PUSH_XSTACK8_X

  SEGMENTS IN THE MODULE
  ======================
RCODE
  Relative segment, address: CODE 00000BF5 - 00000BF8 (0x4 bytes), align: 0
  Segment part 1.
           ENTRY                   ADDRESS         REF BY
           =====                   =======         ======
           ?PUSH_XSTACK8_X_FOUR    00000BF5        ADK_AutoChkAngle (ADKfunc)
                                                   ADK_AutoChkIrms (ADKfunc)
                                                   ADK_AutoChkPW (ADKfunc)
                                                   ADK_AutoChkUrms (ADKfunc)
                                                   ShowRefresh (Lcdshow)
                                                   Tamp_ChkBlance (TamperProc)
    -------------------------------------------------------------------------
RCODE
  Relative segment, address: CODE 00000BF9 - 00000BFC (0x4 bytes), align: 0
  Segment part 3.
           ENTRY                   ADDRESS         REF BY
           =====                   =======         ======
           ?PUSH_XSTACK8_X_TWO     00000BF9        BE_ReadW (BEBottom)
                                                   SysE2ParaSetManage (DataProtect)
                                                   SysE2ReadData (DataProtect)
    -------------------------------------------------------------------------
RCODE
  Relative segment, address: CODE 00000BFD - 00000C25 (0x29 bytes), align: 0
  Segment part 5.             Intra module refs:   ?PUSH_XSTACK8_X_FOUR
                                                   ?PUSH_XSTACK8_X_TWO
           ENTRY                   ADDRESS         REF BY
           =====                   =======         ======
           ?PUSH_XSTACK8_X         00000BFD        RWData (DLT_645_2007)
                                                   ShowDataProc (Lcdshow)

    -------------------------------------------------------------------------
  LIBRARY MODULE, NAME : ?UC_SWITCH_DENSE

  SEGMENTS IN THE MODULE
  ======================
RCODE
  Relative segment, address: CODE 00000C26 - 00000C2B (0x6 bytes), align: 0
  Segment part 0.
           ENTRY                   ADDRESS         REF BY
           =====                   =======         ======
           ?UC_SWITCH_DENSE        00000C26        ComCheckFormat (DataProtect)
           ?UC_SWITCH_DENSE_CFI_INVALID_BEGINS
                                   00000C26 
    -------------------------------------------------------------------------
RCODE
  Relative segment, address: CODE 00000C2C - 00000C5A (0x2f bytes), align: 0
  Segment part 2.             Intra module refs:   Segment part 0
    -------------------------------------------------------------------------
RCODE
  Relative segment, address: CODE 00000C5B - 00000C5B (0x1 bytes), align: 0
  Segment part 4.             Intra module refs:   Segment part 0
           ENTRY                   ADDRESS         REF BY
           =====                   =======         ======
           ?UC_SWITCH_DENSE_CFI_INVALID_ENDS
                                   00000C5C 

    -------------------------------------------------------------------------
  LIBRARY MODULE, NAME : ?US_SWITCH_SPARSE

  SEGMENTS IN THE MODULE
  ======================
RCODE
  Relative segment, address: CODE 00000C5C - 00000C65 (0xa bytes), align: 0
  Segment part 0.
           ENTRY                   ADDRESS         REF BY
           =====                   =======         ======
           ?US_SWITCH_SPARSE       00000C5C        CalRMS (EnergyBottom)
           ?US_SWITCH_SPARSE_CFI_INVALID_BEGINS
                                   00000C5C 
    -------------------------------------------------------------------------
RCODE
  Relative segment, address: CODE 00000C66 - 00000CA6 (0x41 bytes), align: 0
  Segment part 2.             Intra module refs:   Segment part 0
           ENTRY                   ADDRESS         REF BY
           =====                   =======         ======
           ?US_SWITCH_SPARSE_LEAVE
                                   00000C98        Segment part 0 (?US_JMP_IF_IN_RANGE)
                                                   Segment part 0 (?US_JMP_IF_VALUE)
    -------------------------------------------------------------------------
RCODE
  Relative segment, address: CODE 00000CA7 - 00000CA7 (0x1 bytes), align: 0
  Segment part 4.             Intra module refs:   Segment part 0
           ENTRY                   ADDRESS         REF BY
           =====                   =======         ======
           ?US_SWITCH_SPARSE_CFI_INVALID_ENDS
                                   00000CA8 

    -------------------------------------------------------------------------
  LIBRARY MODULE, NAME : ?US_JMP_IF_IN_RANGE

  SEGMENTS IN THE MODULE
  ======================
RCODE
  Relative segment, address: CODE 00000CA8 - 00000CE6 (0x3f bytes), align: 0
  Segment part 0.
           ENTRY                   ADDRESS         REF BY
           =====                   =======         ======
           ?US_JMP_IF_IN_RANGE     00000CA8        ?US_SWITCH_SPARSE_LEAVE (?US_SWITCH_SPARSE)
           ?US_JMP_IF_IN_RANGE_CFI_INVALID_BEGINS
                                   00000CA8 
           ?US_JMP_IF_IN_RANGE_CFI_INVALID_ENDS
                                   00000CE7 

    -------------------------------------------------------------------------
  LIBRARY MODULE, NAME : ?US_JMP_IF_VALUE

  SEGMENTS IN THE MODULE
  ======================
RCODE
  Relative segment, address: CODE 00000CE7 - 00000D11 (0x2b bytes), align: 0
  Segment part 0.
           ENTRY                   ADDRESS         REF BY
           =====                   =======         ======
           ?US_JMP_IF_VALUE        00000CE7        ?US_SWITCH_SPARSE_LEAVE (?US_SWITCH_SPARSE)
           ?US_JMP_IF_VALUE_CFI_INVALID_BEGINS
                                   00000CE7 
           ?US_JMP_IF_VALUE_CFI_INVALID_ENDS
                                   00000D12 

    -------------------------------------------------------------------------
  LIBRARY MODULE, NAME : ?UL_SWITCH_SPARSE

  SEGMENTS IN THE MODULE
  ======================
RCODE
  Relative segment, address: CODE 00000D12 - 00000D21 (0x10 bytes), align: 0
  Segment part 0.
           ENTRY                   ADDRESS         REF BY
           =====                   =======         ======
           ?UL_SWITCH_SPARSE       00000D12        ShowNumManage (Lcdshow)
           ?UL_SWITCH_SPARSE_CFI_INVALID_BEGINS
                                   00000D12 
    -------------------------------------------------------------------------
RCODE
  Relative segment, address: CODE 00000D22 - 00000D8C (0x6b bytes), align: 0
  Segment part 2.             Intra module refs:   Segment part 0
           ENTRY                   ADDRESS         REF BY
           =====                   =======         ======
           ?UL_SWITCH_SPARSE_LEAVE
                                   00000D78        Segment part 0 (?UL_JMP_IF_IN_RANGE)
                                                   Segment part 0 (?UL_JMP_IF_VALUE)
    -------------------------------------------------------------------------
RCODE
  Relative segment, address: CODE 00000D8D - 00000D8D (0x1 bytes), align: 0
  Segment part 4.             Intra module refs:   Segment part 0
           ENTRY                   ADDRESS         REF BY
           =====                   =======         ======
           ?UL_SWITCH_SPARSE_CFI_INVALID_ENDS
                                   00000D8E 

    -------------------------------------------------------------------------
  LIBRARY MODULE, NAME : ?UL_JMP_IF_IN_RANGE

  SEGMENTS IN THE MODULE
  ======================
RCODE
  Relative segment, address: CODE 00000D8E - 00000DCA (0x3d bytes), align: 0
  Segment part 0.
           ENTRY                   ADDRESS         REF BY
           =====                   =======         ======
           ?UL_JMP_IF_IN_RANGE     00000D8E        ?UL_SWITCH_SPARSE_LEAVE (?UL_SWITCH_SPARSE)
           ?UL_JMP_IF_IN_RANGE_CFI_INVALID_BEGINS
                                   00000D8E 
           ?UL_JMP_IF_IN_RANGE_CFI_INVALID_ENDS
                                   00000DCB 

    -------------------------------------------------------------------------
  LIBRARY MODULE, NAME : ?UL_JMP_IF_VALUE

  SEGMENTS IN THE MODULE
  ======================
RCODE
  Relative segment, address: CODE 00000DCB - 00000DED (0x23 bytes), align: 0
  Segment part 0.
           ENTRY                   ADDRESS         REF BY
           =====                   =======         ======
           ?UL_JMP_IF_VALUE        00000DCB        ?UL_SWITCH_SPARSE_LEAVE (?UL_SWITCH_SPARSE)
           ?UL_JMP_IF_VALUE_CFI_INVALID_BEGINS
                                   00000DCB 
           ?UL_JMP_IF_VALUE_CFI_INVALID_ENDS
                                   00000DEE 

    *************************************************************************

  DEFINED ABSOLUTE ENTRIES



                ****************************************
                *                                      *
                *      SEGMENTS IN ADDRESS ORDER       *
                *                                      *
                ****************************************


SEGMENT              SPACE    START ADDRESS   END ADDRESS     SIZE  TYPE  ALIGN
=======              =====    =============   ===========     ====  ====  =====
INTVEC               CODE          00000000 - 00000065          66   com    0
CSTART               CODE          00000066 - 00000092          2D   rel    0
BANK_RELAYS          CODE               00000093                     dse    0
CODE_AC              CODE          00000100 - 00000399         29A   rel    0
                     CODE          0000039C - 000005FF         264 
RCODE                CODE          00000600 - 00000DED         7EE   rel    0
DIFUNCT              CODE               00000DEE                     dse    0
CODE_AC              CODE          000011C0 - 000011CC           D   rel    0
                     CODE          000011CE - 000011CE           1 
CODE_C               CODE          000011CF - 000019F6         828   rel    0
CODE_N               CODE               000019F7                     dse    0
NEAR_CODE            CODE          000019F7 - 0000BCB2        A2BC   rel    0
REGISTERS            DATA          00000000 - 00000007           8   rel    0
__REG_BANK2          DATA          00000010 - 00000017           8   rel    0
BREG                 BIT        00000020.0  -  00000020.7        8   rel    0
VREG                 DATA          00000021 - 00000030          10   rel    0
PSP                  DATA               00000031                     dse    0
XSP                  DATA          00000031 - 00000032           2   rel    0
SFR_AN               DATA          00000080 - 00000080           1   rel    0
                     DATA          00000087 - 0000008E           8 
                     DATA          00000090 - 00000091           2 
                     DATA          00000093 - 00000097           5 
                     DATA          0000009A - 0000009F           6 
                     DATA          000000A1 - 000000A1           1 
                     DATA          000000A3 - 000000A8           6 
                     DATA          000000AD - 000000AD           1 
                     DATA          000000C0 - 000000C0           1 
                     DATA          000000C8 - 000000C8           1 
                     DATA          000000CC - 000000D0           5 
                     DATA          000000DA - 000000DD           4 
                     DATA          000000DF - 000000E0           2 
                     DATA          000000E8 - 000000E8           1 
XSTACK               XDATA         00000001 - 00000200         200   rel    0
XDATA_Z              XDATA         00000201 - 00000575         375   rel    0
XDATA_AN             XDATA         00002820 - 00002821           2   rel    0
                     XDATA         00002823 - 00002823           1 
                     XDATA         00002825 - 00002828           4 
                     XDATA         0000282E - 0000282E           1 
                     XDATA         00002830 - 00002831           2 
                     XDATA         00002833 - 00002833           1 
                     XDATA         00002835 - 00002838           4 
                     XDATA         0000283E - 0000283E           1 
                     XDATA         00002840 - 00002840           1 
                     XDATA         00002843 - 00002843           1 
                     XDATA         00002848 - 00002848           1 
                     XDATA         0000284B - 0000284B           1 
                     XDATA         00002858 - 00002868          11 
                     XDATA         000028A8 - 000028AA           3 
                     XDATA         000028AC - 000028B1           6 
                     XDATA         000028B4 - 000028B5           2 
                     XDATA         000028B8 - 000028B9           2 
                     XDATA         000028BC - 000028BD           2 
                     XDATA         000028C0 - 000028C1           2 
                     XDATA         000028C5 - 000028CA           6 
                     XDATA         000028CD - 000028CF           3 
                     XDATA         000028D5 - 000028D6           2 
                     XDATA         000028D9 - 000028DA           2 
                     XDATA         00002A05 - 00002A05           1 
                     XDATA         00002C00 - 00002C00           1 
                     XDATA         00002C1E - 00002C23           6 
                     XDATA         00002D00 - 00002D01           2 
IDATA_I              IDATA              00000033                     dse    0
IDATA_Z              IDATA         00000033 - 00000042          10   rel    0
ISTACK               IDATA         000000A0 - 000000FF          60   rel    0

                ****************************************
                *                                      *
                *        END OF CROSS REFERENCE        *
                *                                      *
                ****************************************

 45 925 bytes of CODE  memory (+ 1 292 absolute )
     26 bytes of DATA  memory (+    52 absolute )
  1 397 bytes of XDATA memory (+    77 absolute )
    112 bytes of IDATA memory
      8 bits  of BIT   memory

Errors: none
Warnings: none

