Warning[w6]: Type conflict for external/entry "FCpyTMe1m", in module indata_oper against external/entry in module Api; function types differ in parameter 2; types have different memory attributes
  /* In module indata_oper: */
  /* Function, args 3, attr 0 */
  void (__xdata_reentrant FCpyTMe1m)(uint8x *,
                                     uint8 const *,
                                     uint8);
    typedef unsigned char uint8x;
    typedef unsigned char uint8;
  /* In module Api: */
  /* Function, args 3, attr 0 */
  void (__xdata_reentrant FCpyTMe1m)(uint8x *,
                                     uint8 __code const *,
                                     uint8);
    typedef unsigned char uint8x;
    typedef unsigned char uint8;
Warning[w6]: Type conflict for external/entry "LCD_Init", in module main against external/entry in module LcdBottom; prototyped function vs K&R function
  /* In module main: */
  /* K&R Function, args 0, attr 0 */
  int (__xdata_reentrant LCD_Init)();
  /* In module LcdBottom: */
  /* Function, args 1, attr 0 */
  void (__xdata_reentrant LCD_Init)(char *);
Warning[w6]: Type conflict for external/entry "Delay1OSC", in module mainapp against external/entry in module McuDrive; prototyped function vs K&R function
  /* In module mainapp: */
  /* K&R Function, args 0, attr 0 */
  int (__xdata_reentrant Delay1OSC)();
  /* In module McuDrive: */
  /* Function, args 0, attr 0 */
  void (__xdata_reentrant Delay1OSC)(void);
Warning[w6]: Type conflict for external/entry "stmemter_statu", in module indata_oper against external/entry in module dfinit; types have different memory attributes
  /* In module indata_oper: */
  struct STMEMTER_STATU /* Elements: 3, Bytes: 74 */
                        /* First seen in Meter */
  { 
    u8 IMType[10];
    u8 SoftVer[32];
    u8 HardVer[32];
  } stmemter_statu[];
    typedef unsigned char u8;
  /* In module dfinit: */
  struct STMEMTER_STATU /* Elements: 3, Bytes: 74 */
                        /* First seen in Meter */
  { 
    u8 IMType[10];
    u8 SoftVer[32];
    u8 HardVer[32];
  } (__code const stmemter_statu)[4];
    typedef unsigned char u8;
Warning[w6]: Type conflict for external/entry "c8025intno", in module System against external/entry in module globlvar; types have different type attributes
  /* In module System: */
  char c8025intno;
  /* In module globlvar: */
  unsigned char volatile c8025intno;
Warning[w6]: Type conflict for external/entry "App_Init", in module mainapp against external/entry in module main; prototyped function vs K&R function
  /* In module mainapp: */
  /* K&R Function, args 0, attr 0 */
  int (__xdata_reentrant App_Init)();
  /* In module main: */
  /* Function, args 0, attr 0 */
  void (__xdata_reentrant App_Init)(void);
Warning[w6]: Type conflict for external/entry "Var_Init", in module mainapp against external/entry in module main; prototyped function vs K&R function
  /* In module mainapp: */
  /* K&R Function, args 0, attr 0 */
  int (__xdata_reentrant Var_Init)();
  /* In module main: */
  /* Function, args 0, attr 0 */
  void (__xdata_reentrant Var_Init)(void);
################################################################################
#                                                                              #
#      IAR Universal Linker V5.7.0.39                                          #
#                                                                              #
#           Link time     =  07/Sep/2019  20:55:50                             #
#           Target CPU    =  x51                                               #
#           List file     =  C:\worktop\galaxy_Thailand_9811b_62056_meter\sour #
#                            ce\Debug\List\D143R-9821S.map                     #
#           Output file 1 =  C:\worktop\galaxy_Thailand_9811b_62056_meter\sour #
#                            ce\Debug\Exe\D143F9821S.xx.20xxxxxx.hex           #
#                            Format: intel-extended                            #
#           Output file 2 =  C:\worktop\galaxy_Thailand_9811b_62056_meter\sour #
#                            ce\Debug\Exe\D143R-9821S.d51                      #
#                            Format: debug                                     #
#                            UBROF version 10.0.6                              #
#                            Using library modules for C-SPY (-r)              #
#           Command line  =  "-IC:\Program Files (x86)\IAR Systems\Embedded Wo #
#                            rkbench 6.5\8051\CONFIG\"                         #
#                            -D_NR_OF_BANKS=0 -D_CODEBANK_END=0                #
#                            -D_CODEBANK_START=0                               #
#                            C:\worktop\galaxy_Thailand_9811b_62056_meter\sour #
#                            ce\Debug\Obj\ADKfunc.r51                          #
#                            C:\worktop\galaxy_Thailand_9811b_62056_meter\sour #
#                            ce\Debug\Obj\Api.r51                              #
#                            C:\worktop\galaxy_Thailand_9811b_62056_meter\sour #
#                            ce\Debug\Obj\BEBottom.r51                         #
#                            C:\worktop\galaxy_Thailand_9811b_62056_meter\sour #
#                            ce\Debug\Obj\ComApplication.r51                   #
#                            C:\worktop\galaxy_Thailand_9811b_62056_meter\sour #
#                            ce\Debug\Obj\ComBottom.r51                        #
#                            C:\worktop\galaxy_Thailand_9811b_62056_meter\sour #
#                            ce\Debug\Obj\ComCoretab.r51                       #
#                            C:\worktop\galaxy_Thailand_9811b_62056_meter\sour #
#                            ce\Debug\Obj\DLT_645_2007.r51                     #
#                            C:\worktop\galaxy_Thailand_9811b_62056_meter\sour #
#                            ce\Debug\Obj\DataProtect.r51                      #
#                            C:\worktop\galaxy_Thailand_9811b_62056_meter\sour #
#                            ce\Debug\Obj\Dataproc.r51                         #
#                            C:\worktop\galaxy_Thailand_9811b_62056_meter\sour #
#                            ce\Debug\Obj\Demand.r51                           #
#                            C:\worktop\galaxy_Thailand_9811b_62056_meter\sour #
#                            ce\Debug\Obj\Disp.r51                             #
#                            C:\worktop\galaxy_Thailand_9811b_62056_meter\sour #
#                            ce\Debug\Obj\Drv_RTCSPK.r51                       #
#                            C:\worktop\galaxy_Thailand_9811b_62056_meter\sour #
#                            ce\Debug\Obj\Energy.r51                           #
#                            C:\worktop\galaxy_Thailand_9811b_62056_meter\sour #
#                            ce\Debug\Obj\EnergyBottom.r51                     #
#                            C:\worktop\galaxy_Thailand_9811b_62056_meter\sour #
#                            ce\Debug\Obj\FunCfg.r51                           #
#                            C:\worktop\galaxy_Thailand_9811b_62056_meter\sour #
#                            ce\Debug\Obj\GC_Use.r51                           #
#                            C:\worktop\galaxy_Thailand_9811b_62056_meter\sour #
#                            ce\Debug\Obj\InitPara.r51                         #
#                            C:\worktop\galaxy_Thailand_9811b_62056_meter\sour #
#                            ce\Debug\Obj\Key.r51                              #
#                            C:\worktop\galaxy_Thailand_9811b_62056_meter\sour #
#                            ce\Debug\Obj\LcdBottom.r51                        #
#                            C:\worktop\galaxy_Thailand_9811b_62056_meter\sour #
#                            ce\Debug\Obj\Lcdmiddle.r51                        #
#                            C:\worktop\galaxy_Thailand_9811b_62056_meter\sour #
#                            ce\Debug\Obj\Lcdshow.r51                          #
#                            C:\worktop\galaxy_Thailand_9811b_62056_meter\sour #
#                            ce\Debug\Obj\McuDrive.r51                         #
#                            C:\worktop\galaxy_Thailand_9811b_62056_meter\sour #
#                            ce\Debug\Obj\Meter.r51                            #
#                            C:\worktop\galaxy_Thailand_9811b_62056_meter\sour #
#                            ce\Debug\Obj\Powmanger.r51                        #
#                            C:\worktop\galaxy_Thailand_9811b_62056_meter\sour #
#                            ce\Debug\Obj\Prcfrm.r51                           #
#                            C:\worktop\galaxy_Thailand_9811b_62056_meter\sour #
#                            ce\Debug\Obj\PubData.r51                          #
#                            C:\worktop\galaxy_Thailand_9811b_62056_meter\sour #
#                            ce\Debug\Obj\System.r51                           #
#                            C:\worktop\galaxy_Thailand_9811b_62056_meter\sour #
#                            ce\Debug\Obj\TamperProc.r51                       #
#                            C:\worktop\galaxy_Thailand_9811b_62056_meter\sour #
#                            ce\Debug\Obj\Timeproc.r51                         #
#                            C:\worktop\galaxy_Thailand_9811b_62056_meter\sour #
#                            ce\Debug\Obj\Uart2.r51                            #
#                            C:\worktop\galaxy_Thailand_9811b_62056_meter\sour #
#                            ce\Debug\Obj\Uart4.r51                            #
#                            C:\worktop\galaxy_Thailand_9811b_62056_meter\sour #
#                            ce\Debug\Obj\Version.r51                          #
#                            C:\worktop\galaxy_Thailand_9811b_62056_meter\sour #
#                            ce\Debug\Obj\bit_edge.r51                         #
#                            C:\worktop\galaxy_Thailand_9811b_62056_meter\sour #
#                            ce\Debug\Obj\cstartup.r51                         #
#                            C:\worktop\galaxy_Thailand_9811b_62056_meter\sour #
#                            ce\Debug\Obj\dfinit.r51                           #
#                            C:\worktop\galaxy_Thailand_9811b_62056_meter\sour #
#                            ce\Debug\Obj\disp_format_lcd10329.r51             #
#                            C:\worktop\galaxy_Thailand_9811b_62056_meter\sour #
#                            ce\Debug\Obj\eeprom.r51                           #
#                            C:\worktop\galaxy_Thailand_9811b_62056_meter\sour #
#                            ce\Debug\Obj\globlvar.r51                         #
#                            C:\worktop\galaxy_Thailand_9811b_62056_meter\sour #
#                            ce\Debug\Obj\indata_oper.r51                      #
#                            C:\worktop\galaxy_Thailand_9811b_62056_meter\sour #
#                            ce\Debug\Obj\main.r51                             #
#                            C:\worktop\galaxy_Thailand_9811b_62056_meter\sour #
#                            ce\Debug\Obj\mainapp.r51                          #
#                            C:\worktop\galaxy_Thailand_9811b_62056_meter\sour #
#                            ce\Debug\Obj\public.r51                           #
#                            C:\worktop\galaxy_Thailand_9811b_62056_meter\sour #
#                            ce\Debug\Obj\pxv9811b.r51                         #
#                            C:\worktop\galaxy_Thailand_9811b_62056_meter\sour #
#                            ce\Debug\Obj\safedate.r51                         #
#                            C:\worktop\galaxy_Thailand_9811b_62056_meter\sour #
#                            ce\Debug\Obj\workaround.r51                       #
#                            -o                                                #
#                            C:\worktop\galaxy_Thailand_9811b_62056_meter\sour #
#                            ce\Debug\Exe\D143R-9821S.d51                      #
#                            -l                                                #
#                            C:\worktop\galaxy_Thailand_9811b_62056_meter\sour #
#                            ce\Debug\List\D143R-9821S.map                     #
#                            -xms                                              #
#                            "-IC:\Program Files (x86)\IAR Systems\Embedded Wo #
#                            rkbench 6.5\8051\LIB\"                            #
#                            -f                                                #
#                            C:\worktop\galaxy_Thailand_9811b_62056_meter\sour #
#                            ce\lnk51ew.xcl                                    #
#                            (-D_IDATA_END=0xFF -D_PDATA_START=0x0F01          #
#                            -D_PDATA_END=0x0F7F -D_IXDATA_START=1             #
#                            -D_IXDATA_END=0xF7F -D_XDATA_START=0x000001       #
#                            -D_XDATA_END=0x00F7F -D_CODE_START=0x000000       #
#                            -D_CODE_END=0xFFFF -D_NEAR_CODE_END=0xFFFF        #
#                            -D_FAR_DATA_NR_OF_BANKS=0x0E                      #
#                            -D_FAR_DATA_START=0x010001                        #
#                            -D_FAR_DATA_END=0xFFFFFF                          #
#                            -D_FAR_CODE_START=_CODE_START                     #
#                            -D_FAR_CODE_END=_CODE_END -D?REGISTER_BANK=0      #
#                            -D_REGISTER_BANK_START=0 -D_BREG_START=0x00       #
#                            -D?VB=0x20 -D_FIRST_BANK_ADDR=0                   #
#                            -P(CODE)BANKED_CODE_EXT2_C=[0x0F0000-0x0FFFFF]    #
#                            -P(CODE)BANKED_CODE_EXT2_N=[0x0F0000-0x0FFFFF]    #
#                            -KBANKED_EXT2=10000,15                            #
#                            -Z(CODE)BANKED_EXT2#FFF0-FFFF                     #
#                            -P(CODE)BANKED_CODE_INTERRUPTS_EXT2=[0x00E0100-0x #
#                            00EFFFF]                                          #
#                            -P(CODE)INTVEC_EXT2=[0x0E0000-0x0EFFFF]           #
#                            -Z(BIT)BREG=_BREG_START -Z(BIT)BIT_N=0-7F         #
#                            -Z(DATA)REGISTERS+8=_REGISTER_BANK_START          #
#                            -Z(DATA)BDATA_Z,BDATA_N,BDATA_I=20-2F             #
#                            -Z(DATA)VREG+_NR_OF_VIRTUAL_REGISTERS=08-7F       #
#                            -Z(DATA)PSP,XSP=08-7F -Z(DATA)DOVERLAY=08-7F      #
#                            -Z(DATA)DATA_I,DATA_Z,DATA_N=08-7F                #
#                            -U(IDATA)0-7F=(DATA)0-7F                          #
#                            -Z(IDATA)IDATA_I,IDATA_Z,IDATA_N=08-_IDATA_END    #
#                            -Z(IDATA)ISTACK+_IDATA_STACK_SIZE#08-_IDATA_END   #
#                            -Z(IDATA)IOVERLAY=08-FF -Z(CODE)INTVEC=0          #
#                            -Z(CODE)CSTART=_CODE_START-_CODE_END              #
#                            -D_BANK1_START=0x18000 -D_BANK1_END=0x1FFFF       #
#                            -D_BANK2_START=0x28000 -D_BANK2_END=0x2FFFF       #
#                            -D_BANK0_START=0x8000 -D_BANK0_END=0xFFFF         #
#                            -P(CODE)BANK0=_BANK0_START-_BANK0_END             #
#                            -P(CODE)BANK1=_BANK1_START-_BANK1_END             #
#                            -P(CODE)BANK2=_BANK2_START-_BANK2_END             #
#                            -Z(CODE)BIT_ID,BDATA_ID,DATA_ID,IDATA_ID,IXDATA_I #
#                            D,PDATA_ID,XDATA_ID=_CODE_START-_CODE_END         #
#                            -Z(CODE)HUGE_ID=_FAR_CODE_START-_FAR_CODE_END     #
#                            -Z(CODE)BANK_RELAYS,RCODE,DIFUNCT,CODE_C,CODE_N,N #
#                            EAR_CODE=_CODE_START-_CODE_END                    #
#                            -P(CODE)BANKED_CODE=_CODE_START-_CODE_END,[(_CODE #
#                            BANK_START+_FIRST_BANK_ADDR)-(_CODEBANK_END+_FIRS #
#                            T_BANK_ADDR)]*_NR_OF_BANKS+10000                  #
#                            -P(CODE)FAR_CODE_C,FAR_CODE_N,FAR_CODE=[_FAR_CODE #
#                            _START-_FAR_CODE_END]/10000                       #
#                            -P(CODE)HUGE_CODE_C=_FAR_CODE_START-_FAR_CODE_END #
#                            -Z(CODE)CHECKSUM#_CODE_END                        #
#                            -Z(XDATA)EXT_STACK+_EXTENDED_STACK_SIZE=_EXTENDED #
#                            _STACK_START                                      #
#                            -Z(XDATA)PSTACK+_PDATA_STACK_SIZE=_PDATA_START-_P #
#                            DATA_END                                          #
#                            -Z(XDATA)XSTACK+_XDATA_STACK_SIZE=_XDATA_START-_X #
#                            DATA_END                                          #
#                            -Z(XDATA)PDATA_Z,PDATA_I=_PDATA_START-_PDATA_END  #
#                            -P(XDATA)PDATA_N=_PDATA_START-_PDATA_END          #
#                            -Z(XDATA)IXDATA_Z,IXDATA_I=_IXDATA_START-_IXDATA_ #
#                            END                                               #
#                            -P(XDATA)IXDATA_N=_IXDATA_START-_IXDATA_END       #
#                            -Z(XDATA)XDATA_Z,XDATA_I=_XDATA_START-_XDATA_END  #
#                            -P(XDATA)XDATA_N=_XDATA_START-_XDATA_END          #
#                            -Z(XDATA)XDATA_HEAP+_XDATA_HEAP_SIZE=_XDATA_START #
#                            -_XDATA_END                                       #
#                            -Z(CONST)XDATA_ROM_C=_XDATA_START-_XDATA_END      #
#                            -Z(XDATA)FAR_Z=[_FAR_DATA_START-_FAR_DATA_END]/10 #
#                            000                                               #
#                            -Z(XDATA)FAR_I=[_FAR_DATA_START-_FAR_DATA_END]/10 #
#                            000                                               #
#                            -Z(CODE)FAR_ID=[_FAR_CODE_START-_FAR_CODE_END]/10 #
#                            000                                               #
#                            -Z(XDATA)FAR_HEAP+_FAR_HEAP_SIZE=[_FAR_DATA_START #
#                            -_FAR_DATA_END]/10000                             #
#                            -P(XDATA)FAR_N=[_FAR_DATA_START-_FAR_DATA_END]*_F #
#                            AR_DATA_NR_OF_BANKS+10000                         #
#                            -P(CONST)FAR_ROM_C=[_FAR_DATA_START-_FAR_DATA_END #
#                            ]*_FAR_DATA_NR_OF_BANKS+10000                     #
#                            -Z(XDATA)HUGE_Z,HUGE_I=_FAR_DATA_START-_FAR_DATA_ #
#                            END                                               #
#                            -P(XDATA)HUGE_N=_FAR_DATA_START-_FAR_DATA_END     #
#                            -Z(XDATA)HUGE_HEAP+_HUGE_HEAP_SIZE=_FAR_DATA_STAR #
#                            T-_FAR_DATA_END                                   #
#                            -Z(CONST)HUGE_ROM_C=_FAR_DATA_START-_FAR_DATA_END #
#                            -cx51 -D?ACON=9D -D?DPS1=F6 -D?TA=C7              #
#                            -D?MCON=C6) -D_NR_OF_VIRTUAL_REGISTERS=8          #
#                            -D?PBANK=0xA0 -e_large_write=_formatted_write     #
#                            -e_large_read=_formatted_read -r                  #
#                            -Ointel-extended=C:\worktop\galaxy_Thailand_9811b #
#                            _62056_meter\source\Debug\Exe\D143F9821S.xx.20xxx #
#                            xxx.hex                                           #
#                            -s __program_start                                #
#                            "C:\Program Files (x86)\IAR Systems\Embedded Work #
#                            bench 6.5\8051\LIB\CLIB\cl-pli-nlxc-1e16x01.r51"  #
#                            -D_IDATA_STACK_SIZE=0x60 -D?ESP=0 -D?ESP_MASK=0   #
#                            -D_EXTENDED_STACK_START=0                         #
#                            -D_EXTENDED_STACK_SIZE=0                          #
#                            -D_PDATA_STACK_SIZE=0x80                          #
#                            -D_XDATA_STACK_SIZE=0x200                         #
#                            -D_XDATA_HEAP_SIZE=0xFF -D_FAR_HEAP_SIZE=0xFFF    #
#                            -D_HUGE_HEAP_SIZE=0xFFF                           #
#                            -D_FAR22_HEAP_SIZE=0xFFF                          #
#                                                                              #
#                           Copyright (C) 1987-2013 IAR Systems AB.            #
################################################################################





                ****************************************
                *                                      *
                *           CROSS REFERENCE            *
                *                                      *
                ****************************************

       Program entry at : CODE      00000066  Relocatable, from module : CSTARTUP




                ****************************************
                *                                      *
                *            RUNTIME MODEL             *
                *                                      *
                ****************************************

  __SystemLibrary          = CLib
  __calling_convention     = xdata_reentrant
  __code_model             = near
  __core                   = plain
  __data_model             = large
  __dptr_size              = 16
  __extended_stack         = disabled
  __location_for_constants = code
  __number_of_dptrs        = 1
  __rt_version             = 1

                ****************************************
                *                                      *
                *    AUTOMATIC SYMBOL REDIRECTIONS     *
                *                                      *
                ****************************************

                  There are no automatic symbol redirections.



                ****************************************
                *                                      *
                *              MODULE MAP              *
                *                                      *
                ****************************************


  DEFINED ABSOLUTE ENTRIES
    *************************************************************************

  DEFINED ABSOLUTE ENTRIES
  PROGRAM MODULE, NAME : ?ABS_ENTRY_MOD

Absolute parts
           ENTRY                   ADDRESS         REF BY
           =====                   =======         ======
           _FAR22_HEAP_SIZE        00000FFF 
           _HUGE_HEAP_SIZE         00000FFF 
           _FAR_HEAP_SIZE          00000FFF 
           _XDATA_HEAP_SIZE        000000FF 
           _XDATA_STACK_SIZE       00000200 
           _PDATA_STACK_SIZE       00000080 
           _EXTENDED_STACK_SIZE    00000000 
           _EXTENDED_STACK_START   00000000 
           ?ESP_MASK               00000000 
           ?ESP                    00000000 
           _IDATA_STACK_SIZE       00000060 
           ?PBANK                  000000A0 
           _NR_OF_VIRTUAL_REGISTERS
                                   00000008 
           ?MCON                   000000C6 
           ?TA                     000000C7 
           ?DPS1                   000000F6 
           ?ACON                   0000009D 
           _BANK0_END              0000FFFF 
           _BANK0_START            00008000 
           _BANK2_END              0002FFFF 
           _BANK2_START            00028000 
           _BANK1_END              0001FFFF 
           _BANK1_START            00018000 
           _FIRST_BANK_ADDR        00000000 
           ?VB                     00000020        ?FUNC_ENTER_XDATA (?FUNC_ENTER_XDATA)
                                                   ?FUNC_LEAVE_XDATA (?FUNC_LEAVE_XDATA)
           _BREG_START             00000000 
           _REGISTER_BANK_START    00000000 
           ?REGISTER_BANK          00000000        Segment part 6 (CSTARTUP)
           _FAR_CODE_END           0000FFFF 
           _FAR_CODE_START         00000000 
           _FAR_DATA_END           00FFFFFF 
           _FAR_DATA_START         00010001 
           _FAR_DATA_NR_OF_BANKS   0000000E 
           _NEAR_CODE_END          0000FFFF 
           _CODE_END               0000FFFF 
           _CODE_START             00000000 
           _XDATA_END              00000F7F 
           _XDATA_START            00000001 
           _IXDATA_END             00000F7F 
           _IXDATA_START           00000001 
           _PDATA_END              00000F7F 
           _PDATA_START            00000F01 
           _IDATA_END              000000FF 
           _CODEBANK_START         00000000 
           _CODEBANK_END           00000000 
           _NR_OF_BANKS            00000000 
    *************************************************************************

  FILE NAME : C:\worktop\galaxy_Thailand_9811b_62056_meter\source\Debug\Obj\ADKfunc.r51
  PROGRAM MODULE, NAME : ADKfunc

  SEGMENTS IN THE MODULE
  ======================
SFR_AN
  Relative segment, address: DATA 000000CE - 000000CE (0x1 bytes), align: 0
  Segment part 1. ROOT.       Intra module refs:   Eny_JbPm_GetE2 (Energy)
                                                   Mea_Init (EnergyBottom)
                                                   Pwr_ChkProc (Powmanger)
                                                   Pwr_SlpReset (Powmanger)
                                                   Pwr_WakeupProc (Powmanger)
                                                   TIMER_ISR (mainapp)
                                                   main (mainapp)
           ENTRY                   ADDRESS         REF BY
           =====                   =======         ======
           WDTEN                   000000CE 
    -------------------------------------------------------------------------
SFR_AN
  Relative segment, address: DATA 000000CF - 000000CF (0x1 bytes), align: 0
  Segment part 2. ROOT.       Intra module refs:   Eny_JbPm_GetE2 (Energy)
                                                   Mea_Init (EnergyBottom)
                                                   Pwr_ChkProc (Powmanger)
                                                   Pwr_SlpReset (Powmanger)
                                                   Pwr_WakeupProc (Powmanger)
                                                   TIMER_ISR (mainapp)
                                                   main (mainapp)
           ENTRY                   ADDRESS         REF BY
           =====                   =======         ======
           WDTCLR                  000000CF 
    -------------------------------------------------------------------------
CODE_C
  Relative segment, address: CODE 000011CF - 000011D2 (0x4 bytes), align: 0
  Segment part 14.            Intra module refs:   ChkUseState (Meter)
           ENTRY                   ADDRESS         REF BY
           =====                   =======         ======
           __Constant_a            000011CF 
    -------------------------------------------------------------------------
CODE_C
  Relative segment, address: CODE 000011D3 - 000011D6 (0x4 bytes), align: 0
  Segment part 18.            Intra module refs:   Eny_EnergyActiveSave (Energy)
                                                   Eny_EnergyClrCur (Energy)
                                                   Eny_PurCheckRAMEny (Energy)
           ENTRY                   ADDRESS         REF BY
           =====                   =======         ======
           __Constant_60           000011D3 
    -------------------------------------------------------------------------
CODE_C
  Relative segment, address: CODE 000011D7 - 000011DA (0x4 bytes), align: 0
  Segment part 19.            Intra module refs:   Eny_EnergyActiveSave (Energy)
                                                   Eny_EnergyClrCur (Energy)
                                                   Eny_PurCheckRAMEny (Energy)
           ENTRY                   ADDRESS         REF BY
           =====                   =======         ======
           __Constant_120          000011D7 
    -------------------------------------------------------------------------
CODE_C
  Relative segment, address: CODE 000011DB - 000011DE (0x4 bytes), align: 0
  Segment part 33.            Intra module refs:   GetBat (McuDrive)
                                                   GetTimeCnt (Drv_RTCSPK)
                                                   InitPMDSP (EnergyBottom)
                                                   WaitTimeOver (Meter)
           ENTRY                   ADDRESS         REF BY
           =====                   =======         ======
           __Constant_1            000011DB 
    -------------------------------------------------------------------------
CODE_C
  Relative segment, address: CODE 000011DF - 000011E2 (0x4 bytes), align: 0
  Segment part 38.            Intra module refs:   BCD_Hex (public)
                                                   ClrRcdTime (public)
                                                   Eny_JbPm_GetE2 (Energy)
                                                   GetFeilv (Meter)
                                                   GetPrice (Meter)
                                                   Hex_BCD (public)
                                                   InitPMDSP (EnergyBottom)
                                                   MCUForPowerOff (McuDrive)
                                                   MeterADClose (TamperProc)
                                                   Pwr_SlpReset (Powmanger)
                                                   Pwr_WakeupProc (Powmanger)
                                                   Up_Remain (Meter)
                                                   labs (?labs)
           ENTRY                   ADDRESS         REF BY
           =====                   =======         ======
           __Constant_0            000011DF 

    *************************************************************************

  FILE NAME : C:\worktop\galaxy_Thailand_9811b_62056_meter\source\Debug\Obj\Api.r51
  PROGRAM MODULE, NAME : Api

  SEGMENTS IN THE MODULE
  ======================
CODE_AC
  Relative segment, address: CODE 00000300 - 00000399 (0x9a bytes), align: 0
  Segment part 1. ROOT.
           ENTRY                   ADDRESS         REF BY
           =====                   =======         ======
           gCuc_BCD2HEXMap         00000300 
    -------------------------------------------------------------------------
CODE_AC
  Relative segment, address: CODE 0000039C - 000003FF (0x64 bytes), align: 0
  Segment part 2. ROOT.
           ENTRY                   ADDRESS         REF BY
           =====                   =======         ======
           gCuc_HEX2BCDMap         0000039C 
    -------------------------------------------------------------------------
NEAR_CODE
  Relative segment, address: CODE 00001BC1 - 00001BEC (0x2c bytes), align: 0
  Segment part 12.
           ENTRY                   ADDRESS         REF BY
           =====                   =======         ======
           DelayXms                00001BC1        GetBat (McuDrive)
                                                   LCD_Off (LcdBottom)
                                                   Pwr_WakeupProc (Powmanger)
               is not allocated
               not allocated function
    -------------------------------------------------------------------------
NEAR_CODE
  Relative segment, address: CODE 00001BED - 00001C04 (0x18 bytes), align: 0
  Segment part 14.
           ENTRY                   ADDRESS         REF BY
           =====                   =======         ======
           Uint8_To_Uint16         00001BED        Eny_JbPm_GetE2 (Energy)
                                                   RecoverEnergyData (Dataproc)
               is not allocated
               not allocated function
    -------------------------------------------------------------------------
CODE_AC
  Relative segment, address: CODE 00000100 - 000002FF (0x200 bytes), align: 0
  Segment part 3. ROOT.       Intra module refs:   do_CRC
           ENTRY                   ADDRESS         REF BY
           =====                   =======         ======
           CrcTab                  00000100 
    -------------------------------------------------------------------------
NEAR_CODE
  Relative segment, address: CODE 00001C05 - 00001C4C (0x48 bytes), align: 0
  Segment part 31.
           ENTRY                   ADDRESS         REF BY
           =====                   =======         ======
           do_CRC                  00001C05        EnyB_JbPm_Init (EnergyBottom)
                                                   Eny_CheckEnergy (Energy)
                                                   Eny_CheckEnergyActiveRAM (Energy)
                                                   Eny_EnergyActiveSave (Energy)
                                                   Eny_EnergyClrCur (Energy)
                                                   Eny_JbPm_GetE2 (Energy)
                                                   Eny_PurCheckRAMEny (Energy)
                                                   Eny_RefVar (Energy)
                                                   Eny_SlpEnergyProc (Energy)
                                                   Init_CfG (main)
                                                   Pwr_ChkProc (Powmanger)
                                                   Pwr_E2Save (Powmanger)
                                                   RecoverCfg (FunCfg)
                                                   RecoverEnergyData (Dataproc)
               is not allocated
               not allocated function
    -------------------------------------------------------------------------
NEAR_CODE
  Relative segment, address: CODE 00001C4D - 00001C7D (0x31 bytes), align: 0
  Segment part 37.
           ENTRY                   ADDRESS         REF BY
           =====                   =======         ======
           FCpyTMem                00001C4D        EnyB_JbPm_Init (EnergyBottom)
                                                   Mcu_RTCNormal (McuDrive)
                                                   RecoverCfg (FunCfg)
               is not allocated
               not allocated function
    -------------------------------------------------------------------------
NEAR_CODE
  Relative segment, address: CODE 00001C7E - 00001CAD (0x30 bytes), align: 0
  Segment part 40.
           ENTRY                   ADDRESS         REF BY
           =====                   =======         ======
           MemCpy                  00001C7E        Eny_CheckEnergy (Energy)
                                                   Eny_EnergyActiveSave (Energy)
                                                   Eny_EnergyClrCur (Energy)
                                                   Eny_PurCheckRAMEny (Energy)
                                                   Eny_SlpEnergyProc (Energy)
                                                   Pwr_E2Save (Powmanger)
                                                   RecoverEnergyData (Dataproc)
               is not allocated
               not allocated function
    -------------------------------------------------------------------------
NEAR_CODE
  Relative segment, address: CODE 00001CAE - 00001CCC (0x1f bytes), align: 0
  Segment part 41.
           ENTRY                   ADDRESS         REF BY
           =====                   =======         ======
           MemSet                  00001CAE        Disp_Clear (LcdBottom)
                                                   Disp_Full (LcdBottom)
                                                   Eny_EnergyClrCur (Energy)
                                                   Init_CfG (main)
                                                   RecoverEnergyData (Dataproc)
                                                   ResetMinuteDemand (Demand)
               is not allocated
               not allocated function
    -------------------------------------------------------------------------
NEAR_CODE
  Relative segment, address: CODE 00001CCD - 00001CFD (0x31 bytes), align: 0
  Segment part 45.
           ENTRY                   ADDRESS         REF BY
           =====                   =======         ======
           FCpyTMe1m               00001CCD        cFlashinfo_Restore (indata_oper)
               is not allocated
               not allocated function
    -------------------------------------------------------------------------
CODE_C
  Relative segment, address: CODE 000011E3 - 000011E6 (0x4 bytes), align: 0
  Segment part 11.            Intra module refs:   BCD_Hex (public)
                                                   GetBat (McuDrive)
                                                   Hex_BCD (public)
           ENTRY                   ADDRESS         REF BY
           =====                   =======         ======
           __Constant_64           000011E3 

    *************************************************************************

  FILE NAME : C:\worktop\galaxy_Thailand_9811b_62056_meter\source\Debug\Obj\BEBottom.r51
  PROGRAM MODULE, NAME : BEBottom

  SEGMENTS IN THE MODULE
  ======================
SFR_AN
  Relative segment, address: DATA 000000A4 - 000000A4 (0x1 bytes), align: 0
  Segment part 1. ROOT.       Intra module refs:   BE_I_ACK
                                                   BE_I_NAK
                                                   BE_I_ReadB
                                                   BE_I_Start
                                                   BE_I_Stop
                                                   BE_I_WriteB
                                                   BE_ReadP
                                                   BE_WriteP
                                                   IOOFF (McuDrive)
                                                   IO_Init (McuDrive)
                                                   SleepRTC (McuDrive)
                                                   UpBkltLED (Disp)
           ENTRY                   ADDRESS         REF BY
           =====                   =======         ======
           P9OE                    000000A4 
    -------------------------------------------------------------------------
SFR_AN
  Relative segment, address: DATA 000000A5 - 000000A5 (0x1 bytes), align: 0
  Segment part 2. ROOT.       Intra module refs:   BE_I_ACK
                                                   BE_I_NAK
                                                   BE_I_ReadB
                                                   BE_I_Start
                                                   BE_I_Stop
                                                   BE_I_WriteB
                                                   BE_ReadP
                                                   BE_WriteP
                                                   IOOFF (McuDrive)
                                                   IO_Init (McuDrive)
                                                   SleepRTC (McuDrive)
                                                   UpBkltLED (Disp)
           ENTRY                   ADDRESS         REF BY
           =====                   =======         ======
           P9IE                    000000A5 
    -------------------------------------------------------------------------
SFR_AN
  Relative segment, address: DATA 000000A6 - 000000A6 (0x1 bytes), align: 0
  Segment part 3. ROOT.       Intra module refs:   BE_I_ACK
                                                   BE_I_NAK
                                                   BE_I_ReadB
                                                   BE_I_Start
                                                   BE_I_Stop
                                                   BE_I_WriteB
                                                   BE_ReadP
                                                   BE_WriteP
                                                   IO_Init (McuDrive)
                                                   SleepRTC (McuDrive)
                                                   UpBkltLED (Disp)
           ENTRY                   ADDRESS         REF BY
           =====                   =======         ======
           P9OD                    000000A6 
    -------------------------------------------------------------------------
SFR_AN
  Relative segment, address: DATA 000000A7 - 000000A7 (0x1 bytes), align: 0
  Segment part 4. ROOT.       Intra module refs:   BE_I_ReadB
                                                   BE_I_WriteB
           ENTRY                   ADDRESS         REF BY
           =====                   =======         ======
           P9ID                    000000A7 
    -------------------------------------------------------------------------
NEAR_CODE
  Relative segment, address: CODE 00001CFE - 00001D15 (0x18 bytes), align: 0
  Segment part 12.            Intra module refs:   BE_ReadP
                                                   BE_WriteP
           ENTRY                   ADDRESS         REF BY
           =====                   =======         ======
           Stop_Delay              00001CFE 
               XSTACK = 00000010 ( 00000000 )
    -------------------------------------------------------------------------
NEAR_CODE
  Relative segment, address: CODE 00001D16 - 00001E0F (0xfa bytes), align: 0
  Segment part 13.
           ENTRY                   ADDRESS         REF BY
           =====                   =======         ======
           BE_WriteP               00001D16        Eny_EnergyActiveSave (Energy)
                                                   Eny_EnergyClrCur (Energy)
                                                   Pwr_E2Save (Powmanger)
                                                   RecoverEnergyData (Dataproc)
                                                   Write_EEData (eeprom)
               calls direct
               XSTACK = 00000002 ( 0000000F )
    -------------------------------------------------------------------------
NEAR_CODE
  Relative segment, address: CODE 00001E10 - 00001EEF (0xe0 bytes), align: 0
  Segment part 14.            Intra module refs:   BE_ReadW
           ENTRY                   ADDRESS         REF BY
           =====                   =======         ======
           BE_ReadP                00001E10        Eny_EnergyActiveSave (Energy)
                                                   Eny_JbPm_GetE2 (Energy)
                                                   Eny_PurCheckRAMEny (Energy)
                                                   Read_EEData (eeprom)
                                                   RecoverEnergyData (Dataproc)
               calls direct
               XSTACK = 0000000D ( 00000010 )
               ISTACK = 00000000 ( 00000001 )
    -------------------------------------------------------------------------
NEAR_CODE
  Relative segment, address: CODE 00001EF0 - 00001F0D (0x1e bytes), align: 0
  Segment part 16.
           ENTRY                   ADDRESS         REF BY
           =====                   =======         ======
           BE_ReadW                00001EF0        Eny_RefVar (Energy)
               calls direct, is not allocated
               not allocated function
    -------------------------------------------------------------------------
XDATA_Z
  Relative segment, address: XDATA 00000201 - 00000201 (0x1 bytes), align: 0
  Segment part 10.            Intra module refs:   BE_I_ReadB
           ENTRY                   ADDRESS         REF BY
           =====                   =======         ======
           uc_BeRdData             00000201 
    -------------------------------------------------------------------------
NEAR_CODE
  Relative segment, address: CODE 00001F0E - 00001F58 (0x4b bytes), align: 0
  Segment part 17.            Intra module refs:   BE_ReadP
           ENTRY                   ADDRESS         REF BY
           =====                   =======         ======
           BE_I_ReadB              00001F0E 
               XSTACK = 00000010 ( 00000000 )
               ISTACK = 00000000 ( 00000002 )
    -------------------------------------------------------------------------
XDATA_Z
  Relative segment, address: XDATA 00000202 - 00000202 (0x1 bytes), align: 0
  Segment part 11.            Intra module refs:   BE_I_WriteB
           ENTRY                   ADDRESS         REF BY
           =====                   =======         ======
           uc_BeWrData             00000202 
    -------------------------------------------------------------------------
NEAR_CODE
  Relative segment, address: CODE 00001F59 - 00001FD7 (0x7f bytes), align: 0
  Segment part 18.            Intra module refs:   BE_ReadP
                                                   BE_WriteP
           ENTRY                   ADDRESS         REF BY
           =====                   =======         ======
           BE_I_WriteB             00001F59 
               XSTACK = 00000010 ( 00000000 )
               ISTACK = 00000000 ( 00000002 )
    -------------------------------------------------------------------------
NEAR_CODE
  Relative segment, address: CODE 00001FD8 - 00002005 (0x2e bytes), align: 0
  Segment part 19.            Intra module refs:   BE_ReadP
                                                   BE_WriteP
           ENTRY                   ADDRESS         REF BY
           =====                   =======         ======
           BE_I_Start              00001FD8 
               XSTACK = 00000010 ( 00000000 )
    -------------------------------------------------------------------------
NEAR_CODE
  Relative segment, address: CODE 00002006 - 00002039 (0x34 bytes), align: 0
  Segment part 20.            Intra module refs:   BE_ReadP
                                                   BE_WriteP
           ENTRY                   ADDRESS         REF BY
           =====                   =======         ======
           BE_I_Stop               00002006 
               XSTACK = 00000010 ( 00000000 )
    -------------------------------------------------------------------------
NEAR_CODE
  Relative segment, address: CODE 0000203A - 0000205D (0x24 bytes), align: 0
  Segment part 21.            Intra module refs:   BE_ReadP
           ENTRY                   ADDRESS         REF BY
           =====                   =======         ======
           BE_I_NAK                0000203A 
               XSTACK = 00000010 ( 00000000 )
    -------------------------------------------------------------------------
NEAR_CODE
  Relative segment, address: CODE 0000205E - 00002081 (0x24 bytes), align: 0
  Segment part 22.            Intra module refs:   BE_ReadP
           ENTRY                   ADDRESS         REF BY
           =====                   =======         ======
           BE_I_ACK                0000205E 
               XSTACK = 00000010 ( 00000000 )

    *************************************************************************

  FILE NAME : C:\worktop\galaxy_Thailand_9811b_62056_meter\source\Debug\Obj\ComApplication.r51
    *************************************************************************

  FILE NAME : C:\worktop\galaxy_Thailand_9811b_62056_meter\source\Debug\Obj\ComBottom.r51
  PROGRAM MODULE, NAME : ComBottom

  SEGMENTS IN THE MODULE
  ======================
CODE_C
  Relative segment, address: CODE 000011E7 - 000011F0 (0xa bytes), align: 0
  Segment part 6.
           ENTRY                   ADDRESS         REF BY
           =====                   =======         ======
           BaudRateTable           000011E7        Init_Uart4 (Uart4)
    -------------------------------------------------------------------------
XDATA_Z
  Relative segment, address: XDATA 00000203 - 00000249 (0x47 bytes), align: 0
  Segment part 7.             Intra module refs:   ComBom_10msDy
                                                   ComBom_Init
           ENTRY                   ADDRESS         REF BY
           =====                   =======         ======
           gs_ComGroup             00000203        Uart2_Receive (Uart2)
                                                   Uart2_Transmit (Uart2)
                                                   Uart4_Receive (Uart4)
                                                   Uart4_Transmit (Uart4)
    -------------------------------------------------------------------------
XDATA_Z
  Relative segment, address: XDATA 0000024A - 0000024A (0x1 bytes), align: 0
  Segment part 8.
           ENTRY                   ADDRESS         REF BY
           =====                   =======         ======
           guc_485Bode             0000024A        Init_Uart (McuDrive)
                                                   Uart4_Dy10ms (Uart4)
    -------------------------------------------------------------------------
XDATA_Z
  Relative segment, address: XDATA 0000024B - 0000024B (0x1 bytes), align: 0
  Segment part 9.
           ENTRY                   ADDRESS         REF BY
           =====                   =======         ======
           guc_BodeDely            0000024B        Uart4_Dy10ms (Uart4)
                                                   Var_Init (main)
    -------------------------------------------------------------------------
XDATA_Z
  Relative segment, address: XDATA 0000024C - 0000024C (0x1 bytes), align: 0
  Segment part 10.
           ENTRY                   ADDRESS         REF BY
           =====                   =======         ======
           guc_ComSendDy           0000024C        Timer2Interrupt (System)
                                                   Uart2_Receive (Uart2)
                                                   Uart4_Receive (Uart4)
                                                   Var_Init (main)
    -------------------------------------------------------------------------
NEAR_CODE
  Relative segment, address: CODE 00002082 - 000020A9 (0x28 bytes), align: 0
  Segment part 11.
           ENTRY                   ADDRESS         REF BY
           =====                   =======         ======
           ComBom_Init             00002082        Init_Uart (McuDrive)
                                                   Uart2_Transmit (Uart2)
                                                   Uart4_Dy10ms (Uart4)
                                                   Uart4_Transmit (Uart4)
               XSTACK = 00000008 ( 00000000 )
               ISTACK = 00000000 ( 00000002 )
    -------------------------------------------------------------------------
NEAR_CODE
  Relative segment, address: CODE 000020AA - 000020D2 (0x29 bytes), align: 0
  Segment part 14.
           ENTRY                   ADDRESS         REF BY
           =====                   =======         ======
           ComBom_10msDy           000020AA        Timer2Interrupt (System)
               ISTACK = 00000000 ( 00000002 )

    *************************************************************************

  FILE NAME : C:\worktop\galaxy_Thailand_9811b_62056_meter\source\Debug\Obj\ComCoretab.r51
    *************************************************************************

  FILE NAME : C:\worktop\galaxy_Thailand_9811b_62056_meter\source\Debug\Obj\DLT_645_2007.r51
  PROGRAM MODULE, NAME : DLT_645_2007

  SEGMENTS IN THE MODULE
  ======================
CODE_C
  Relative segment, address: CODE 000011F1 - 000011F4 (0x4 bytes), align: 0
  Segment part 23.            Intra module refs:   Eny_JbPm_GetE2 (Energy)
                                                   InitPMDSP (EnergyBottom)
           ENTRY                   ADDRESS         REF BY
           =====                   =======         ======
           __Constant_c0           000011F1 

    *************************************************************************

  FILE NAME : C:\worktop\galaxy_Thailand_9811b_62056_meter\source\Debug\Obj\DataProtect.r51
  PROGRAM MODULE, NAME : DataProtect

  SEGMENTS IN THE MODULE
  ======================
XDATA_Z
  Relative segment, address: XDATA 0000024D - 00000250 (0x4 bytes), align: 0
  Segment part 6.             Intra module refs:   DataSecurityInit
           ENTRY                   ADDRESS         REF BY
           =====                   =======         ======
           gul_E2ParaStt           0000024D 
    -------------------------------------------------------------------------
NEAR_CODE
  Relative segment, address: CODE 000020D3 - 000020EA (0x18 bytes), align: 0
  Segment part 10.
           ENTRY                   ADDRESS         REF BY
           =====                   =======         ======
           DataSecurityInit        000020D3        App_Init (main)
               is not allocated
               not allocated function

    *************************************************************************

  FILE NAME : C:\worktop\galaxy_Thailand_9811b_62056_meter\source\Debug\Obj\Dataproc.r51
  PROGRAM MODULE, NAME : Dataproc

  SEGMENTS IN THE MODULE
  ======================
SFR_AN
  Relative segment, address: DATA 000000A1 - 000000A1 (0x1 bytes), align: 0
  Segment part 3. ROOT.       Intra module refs:   Pwr_ChkProc (Powmanger)
                                                   RecoverEnergyData
                                                   Sleep (McuDrive)
                                                   SleepRTC (McuDrive)
                                                   main (mainapp)
           ENTRY                   ADDRESS         REF BY
           =====                   =======         ======
           Systate                 000000A1 
    -------------------------------------------------------------------------
XDATA_Z
  Relative segment, address: XDATA 00000251 - 00000251 (0x1 bytes), align: 0
  Segment part 9.
           ENTRY                   ADDRESS         REF BY
           =====                   =======         ======
           gs_SysRunSt             00000251        Var_Init (main)
    -------------------------------------------------------------------------
XDATA_Z
  Relative segment, address: XDATA 00000252 - 00000253 (0x2 bytes), align: 0
  Segment part 10.
           ENTRY                   ADDRESS         REF BY
           =====                   =======         ======
           gut_SysWarn             00000252        BE_ReadP (BEBottom)
                                                   BE_WriteP (BEBottom)
                                                   GetBat (McuDrive)
                                                   Var_Init (main)
    -------------------------------------------------------------------------
XDATA_Z
  Relative segment, address: XDATA 00000254 - 00000263 (0x10 bytes), align: 0
  Segment part 11.            Intra module refs:   RecoverEnergyData
           ENTRY                   ADDRESS         REF BY
           =====                   =======         ======
           XDATA_RAMZONE           00000254        Pwr_E2Save (Powmanger)
    -------------------------------------------------------------------------
NEAR_CODE
  Relative segment, address: CODE 000020EB - 000020F0 (0x6 bytes), align: 0
  Segment part 22.
           ENTRY                   ADDRESS         REF BY
           =====                   =======         ======
           Data_RecPara            000020EB        main (mainapp)
               calls direct, is not allocated
               not allocated function
    -------------------------------------------------------------------------
NEAR_CODE
  Relative segment, address: CODE 000020F1 - 000021E1 (0xf1 bytes), align: 0
  Segment part 40.            Intra module refs:   Data_RecPara
           ENTRY                   ADDRESS         REF BY
           =====                   =======         ======
           RecoverEnergyData       000020F1        Pwr_SlpReset (Powmanger)
               calls direct, is not allocated
               not allocated function
    -------------------------------------------------------------------------
CODE_C
  Relative segment, address: CODE 000011F5 - 000011F8 (0x4 bytes), align: 0
  Segment part 19.            Intra module refs:   Pwr_E2Save (Powmanger)
                                                   RecoverEnergyData
           ENTRY                   ADDRESS         REF BY
           =====                   =======         ======
           __Constant_1e0          000011F5 
    -------------------------------------------------------------------------
CODE_C
  Relative segment, address: CODE 000011F9 - 000011FC (0x4 bytes), align: 0
  Segment part 20.            Intra module refs:   RecoverEnergyData
           ENTRY                   ADDRESS         REF BY
           =====                   =======         ======
           __Constant_1ea          000011F9 

    *************************************************************************

  FILE NAME : C:\worktop\galaxy_Thailand_9811b_62056_meter\source\Debug\Obj\Demand.r51
  PROGRAM MODULE, NAME : Demand

  SEGMENTS IN THE MODULE
  ======================
XDATA_Z
  Relative segment, address: XDATA 00000264 - 0000026D (0xa bytes), align: 0
  Segment part 6.             Intra module refs:   Demand_250ms
                                                   Demand_EnergyPulse
                                                   ResetMinuteDemand
           ENTRY                   ADDRESS         REF BY
           =====                   =======         ======
           gs_DemanCalcData        00000264 
    -------------------------------------------------------------------------
XDATA_Z
  Relative segment, address: XDATA 0000026E - 0000026E (0x1 bytes), align: 0
  Segment part 7.             Intra module refs:   Demand_Init
           ENTRY                   ADDRESS         REF BY
           =====                   =======         ======
           guc_DeamandTimer        0000026E 
    -------------------------------------------------------------------------
XDATA_Z
  Relative segment, address: XDATA 0000026F - 00000272 (0x4 bytes), align: 0
  Segment part 8.             Intra module refs:   Demand_Init
           ENTRY                   ADDRESS         REF BY
           =====                   =======         ======
           gl_DemandValue          0000026F 
    -------------------------------------------------------------------------
XDATA_Z
  Relative segment, address: XDATA 00000273 - 00000276 (0x4 bytes), align: 0
  Segment part 9.             Intra module refs:   Demand_Init
           ENTRY                   ADDRESS         REF BY
           =====                   =======         ======
           gul_Power               00000273 
    -------------------------------------------------------------------------
XDATA_Z
  Relative segment, address: XDATA 00000277 - 0000027A (0x4 bytes), align: 0
  Segment part 10.            Intra module refs:   Demand_Init
           ENTRY                   ADDRESS         REF BY
           =====                   =======         ======
           gl_XPm                  00000277 
    -------------------------------------------------------------------------
XDATA_Z
  Relative segment, address: XDATA 0000027B - 0000027B (0x1 bytes), align: 0
  Segment part 12.            Intra module refs:   Demand_Init
           ENTRY                   ADDRESS         REF BY
           =====                   =======         ======
           guc_DmdCnt              0000027B 
    -------------------------------------------------------------------------
XDATA_Z
  Relative segment, address: XDATA 0000027C - 0000027C (0x1 bytes), align: 0
  Segment part 13.            Intra module refs:   ResetMinuteDemand
           ENTRY                   ADDRESS         REF BY
           =====                   =======         ======
           guc_DmdFrscnt           0000027C 
    -------------------------------------------------------------------------
XDATA_Z
  Relative segment, address: XDATA 0000027D - 0000027D (0x1 bytes), align: 0
  Segment part 14.            Intra module refs:   Demand_Init
           ENTRY                   ADDRESS         REF BY
           =====                   =======         ======
           guc_Dmd250msCnt         0000027D        Timer2Interrupt (System)
    -------------------------------------------------------------------------
NEAR_CODE
  Relative segment, address: CODE 000021E2 - 0000221A (0x39 bytes), align: 0
  Segment part 20.
           ENTRY                   ADDRESS         REF BY
           =====                   =======         ======
           Demand_Init             000021E2        App_Init (main)
               calls direct, is not allocated
               not allocated function
    -------------------------------------------------------------------------
NEAR_CODE
  Relative segment, address: CODE 0000221B - 00002233 (0x19 bytes), align: 0
  Segment part 22.
           ENTRY                   ADDRESS         REF BY
           =====                   =======         ======
           Demand_250ms            0000221B        Timer2Interrupt (System)
               ISTACK = 00000000 ( 00000002 )
    -------------------------------------------------------------------------
NEAR_CODE
  Relative segment, address: CODE 00002234 - 00002258 (0x25 bytes), align: 0
  Segment part 23.
           ENTRY                   ADDRESS         REF BY
           =====                   =======         ======
           Demand_EnergyPulse      00002234        UATRAndCFInterrupt (System)
               ISTACK = 00000000 ( 00000002 )
    -------------------------------------------------------------------------
NEAR_CODE
  Relative segment, address: CODE 00002259 - 000022B3 (0x5b bytes), align: 0
  Segment part 24.            Intra module refs:   Demand_Init
           ENTRY                   ADDRESS         REF BY
           =====                   =======         ======
           ResetMinuteDemand       00002259 
               calls direct, is not allocated
               not allocated function

    *************************************************************************

  FILE NAME : C:\worktop\galaxy_Thailand_9811b_62056_meter\source\Debug\Obj\Disp.r51
  PROGRAM MODULE, NAME : Disp

  SEGMENTS IN THE MODULE
  ======================
CODE_C
  Relative segment, address: CODE 000011FD - 0000120D (0x11 bytes), align: 0
  Segment part 9.             Intra module refs:   SetDigitDisp
           ENTRY                   ADDRESS         REF BY
           =====                   =======         ======
           DigitBits               000011FD 
    -------------------------------------------------------------------------
NEAR_CODE
  Relative segment, address: CODE 000022B4 - 000023BE (0x10b bytes), align: 0
  Segment part 23.            Intra module refs:   Do_Disp
           ENTRY                   ADDRESS         REF BY
           =====                   =======         ======
           UpBkltLED               000022B4 
               is not allocated
               not allocated function
    -------------------------------------------------------------------------
NEAR_CODE
  Relative segment, address: CODE 000023BF - 000023EF (0x31 bytes), align: 0
  Segment part 25.            Intra module refs:   SetDigitDisp
                                                   SetDispBitLst
                                                   UpDisp
           ENTRY                   ADDRESS         REF BY
           =====                   =======         ======
           SetDispBit              000023BF 
               is not allocated
               not allocated function
    -------------------------------------------------------------------------
NEAR_CODE
  Relative segment, address: CODE 000023F0 - 000024A1 (0xb2 bytes), align: 0
  Segment part 26.            Intra module refs:   SetDispBitLst
                                                   UpDisp
           ENTRY                   ADDRESS         REF BY
           =====                   =======         ======
           SetDigitDisp            000023F0 
               calls direct, is not allocated
               not allocated function
    -------------------------------------------------------------------------
NEAR_CODE
  Relative segment, address: CODE 000024A2 - 00002558 (0xb7 bytes), align: 0
  Segment part 30.            Intra module refs:   UpDisp
           ENTRY                   ADDRESS         REF BY
           =====                   =======         ======
           SetDispBitLst           000024A2 
               calls direct, is not allocated
               not allocated function
    -------------------------------------------------------------------------
NEAR_CODE
  Relative segment, address: CODE 00002559 - 000029E3 (0x48b bytes), align: 0
  Segment part 31.            Intra module refs:   Do_Disp
           ENTRY                   ADDRESS         REF BY
           =====                   =======         ======
           UpDisp                  00002559 
               calls direct, is not allocated
               not allocated function
    -------------------------------------------------------------------------
NEAR_CODE
  Relative segment, address: CODE 000029E4 - 00002ACC (0xe9 bytes), align: 0
  Segment part 32.            Intra module refs:   Do_Disp
                                                   SetDispArry
           ENTRY                   ADDRESS         REF BY
           =====                   =======         ======
           NextItem                000029E4 
               calls direct, is not allocated
               not allocated function
    -------------------------------------------------------------------------
NEAR_CODE
  Relative segment, address: CODE 00002ACD - 00002B4F (0x83 bytes), align: 0
  Segment part 34.            Intra module refs:   NextItem
                                                   SetDispArry
           ENTRY                   ADDRESS         REF BY
           =====                   =======         ======
           SetpArry                00002ACD 
               is not allocated
               not allocated function
    -------------------------------------------------------------------------
NEAR_CODE
  Relative segment, address: CODE 00002B50 - 00002B6F (0x20 bytes), align: 0
  Segment part 35.            Intra module refs:   InitDispProg
           ENTRY                   ADDRESS         REF BY
           =====                   =======         ======
           SetDispArry             00002B50 
               calls direct, is not allocated
               not allocated function
    -------------------------------------------------------------------------
NEAR_CODE
  Relative segment, address: CODE 00002B70 - 00002C1E (0xaf bytes), align: 0
  Segment part 37.
           ENTRY                   ADDRESS         REF BY
           =====                   =======         ======
           Do_Disp                 00002B70        Do_HalfSecTask (GC_Use)
                                                   Init_Data (GC_Use)
               calls direct, is not allocated
               not allocated function
    -------------------------------------------------------------------------
NEAR_CODE
  Relative segment, address: CODE 00002C1F - 00002C57 (0x39 bytes), align: 0
  Segment part 38.
           ENTRY                   ADDRESS         REF BY
           =====                   =======         ======
           InitDispProg            00002C1F        Init_Data (GC_Use)
               calls direct, is not allocated
               not allocated function
    -------------------------------------------------------------------------
CODE_C
  Relative segment, address: CODE 0000120E - 00001211 (0x4 bytes), align: 0
  Segment part 10.            Intra module refs:   UpBkltLED
           ENTRY                   ADDRESS         REF BY
           =====                   =======         ======
           __Constant_6060606      0000120E 
    -------------------------------------------------------------------------
CODE_C
  Relative segment, address: CODE 00001212 - 00001215 (0x4 bytes), align: 0
  Segment part 11.            Intra module refs:   BCD_Hex (public)
                                                   CheckDataAct (public)
                                                   CheckKeyChg (public)
                                                   ChkTimeGate (Meter)
                                                   GetCntTime (Drv_RTCSPK)
                                                   Mcu_RTCNormal (McuDrive)
                                                   SetRTCCnt (Drv_RTCSPK)
                                                   UpDisp
           ENTRY                   ADDRESS         REF BY
           =====                   =======         ======
           __Constant_ffffffff     00001212 
    -------------------------------------------------------------------------
CODE_C
  Relative segment, address: CODE 00001216 - 00001219 (0x4 bytes), align: 0
  Segment part 12.            Intra module refs:   UpDisp
           ENTRY                   ADDRESS         REF BY
           =====                   =======         ======
           __Constant_900200       00001216 
    -------------------------------------------------------------------------
CODE_C
  Relative segment, address: CODE 0000121A - 0000121D (0x4 bytes), align: 0
  Segment part 13.            Intra module refs:   UpDisp
           ENTRY                   ADDRESS         REF BY
           =====                   =======         ======
           __Constant_ff           0000121A 
    -------------------------------------------------------------------------
CODE_C
  Relative segment, address: CODE 0000121E - 00001221 (0x4 bytes), align: 0
  Segment part 14.            Intra module refs:   UpDisp
           ENTRY                   ADDRESS         REF BY
           =====                   =======         ======
           __Constant_f            0000121E 
    -------------------------------------------------------------------------
CODE_C
  Relative segment, address: CODE 00001222 - 00001225 (0x4 bytes), align: 0
  Segment part 15.            Intra module refs:   GetFeilv (Meter)
                                                   UpDisp
                                                   Up_FLState (Meter)
           ENTRY                   ADDRESS         REF BY
           =====                   =======         ======
           __Constant_80000        00001222 
    -------------------------------------------------------------------------
CODE_C
  Relative segment, address: CODE 00001226 - 00001229 (0x4 bytes), align: 0
  Segment part 16.            Intra module refs:   ChkUseState (Meter)
                                                   GetAlmState (Meter)
                                                   UpDisp
           ENTRY                   ADDRESS         REF BY
           =====                   =======         ======
           __Constant_400000       00001226 
    -------------------------------------------------------------------------
CODE_C
  Relative segment, address: CODE 0000122A - 0000122D (0x4 bytes), align: 0
  Segment part 17.            Intra module refs:   UpDisp
           ENTRY                   ADDRESS         REF BY
           =====                   =======         ======
           __Constant_10000        0000122A 
    -------------------------------------------------------------------------
CODE_C
  Relative segment, address: CODE 0000122E - 00001231 (0x4 bytes), align: 0
  Segment part 18.            Intra module refs:   NextItem
           ENTRY                   ADDRESS         REF BY
           =====                   =======         ======
           __Constant_400f11f      0000122E 
    -------------------------------------------------------------------------
CODE_C
  Relative segment, address: CODE 00001232 - 00001235 (0x4 bytes), align: 0
  Segment part 19.            Intra module refs:   NextItem
           ENTRY                   ADDRESS         REF BY
           =====                   =======         ======
           __Constant_6060607      00001232 
    -------------------------------------------------------------------------
CODE_C
  Relative segment, address: CODE 00001236 - 00001239 (0x4 bytes), align: 0
  Segment part 20.            Intra module refs:   Do_Disp
                                                   InitDispProg
                                                   Init_Data (GC_Use)
                                                   data_restore (mainapp)
           ENTRY                   ADDRESS         REF BY
           =====                   =======         ======
           __Constant_3243eb8      00001236 

    *************************************************************************

  FILE NAME : C:\worktop\galaxy_Thailand_9811b_62056_meter\source\Debug\Obj\Drv_RTCSPK.r51
  PROGRAM MODULE, NAME : Drv_RTCSPK

  SEGMENTS IN THE MODULE
  ======================
CODE_C
  Relative segment, address: CODE 0000123A - 0000123F (0x6 bytes), align: 0
  Segment part 7.             Intra module refs:   GetTimeCnt
           ENTRY                   ADDRESS         REF BY
           =====                   =======         ======
           Const699                0000123A 
    -------------------------------------------------------------------------
NEAR_CODE
  Relative segment, address: CODE 00002C58 - 00002CAA (0x53 bytes), align: 0
  Segment part 22.            Intra module refs:   Init_RTC
           ENTRY                   ADDRESS         REF BY
           =====                   =======         ======
           SetupRTC                00002C58        data_restore (mainapp)
               calls direct, is not allocated
               not allocated function
    -------------------------------------------------------------------------
NEAR_CODE
  Relative segment, address: CODE 00002CAB - 00002CC5 (0x1b bytes), align: 0
  Segment part 23.
           ENTRY                   ADDRESS         REF BY
           =====                   =======         ======
           Init_RTC                00002CAB        Init_Data (GC_Use)
               calls direct, is not allocated
               not allocated function
    -------------------------------------------------------------------------
NEAR_CODE
  Relative segment, address: CODE 00002CC6 - 00002E00 (0x13b bytes), align: 0
  Segment part 24.
           ENTRY                   ADDRESS         REF BY
           =====                   =======         ======
           SetRTCCnt               00002CC6        data_restore (mainapp)
               calls direct, is not allocated
               not allocated function
    -------------------------------------------------------------------------
CODE_C
  Relative segment, address: CODE 00001240 - 0000124B (0xc bytes), align: 0
  Segment part 11.            Intra module refs:   GetCntTime
                                                   GetTimeCnt
           ENTRY                   ADDRESS         REF BY
           =====                   =======         ======
           MonthDates              00001240 
    -------------------------------------------------------------------------
CODE_C
  Relative segment, address: CODE 0000124C - 0000124E (0x3 bytes), align: 0
  Segment part 12.            Intra module refs:   GetTimeCnt
           LOCAL                   ADDRESS         
           =====                   =======         
           Tm_BCD_L                0000124C 
    -------------------------------------------------------------------------
NEAR_CODE
  Relative segment, address: CODE 00002E01 - 000030CD (0x2cd bytes), align: 0
  Segment part 34.
           ENTRY                   ADDRESS         REF BY
           =====                   =======         ======
           GetTimeCnt              00002E01        ChkYMode (Meter)
                                                   GetFeilv (Meter)
                                                   MvData (public)
               calls direct, is not allocated
               not allocated function
    -------------------------------------------------------------------------
CODE_C
  Relative segment, address: CODE 0000124F - 00001256 (0x8 bytes), align: 0
  Segment part 13.            Intra module refs:   GetCntTime
           LOCAL                   ADDRESS         
           =====                   =======         
           T_Time_Lth              0000124F 
    -------------------------------------------------------------------------
NEAR_CODE
  Relative segment, address: CODE 000030CE - 000033FA (0x32d bytes), align: 0
  Segment part 35.            Intra module refs:   GetTimeCnt
                                                   SetRTCCnt
           ENTRY                   ADDRESS         REF BY
           =====                   =======         ======
           GetCntTime              000030CE        GetFeilv (Meter)
                                                   MvData (public)
               calls direct, is not allocated
               not allocated function
    -------------------------------------------------------------------------
NEAR_CODE
  Relative segment, address: CODE 000033FB - 00003450 (0x56 bytes), align: 0
  Segment part 37.            Intra module refs:   GetCntTime
                                                   GetTimeCnt
                                                   SetupRTC
           ENTRY                   ADDRESS         REF BY
           =====                   =======         ======
           GetRTCTm                000033FB 
               calls direct, is not allocated
               not allocated function
    -------------------------------------------------------------------------
NEAR_CODE
  Relative segment, address: CODE 00003451 - 000034A1 (0x51 bytes), align: 0
  Segment part 38.            Intra module refs:   SetRTCCnt
           ENTRY                   ADDRESS         REF BY
           =====                   =======         ======
           Rtcunint_write          00003451 
               calls direct, is not allocated
               not allocated function
    -------------------------------------------------------------------------
CODE_C
  Relative segment, address: CODE 00001257 - 0000125A (0x4 bytes), align: 0
  Segment part 16.            Intra module refs:   GetTimeCnt
           ENTRY                   ADDRESS         REF BY
           =====                   =======         ======
           __Constant_18           00001257 
    -------------------------------------------------------------------------
CODE_C
  Relative segment, address: CODE 0000125B - 0000125E (0x4 bytes), align: 0
  Segment part 17.            Intra module refs:   Do_JDOff (Meter)
                                                   GetFrozeMinCnt (public)
                                                   GetTimeCnt
[...]
                                                   Eny_PurCheckRAMEny (Energy)
                                                   Eny_RefVar (Energy)
                                                   Eny_SlpEnergyProc (Energy)
                                                   FpCharRam (public)
                                                   GetAlmState (Meter)
                                                   GetBat (McuDrive)
                                                   GetCntTime (Drv_RTCSPK)
                                                   GetComUse (Meter)
                                                   GetFHTime (PubData)
                                                   GetFStartAddr (PubData)
                                                   GetFeilv (Meter)
                                                   GetFrozeMinCnt (public)
                                                   GetFrozeStart (PubData)
                                                   GetNewProgRcd (public)
                                                   GetPrice (Meter)
                                                   GetRTCTm (Drv_RTCSPK)
                                                   GetTimeCnt (Drv_RTCSPK)
                                                   GetWeek (public)
                                                   Hex_BCD (public)
                                                   InitDispProg (Disp)
                                                   InitPMDSP (EnergyBottom)
                                                   Init_CfG (main)
                                                   Init_Data (GC_Use)
                                                   Init_RTC (Drv_RTCSPK)
                                                   Is_DispCode (public)
                                                   MCUForPowerOff (McuDrive)
                                                   MStepFroze (Meter)
                                                   Mcu_RTCNormal (McuDrive)
                                                   MeterADClose (TamperProc)
                                                   MoveDataLst (public)
                                                   MvData (public)
                                                   MvDataAddr (public)
                                                   NextItem (Disp)
                                                   NormCopy (public)
                                                   Pwr_ChkProc (Powmanger)
                                                   Pwr_E2Save (Powmanger)
                                                   Pwr_SlpReset (Powmanger)
                                                   Pwr_WakeupProc (Powmanger)
                                                   RSet_WDG (public)
                                                   RTCWakeUpTm (McuDrive)
                                                   Read_EEData (eeprom)
                                                   Read_ELVSave (PubData)
                                                   Read_FHRcd (PubData)
                                                   Read_FHSet (PubData)
                                                   RecoverEnergyData (Dataproc)
                                                   RefreshLCDRAM (LcdBottom)
                                                   ResetMinuteDemand (Demand)
                                                   Reset_LVSave (PubData)
                                                   RevCopy (public)
                                                   RevCopyRam (public)
                                                   SetDigitDisp (Disp)
                                                   SetDispArry (Disp)
                                                   SetDispBitLst (Disp)
                                                   SetEBit (public)
                                                   SetEvtState (public)
                                                   SetRTCCnt (Drv_RTCSPK)
                                                   SetRcdMin (public)
                                                   SetpArry (Disp)
                                                   SetupRTC (Drv_RTCSPK)
                                                   ShowSysStart (Lcdshow)
                                                   Tamp_Init (TamperProc)
                                                   Uart2_Receive (Uart2)
                                                   Uart2_Transmit (Uart2)
                                                   Uart4_Receive (Uart4)
                                                   Uart4_Transmit (Uart4)
                                                   UpBkltLED (Disp)
                                                   UpDisp (Disp)
                                                   UpEState (public)
                                                   Up_FHMode (PubData)
                                                   Up_FLState (Meter)
                                                   Up_FrozeData (PubData)
                                                   Up_NormFroze (public)
                                                   Up_Remain (Meter)
                                                   WDGTm_Refresh (eeprom)
                                                   Wait_Rst (mainapp)
                                                   Write_EEData (eeprom)
                                                   Write_Froze (PubData)
                                                   cFlashinfo_dianlian_backup (indata_oper)
                                                   cFroze_Comp (mainapp)
                                                   cSafeData_checkdata (safedate)
                                                   cSafeData_restoreData (safedate)
                                                   data_restore (mainapp)
                                                   do_CRC (Api)
                                                   iGetsum (safedate)
                                                   iVote (safedate)
                                                   labs (?labs)
                                                   nSafeData_struct_Init (safedate)
                                                   nSafeData_update2bak (safedate)
                                                   strCmp (PubData)

    -------------------------------------------------------------------------
  LIBRARY MODULE, NAME : ?PUSH_XSTACK_I

  SEGMENTS IN THE MODULE
  ======================
RCODE
  Relative segment, address: CODE 00000BFA - 00000BFD (0x4 bytes), align: 0
  Segment part 0.
           ENTRY                   ADDRESS         REF BY
           =====                   =======         ======
           ?PUSH_XSTACK_I_FOUR     00000BFA        Do_JDOff (Meter)
                                                   SetRcdMin (public)
                                                   UpEState (public)
    -------------------------------------------------------------------------
RCODE
  Relative segment, address: CODE 00000BFE - 00000C01 (0x4 bytes), align: 0
  Segment part 2.
           ENTRY                   ADDRESS         REF BY
           =====                   =======         ======
           ?PUSH_XSTACK_I_TWO      00000BFE        Chg_Feilv (PubData)
                                                   ChkYMode (Meter)
                                                   Clr_EEData4 (PubData)
                                                   Copy_4 (public)
                                                   Copy_FlashInfo (PubData)
                                                   EnyB_JbPm_Updata (EnergyBottom)
                                                   Eny_EnergyActiveSave (Energy)
                                                   Eny_EnergyClrCur (Energy)
                                                   Eny_JbPm_GetE2 (Energy)
                                                   Eny_PurCheckRAMEny (Energy)
                                                   Eny_RefVar (Energy)
                                                   GetCntTime (Drv_RTCSPK)
                                                   GetComUse (Meter)
                                                   GetFeilv (Meter)
                                                   GetFrozeMinCnt (public)
                                                   GetFrozeStart (PubData)
                                                   GetNewProgRcd (public)
                                                   GetPrice (Meter)
                                                   GetTimeCnt (Drv_RTCSPK)
                                                   InitPMDSP (EnergyBottom)
                                                   MCUForPowerOff (McuDrive)
                                                   MeterADClose (TamperProc)
                                                   MvData (public)
                                                   MvDataAddr (public)
                                                   NextItem (Disp)
                                                   NormCopy (public)
                                                   Pwr_E2Save (Powmanger)
                                                   Pwr_SlpReset (Powmanger)
                                                   Pwr_WakeupProc (Powmanger)
                                                   Read_EEData (eeprom)
                                                   Read_ELVSave (PubData)
                                                   Read_FHRcd (PubData)
                                                   Read_FHSet (PubData)
                                                   RecoverEnergyData (Dataproc)
                                                   Reset_LVSave (PubData)
                                                   RevCopy (public)
                                                   SetDispBitLst (Disp)
                                                   SetRTCCnt (Drv_RTCSPK)
                                                   Up_FHMode (PubData)
                                                   Write_EEData (eeprom)
                                                   Write_Froze (PubData)
                                                   cFlashinfo_dianlian_backup (indata_oper)
                                                   cFroze_Comp (mainapp)
                                                   cSafeData_restoreData (safedate)
    -------------------------------------------------------------------------
RCODE
  Relative segment, address: CODE 00000C02 - 00000C0E (0xd bytes), align: 0
  Segment part 4.             Intra module refs:   ?PUSH_XSTACK_I_FOUR
                                                   ?PUSH_XSTACK_I_TWO
           ENTRY                   ADDRESS         REF BY
           =====                   =======         ======
           ?PUSH_XSTACK_I          00000C02 

    -------------------------------------------------------------------------
  LIBRARY MODULE, NAME : ?PUSH_XSTACK8_X

  SEGMENTS IN THE MODULE
  ======================
RCODE
  Relative segment, address: CODE 00000C0F - 00000C12 (0x4 bytes), align: 0
  Segment part 1.
           ENTRY                   ADDRESS         REF BY
           =====                   =======         ======
           ?PUSH_XSTACK8_X_FOUR    00000C0F        ChkYFroze (Meter)
                                                   GetTimeCnt (Drv_RTCSPK)
                                                   MStepFroze (Meter)
                                                   MvData (public)
                                                   SetRTCCnt (Drv_RTCSPK)
                                                   UpJDWriter (public)
    -------------------------------------------------------------------------
RCODE
  Relative segment, address: CODE 00000C13 - 00000C16 (0x4 bytes), align: 0
  Segment part 3.
           ENTRY                   ADDRESS         REF BY
           =====                   =======         ======
           ?PUSH_XSTACK8_X_TWO     00000C13        BE_ReadW (BEBottom)
                                                   EEData_Safe_Read (eeprom)
    -------------------------------------------------------------------------
RCODE
  Relative segment, address: CODE 00000C17 - 00000C3F (0x29 bytes), align: 0
  Segment part 5.             Intra module refs:   ?PUSH_XSTACK8_X_FOUR
                                                   ?PUSH_XSTACK8_X_TWO
           ENTRY                   ADDRESS         REF BY
           =====                   =======         ======
           ?PUSH_XSTACK8_X         00000C17 

    -------------------------------------------------------------------------
  LIBRARY MODULE, NAME : ?PUSH_XSTACK8_C

  SEGMENTS IN THE MODULE
  ======================
RCODE
  Relative segment, address: CODE 00000C40 - 00000C43 (0x4 bytes), align: 0
  Segment part 1.
           ENTRY                   ADDRESS         REF BY
           =====                   =======         ======
           ?PUSH_XSTACK8_C_FOUR    00000C40        ClrRcdTime (public)
                                                   GetFeilv (Meter)
                                                   WaitTimeOver (Meter)
    -------------------------------------------------------------------------
RCODE
  Relative segment, address: CODE 00000C44 - 00000C6C (0x29 bytes), align: 0
  Segment part 5.             Intra module refs:   ?PUSH_XSTACK8_C_FOUR
           ENTRY                   ADDRESS         REF BY
           =====                   =======         ======
           ?PUSH_XSTACK8_C         00000C44 

    -------------------------------------------------------------------------
  LIBRARY MODULE, NAME : ?labs

  SEGMENTS IN THE MODULE
  ======================
NEAR_CODE
  Relative segment, address: CODE 000092D5 - 00009313 (0x3f bytes), align: 0
  Segment part 7.
           ENTRY                   ADDRESS         REF BY
           =====                   =======         ======
           labs                    000092D5        ChkJDWaitAM (Meter)
               XSTACK = 00000000 ( 0000000F )

    *************************************************************************

  DEFINED ABSOLUTE ENTRIES



                ****************************************
                *                                      *
                *      SEGMENTS IN ADDRESS ORDER       *
                *                                      *
                ****************************************


SEGMENT              SPACE    START ADDRESS   END ADDRESS     SIZE  TYPE  ALIGN
=======              =====    =============   ===========     ====  ====  =====
INTVEC               CODE          00000000 - 00000065          66   com    0
CSTART               CODE          00000066 - 00000092          2D   rel    0
BANK_RELAYS          CODE               00000093                     dse    0
CODE_AC              CODE          00000100 - 00000399         29A   rel    0
                     CODE          0000039C - 000005FF         264 
RCODE                CODE          00000600 - 00000C6C         66D   rel    0
DIFUNCT              CODE               00000C6D                     dse    0
CODE_AC              CODE          000011C0 - 000011CC           D   rel    0
                     CODE          000011CE - 000011CE           1 
CODE_C               CODE          000011CF - 00001BC0         9F2   rel    0
CODE_N               CODE               00001BC1                     dse    0
NEAR_CODE            CODE          00001BC1 - 00009313        7753   rel    0
REGISTERS            DATA          00000000 - 00000007           8   rel    0
__REG_BANK2          DATA          00000010 - 00000017           8   rel    0
BREG                 BIT        00000020.0  -  00000020.7        8   rel    0
VREG                 DATA          00000021 - 00000030          10   rel    0
PSP                  DATA               00000031                     dse    0
XSP                  DATA          00000031 - 00000032           2   rel    0
SFR_AN               DATA          00000080 - 00000080           1   rel    0
                     DATA          00000087 - 0000008E           8 
                     DATA          00000090 - 00000091           2 
                     DATA          00000093 - 00000097           5 
                     DATA          0000009A - 0000009F           6 
                     DATA          000000A1 - 000000A1           1 
                     DATA          000000A3 - 000000A8           6 
                     DATA          000000AD - 000000AD           1 
                     DATA          000000C0 - 000000C0           1 
                     DATA          000000C8 - 000000C8           1 
                     DATA          000000CC - 000000D0           5 
                     DATA          000000DA - 000000DD           4 
                     DATA          000000DF - 000000E0           2 
                     DATA          000000E8 - 000000E8           1 
XSTACK               XDATA         00000001 - 00000200         200   rel    0
XDATA_Z              XDATA         00000201 - 00000F13         D13   rel    0
XDATA_AN             XDATA         00002820 - 00002821           2   rel    0
                     XDATA         00002823 - 00002823           1 
                     XDATA         00002825 - 00002828           4 
                     XDATA         0000282E - 0000282E           1 
                     XDATA         00002830 - 00002831           2 
                     XDATA         00002833 - 00002833           1 
                     XDATA         00002835 - 00002838           4 
                     XDATA         0000283E - 0000283E           1 
                     XDATA         00002840 - 00002840           1 
                     XDATA         00002843 - 00002843           1 
                     XDATA         00002848 - 00002848           1 
                     XDATA         0000284B - 0000284B           1 
                     XDATA         00002858 - 00002868          11 
                     XDATA         000028A8 - 000028AA           3 
                     XDATA         000028AC - 000028B1           6 
                     XDATA         000028B4 - 000028B5           2 
                     XDATA         000028B8 - 000028B9           2 
                     XDATA         000028BC - 000028BD           2 
                     XDATA         000028C0 - 000028C1           2 
                     XDATA         000028C5 - 000028CA           6 
                     XDATA         000028CD - 000028CF           3 
                     XDATA         000028D5 - 000028D6           2 
                     XDATA         000028D9 - 000028DA           2 
                     XDATA         00002A05 - 00002A05           1 
                     XDATA         00002C00 - 00002C00           1 
                     XDATA         00002C1E - 00002C23           6 
                     XDATA         00002D00 - 00002D01           2 
IDATA_I              IDATA              00000033                     dse    0
IDATA_Z              IDATA         00000033 - 00000042          10   rel    0
ISTACK               IDATA         000000A0 - 000000FF          60   rel    0

                ****************************************
                *                                      *
                *        END OF CROSS REFERENCE        *
                *                                      *
                ****************************************

 34 885 bytes of CODE  memory (+ 1 292 absolute )
     26 bytes of DATA  memory (+    52 absolute )
  3 859 bytes of XDATA memory (+    77 absolute )
    112 bytes of IDATA memory
      8 bits  of BIT   memory

Errors: none
Warnings: 7

