Warning[w6]: Type conflict for external/entry "ASCII2BCD", in module Ptl_1107 against external/entry in module Api; prototyped function vs K&R function
  /* In module Ptl_1107: */
  /* K&R Function, args 0, attr 0 */
  int (__xdata_reentrant ASCII2BCD)();
  /* In module Api: */
  /* Function, args 3, attr 0 */
  uint8 (__xdata_reentrant ASCII2BCD)(uint8 *,
                                      uint8 *,
                                      uint8);
    typedef unsigned char uint8;
Warning[w6]: Type conflict for external/entry "Enyb_Reg_ModBif", in module mainapp against external/entry in module EnergyBottom; prototyped function vs K&R function
  /* In module mainapp: */
  /* K&R Function, args 0, attr 0 */
  int (__xdata_reentrant Enyb_Reg_ModBif)();
  /* In module EnergyBottom: */
  /* Function, args 3, attr 0 */
  void (__xdata_reentrant Enyb_Reg_ModBif)(uint16,
                                           char,
                                           char);
    typedef unsigned int uint16;
Warning[w6]: Type conflict for external/entry "Delay1OSC", in module mainapp against external/entry in module McuDrive; prototyped function vs K&R function
  /* In module mainapp: */
  /* K&R Function, args 0, attr 0 */
  int (__xdata_reentrant Delay1OSC)();
  /* In module McuDrive: */
  /* Function, args 0, attr 0 */
  void (__xdata_reentrant Delay1OSC)(void);
Warning[w6]: Type conflict for external/entry "stmemter_statu", in module indata_oper against external/entry in module dfinit; types have different memory attributes
  /* In module indata_oper: */
  struct STMEMTER_STATU /* Elements: 3, Bytes: 74 */
                        /* First seen in Meter */
  { 
    u8 IMType[10];
    u8 SoftVer[32];
    u8 HardVer[32];
  } stmemter_statu[];
    typedef unsigned char u8;
  /* In module dfinit: */
  struct STMEMTER_STATU /* Elements: 3, Bytes: 74 */
                        /* First seen in Meter */
  { 
    u8 IMType[10];
    u8 SoftVer[32];
    u8 HardVer[32];
  } (__code const stmemter_statu)[4];
    typedef unsigned char u8;
Warning[w6]: Type conflict for external/entry "c8025intno", in module System against external/entry in module globlvar; types have different type attributes
  /* In module System: */
  char c8025intno;
  /* In module globlvar: */
  unsigned char volatile c8025intno;
Warning[w6]: Type conflict for external/entry "Init_FlashData", in module TRx against external/entry in module indata_oper; function return types are different; different basic types
  /* In module TRx: */
  /* K&R Function, args 0, attr 0 */
  void (__xdata_reentrant Init_FlashData)();
  /* In module indata_oper: */
  /* K&R Function, args 0, attr 0 */
  u8 (__xdata_reentrant Init_FlashData)();
    typedef unsigned char u8;
Warning[w6]: Type conflict for external/entry "App_Init", in module mainapp against external/entry in module main; prototyped function vs K&R function
  /* In module mainapp: */
  /* K&R Function, args 0, attr 0 */
  int (__xdata_reentrant App_Init)();
  /* In module main: */
  /* Function, args 0, attr 0 */
  void (__xdata_reentrant App_Init)(void);
Warning[w6]: Type conflict for external/entry "Var_Init", in module mainapp against external/entry in module main; prototyped function vs K&R function
  /* In module mainapp: */
  /* K&R Function, args 0, attr 0 */
  int (__xdata_reentrant Var_Init)();
  /* In module main: */
  /* Function, args 0, attr 0 */
  void (__xdata_reentrant Var_Init)(void);
################################################################################
#                                                                              #
#      IAR Universal Linker V5.7.0.39                                          #
#                                                                              #
#           Link time     =  02/Oct/2019  11:52:35                             #
#           Target CPU    =  x51                                               #
#           List file     =  C:\worktop\galaxy_Thailand_9811b_62056_meter\sour #
#                            ce\Debug\List\D143R-9821S.map                     #
#           Output file 1 =  C:\worktop\galaxy_Thailand_9811b_62056_meter\sour #
#                            ce\Debug\Exe\D143F9821S.xx.20xxxxxx.hex           #
#                            Format: intel-extended                            #
#           Output file 2 =  C:\worktop\galaxy_Thailand_9811b_62056_meter\sour #
#                            ce\Debug\Exe\D143R-9821S.d51                      #
#                            Format: debug                                     #
#                            UBROF version 10.0.6                              #
#                            Using library modules for C-SPY (-r)              #
#           Command line  =  "-IC:\Program Files (x86)\IAR Systems\Embedded Wo #
#                            rkbench 6.5\8051\CONFIG\"                         #
#                            -D_NR_OF_BANKS=0 -D_CODEBANK_END=0                #
#                            -D_CODEBANK_START=0                               #
#                            C:\worktop\galaxy_Thailand_9811b_62056_meter\sour #
#                            ce\Debug\Obj\Api.r51                              #
#                            C:\worktop\galaxy_Thailand_9811b_62056_meter\sour #
#                            ce\Debug\Obj\ComApplication.r51                   #
#                            C:\worktop\galaxy_Thailand_9811b_62056_meter\sour #
#                            ce\Debug\Obj\ComBottom.r51                        #
#                            C:\worktop\galaxy_Thailand_9811b_62056_meter\sour #
#                            ce\Debug\Obj\Dataproc.r51                         #
#                            C:\worktop\galaxy_Thailand_9811b_62056_meter\sour #
#                            ce\Debug\Obj\Demand.r51                           #
#                            C:\worktop\galaxy_Thailand_9811b_62056_meter\sour #
#                            ce\Debug\Obj\Disp.r51                             #
#                            C:\worktop\galaxy_Thailand_9811b_62056_meter\sour #
#                            ce\Debug\Obj\Drv_DispKey.r51                      #
#                            C:\worktop\galaxy_Thailand_9811b_62056_meter\sour #
#                            ce\Debug\Obj\Drv_RTCSPK.r51                       #
#                            C:\worktop\galaxy_Thailand_9811b_62056_meter\sour #
#                            ce\Debug\Obj\Energy.r51                           #
#                            C:\worktop\galaxy_Thailand_9811b_62056_meter\sour #
#                            ce\Debug\Obj\EnergyBottom.r51                     #
#                            C:\worktop\galaxy_Thailand_9811b_62056_meter\sour #
#                            ce\Debug\Obj\FunCfg.r51                           #
#                            C:\worktop\galaxy_Thailand_9811b_62056_meter\sour #
#                            ce\Debug\Obj\GC_Use.r51                           #
#                            C:\worktop\galaxy_Thailand_9811b_62056_meter\sour #
#                            ce\Debug\Obj\InOut.r51                            #
#                            C:\worktop\galaxy_Thailand_9811b_62056_meter\sour #
#                            ce\Debug\Obj\InitPara.r51                         #
#                            C:\worktop\galaxy_Thailand_9811b_62056_meter\sour #
#                            ce\Debug\Obj\LcdBottom.r51                        #
#                            C:\worktop\galaxy_Thailand_9811b_62056_meter\sour #
#                            ce\Debug\Obj\McuDrive.r51                         #
#                            C:\worktop\galaxy_Thailand_9811b_62056_meter\sour #
#                            ce\Debug\Obj\Meter.r51                            #
#                            C:\worktop\galaxy_Thailand_9811b_62056_meter\sour #
#                            ce\Debug\Obj\Powmanger.r51                        #
#                            C:\worktop\galaxy_Thailand_9811b_62056_meter\sour #
#                            ce\Debug\Obj\Prcfrm.r51                           #
#                            C:\worktop\galaxy_Thailand_9811b_62056_meter\sour #
#                            ce\Debug\Obj\Ptl_1107.r51                         #
#                            C:\worktop\galaxy_Thailand_9811b_62056_meter\sour #
#                            ce\Debug\Obj\PubData.r51                          #
#                            C:\worktop\galaxy_Thailand_9811b_62056_meter\sour #
#                            ce\Debug\Obj\System.r51                           #
#                            C:\worktop\galaxy_Thailand_9811b_62056_meter\sour #
#                            ce\Debug\Obj\TRx.r51                              #
#                            C:\worktop\galaxy_Thailand_9811b_62056_meter\sour #
#                            ce\Debug\Obj\TamperProc.r51                       #
#                            C:\worktop\galaxy_Thailand_9811b_62056_meter\sour #
#                            ce\Debug\Obj\Timeproc.r51                         #
#                            C:\worktop\galaxy_Thailand_9811b_62056_meter\sour #
#                            ce\Debug\Obj\Uart2.r51                            #
#                            C:\worktop\galaxy_Thailand_9811b_62056_meter\sour #
#                            ce\Debug\Obj\Uart4.r51                            #
#                            C:\worktop\galaxy_Thailand_9811b_62056_meter\sour #
#                            ce\Debug\Obj\Version.r51                          #
#                            C:\worktop\galaxy_Thailand_9811b_62056_meter\sour #
#                            ce\Debug\Obj\bit_edge.r51                         #
#                            C:\worktop\galaxy_Thailand_9811b_62056_meter\sour #
#                            ce\Debug\Obj\cstartup.r51                         #
#                            C:\worktop\galaxy_Thailand_9811b_62056_meter\sour #
#                            ce\Debug\Obj\dfinit.r51                           #
#                            C:\worktop\galaxy_Thailand_9811b_62056_meter\sour #
#                            ce\Debug\Obj\disp_format_lcd10329.r51             #
#                            C:\worktop\galaxy_Thailand_9811b_62056_meter\sour #
#                            ce\Debug\Obj\eeprom.r51                           #
#                            C:\worktop\galaxy_Thailand_9811b_62056_meter\sour #
#                            ce\Debug\Obj\globlvar.r51                         #
#                            C:\worktop\galaxy_Thailand_9811b_62056_meter\sour #
#                            ce\Debug\Obj\indata_oper.r51                      #
#                            C:\worktop\galaxy_Thailand_9811b_62056_meter\sour #
#                            ce\Debug\Obj\main.r51                             #
#                            C:\worktop\galaxy_Thailand_9811b_62056_meter\sour #
#                            ce\Debug\Obj\mainapp.r51                          #
#                            C:\worktop\galaxy_Thailand_9811b_62056_meter\sour #
#                            ce\Debug\Obj\public.r51                           #
#                            C:\worktop\galaxy_Thailand_9811b_62056_meter\sour #
#                            ce\Debug\Obj\pxv9811b.r51                         #
#                            C:\worktop\galaxy_Thailand_9811b_62056_meter\sour #
#                            ce\Debug\Obj\safedate.r51                         #
#                            C:\worktop\galaxy_Thailand_9811b_62056_meter\sour #
#                            ce\Debug\Obj\streamio.r51                         #
#                            C:\worktop\galaxy_Thailand_9811b_62056_meter\sour #
#                            ce\Debug\Obj\workaround.r51                       #
#                            -o                                                #
#                            C:\worktop\galaxy_Thailand_9811b_62056_meter\sour #
#                            ce\Debug\Exe\D143R-9821S.d51                      #
#                            -l                                                #
#                            C:\worktop\galaxy_Thailand_9811b_62056_meter\sour #
#                            ce\Debug\List\D143R-9821S.map                     #
#                            -xms                                              #
#                            "-IC:\Program Files (x86)\IAR Systems\Embedded Wo #
#                            rkbench 6.5\8051\LIB\"                            #
#                            -f                                                #
#                            C:\worktop\galaxy_Thailand_9811b_62056_meter\sour #
#                            ce\lnk51ew.xcl                                    #
#                            (-D_IDATA_END=0xFF -D_PDATA_START=0x0F01          #
#                            -D_PDATA_END=0x0F7F -D_IXDATA_START=1             #
#                            -D_IXDATA_END=0xF7F -D_XDATA_START=0x000001       #
#                            -D_XDATA_END=0x00F7F -D_CODE_START=0x000000       #
#                            -D_CODE_END=0xFFFF -D_NEAR_CODE_END=0xFFFF        #
#                            -D_FAR_DATA_NR_OF_BANKS=0x0E                      #
#                            -D_FAR_DATA_START=0x010001                        #
#                            -D_FAR_DATA_END=0xFFFFFF                          #
#                            -D_FAR_CODE_START=_CODE_START                     #
#                            -D_FAR_CODE_END=_CODE_END -D?REGISTER_BANK=0      #
#                            -D_REGISTER_BANK_START=0 -D_BREG_START=0x00       #
#                            -D?VB=0x20 -D_FIRST_BANK_ADDR=0                   #
#                            -P(CODE)BANKED_CODE_EXT2_C=[0x0F0000-0x0FFFFF]    #
#                            -P(CODE)BANKED_CODE_EXT2_N=[0x0F0000-0x0FFFFF]    #
#                            -KBANKED_EXT2=10000,15                            #
#                            -Z(CODE)BANKED_EXT2#FFF0-FFFF                     #
#                            -P(CODE)BANKED_CODE_INTERRUPTS_EXT2=[0x00E0100-0x #
#                            00EFFFF]                                          #
#                            -P(CODE)INTVEC_EXT2=[0x0E0000-0x0EFFFF]           #
#                            -Z(BIT)BREG=_BREG_START -Z(BIT)BIT_N=0-7F         #
#                            -Z(DATA)REGISTERS+8=_REGISTER_BANK_START          #
#                            -Z(DATA)BDATA_Z,BDATA_N,BDATA_I=20-2F             #
#                            -Z(DATA)VREG+_NR_OF_VIRTUAL_REGISTERS=08-7F       #
#                            -Z(DATA)PSP,XSP=08-7F -Z(DATA)DOVERLAY=08-7F      #
#                            -Z(DATA)DATA_I,DATA_Z,DATA_N=08-7F                #
#                            -U(IDATA)0-7F=(DATA)0-7F                          #
#                            -Z(IDATA)IDATA_I,IDATA_Z,IDATA_N=08-_IDATA_END    #
#                            -Z(IDATA)ISTACK+_IDATA_STACK_SIZE#08-_IDATA_END   #
#                            -Z(IDATA)IOVERLAY=08-FF -Z(CODE)INTVEC=0          #
#                            -Z(CODE)CSTART=_CODE_START-_CODE_END              #
#                            -D_BANK1_START=0x18000 -D_BANK1_END=0x1FFFF       #
#                            -D_BANK2_START=0x28000 -D_BANK2_END=0x2FFFF       #
#                            -D_BANK0_START=0x8000 -D_BANK0_END=0xFFFF         #
#                            -P(CODE)BANK0=_BANK0_START-_BANK0_END             #
#                            -P(CODE)BANK1=_BANK1_START-_BANK1_END             #
#                            -P(CODE)BANK2=_BANK2_START-_BANK2_END             #
#                            -Z(CODE)BIT_ID,BDATA_ID,DATA_ID,IDATA_ID,IXDATA_I #
#                            D,PDATA_ID,XDATA_ID=_CODE_START-_CODE_END         #
#                            -Z(CODE)HUGE_ID=_FAR_CODE_START-_FAR_CODE_END     #
#                            -Z(CODE)BANK_RELAYS,RCODE,DIFUNCT,CODE_C,CODE_N,N #
#                            EAR_CODE=_CODE_START-_CODE_END                    #
#                            -P(CODE)BANKED_CODE=_CODE_START-_CODE_END,[(_CODE #
#                            BANK_START+_FIRST_BANK_ADDR)-(_CODEBANK_END+_FIRS #
#                            T_BANK_ADDR)]*_NR_OF_BANKS+10000                  #
#                            -P(CODE)FAR_CODE_C,FAR_CODE_N,FAR_CODE=[_FAR_CODE #
#                            _START-_FAR_CODE_END]/10000                       #
#                            -P(CODE)HUGE_CODE_C=_FAR_CODE_START-_FAR_CODE_END #
#                            -Z(CODE)CHECKSUM#_CODE_END                        #
#                            -Z(XDATA)EXT_STACK+_EXTENDED_STACK_SIZE=_EXTENDED #
#                            _STACK_START                                      #
#                            -Z(XDATA)PSTACK+_PDATA_STACK_SIZE=_PDATA_START-_P #
#                            DATA_END                                          #
#                            -Z(XDATA)XSTACK+_XDATA_STACK_SIZE=_XDATA_START-_X #
#                            DATA_END                                          #
#                            -Z(XDATA)PDATA_Z,PDATA_I=_PDATA_START-_PDATA_END  #
#                            -P(XDATA)PDATA_N=_PDATA_START-_PDATA_END          #
#                            -Z(XDATA)IXDATA_Z,IXDATA_I=_IXDATA_START-_IXDATA_ #
#                            END                                               #
#                            -P(XDATA)IXDATA_N=_IXDATA_START-_IXDATA_END       #
#                            -Z(XDATA)XDATA_Z,XDATA_I=_XDATA_START-_XDATA_END  #
#                            -P(XDATA)XDATA_N=_XDATA_START-_XDATA_END          #
#                            -Z(XDATA)XDATA_HEAP+_XDATA_HEAP_SIZE=_XDATA_START #
#                            -_XDATA_END                                       #
#                            -Z(CONST)XDATA_ROM_C=_XDATA_START-_XDATA_END      #
#                            -Z(XDATA)FAR_Z=[_FAR_DATA_START-_FAR_DATA_END]/10 #
#                            000                                               #
#                            -Z(XDATA)FAR_I=[_FAR_DATA_START-_FAR_DATA_END]/10 #
#                            000                                               #
#                            -Z(CODE)FAR_ID=[_FAR_CODE_START-_FAR_CODE_END]/10 #
#                            000                                               #
#                            -Z(XDATA)FAR_HEAP+_FAR_HEAP_SIZE=[_FAR_DATA_START #
#                            -_FAR_DATA_END]/10000                             #
#                            -P(XDATA)FAR_N=[_FAR_DATA_START-_FAR_DATA_END]*_F #
#                            AR_DATA_NR_OF_BANKS+10000                         #
#                            -P(CONST)FAR_ROM_C=[_FAR_DATA_START-_FAR_DATA_END #
#                            ]*_FAR_DATA_NR_OF_BANKS+10000                     #
#                            -Z(XDATA)HUGE_Z,HUGE_I=_FAR_DATA_START-_FAR_DATA_ #
#                            END                                               #
#                            -P(XDATA)HUGE_N=_FAR_DATA_START-_FAR_DATA_END     #
#                            -Z(XDATA)HUGE_HEAP+_HUGE_HEAP_SIZE=_FAR_DATA_STAR #
#                            T-_FAR_DATA_END                                   #
#                            -Z(CONST)HUGE_ROM_C=_FAR_DATA_START-_FAR_DATA_END #
#                            -cx51 -D?ACON=9D -D?DPS1=F6 -D?TA=C7              #
#                            -D?MCON=C6) -D_NR_OF_VIRTUAL_REGISTERS=8          #
#                            -D?PBANK=0xA0 -e_large_write=_formatted_write     #
#                            -e_large_read=_formatted_read -r                  #
#                            -Ointel-extended=C:\worktop\galaxy_Thailand_9811b #
#                            _62056_meter\source\Debug\Exe\D143F9821S.xx.20xxx #
#                            xxx.hex                                           #
#                            -s __program_start                                #
#                            "C:\Program Files (x86)\IAR Systems\Embedded Work #
#                            bench 6.5\8051\LIB\CLIB\cl-pli-nlxc-1e16x01.r51"  #
#                            -D_IDATA_STACK_SIZE=0x70 -D?ESP=0 -D?ESP_MASK=0   #
#                            -D_EXTENDED_STACK_START=0                         #
#                            -D_EXTENDED_STACK_SIZE=0                          #
#                            -D_PDATA_STACK_SIZE=0x90                          #
#                            -D_XDATA_STACK_SIZE=0x280                         #
#                            -D_XDATA_HEAP_SIZE=0xFF -D_FAR_HEAP_SIZE=0xFFF    #
#                            -D_HUGE_HEAP_SIZE=0xFFF                           #
#                            -D_FAR22_HEAP_SIZE=0xFFF                          #
#                                                                              #
#                           Copyright (C) 1987-2013 IAR Systems AB.            #
################################################################################





                ****************************************
                *                                      *
                *           CROSS REFERENCE            *
                *                                      *
                ****************************************

       Program entry at : CODE      00000066  Relocatable, from module : CSTARTUP




                ****************************************
                *                                      *
                *            RUNTIME MODEL             *
                *                                      *
                ****************************************

  __SystemLibrary          = CLib
  __calling_convention     = xdata_reentrant
  __code_model             = near
  __core                   = plain
  __data_model             = large
  __dptr_size              = 16
  __extended_stack         = disabled
  __location_for_constants = code
  __number_of_dptrs        = 1
  __rt_version             = 1

                ****************************************
                *                                      *
                *    AUTOMATIC SYMBOL REDIRECTIONS     *
                *                                      *
                ****************************************

                  There are no automatic symbol redirections.



                ****************************************
                *                                      *
                *              MODULE MAP              *
                *                                      *
                ****************************************


  DEFINED ABSOLUTE ENTRIES
    *************************************************************************

  DEFINED ABSOLUTE ENTRIES
  PROGRAM MODULE, NAME : ?ABS_ENTRY_MOD

Absolute parts
           ENTRY                   ADDRESS         REF BY
           =====                   =======         ======
           _FAR22_HEAP_SIZE        00000FFF 
           _HUGE_HEAP_SIZE         00000FFF 
           _FAR_HEAP_SIZE          00000FFF 
           _XDATA_HEAP_SIZE        000000FF 
           _XDATA_STACK_SIZE       00000280 
           _PDATA_STACK_SIZE       00000090 
           _EXTENDED_STACK_SIZE    00000000 
           _EXTENDED_STACK_START   00000000 
           ?ESP_MASK               00000000 
           ?ESP                    00000000 
           _IDATA_STACK_SIZE       00000070 
           ?PBANK                  000000A0 
           _NR_OF_VIRTUAL_REGISTERS
                                   00000008 
           ?MCON                   000000C6 
           ?TA                     000000C7 
           ?DPS1                   000000F6 
           ?ACON                   0000009D 
           _BANK0_END              0000FFFF 
           _BANK0_START            00008000 
           _BANK2_END              0002FFFF 
           _BANK2_START            00028000 
           _BANK1_END              0001FFFF 
           _BANK1_START            00018000 
           _FIRST_BANK_ADDR        00000000 
           ?VB                     00000020        ?FUNC_ENTER_XDATA (?FUNC_ENTER_XDATA)
                                                   ?FUNC_LEAVE_XDATA (?FUNC_LEAVE_XDATA)
           _BREG_START             00000000 
           _REGISTER_BANK_START    00000000 
           ?REGISTER_BANK          00000000        Segment part 6 (CSTARTUP)
           _FAR_CODE_END           0000FFFF 
           _FAR_CODE_START         00000000 
           _FAR_DATA_END           00FFFFFF 
           _FAR_DATA_START         00010001 
           _FAR_DATA_NR_OF_BANKS   0000000E 
           _NEAR_CODE_END          0000FFFF 
           _CODE_END               0000FFFF 
           _CODE_START             00000000 
           _XDATA_END              00000F7F 
           _XDATA_START            00000001 
           _IXDATA_END             00000F7F 
           _IXDATA_START           00000001 
           _PDATA_END              00000F7F 
           _PDATA_START            00000F01 
           _IDATA_END              000000FF 
           _CODEBANK_START         00000000 
           _CODEBANK_END           00000000 
           _NR_OF_BANKS            00000000 
    *************************************************************************

  FILE NAME : C:\worktop\galaxy_Thailand_9811b_62056_meter\source\Debug\Obj\Api.r51
  PROGRAM MODULE, NAME : Api

  SEGMENTS IN THE MODULE
  ======================
CODE_AC
  Relative segment, address: CODE 00000300 - 00000399 (0x9a bytes), align: 0
  Segment part 1. ROOT.       Intra module refs:   APIByteBCD2HEX
           ENTRY                   ADDRESS         REF BY
           =====                   =======         ======
           gCuc_BCD2HEXMap         00000300 
    -------------------------------------------------------------------------
CODE_AC
  Relative segment, address: CODE 0000039C - 000003FF (0x64 bytes), align: 0
  Segment part 2. ROOT.       Intra module refs:   APIByteHEX2BCD
           ENTRY                   ADDRESS         REF BY
           =====                   =======         ======
           gCuc_HEX2BCDMap         0000039C 
    -------------------------------------------------------------------------
NEAR_CODE
  Relative segment, address: CODE 00002F1E - 00002F49 (0x2c bytes), align: 0
  Segment part 12.
           ENTRY                   ADDRESS         REF BY
           =====                   =======         ======
           DelayXms                00002F1E        JbMode (Ptl_1107)
                                                   LCD_Off (LcdBottom)
                                                   Pwr_WakeupProc (Powmanger)
               ISTACK = 00000000 ( 00000002 )
    -------------------------------------------------------------------------
NEAR_CODE
  Relative segment, address: CODE 00002F4A - 00003010 (0xc7 bytes), align: 0
  Segment part 21.            Intra module refs:   Hex2BCD
           ENTRY                   ADDRESS         REF BY
           =====                   =======         ======
           IntHex2BCD              00002F4A 
               calls direct
               XSTACK = 0000001B ( 00000008 )
    -------------------------------------------------------------------------
NEAR_CODE
  Relative segment, address: CODE 00003011 - 0000313A (0x12a bytes), align: 0
  Segment part 22.
           ENTRY                   ADDRESS         REF BY
           =====                   =======         ======
           Hex2BCD                 00003011        CalRMS (EnergyBottom)
                                                   ReadCurEgy (Ptl_1107)
                                                   ReadHisDemad (Ptl_1107)
                                                   ReadHisEgy (Ptl_1107)
               calls direct
               XSTACK = 00000000 ( 0000001B )
    -------------------------------------------------------------------------
NEAR_CODE
  Relative segment, address: CODE 0000313B - 000031DA (0xa0 bytes), align: 0
  Segment part 23.
           ENTRY                   ADDRESS         REF BY
           =====                   =======         ======
           BCD2Hex                 0000313B        DoSinglePhase (mainapp)
               calls direct, is not allocated
               not allocated function
    -------------------------------------------------------------------------
NEAR_CODE
  Relative segment, address: CODE 000031DB - 000031F7 (0x1d bytes), align: 0
  Segment part 25.            Intra module refs:   BCD2Hex
                                                   JudgeIsNum
           ENTRY                   ADDRESS         REF BY
           =====                   =======         ======
           APIByteBCD2HEX          000031DB        CalcWeek (Timeproc)
               XSTACK = 00000015 ( 00000009 )
    -------------------------------------------------------------------------
NEAR_CODE
  Relative segment, address: CODE 000031F8 - 00003218 (0x21 bytes), align: 0
  Segment part 26.            Intra module refs:   IntHex2BCD
           ENTRY                   ADDRESS         REF BY
           =====                   =======         ======
           APIByteHEX2BCD          000031F8 
               XSTACK = 00000008 ( 00000009 )
    -------------------------------------------------------------------------
NEAR_CODE
  Relative segment, address: CODE 00003219 - 00003257 (0x3f bytes), align: 0
  Segment part 27.
           ENTRY                   ADDRESS         REF BY
           =====                   =======         ======
           ApiBufCmp               00003219        JbComHd (Ptl_1107)
               XSTACK = 00000000 ( 00000008 )
    -------------------------------------------------------------------------
NEAR_CODE
  Relative segment, address: CODE 00003258 - 00003297 (0x40 bytes), align: 0
  Segment part 29.
           ENTRY                   ADDRESS         REF BY
           =====                   =======         ======
           ApiCodeBufCmp           00003258        FindObsiPoint (Ptl_1107)
               XSTACK = 00000000 ( 00000008 )
    -------------------------------------------------------------------------
CODE_AC
  Relative segment, address: CODE 00000100 - 000002FF (0x200 bytes), align: 0
  Segment part 3. ROOT.       Intra module refs:   do_CRC
           ENTRY                   ADDRESS         REF BY
           =====                   =======         ======
           CrcTab                  00000100 
    -------------------------------------------------------------------------
NEAR_CODE
  Relative segment, address: CODE 00003298 - 000032DF (0x48 bytes), align: 0
  Segment part 31.
           ENTRY                   ADDRESS         REF BY
           =====                   =======         ======
           do_CRC                  00003298        ClockBAK_RAM (Timeproc)
                                                   ClockCheck (Timeproc)
                                                   Init_CfG (main)
                                                   Pwr_ChkProc (Powmanger)
                                                   RecoverCfg (FunCfg)
                                                   SetCRCWord (Dataproc)
                                                   SoftClockCheck (Timeproc)
               XSTACK = 00000000 ( 00000009 )
    -------------------------------------------------------------------------
NEAR_CODE
  Relative segment, address: CODE 000032E0 - 0000330A (0x2b bytes), align: 0
  Segment part 32.
           ENTRY                   ADDRESS         REF BY
           =====                   =======         ======
           JudgeIsNum              000032E0        RTCCheck (Timeproc)
               calls direct, is not allocated
               not allocated function
    -------------------------------------------------------------------------
NEAR_CODE
  Relative segment, address: CODE 0000330B - 00003329 (0x1f bytes), align: 0
  Segment part 38.
           ENTRY                   ADDRESS         REF BY
           =====                   =======         ======
           MemSet                  0000330B        Disp_Clear (LcdBottom)
                                                   Disp_Full (LcdBottom)
                                                   Init_CfG (main)
                                                   ResetMinuteDemand (Demand)
               ISTACK = 00000000 ( 00000003 )
    -------------------------------------------------------------------------
NEAR_CODE
  Relative segment, address: CODE 0000332A - 00003390 (0x67 bytes), align: 0
  Segment part 43.
           ENTRY                   ADDRESS         REF BY
           =====                   =======         ======
           ASCII2BCD               0000332A        DateAndTimeProc (Ptl_1107)
                                                   E2DataProc (Ptl_1107)
               XSTACK = 00000000 ( 0000000B )
               ISTACK = 00000000 ( 00000001 )
    -------------------------------------------------------------------------
NEAR_CODE
  Relative segment, address: CODE 00003391 - 00003404 (0x74 bytes), align: 0
  Segment part 44.
           ENTRY                   ADDRESS         REF BY
           =====                   =======         ======
           BCD2ASCII               00003391        DateAndTimeProc (Ptl_1107)
                                                   E2DataProc (Ptl_1107)
                                                   JbComHd (Ptl_1107)
                                                   ReadBodyOpOrMdTrDate (Ptl_1107)
                                                   ReadCurEgy (Ptl_1107)
                                                   ReadHisDemad (Ptl_1107)
                                                   ReadHisEgy (Ptl_1107)
                                                   ReadInsData (Ptl_1107)
                                                   ReadPowDnJl (Ptl_1107)
               XSTACK = 00000000 ( 0000000B )
               ISTACK = 00000000 ( 00000001 )
    -------------------------------------------------------------------------
NEAR_CODE
  Relative segment, address: CODE 00003405 - 0000342A (0x26 bytes), align: 0
  Segment part 45.            Intra module refs:   StrCpy
           ENTRY                   ADDRESS         REF BY
           =====                   =======         ======
           StrLen                  00003405        RdData (Ptl_1107)
               XSTACK = 0000000B ( 00000009 )
    -------------------------------------------------------------------------
NEAR_CODE
  Relative segment, address: CODE 0000342B - 0000345E (0x34 bytes), align: 0
  Segment part 46.
           ENTRY                   ADDRESS         REF BY
           =====                   =======         ======
           StrCpy                  0000342B        RdData (Ptl_1107)
               calls direct
               XSTACK = 00000000 ( 0000000D )
    -------------------------------------------------------------------------
CODE_C
  Relative segment, address: CODE 000011CF - 000011D2 (0x4 bytes), align: 0
  Segment part 9.             Intra module refs:   Hex2BCD
           ENTRY                   ADDRESS         REF BY
           =====                   =======         ======
           __Constant_fa0a1f00     000011CF 
    -------------------------------------------------------------------------
CODE_C
  Relative segment, address: CODE 000011D3 - 000011D6 (0x4 bytes), align: 0
  Segment part 10.            Intra module refs:   Hex2BCD
           ENTRY                   ADDRESS         REF BY
           =====                   =======         ======
           __Constant_5f5e100      000011D3 
    -------------------------------------------------------------------------
CODE_C
  Relative segment, address: CODE 000011D7 - 000011DA (0x4 bytes), align: 0
  Segment part 11.            Intra module refs:   Adc_DataGet (McuDrive)
                                                   BCD2Hex
                                                   BCD_Hex (public)
                                                   CalImbRate (TamperProc)
                                                   Hex_BCD (public)
           ENTRY                   ADDRESS         REF BY
           =====                   =======         ======
           __Constant_64           000011D7 

    *************************************************************************

  FILE NAME : C:\worktop\galaxy_Thailand_9811b_62056_meter\source\Debug\Obj\ComApplication.r51
  PROGRAM MODULE, NAME : ComApplication

  SEGMENTS IN THE MODULE
  ======================
NEAR_CODE
  Relative segment, address: CODE 0000345F - 00003484 (0x26 bytes), align: 0
  Segment part 6.
           ENTRY                   ADDRESS         REF BY
           =====                   =======         ======
           ComApp_Proc             0000345F        main (mainapp)
               calls direct, is not allocated
               not allocated function
    -------------------------------------------------------------------------
NEAR_CODE
  Relative segment, address: CODE 00003485 - 000034BF (0x3b bytes), align: 0
  Segment part 7.             Intra module refs:   ComApp_Proc
           ENTRY                   ADDRESS         REF BY
           =====                   =======         ======
           Uart_Proc               00003485 
               calls direct, is not allocated
               not allocated function

    *************************************************************************

  FILE NAME : C:\worktop\galaxy_Thailand_9811b_62056_meter\source\Debug\Obj\ComBottom.r51
  PROGRAM MODULE, NAME : ComBottom

  SEGMENTS IN THE MODULE
  ======================
CODE_C
  Relative segment, address: CODE 000011DB - 000011E6 (0xc bytes), align: 0
  Segment part 6.
           ENTRY                   ADDRESS         REF BY
           =====                   =======         ======
           BaudRateTable           000011DB        Init_Uart2 (Uart2)
                                                   Init_Uart4 (Uart4)
    -------------------------------------------------------------------------
XDATA_Z
  Relative segment, address: XDATA 00000281 - 00000281 (0x1 bytes), align: 0
  Segment part 7.
           ENTRY                   ADDRESS         REF BY
           =====                   =======         ======
           guc_BodeDely            00000281        BD_ProcFrame (Prcfrm)
                                                   JbMode (Ptl_1107)
                                                   PrRdWr (Ptl_1107)
                                                   Uart4_Dy10ms (Uart4)
                                                   Var_Init (main)
    -------------------------------------------------------------------------
XDATA_Z
  Relative segment, address: XDATA 00000282 - 00000282 (0x1 bytes), align: 0
  Segment part 8.
           ENTRY                   ADDRESS         REF BY
           =====                   =======         ======
           guc_ComSendDy           00000282        Timer2Interrupt (System)
                                                   Var_Init (main)
    -------------------------------------------------------------------------
NEAR_CODE
  Relative segment, address: CODE 000034C0 - 00003544 (0x85 bytes), align: 0
  Segment part 9.             Intra module refs:   ComBom_InitAll
                                                   ComBom_StartSend
           ENTRY                   ADDRESS         REF BY
           =====                   =======         ======
           ComBom_Init             000034C0        Init_Uart (McuDrive)
                                                   Uart4_Dy10ms (Uart4)
                                                   Uart4_Transmit (Uart4)
                                                   Uart_Proc (ComApplication)
               calls direct
               XSTACK = 00000008 ( 00000008 )
    -------------------------------------------------------------------------
NEAR_CODE
  Relative segment, address: CODE 00003545 - 00003551 (0xd bytes), align: 0
  Segment part 10.
           ENTRY                   ADDRESS         REF BY
           =====                   =======         ======
           ComBom_InitAll          00003545        Init_Data (GC_Use)
                                                   Uart_Proc (ComApplication)
                                                   main (mainapp)
               calls direct, is not allocated
               not allocated function
    -------------------------------------------------------------------------
NEAR_CODE
  Relative segment, address: CODE 00003552 - 0000359A (0x49 bytes), align: 0
  Segment part 11.
           ENTRY                   ADDRESS         REF BY
           =====                   =======         ======
           ComBom_StartSend        00003552        BD_ProcFrame (Prcfrm)
               calls direct, is not allocated
               not allocated function
    -------------------------------------------------------------------------
NEAR_CODE
  Relative segment, address: CODE 0000359B - 000035E6 (0x4c bytes), align: 0
  Segment part 12.
           ENTRY                   ADDRESS         REF BY
           =====                   =======         ======
           ComBom_10msDy           0000359B        Timer2Interrupt (System)
               ISTACK = 00000000 ( 00000002 )

    *************************************************************************

  FILE NAME : C:\worktop\galaxy_Thailand_9811b_62056_meter\source\Debug\Obj\Dataproc.r51
  PROGRAM MODULE, NAME : Dataproc

  SEGMENTS IN THE MODULE
  ======================
SFR_AN
  Relative segment, address: DATA 000000CE - 000000CE (0x1 bytes), align: 0
  Segment part 1. ROOT.       Intra module refs:   Data_SecProc
                                                   EnyB_SetMeterRule (EnergyBottom)
                                                   Mea_Init (EnergyBottom)
                                                   Pwr_ChkProc (Powmanger)
                                                   Pwr_SlpReset (Powmanger)
                                                   Pwr_WakeupProc (Powmanger)
                                                   SwitchMode (TamperProc)
                                                   TIMER_ISR (mainapp)
                                                   main (mainapp)
           ENTRY                   ADDRESS         REF BY
           =====                   =======         ======
           WDTEN                   000000CE 
    -------------------------------------------------------------------------
SFR_AN
  Relative segment, address: DATA 000000CF - 000000CF (0x1 bytes), align: 0
  Segment part 2. ROOT.       Intra module refs:   Data_SecProc
                                                   EnyB_SetMeterRule (EnergyBottom)
                                                   Mea_Init (EnergyBottom)
                                                   Pwr_ChkProc (Powmanger)
                                                   Pwr_SlpReset (Powmanger)
                                                   Pwr_WakeupProc (Powmanger)
                                                   SwitchMode (TamperProc)
                                                   TIMER_ISR (mainapp)
                                                   main (mainapp)
           ENTRY                   ADDRESS         REF BY
           =====                   =======         ======
           WDTCLR                  000000CF 
    -------------------------------------------------------------------------
XDATA_Z
  Relative segment, address: XDATA 00000283 - 00000283 (0x1 bytes), align: 0
  Segment part 8.
           ENTRY                   ADDRESS         REF BY
           =====                   =======         ======
           gs_SysRunSt             00000283        CalRMS (EnergyBottom)
                                                   EnyB_ChkPowRev (EnergyBottom)
                                                   Tamp_ChkBlance (TamperProc)
                                                   Var_Init (main)
    -------------------------------------------------------------------------
XDATA_Z
  Relative segment, address: XDATA 00000284 - 00000285 (0x2 bytes), align: 0
  Segment part 9.
           ENTRY                   ADDRESS         REF BY
           =====                   =======         ======
           gut_SysWarn             00000284        Var_Init (main)
    -------------------------------------------------------------------------
XDATA_Z
  Relative segment, address: XDATA 00000286 - 0000028F (0xa bytes), align: 0
  Segment part 13.
           ENTRY                   ADDRESS         REF BY
           =====                   =======         ======
           guc_InitWd              00000286        ClearMeterProc (Ptl_1107)
                                                   JbComHd (Ptl_1107)
    -------------------------------------------------------------------------
NEAR_CODE
  Relative segment, address: CODE 000035E7 - 000035EC (0x6 bytes), align: 0
  Segment part 19.
           ENTRY                   ADDRESS         REF BY
           =====                   =======         ======
           Data_RecPara            000035E7        main (mainapp)
               calls direct, is not allocated
               not allocated function
    -------------------------------------------------------------------------
NEAR_CODE
  Relative segment, address: CODE 000035ED - 00003655 (0x69 bytes), align: 0
  Segment part 22.
           ENTRY                   ADDRESS         REF BY
           =====                   =======         ======
           SetCRCWord              000035ED        ClearMeterProc (Ptl_1107)
                                                   JbComHd (Ptl_1107)
               calls direct
               XSTACK = 00000000 ( 0000000B )
               ISTACK = 00000000 ( 00000001 )
    -------------------------------------------------------------------------
NEAR_CODE
  Relative segment, address: CODE 00003656 - 00003656 (0x1 bytes), align: 0
  Segment part 23.
           ENTRY                   ADDRESS         REF BY
           =====                   =======         ======
           Data_ClearMeter         00003656        ClearMeterProc (Ptl_1107)
    -------------------------------------------------------------------------
NEAR_CODE
  Relative segment, address: CODE 00003657 - 000036D9 (0x83 bytes), align: 0
  Segment part 26.
           ENTRY                   ADDRESS         REF BY
           =====                   =======         ======
           Data_SecProc            00003657        main (mainapp)
               calls direct, is not allocated
               not allocated function
    -------------------------------------------------------------------------
NEAR_CODE
  Relative segment, address: CODE 000036DA - 000036DA (0x1 bytes), align: 0
  Segment part 30.
           ENTRY                   ADDRESS         REF BY
           =====                   =======         ======
           DataProcRead2Slice      000036DA        ReadHisEgy (Ptl_1107)
                                                   ReadPowDnJl (Ptl_1107)
               XSTACK = 00000002 ( 00000000 )
    -------------------------------------------------------------------------
NEAR_CODE
  Relative segment, address: CODE 000036DB - 000036DB (0x1 bytes), align: 0
  Segment part 37.            Intra module refs:   Data_RecPara
           ENTRY                   ADDRESS         REF BY
           =====                   =======         ======
           RecoverEnergyData       000036DB        Pwr_SlpReset (Powmanger)
               is not allocated
               not allocated function

    *************************************************************************

  FILE NAME : C:\worktop\galaxy_Thailand_9811b_62056_meter\source\Debug\Obj\Demand.r51
  PROGRAM MODULE, NAME : Demand

  SEGMENTS IN THE MODULE
  ======================
XDATA_Z
  Relative segment, address: XDATA 00000290 - 00000299 (0xa bytes), align: 0
  Segment part 6.             Intra module refs:   Demand_250ms
                                                   ResetMinuteDemand
           ENTRY                   ADDRESS         REF BY
           =====                   =======         ======
           gs_DemanCalcData        00000290 
    -------------------------------------------------------------------------
XDATA_Z
  Relative segment, address: XDATA 0000029A - 0000029A (0x1 bytes), align: 0
  Segment part 7.             Intra module refs:   Demand_Init
           ENTRY                   ADDRESS         REF BY
           =====                   =======         ======
           guc_DeamandTimer        0000029A 
    -------------------------------------------------------------------------
XDATA_Z
  Relative segment, address: XDATA 0000029B - 0000029E (0x4 bytes), align: 0
  Segment part 8.             Intra module refs:   Demand_Init
           ENTRY                   ADDRESS         REF BY
           =====                   =======         ======
           gl_DemandValue          0000029B 
    -------------------------------------------------------------------------
XDATA_Z
  Relative segment, address: XDATA 0000029F - 000002A2 (0x4 bytes), align: 0
  Segment part 9.             Intra module refs:   Demand_Init
           ENTRY                   ADDRESS         REF BY
           =====                   =======         ======
           gul_Power               0000029F 
    -------------------------------------------------------------------------
XDATA_Z
  Relative segment, address: XDATA 000002A3 - 000002A6 (0x4 bytes), align: 0
  Segment part 10.            Intra module refs:   Demand_Init
           ENTRY                   ADDRESS         REF BY
           =====                   =======         ======
           gl_XPm                  000002A3 
    -------------------------------------------------------------------------
XDATA_Z
  Relative segment, address: XDATA 000002A7 - 000002A7 (0x1 bytes), align: 0
  Segment part 12.            Intra module refs:   Demand_Init
           ENTRY                   ADDRESS         REF BY
           =====                   =======         ======
           guc_DmdCnt              000002A7 
    -------------------------------------------------------------------------
XDATA_Z
  Relative segment, address: XDATA 000002A8 - 000002A8 (0x1 bytes), align: 0
  Segment part 13.            Intra module refs:   ResetMinuteDemand
           ENTRY                   ADDRESS         REF BY
           =====                   =======         ======
           guc_DmdFrscnt           000002A8 
    -------------------------------------------------------------------------
XDATA_Z
  Relative segment, address: XDATA 000002A9 - 000002A9 (0x1 bytes), align: 0
  Segment part 14.            Intra module refs:   Demand_Init
           ENTRY                   ADDRESS         REF BY
           =====                   =======         ======
           guc_Dmd250msCnt         000002A9        Timer2Interrupt (System)
    -------------------------------------------------------------------------
NEAR_CODE
  Relative segment, address: CODE 000036DC - 00003714 (0x39 bytes), align: 0
  Segment part 20.
           ENTRY                   ADDRESS         REF BY
           =====                   =======         ======
           Demand_Init             000036DC        App_Init (main)
               calls direct, is not allocated
               not allocated function
    -------------------------------------------------------------------------
NEAR_CODE
  Relative segment, address: CODE 00003715 - 0000372D (0x19 bytes), align: 0
  Segment part 22.
           ENTRY                   ADDRESS         REF BY
           =====                   =======         ======
           Demand_250ms            00003715        Timer2Interrupt (System)
               ISTACK = 00000000 ( 00000002 )
    -------------------------------------------------------------------------
NEAR_CODE
  Relative segment, address: CODE 0000372E - 00003788 (0x5b bytes), align: 0
  Segment part 23.            Intra module refs:   Demand_Init
           ENTRY                   ADDRESS         REF BY
           =====                   =======         ======
           ResetMinuteDemand       0000372E 
               calls direct, is not allocated
               not allocated function
    -------------------------------------------------------------------------
CODE_C
  Relative segment, address: CODE 000011E7 - 000011EA (0x4 bytes), align: 0
  Segment part 17.            Intra module refs:   BCD_Hex (public)
                                                   ClrRcdTime (public)
                                                   EnyB_ChkPowRev (EnergyBottom)
                                                   EnyB_Open_Cf (EnergyBottom)
                                                   Hex_BCD (public)
                                                   InitPMDSP (EnergyBottom)
                                                   MCUForPowerOff (McuDrive)
                                                   MeterADClose (TamperProc)
                                                   Pwr_SlpReset (Powmanger)
                                                   Pwr_WakeupProc (Powmanger)
                                                   ReadBodyOpOrMdTrDate (Ptl_1107)
                                                   Up_Remain (Meter)
                                                   labs (?labs)
           ENTRY                   ADDRESS         REF BY
           =====                   =======         ======
           __Constant_0            000011E7 
    -------------------------------------------------------------------------
CODE_C
  Relative segment, address: CODE 000011EB - 000011EE (0x4 bytes), align: 0
  Segment part 19.            Intra module refs:   CalImbRate (TamperProc)
           ENTRY                   ADDRESS         REF BY
           =====                   =======         ======
           __Constant_a            000011EB 

    *************************************************************************

  FILE NAME : C:\worktop\galaxy_Thailand_9811b_62056_meter\source\Debug\Obj\Disp.r51
  PROGRAM MODULE, NAME : Disp

  SEGMENTS IN THE MODULE
  ======================
SFR_AN
  Relative segment, address: DATA 000000A4 - 000000A4 (0x1 bytes), align: 0
  Segment part 1. ROOT.       Intra module refs:   I2C_ACK (eeprom)
                                                   I2C_FStop (eeprom)
                                                   I2C_RByte (eeprom)
                                                   I2C_Start (eeprom)
                                                   I2C_Stop (eeprom)
                                                   I2C_WByte (eeprom)
                                                   IOOFF (McuDrive)
                                                   IO_Init (McuDrive)
                                                   MCU_OnLIne_Init (InOut)
                                                   UpBkltLED
           ENTRY                   ADDRESS         REF BY
           =====                   =======         ======
           P9OE                    000000A4 
    -------------------------------------------------------------------------
SFR_AN
  Relative segment, address: DATA 000000A5 - 000000A5 (0x1 bytes), align: 0
  Segment part 2. ROOT.       Intra module refs:   I2C_ACK (eeprom)
                                                   I2C_FStop (eeprom)
                                                   I2C_RByte (eeprom)
                                                   I2C_Start (eeprom)
                                                   I2C_Stop (eeprom)
                                                   I2C_WByte (eeprom)
                                                   IOOFF (McuDrive)
                                                   IO_Init (McuDrive)
                                                   MCU_OnLIne_Init (InOut)
                                                   UpBkltLED
           ENTRY                   ADDRESS         REF BY
           =====                   =======         ======
           P9IE                    000000A5 
    -------------------------------------------------------------------------
SFR_AN
  Relative segment, address: DATA 000000A6 - 000000A6 (0x1 bytes), align: 0
  Segment part 3. ROOT.       Intra module refs:   I2C_ACK (eeprom)
                                                   I2C_FStop (eeprom)
                                                   I2C_RByte (eeprom)
                                                   I2C_Start (eeprom)
                                                   I2C_Stop (eeprom)
                                                   I2C_WByte (eeprom)
                                                   IO_Init (McuDrive)
                                                   MCU_OnLIne_Init (InOut)
                                                   Read_I2C (eeprom)
                                                   SleepRTC (McuDrive)
                                                   UpBkltLED
                                                   debug_ledshow (pxv9811b)
           ENTRY                   ADDRESS         REF BY
           =====                   =======         ======
           P9OD                    000000A6 
    -------------------------------------------------------------------------
NEAR_CODE
  Relative segment, address: CODE 00003789 - 000037E1 (0x59 bytes), align: 0
  Segment part 21.
           ENTRY                   ADDRESS         REF BY
           =====                   =======         ======
           Do_Keys                 00003789        main (mainapp)
               calls direct, is not allocated
               not allocated function
    -------------------------------------------------------------------------
NEAR_CODE
  Relative segment, address: CODE 000037E2 - 00003817 (0x36 bytes), align: 0
  Segment part 22.
           ENTRY                   ADDRESS         REF BY
           =====                   =======         ======
           Do_IRKeys               000037E2        main (mainapp)
               calls direct, is not allocated
               not allocated function
    -------------------------------------------------------------------------
CODE_C
  Relative segment, address: CODE 000011EF - 000011FF (0x11 bytes), align: 0
  Segment part 9.             Intra module refs:   SetDigitDisp
           ENTRY                   ADDRESS         REF BY
           =====                   =======         ======
           DigitBits               000011EF 
    -------------------------------------------------------------------------
NEAR_CODE
  Relative segment, address: CODE 00003818 - 00003918 (0x101 bytes), align: 0
  Segment part 23.            Intra module refs:   Do_Disp
           ENTRY                   ADDRESS         REF BY
           =====                   =======         ======
           UpBkltLED               00003818 
               is not allocated
               not allocated function
    -------------------------------------------------------------------------
NEAR_CODE
  Relative segment, address: CODE 00003919 - 0000394F (0x37 bytes), align: 0
  Segment part 25.            Intra module refs:   SetDigitDisp
                                                   SetDispBitLst
                                                   UpDisp
           ENTRY                   ADDRESS         REF BY
           =====                   =======         ======
           SetDispBit              00003919 
               is not allocated
               not allocated function
    -------------------------------------------------------------------------
NEAR_CODE
  Relative segment, address: CODE 00003950 - 00003987 (0x38 bytes), align: 0
  Segment part 26.            Intra module refs:   SetDigitDisp
           ENTRY                   ADDRESS         REF BY
           =====                   =======         ======
           SetDispBit_rev          00003950 
               is not allocated
               not allocated function
    -------------------------------------------------------------------------
NEAR_CODE
  Relative segment, address: CODE 00003988 - 000039E7 (0x60 bytes), align: 0
  Segment part 27.            Intra module refs:   SetDispBitLst
                                                   UpDisp
           ENTRY                   ADDRESS         REF BY
           =====                   =======         ======
           SetDigitDisp            00003988 
               calls direct, is not allocated
               not allocated function
    -------------------------------------------------------------------------
NEAR_CODE
  Relative segment, address: CODE 000039E8 - 00003A74 (0x8d bytes), align: 0
  Segment part 28.            Intra module refs:   AddDispSetBits
                                                   AddUseLst
           ENTRY                   ADDRESS         REF BY
           =====                   =======         ======
           AddDispBits             000039E8        Get645Data (TRx)
                                                   ReadSafeData (TRx)
               XSTACK = 00000009 ( 00000009 )
               ISTACK = 00000000 ( 00000001 )
    -------------------------------------------------------------------------
NEAR_CODE
  Relative segment, address: CODE 00003A75 - 00003A96 (0x22 bytes), align: 0
  Segment part 29.
           ENTRY                   ADDRESS         REF BY
           =====                   =======         ======
           AddDispSetBits          00003A75        Get645Data (TRx)
               calls direct
               ISTACK = 00000000 ( 00000002 )
    -------------------------------------------------------------------------
NEAR_CODE
  Relative segment, address: CODE 00003A97 - 00003AD3 (0x3d bytes), align: 0
  Segment part 30.
           ENTRY                   ADDRESS         REF BY
           =====                   =======         ======
           AddUseLst               00003A97        Get645Data (TRx)
               calls direct
               XSTACK = 00000000 ( 00000009 )
    -------------------------------------------------------------------------
NEAR_CODE
  Relative segment, address: CODE 00003AD4 - 00003B86 (0xb3 bytes), align: 0
  Segment part 31.            Intra module refs:   UpDisp
           ENTRY                   ADDRESS         REF BY
           =====                   =======         ======
           SetDispBitLst           00003AD4 
               calls direct, is not allocated
               not allocated function
    -------------------------------------------------------------------------
NEAR_CODE
  Relative segment, address: CODE 00003B87 - 00003FE1 (0x45b bytes), align: 0
  Segment part 32.            Intra module refs:   Do_Disp
                                                   Do_IRKeys
                                                   Do_Keys
           ENTRY                   ADDRESS         REF BY
           =====                   =======         ======
           UpDisp                  00003B87 
               calls direct, is not allocated
               not allocated function
    -------------------------------------------------------------------------
NEAR_CODE
  Relative segment, address: CODE 00003FE2 - 000040C8 (0xe7 bytes), align: 0
  Segment part 33.            Intra module refs:   Do_Disp
                                                   Do_Keys
                                                   SetDispArry
           ENTRY                   ADDRESS         REF BY
           =====                   =======         ======
           NextItem                00003FE2 
               calls direct, is not allocated
               not allocated function
    -------------------------------------------------------------------------
NEAR_CODE
  Relative segment, address: CODE 000040C9 - 0000414B (0x83 bytes), align: 0
  Segment part 35.            Intra module refs:   Do_Keys
                                                   NextItem
                                                   SetDispArry
           ENTRY                   ADDRESS         REF BY
           =====                   =======         ======
           SetpArry                000040C9 
               is not allocated
               not allocated function
    -------------------------------------------------------------------------
NEAR_CODE
  Relative segment, address: CODE 0000414C - 0000416B (0x20 bytes), align: 0
  Segment part 36.            Intra module refs:   Do_IRKeys
                                                   Do_Keys
                                                   InitDispProg
           ENTRY                   ADDRESS         REF BY
           =====                   =======         ======
           SetDispArry             0000414C 
               calls direct, is not allocated
               not allocated function
    -------------------------------------------------------------------------
NEAR_CODE
  Relative segment, address: CODE 0000416C - 0000421A (0xaf bytes), align: 0
  Segment part 38.
           ENTRY                   ADDRESS         REF BY
           =====                   =======         ======
           Do_Disp                 0000416C        Do_HalfSecTask (GC_Use)
                                                   Init_Data (GC_Use)
               calls direct, is not allocated
               not allocated function
    -------------------------------------------------------------------------
NEAR_CODE
  Relative segment, address: CODE 0000421B - 00004253 (0x39 bytes), align: 0
  Segment part 39.
           ENTRY                   ADDRESS         REF BY
           =====                   =======         ======
           InitDispProg            0000421B        Init_Data (GC_Use)
               calls direct, is not allocated
               not allocated function
    -------------------------------------------------------------------------
CODE_C
  Relative segment, address: CODE 00001200 - 00001203 (0x4 bytes), align: 0
  Segment part 10.            Intra module refs:   UpBkltLED
           ENTRY                   ADDRESS         REF BY
           =====                   =======         ======
           __Constant_6060606      00001200 
    -------------------------------------------------------------------------
CODE_C
  Relative segment, address: CODE 00001204 - 00001207 (0x4 bytes), align: 0
  Segment part 11.            Intra module refs:   BCD_Hex (public)
                                                   CheckDataAct (public)
                                                   ChkTimeGate (Meter)
                                                   Get645Data (TRx)
                                                   GetCntTime (Drv_RTCSPK)
                                                   I2C_FStop (eeprom)
                                                   I2C_Start (eeprom)
                                                   Mcu_RTCNormal (McuDrive)
                                                   SetRTCCnt (Drv_RTCSPK)
                                                   UpDisp
           ENTRY                   ADDRESS         REF BY
           =====                   =======         ======
           __Constant_ffffffff     00001204 
    -------------------------------------------------------------------------
CODE_C
  Relative segment, address: CODE 00001208 - 0000120B (0x4 bytes), align: 0
  Segment part 12.            Intra module refs:   UpDisp
           ENTRY                   ADDRESS         REF BY
           =====                   =======         ======
           __Constant_900200       00001208 
    -------------------------------------------------------------------------
CODE_C
  Relative segment, address: CODE 0000120C - 0000120F (0x4 bytes), align: 0
  Segment part 13.            Intra module refs:   Send_I2C_Addr (eeprom)
                                                   UpDisp
           ENTRY                   ADDRESS         REF BY
           =====                   =======         ======
           __Constant_ff           0000120C 
    -------------------------------------------------------------------------
CODE_C
  Relative segment, address: CODE 00001210 - 00001213 (0x4 bytes), align: 0
  Segment part 14.            Intra module refs:   UpDisp
           ENTRY                   ADDRESS         REF BY
           =====                   =======         ======
           __Constant_f            00001210 
    -------------------------------------------------------------------------
CODE_C
  Relative segment, address: CODE 00001214 - 00001217 (0x4 bytes), align: 0
  Segment part 15.            Intra module refs:   UpDisp
           ENTRY                   ADDRESS         REF BY
           =====                   =======         ======
           __Constant_80000        00001214 
    -------------------------------------------------------------------------
CODE_C
  Relative segment, address: CODE 00001218 - 0000121B (0x4 bytes), align: 0
  Segment part 16.            Intra module refs:   GetAlmState (Meter)
                                                   UpDisp
           ENTRY                   ADDRESS         REF BY
           =====                   =======         ======
           __Constant_400000       00001218 
    -------------------------------------------------------------------------
CODE_C
  Relative segment, address: CODE 0000121C - 0000121F (0x4 bytes), align: 0
  Segment part 17.            Intra module refs:   DoSinglePhase (mainapp)
                                                   Do_SecTask (GC_Use)
                                                   UpDisp
           ENTRY                   ADDRESS         REF BY
           =====                   =======         ======
           __Constant_10000        0000121C 
    -------------------------------------------------------------------------
CODE_C
  Relative segment, address: CODE 00001220 - 00001223 (0x4 bytes), align: 0
  Segment part 18.            Intra module refs:   NextItem
           ENTRY                   ADDRESS         REF BY
           =====                   =======         ======
           __Constant_400f11f      00001220 
    -------------------------------------------------------------------------
CODE_C
  Relative segment, address: CODE 00001224 - 00001227 (0x4 bytes), align: 0
  Segment part 19.            Intra module refs:   NextItem
           ENTRY                   ADDRESS         REF BY
           =====                   =======         ======
           __Constant_6060607      00001224 
    -------------------------------------------------------------------------
CODE_C
  Relative segment, address: CODE 00001228 - 0000122B (0x4 bytes), align: 0
  Segment part 20.            Intra module refs:   Do_Disp
                                                   InitDispProg
                                                   Init_Data (GC_Use)
                                                   Init_MCU (InOut)
                                                   MCU_OnLIne_Init (InOut)
                                                   data_restore (mainapp)
           ENTRY                   ADDRESS         REF BY
           =====                   =======         ======
           __Constant_3243eb8      00001228 

    *************************************************************************

  FILE NAME : C:\worktop\galaxy_Thailand_9811b_62056_meter\source\Debug\Obj\Drv_DispKey.r51
  PROGRAM MODULE, NAME : Drv_DispKey

  SEGMENTS IN THE MODULE
  ======================
NEAR_CODE
  Relative segment, address: CODE 00004254 - 000042D3 (0x80 bytes), align: 0
  Segment part 6.
           ENTRY                   ADDRESS         REF BY
           =====                   =======         ======
           Chk_KeyValue            00004254        Do_MsTask (GC_Use)
               is not allocated
               not allocated function

    *************************************************************************

  FILE NAME : C:\worktop\galaxy_Thailand_9811b_62056_meter\source\Debug\Obj\Drv_RTCSPK.r51
  PROGRAM MODULE, NAME : Drv_RTCSPK

  SEGMENTS IN THE MODULE
  ======================
NEAR_CODE
  Relative segment, address: CODE 000042D4 - 00004326 (0x53 bytes), align: 0
  Segment part 19.            Intra module refs:   Init_RTC
           ENTRY                   ADDRESS         REF BY
           =====                   =======         ======
           SetupRTC                000042D4        data_restore (mainapp)
               calls direct, is not allocated
               not allocated function
    -------------------------------------------------------------------------
NEAR_CODE
  Relative segment, address: CODE 00004327 - 00004341 (0x1b bytes), align: 0
  Segment part 20.
           ENTRY                   ADDRESS         REF BY
           =====                   =======         ======
           Init_RTC                00004327        Init_Data (GC_Use)
               calls direct, is not allocated
               not allocated function
    -------------------------------------------------------------------------
NEAR_CODE
  Relative segment, address: CODE 00004342 - 0000447C (0x13b bytes), align: 0
  Segment part 21.            Intra module refs:   ChangeTime
           ENTRY                   ADDRESS         REF BY
           =====                   =======         ======
           SetRTCCnt               00004342        data_restore (mainapp)
               calls direct
               XSTACK = 00000015 ( 0000002E )
               ISTACK = 00000000 ( 00000001 )
    -------------------------------------------------------------------------
NEAR_CODE
  Relative segment, address: CODE 0000447D - 00004487 (0xb bytes), align: 0
  Segment part 22.            Intra module refs:   ChangeTime
           ENTRY                   ADDRESS         REF BY
           =====                   =======         ======
           GetRTCCnt               0000447D 
               calls direct
               XSTACK = 00000015 ( 00000000 )
    -------------------------------------------------------------------------
CODE_C
  Relative segment, address: CODE 0000122C - 00001237 (0xc bytes), align: 0
  Segment part 8.             Intra module refs:   GetCntTime
                                                   GetTimeCnt
           ENTRY                   ADDRESS         REF BY
           =====                   =======         ======
           MonthDates              0000122C 
    -------------------------------------------------------------------------
CODE_C
  Relative segment, address: CODE 00001238 - 0000123A (0x3 bytes), align: 0
  Segment part 9.             Intra module refs:   GetTimeCnt
           LOCAL                   ADDRESS         
           =====                   =======         
           Tm_BCD_L                00001238 
    -------------------------------------------------------------------------
NEAR_CODE
  Relative segment, address: CODE 00004488 - 00004754 (0x2cd bytes), align: 0
  Segment part 31.            Intra module refs:   GetRTCCnt
           ENTRY                   ADDRESS         REF BY
           =====                   =======         ======
           GetTimeCnt              00004488        ChkYMode (Meter)
                                                   MvData (public)
                                                   ReadWriteTime (TRx)
               calls direct
               XSTACK = 00000000 ( 00000025 )
               ISTACK = 00000000 ( 00000002 )
    -------------------------------------------------------------------------
CODE_C
  Relative segment, address: CODE 0000123B - 00001242 (0x8 bytes), align: 0
  Segment part 10.            Intra module refs:   GetCntTime
           LOCAL                   ADDRESS         
           =====                   =======         
           T_Time_Lth              0000123B 
    -------------------------------------------------------------------------
NEAR_CODE
  Relative segment, address: CODE 00004755 - 00004A81 (0x32d bytes), align: 0
  Segment part 32.            Intra module refs:   GetTimeCnt
                                                   SetRTCCnt
           ENTRY                   ADDRESS         REF BY
           =====                   =======         ======
           GetCntTime              00004755        MvData (public)
                                                   ReadWriteTime (TRx)
               calls direct
               XSTACK = 0000002E ( 00000016 )
               ISTACK = 00000000 ( 00000001 )
    -------------------------------------------------------------------------
NEAR_CODE
  Relative segment, address: CODE 00004A82 - 00004B8D (0x10c bytes), align: 0
  Segment part 33.
           ENTRY                   ADDRESS         REF BY
           =====                   =======         ======
           ChangeTime              00004A82        ReadWriteTime (TRx)
               calls direct
               XSTACK = 00000000 ( 00000019 )
    -------------------------------------------------------------------------
NEAR_CODE
  Relative segment, address: CODE 00004B8E - 00004C40 (0xb3 bytes), align: 0
  Segment part 34.            Intra module refs:   GetCntTime
                                                   GetTimeCnt
                                                   SetupRTC
           ENTRY                   ADDRESS         REF BY
           =====                   =======         ======
           GetRTCTm                00004B8E        main (mainapp)
               calls direct
               XSTACK = 00000021 ( 00000013 )
               ISTACK = 00000000 ( 00000001 )
    -------------------------------------------------------------------------
NEAR_CODE
  Relative segment, address: CODE 00004C41 - 00004C91 (0x51 bytes), align: 0
  Segment part 35.            Intra module refs:   SetRTCCnt
           ENTRY                   ADDRESS         REF BY
           =====                   =======         ======
           Rtcunint_write          00004C41 
               calls direct
               XSTACK = 0000002A ( 00000000 )
               ISTACK = 00000000 ( 00000002 )
    -------------------------------------------------------------------------
CODE_C
  Relative segment, address: CODE 00001243 - 00001246 (0x4 bytes), align: 0
  Segment part 12.            Intra module refs:   Adc_DataGet (McuDrive)
                                                   CalRMS (EnergyBottom)
                                                   ChangeTime
                                                   Get645Data (TRx)
                                                   GetTimeCnt
                                                   InitPMDSP (EnergyBottom)
                                                   Send_I2C_Addr (eeprom)
                                                   Tamp_DspProc (TamperProc)
                                                   WaitTimeOver (Meter)
           ENTRY                   ADDRESS         REF BY
           =====                   =======         ======
           __Constant_1            00001243 
    -------------------------------------------------------------------------
CODE_C
  Relative segment, address: CODE 00001247 - 0000124A (0x4 bytes), align: 0
  Segment part 13.            Intra module refs:   GetTimeCnt
[...]
                                                   SetRcdMin (public)
                                                   Up_FrozeOverTime (public)
                                                   Write_EEData1 (eeprom)
                                                   Write_I2C (eeprom)
    -------------------------------------------------------------------------
RCODE
  Relative segment, address: CODE 00000C37 - 00000C3A (0x4 bytes), align: 0
  Segment part 2.
           ENTRY                   ADDRESS         REF BY
           =====                   =======         ======
           ?PUSH_XSTACK_I_TWO      00000C37        Chg_Feilv (PubData)
                                                   ChkYMode (Meter)
                                                   ClockBAK_RAM (Timeproc)
                                                   Clr_EEData4 (PubData)
                                                   CopyRam (PubData)
                                                   Copy_4 (public)
                                                   Copy_FlashInfo (PubData)
                                                   DateAndTimeProc (Ptl_1107)
                                                   DispData_init (indata_oper)
                                                   DoSinglePhase (mainapp)
                                                   DoSinglePhase_1 (pxv9811b)
                                                   E2DataProc (Ptl_1107)
                                                   EnyB_JbPm_Updata (EnergyBottom)
                                                   EnyB_Open_Cf (EnergyBottom)
                                                   Get645Data (TRx)
                                                   GetCntTime (Drv_RTCSPK)
                                                   GetComUse (Meter)
                                                   GetFrozeMinCnt (public)
                                                   GetFrozeStart (PubData)
                                                   GetHex (TRx)
                                                   GetMonth (TRx)
                                                   GetNewProgRcd (public)
                                                   GetRTCTm (Drv_RTCSPK)
                                                   GetTimeCnt (Drv_RTCSPK)
                                                   InitPMDSP (EnergyBottom)
                                                   Init_FlashData (indata_oper)
                                                   JbComHd (Ptl_1107)
                                                   JbMode (Ptl_1107)
                                                   Judge62056Frm (Prcfrm)
                                                   MCUForPowerOff (McuDrive)
                                                   Mcu_RTCNormal (McuDrive)
                                                   MeterADClose (TamperProc)
                                                   MeterADSel (TamperProc)
                                                   MvData (public)
                                                   MvDataAddr (public)
                                                   NextItem (Disp)
                                                   NormCopy (public)
                                                   PrRdWr (Ptl_1107)
                                                   Pwr_SlpReset (Powmanger)
                                                   Pwr_WakeupProc (Powmanger)
                                                   ReadCurEgy (Ptl_1107)
                                                   ReadEEPROMFData (TRx)
                                                   ReadExtEEprom (TRx)
                                                   ReadFlashData (TRx)
                                                   ReadHisDemad (Ptl_1107)
                                                   ReadHisEgy (Ptl_1107)
                                                   ReadInsData (Ptl_1107)
                                                   ReadPowDnJl (Ptl_1107)
                                                   ReadSafeData (TRx)
                                                   ReadWriteTime (TRx)
                                                   Read_EEData (eeprom)
                                                   Read_EEData1 (eeprom)
                                                   Read_ELVSave (PubData)
                                                   Read_FHRcd (PubData)
                                                   Read_FHSet (PubData)
                                                   RecoverCfg (FunCfg)
                                                   Reset_LVSave (PubData)
                                                   RevCopy (public)
                                                   RevCopyRam (public)
                                                   RxEOpenRcd (TRx)
                                                   RxJDErrRcd (TRx)
                                                   RxPwrErrRcd (TRx)
                                                   RxWriteFacKey (TRx)
                                                   SetDispBitLst (Disp)
                                                   SetRTCCnt (Drv_RTCSPK)
                                                   SoftClockCheck (Timeproc)
                                                   StrCpy (Api)
                                                   Tamp_DspProc (TamperProc)
                                                   TimerProc (Timeproc)
                                                   Up_BCDData (TRx)
                                                   Up_FHMode (PubData)
                                                   Up_ProgFroze (public)
                                                   Write_EEData (eeprom)
                                                   Write_EEData1 (eeprom)
                                                   Write_Froze (PubData)
                                                   cFlashinfo_Restore (indata_oper)
                                                   cFlashinfo_dianlian_backup (indata_oper)
                                                   cFroze_Comp (mainapp)
                                                   cGet_First_Data (indata_oper)
                                                   cSafeData_restoreData (safedate)
                                                   strCmp (PubData)
    -------------------------------------------------------------------------
RCODE
  Relative segment, address: CODE 00000C3B - 00000C3C (0x2 bytes), align: 0
  Segment part 3.
           ENTRY                   ADDRESS         REF BY
           =====                   =======         ======
           ?PUSH_XSTACK_I_ONE      00000C3B        Get645Data (TRx)
    -------------------------------------------------------------------------
RCODE
  Relative segment, address: CODE 00000C3D - 00000C49 (0xd bytes), align: 0
  Segment part 4.             Intra module refs:   ?PUSH_XSTACK_I_FOUR
                                                   ?PUSH_XSTACK_I_ONE
                                                   ?PUSH_XSTACK_I_TWO
           ENTRY                   ADDRESS         REF BY
           =====                   =======         ======
           ?PUSH_XSTACK_I          00000C3D 

    -------------------------------------------------------------------------
  LIBRARY MODULE, NAME : ?PUSH_XSTACK8_X

  SEGMENTS IN THE MODULE
  ======================
RCODE
  Relative segment, address: CODE 00000C4A - 00000C4D (0x4 bytes), align: 0
  Segment part 1.
           ENTRY                   ADDRESS         REF BY
           =====                   =======         ======
           ?PUSH_XSTACK8_X_FOUR    00000C4A        ChkYFroze (Meter)
                                                   DoSinglePhase (mainapp)
                                                   GetTimeCnt (Drv_RTCSPK)
                                                   MStepFroze (Meter)
                                                   MvData (public)
                                                   ReadWriteTime (TRx)
                                                   SetRTCCnt (Drv_RTCSPK)
                                                   SetRcdTime (public)
                                                   Tamp_ChkBlance (TamperProc)
    -------------------------------------------------------------------------
RCODE
  Relative segment, address: CODE 00000C4E - 00000C51 (0x4 bytes), align: 0
  Segment part 3.
           ENTRY                   ADDRESS         REF BY
           =====                   =======         ======
           ?PUSH_XSTACK8_X_TWO     00000C4E        EEData_Safe_Read (eeprom)
                                                   EnyB_SetMeterCfgACK (EnergyBottom)
                                                   Read_EEData1 (eeprom)
    -------------------------------------------------------------------------
RCODE
  Relative segment, address: CODE 00000C52 - 00000C7A (0x29 bytes), align: 0
  Segment part 5.             Intra module refs:   ?PUSH_XSTACK8_X_FOUR
                                                   ?PUSH_XSTACK8_X_TWO
           ENTRY                   ADDRESS         REF BY
           =====                   =======         ======
           ?PUSH_XSTACK8_X         00000C52        DateAndTimeProc (Ptl_1107)

    -------------------------------------------------------------------------
  LIBRARY MODULE, NAME : ?PUSH_XSTACK8_C

  SEGMENTS IN THE MODULE
  ======================
RCODE
  Relative segment, address: CODE 00000C7B - 00000C7E (0x4 bytes), align: 0
  Segment part 1.
           ENTRY                   ADDRESS         REF BY
           =====                   =======         ======
           ?PUSH_XSTACK8_C_FOUR    00000C7B        ClrRcdTime (public)
                                                   WaitTimeOver (Meter)
    -------------------------------------------------------------------------
RCODE
  Relative segment, address: CODE 00000C7F - 00000CA7 (0x29 bytes), align: 0
  Segment part 5.             Intra module refs:   ?PUSH_XSTACK8_C_FOUR
           ENTRY                   ADDRESS         REF BY
           =====                   =======         ======
           ?PUSH_XSTACK8_C         00000C7F 

    -------------------------------------------------------------------------
  LIBRARY MODULE, NAME : ?US_SWITCH_SPARSE

  SEGMENTS IN THE MODULE
  ======================
RCODE
  Relative segment, address: CODE 00000CA8 - 00000CB1 (0xa bytes), align: 0
  Segment part 0.
           ENTRY                   ADDRESS         REF BY
           =====                   =======         ======
           ?US_SWITCH_SPARSE       00000CA8        CalRMS (EnergyBottom)
           ?US_SWITCH_SPARSE_CFI_INVALID_BEGINS
                                   00000CA8 
    -------------------------------------------------------------------------
RCODE
  Relative segment, address: CODE 00000CB2 - 00000CF2 (0x41 bytes), align: 0
  Segment part 2.             Intra module refs:   Segment part 0
           ENTRY                   ADDRESS         REF BY
           =====                   =======         ======
           ?US_SWITCH_SPARSE_LEAVE
                                   00000CE4        Segment part 0 (?US_JMP_IF_IN_RANGE)
                                                   Segment part 0 (?US_JMP_IF_VALUE)
    -------------------------------------------------------------------------
RCODE
  Relative segment, address: CODE 00000CF3 - 00000CF3 (0x1 bytes), align: 0
  Segment part 4.             Intra module refs:   Segment part 0
           ENTRY                   ADDRESS         REF BY
           =====                   =======         ======
           ?US_SWITCH_SPARSE_CFI_INVALID_ENDS
                                   00000CF4 

    -------------------------------------------------------------------------
  LIBRARY MODULE, NAME : ?US_JMP_IF_IN_RANGE

  SEGMENTS IN THE MODULE
  ======================
RCODE
  Relative segment, address: CODE 00000CF4 - 00000D32 (0x3f bytes), align: 0
  Segment part 0.
           ENTRY                   ADDRESS         REF BY
           =====                   =======         ======
           ?US_JMP_IF_IN_RANGE     00000CF4        ?US_SWITCH_SPARSE_LEAVE (?US_SWITCH_SPARSE)
           ?US_JMP_IF_IN_RANGE_CFI_INVALID_BEGINS
                                   00000CF4 
           ?US_JMP_IF_IN_RANGE_CFI_INVALID_ENDS
                                   00000D33 

    -------------------------------------------------------------------------
  LIBRARY MODULE, NAME : ?US_JMP_IF_VALUE

  SEGMENTS IN THE MODULE
  ======================
RCODE
  Relative segment, address: CODE 00000D33 - 00000D5D (0x2b bytes), align: 0
  Segment part 0.
           ENTRY                   ADDRESS         REF BY
           =====                   =======         ======
           ?US_JMP_IF_VALUE        00000D33        ?US_SWITCH_SPARSE_LEAVE (?US_SWITCH_SPARSE)
           ?US_JMP_IF_VALUE_CFI_INVALID_BEGINS
                                   00000D33 
           ?US_JMP_IF_VALUE_CFI_INVALID_ENDS
                                   00000D5E 

    -------------------------------------------------------------------------
  LIBRARY MODULE, NAME : ?labs

  SEGMENTS IN THE MODULE
  ======================
NEAR_CODE
  Relative segment, address: CODE 0000FC68 - 0000FCA6 (0x3f bytes), align: 0
  Segment part 7.
           ENTRY                   ADDRESS         REF BY
           =====                   =======         ======
           labs                    0000FC68        ChkJDWaitAM (Meter)
                                                   DoSinglePhase (mainapp)
               XSTACK = 00000000 ( 0000000F )

    *************************************************************************

  DEFINED ABSOLUTE ENTRIES



                ****************************************
                *                                      *
                *      SEGMENTS IN ADDRESS ORDER       *
                *                                      *
                ****************************************


SEGMENT              SPACE    START ADDRESS   END ADDRESS     SIZE  TYPE  ALIGN
=======              =====    =============   ===========     ====  ====  =====
INTVEC               CODE          00000000 - 00000065          66   com    0
CSTART               CODE          00000066 - 000000AA          45   rel    0
DATA_ID              CODE               000000AB                     dse    0
BDATA_ID             CODE               000000AB                     dse    0
BIT_ID               CODE               000000AB                     dse    0
IDATA_ID             CODE               000000AB                     dse    0
PDATA_ID             CODE               000000AB                     dse    0
IXDATA_ID            CODE               000000AB                     dse    0
XDATA_ID             CODE          000000AB - 000000AC           2   rel    0
BANK_RELAYS          CODE               000000AD                     dse    0
CODE_AC              CODE          00000100 - 00000399         29A   rel    0
                     CODE          0000039C - 000005FF         264 
RCODE                CODE          00000600 - 00000D5D         75E   rel    0
DIFUNCT              CODE               00000D5E                     dse    0
CODE_AC              CODE          000011C0 - 000011CC           D   rel    0
                     CODE          000011CE - 000011CE           1 
CODE_C               CODE          000011CF - 00002F1D        1D4F   rel    0
CODE_N               CODE               00002F1E                     dse    0
NEAR_CODE            CODE          00002F1E - 0000FCA6        CD89   rel    0
REGISTERS            DATA          00000000 - 00000007           8   rel    0
__REG_BANK2          DATA          00000010 - 00000017           8   rel    0
BREG                 BIT        00000020.0  -  00000020.7        8   rel    0
VREG                 DATA          00000021 - 00000030          10   rel    0
PSP                  DATA               00000031                     dse    0
XSP                  DATA          00000031 - 00000032           2   rel    0
SFR_AN               DATA          00000080 - 00000080           1   rel    0
                     DATA          00000087 - 0000008E           8 
                     DATA          00000090 - 00000091           2 
                     DATA          00000093 - 00000097           5 
                     DATA          0000009A - 0000009F           6 
                     DATA          000000A1 - 000000A1           1 
                     DATA          000000A3 - 000000A8           6 
                     DATA          000000AD - 000000AD           1 
                     DATA          000000C0 - 000000C0           1 
                     DATA          000000C8 - 000000C8           1 
                     DATA          000000CC - 000000D0           5 
                     DATA          000000DA - 000000DD           4 
                     DATA          000000DF - 000000E0           2 
                     DATA          000000E8 - 000000E8           1 
XSTACK               XDATA         00000001 - 00000280         280   rel    0
XDATA_Z              XDATA         00000281 - 00000D8E         B0E   rel    0
XDATA_I              XDATA         00000D8F - 00000D90           2   rel    0
XDATA_AN             XDATA         00002820 - 00002821           2   rel    0
                     XDATA         00002823 - 00002823           1 
                     XDATA         00002825 - 00002828           4 
                     XDATA         0000282E - 0000282E           1 
                     XDATA         00002830 - 00002831           2 
                     XDATA         00002833 - 00002833           1 
                     XDATA         00002835 - 00002838           4 
                     XDATA         0000283E - 0000283E           1 
                     XDATA         00002840 - 00002840           1 
                     XDATA         00002843 - 00002843           1 
                     XDATA         00002848 - 00002848           1 
                     XDATA         0000284B - 0000284B           1 
                     XDATA         00002858 - 00002868          11 
                     XDATA         000028A8 - 000028AA           3 
                     XDATA         000028AC - 000028B1           6 
                     XDATA         000028B4 - 000028B5           2 
                     XDATA         000028B8 - 000028B9           2 
                     XDATA         000028BC - 000028BD           2 
                     XDATA         000028C0 - 000028C1           2 
                     XDATA         000028C5 - 000028CA           6 
                     XDATA         000028CD - 000028CF           3 
                     XDATA         000028D5 - 000028D6           2 
                     XDATA         000028D9 - 000028DA           2 
                     XDATA         00002A05 - 00002A05           1 
                     XDATA         00002C00 - 00002C00           1 
                     XDATA         00002C1E - 00002C23           6 
                     XDATA         00002D00 - 00002D01           2 
ISTACK               IDATA         00000090 - 000000FF          70   rel    0

                ****************************************
                *                                      *
                *        END OF CROSS REFERENCE        *
                *                                      *
                ****************************************

 62 179 bytes of CODE  memory (+ 1 292 absolute )
     26 bytes of DATA  memory (+    52 absolute )
  3 472 bytes of XDATA memory (+    77 absolute )
    112 bytes of IDATA memory
      8 bits  of BIT   memory

Errors: none
Warnings: 8

