################################################################################
#                                                                              #
#      IAR Universal Linker V5.7.0.39                                          #
#                                                                              #
#           Link time     =  09/Sep/2019  13:20:43                             #
#           Target CPU    =  x51                                               #
#           List file     =  F:\SVN\06solution\Projects\农网\D105\Sw\Debug\Lis #
#                            t\D105R.map                                       #
#           Output file 1 =  F:\SVN\06solution\Projects\农网\D105\Sw\Debug\Exe #
#                            \v9811.hex                                        #
#                            Format: intel-extended                            #
#           Output file 2 =  F:\SVN\06solution\Projects\农网\D105\Sw\Debug\Exe #
#                            \D105R.d51                                        #
#                            Format: debug                                     #
#                            UBROF version 10.0.6                              #
#                            Using library modules for C-SPY (-r)              #
#           Command line  =  "-IE:\IAR for 8051 8303\8051\CONFIG\"             #
#                            -D_NR_OF_BANKS=0x04 -D_CODEBANK_END=0xFFFF        #
#                            -D_CODEBANK_START=0x8000 -D?CBANK_MASK=0x03       #
#                            -D?CBANK=0xa0                                     #
#                            F:\SVN\06solution\Projects\农网\D105\Sw\Debug\Obj #
#                            \Api.r51                                          #
#                            F:\SVN\06solution\Projects\农网\D105\Sw\Debug\Obj #
#                            \BEBottom.r51                                     #
#                            F:\SVN\06solution\Projects\农网\D105\Sw\Debug\Obj #
#                            \CmpCode.r51                                      #
#                            F:\SVN\06solution\Projects\农网\D105\Sw\Debug\Obj #
#                            \ComApplication.r51                               #
#                            F:\SVN\06solution\Projects\农网\D105\Sw\Debug\Obj #
#                            \ComBottom.r51                                    #
#                            F:\SVN\06solution\Projects\农网\D105\Sw\Debug\Obj #
#                            \ComCoretab.r51                                   #
#                            F:\SVN\06solution\Projects\农网\D105\Sw\Debug\Obj #
#                            \DLT_645_2007.r51                                 #
#                            F:\SVN\06solution\Projects\农网\D105\Sw\Debug\Obj #
#                            \DataProtect.r51                                  #
#                            F:\SVN\06solution\Projects\农网\D105\Sw\Debug\Obj #
#                            \Dataproc.r51                                     #
#                            F:\SVN\06solution\Projects\农网\D105\Sw\Debug\Obj #
#                            \Energy.r51                                       #
#                            F:\SVN\06solution\Projects\农网\D105\Sw\Debug\Obj #
#                            \EnergyBottom.r51                                 #
#                            F:\SVN\06solution\Projects\农网\D105\Sw\Debug\Obj #
#                            \Event.r51                                        #
#                            F:\SVN\06solution\Projects\农网\D105\Sw\Debug\Obj #
#                            \FunCfg.r51                                       #
#                            F:\SVN\06solution\Projects\农网\D105\Sw\Debug\Obj #
#                            \InitPara.r51                                     #
#                            F:\SVN\06solution\Projects\农网\D105\Sw\Debug\Obj #
#                            \Key.r51                                          #
#                            F:\SVN\06solution\Projects\农网\D105\Sw\Debug\Obj #
#                            \LcdBottom.r51                                    #
#                            F:\SVN\06solution\Projects\农网\D105\Sw\Debug\Obj #
#                            \Lcdmiddle.r51                                    #
#                            F:\SVN\06solution\Projects\农网\D105\Sw\Debug\Obj #
#                            \Lcdshow.r51                                      #
#                            F:\SVN\06solution\Projects\农网\D105\Sw\Debug\Obj #
#                            \LoadCurve.r51                                    #
#                            F:\SVN\06solution\Projects\农网\D105\Sw\Debug\Obj #
#                            \McuDrive.r51                                     #
#                            F:\SVN\06solution\Projects\农网\D105\Sw\Debug\Obj #
#                            \Multariff.r51                                    #
#                            F:\SVN\06solution\Projects\农网\D105\Sw\Debug\Obj #
#                            \Powmanger.r51                                    #
#                            F:\SVN\06solution\Projects\农网\D105\Sw\Debug\Obj #
#                            \Prcfrm.r51                                       #
#                            F:\SVN\06solution\Projects\农网\D105\Sw\Debug\Obj #
#                            \PrologFee.r51                                    #
#                            F:\SVN\06solution\Projects\农网\D105\Sw\Debug\Obj #
#                            \Report.r51                                       #
#                            F:\SVN\06solution\Projects\农网\D105\Sw\Debug\Obj #
#                            \RtcCpt.r51                                       #
#                            F:\SVN\06solution\Projects\农网\D105\Sw\Debug\Obj #
#                            \System.r51                                       #
#                            F:\SVN\06solution\Projects\农网\D105\Sw\Debug\Obj #
#                            \Timeproc.r51                                     #
#                            F:\SVN\06solution\Projects\农网\D105\Sw\Debug\Obj #
#                            \Uart1.r51                                        #
#                            F:\SVN\06solution\Projects\农网\D105\Sw\Debug\Obj #
#                            \Uart2.r51                                        #
#                            F:\SVN\06solution\Projects\农网\D105\Sw\Debug\Obj #
#                            \Uart4.r51                                        #
#                            F:\SVN\06solution\Projects\农网\D105\Sw\Debug\Obj #
#                            \Version.r51                                      #
#                            F:\SVN\06solution\Projects\农网\D105\Sw\Debug\Obj #
#                            \cstartup.r51                                     #
#                            F:\SVN\06solution\Projects\农网\D105\Sw\Debug\Obj #
#                            \iar_banked_code_support.r51                      #
#                            F:\SVN\06solution\Projects\农网\D105\Sw\Debug\Obj #
#                            \main.r51                                         #
#                            F:\SVN\06solution\Projects\农网\D105\Sw\Debug\Obj #
#                            \workaround.r51                                   #
#                            -o                                                #
#                            F:\SVN\06solution\Projects\农网\D105\Sw\Debug\Exe #
#                            \D105R.d51                                        #
#                            -l                                                #
#                            F:\SVN\06solution\Projects\农网\D105\Sw\Debug\Lis #
#                            t\D105R.map                                       #
#                            -xms "-IE:\IAR for 8051 8303\8051\LIB\" -f        #
#                            F:\SVN\06solution\Projects\农网\D105\Sw\lnk51ew.x #
#                            cl                                                #
#                            (-D_IDATA_END=0xFF -D_PDATA_START=0x0F01          #
#                            -D_PDATA_END=0x0F7F -D_IXDATA_START=1             #
#                            -D_IXDATA_END=0xF7F -D_XDATA_START=0x000001       #
#                            -D_XDATA_END=0x00F7F -D_CODE_START=0x000000       #
#                            -D_CODE_END=0x7FFF -D_NEAR_CODE_END=0x7FFF        #
#                            -D_FAR_DATA_NR_OF_BANKS=0x0E                      #
#                            -D_FAR_DATA_START=0x010001                        #
#                            -D_FAR_DATA_END=0xFFFFFF                          #
#                            -D_FAR_CODE_START=_CODE_START                     #
#                            -D_FAR_CODE_END=_CODE_END -D?REGISTER_BANK=0      #
#                            -D_REGISTER_BANK_START=0 -D_BREG_START=0x00       #
#                            -D?VB=0x20 -D_FIRST_BANK_ADDR=0                   #
#                            -P(CODE)BANKED_CODE_EXT2_C=[0x0F0000-0x0FFFFF]    #
#                            -P(CODE)BANKED_CODE_EXT2_N=[0x0F0000-0x0FFFFF]    #
#                            -KBANKED_EXT2=10000,15                            #
#                            -Z(CODE)BANKED_EXT2#FFF0-FFFF                     #
#                            -P(CODE)BANKED_CODE_INTERRUPTS_EXT2=[0x00E0100-0x #
#                            00EFFFF]                                          #
#                            -P(CODE)INTVEC_EXT2=[0x0E0000-0x0EFFFF]           #
#                            -Z(BIT)BREG=_BREG_START -Z(BIT)BIT_N=0-7F         #
#                            -Z(DATA)REGISTERS+8=_REGISTER_BANK_START          #
#                            -Z(DATA)BDATA_Z,BDATA_N,BDATA_I=20-2F             #
#                            -Z(DATA)VREG+_NR_OF_VIRTUAL_REGISTERS=08-7F       #
#                            -Z(DATA)PSP,XSP=08-7F -Z(DATA)DOVERLAY=08-7F      #
#                            -Z(DATA)DATA_I,DATA_Z,DATA_N=08-7F                #
#                            -U(IDATA)0-7F=(DATA)0-7F                          #
#                            -Z(IDATA)IDATA_I,IDATA_Z,IDATA_N=08-_IDATA_END    #
#                            -Z(IDATA)ISTACK+_IDATA_STACK_SIZE#08-_IDATA_END   #
#                            -Z(IDATA)IOVERLAY=08-FF -Z(CODE)INTVEC=0          #
#                            -Z(CODE)CSTART=_CODE_START-_CODE_END              #
#                            -D_BANK1_START=0x18000 -D_BANK1_END=0x1FFFF       #
#                            -D_BANK2_START=0x28000 -D_BANK2_END=0x2FFFF       #
#                            -D_BANK0_START=0x8000 -D_BANK0_END=0xFFFF         #
#                            -P(CODE)BANK0=_BANK0_START-_BANK0_END             #
#                            -P(CODE)BANK1=_BANK1_START-_BANK1_END             #
#                            -P(CODE)BANK2=_BANK2_START-_BANK2_END             #
#                            -Z(CODE)BIT_ID,BDATA_ID,DATA_ID,IDATA_ID,IXDATA_I #
#                            D,PDATA_ID,XDATA_ID=_CODE_START-_CODE_END         #
#                            -Z(CODE)HUGE_ID=_FAR_CODE_START-_FAR_CODE_END     #
#                            -Z(CODE)BANK_RELAYS,RCODE,DIFUNCT,CODE_C,CODE_N,N #
#                            EAR_CODE=_CODE_START-_CODE_END                    #
#                            -P(CODE)BANKED_CODE=_CODE_START-_CODE_END,[(_CODE #
#                            BANK_START+_FIRST_BANK_ADDR)-(_CODEBANK_END+_FIRS #
#                            T_BANK_ADDR)]*_NR_OF_BANKS+10000                  #
#                            -P(CODE)FAR_CODE_C,FAR_CODE_N,FAR_CODE=[_FAR_CODE #
#                            _START-_FAR_CODE_END]/10000                       #
#                            -P(CODE)HUGE_CODE_C=_FAR_CODE_START-_FAR_CODE_END #
#                            -Z(CODE)CHECKSUM#_CODE_END                        #
#                            -Z(XDATA)EXT_STACK+_EXTENDED_STACK_SIZE=_EXTENDED #
#                            _STACK_START                                      #
#                            -Z(XDATA)PSTACK+_PDATA_STACK_SIZE=_PDATA_START-_P #
#                            DATA_END                                          #
#                            -Z(XDATA)XSTACK+_XDATA_STACK_SIZE=_XDATA_START-_X #
#                            DATA_END                                          #
#                            -Z(XDATA)PDATA_Z,PDATA_I=_PDATA_START-_PDATA_END  #
#                            -P(XDATA)PDATA_N=_PDATA_START-_PDATA_END          #
#                            -Z(XDATA)IXDATA_Z,IXDATA_I=_IXDATA_START-_IXDATA_ #
#                            END                                               #
#                            -P(XDATA)IXDATA_N=_IXDATA_START-_IXDATA_END       #
#                            -Z(XDATA)XDATA_Z,XDATA_I=_XDATA_START-_XDATA_END  #
#                            -P(XDATA)XDATA_N=_XDATA_START-_XDATA_END          #
#                            -Z(XDATA)XDATA_HEAP+_XDATA_HEAP_SIZE=_XDATA_START #
#                            -_XDATA_END                                       #
#                            -Z(CONST)XDATA_ROM_C=_XDATA_START-_XDATA_END      #
#                            -Z(XDATA)FAR_Z=[_FAR_DATA_START-_FAR_DATA_END]/10 #
#                            000                                               #
#                            -Z(XDATA)FAR_I=[_FAR_DATA_START-_FAR_DATA_END]/10 #
#                            000                                               #
#                            -Z(CODE)FAR_ID=[_FAR_CODE_START-_FAR_CODE_END]/10 #
#                            000                                               #
#                            -Z(XDATA)FAR_HEAP+_FAR_HEAP_SIZE=[_FAR_DATA_START #
#                            -_FAR_DATA_END]/10000                             #
#                            -P(XDATA)FAR_N=[_FAR_DATA_START-_FAR_DATA_END]*_F #
#                            AR_DATA_NR_OF_BANKS+10000                         #
#                            -P(CONST)FAR_ROM_C=[_FAR_DATA_START-_FAR_DATA_END #
#                            ]*_FAR_DATA_NR_OF_BANKS+10000                     #
#                            -Z(XDATA)HUGE_Z,HUGE_I=_FAR_DATA_START-_FAR_DATA_ #
#                            END                                               #
#                            -P(XDATA)HUGE_N=_FAR_DATA_START-_FAR_DATA_END     #
#                            -Z(XDATA)HUGE_HEAP+_HUGE_HEAP_SIZE=_FAR_DATA_STAR #
#                            T-_FAR_DATA_END                                   #
#                            -Z(CONST)HUGE_ROM_C=_FAR_DATA_START-_FAR_DATA_END #
#                            -cx51 -D?ACON=9D -D?DPS1=F6 -D?TA=C7              #
#                            -D?MCON=C6) -D_NR_OF_VIRTUAL_REGISTERS=8          #
#                            -D?PBANK=0xA0 -e?BCALL_03=?BCALL                  #
#                            -e?BRET_03=?BRET -e?BDISPATCH_03=?BDISPATCH       #
#                            -e_large_write=_formatted_write                   #
#                            -e_large_read=_formatted_read -r                  #
#                            -Ointel-extended=F:\SVN\06solution\Projects\农网\ #
#                            D105\Sw\Debug\Exe\v9811.hex                       #
#                            -s __program_start                                #
#                            "E:\IAR for 8051 8303\8051\LIB\CLIB\cl-pli-blxc-1 #
#                            e16x01.r51"                                       #
#                            -D_IDATA_STACK_SIZE=0x60 -D?ESP=0 -D?ESP_MASK=0   #
#                            -D_EXTENDED_STACK_START=0                         #
#                            -D_EXTENDED_STACK_SIZE=0                          #
#                            -D_PDATA_STACK_SIZE=0x80                          #
#                            -D_XDATA_STACK_SIZE=0x200                         #
#                            -D_XDATA_HEAP_SIZE=0xFF -D_FAR_HEAP_SIZE=0xFFF    #
#                            -D_HUGE_HEAP_SIZE=0xFFF                           #
#                            -D_FAR22_HEAP_SIZE=0xFFF                          #
#                                                                              #
#                           Copyright (C) 1987-2013 IAR Systems AB.            #
################################################################################





                ****************************************
                *                                      *
                *           CROSS REFERENCE            *
                *                                      *
                ****************************************

       Program entry at : CODE      00000066  Relocatable, from module : CSTARTUP




                ****************************************
                *                                      *
                *            RUNTIME MODEL             *
                *                                      *
                ****************************************

  __SystemLibrary          = CLib
  __calling_convention     = xdata_reentrant
  __code_model             = banked
  __core                   = plain
  __data_model             = large
  __dptr_size              = 16
  __extended_stack         = disabled
  __location_for_constants = code
  __number_of_dptrs        = 1
  __rt_version             = 1

                ****************************************
                *                                      *
                *    AUTOMATIC SYMBOL REDIRECTIONS     *
                *                                      *
                ****************************************

                  There are no automatic symbol redirections.



                ****************************************
                *                                      *
                *              MODULE MAP              *
                *                                      *
                ****************************************


  DEFINED ABSOLUTE ENTRIES
    *************************************************************************

  DEFINED ABSOLUTE ENTRIES
  PROGRAM MODULE, NAME : ?ABS_ENTRY_MOD

Absolute parts
           ENTRY                   ADDRESS         REF BY
           =====                   =======         ======
           _FAR22_HEAP_SIZE        00000FFF 
           _HUGE_HEAP_SIZE         00000FFF 
           _FAR_HEAP_SIZE          00000FFF 
           _XDATA_HEAP_SIZE        000000FF 
           _XDATA_STACK_SIZE       00000200 
           _PDATA_STACK_SIZE       00000080 
           _EXTENDED_STACK_SIZE    00000000 
           _EXTENDED_STACK_START   00000000 
           ?ESP_MASK               00000000 
           ?ESP                    00000000 
           _IDATA_STACK_SIZE       00000060 
           ?PBANK                  000000A0 
           _NR_OF_VIRTUAL_REGISTERS
                                   00000008 
           ?MCON                   000000C6 
           ?TA                     000000C7 
           ?DPS1                   000000F6 
           ?ACON                   0000009D 
           _BANK0_END              0000FFFF 
           _BANK0_START            00008000 
           _BANK2_END              0002FFFF 
           _BANK2_START            00028000 
           _BANK1_END              0001FFFF 
           _BANK1_START            00018000 
           _FIRST_BANK_ADDR        00000000 
           ?VB                     00000020        ?BANKED_ENTER_XDATA (?BANKED_ENTER_XDATA)
                                                   ?BANKED_LEAVE_XDATA (?BANKED_LEAVE_XDATA)
           _BREG_START             00000000 
           _REGISTER_BANK_START    00000000 
           ?REGISTER_BANK          00000000        Segment part 6 (CSTARTUP)
           _FAR_CODE_END           00007FFF 
           _FAR_CODE_START         00000000 
           _FAR_DATA_END           00FFFFFF 
           _FAR_DATA_START         00010001 
           _FAR_DATA_NR_OF_BANKS   0000000E 
           _NEAR_CODE_END          00007FFF 
           _CODE_END               00007FFF 
           _CODE_START             00000000 
           _XDATA_END              00000F7F 
           _XDATA_START            00000001 
           _IXDATA_END             00000F7F 
           _IXDATA_START           00000001 
           _PDATA_END              00000F7F 
           _PDATA_START            00000F01 
           _IDATA_END              000000FF 
           ?CBANK                  000000A0        ?RESET_CODE_BANK (CSTARTUP)
                                                   Segment part 0 (?BANKED_CODE_SUPPORT)
           ?CBANK_MASK             00000003 
           _CODEBANK_START         00008000 
           _CODEBANK_END           0000FFFF 
           _NR_OF_BANKS            00000004 
    *************************************************************************

  FILE NAME : F:\SVN\06solution\Projects\农网\D105\Sw\Debug\Obj\Api.r51
  PROGRAM MODULE, NAME : Api

  SEGMENTS IN THE MODULE
  ======================
CODE_AC
  Relative segment, address: CODE 00000300 - 00000399 (0x9a bytes), align: 0
  Segment part 1. ROOT.       Intra module refs:   APIByteBCD2HEX
           ENTRY                   ADDRESS         REF BY
           =====                   =======         ======
           gCuc_BCD2HEXMap         00000300 
    -------------------------------------------------------------------------
CODE_AC
  Relative segment, address: CODE 0000039C - 000003FF (0x64 bytes), align: 0
  Segment part 2. ROOT.       Intra module refs:   APIByteHEX2BCD
           ENTRY                   ADDRESS         REF BY
           =====                   =======         ======
           gCuc_HEX2BCDMap         0000039C 
    -------------------------------------------------------------------------
<BANKED_CODE> 3 (was BANKED_CODE)
  Relative segment, address: CODE 0001AA6F - 0001AA90 (0x22 bytes), align: 0
  Segment part 12.            Intra module refs:   DelayXms::?relay
           ENTRY                   ADDRESS         REF BY
           =====                   =======         ======
           DelayXms                0001AA6F 
    -------------------------------------------------------------------------
<BANKED_CODE> 3 (was BANKED_CODE)
  Relative segment, address: CODE 0001AA91 - 0001AAA4 (0x14 bytes), align: 0
  Segment part 14.            Intra module refs:   Uint16_To_Uint8::?relay
           ENTRY                   ADDRESS         REF BY
           =====                   =======         ======
           Uint16_To_Uint8         0001AA91 
               ISTACK = 00000000 ( 00000003 )
    -------------------------------------------------------------------------
<BANKED_CODE> 3 (was BANKED_CODE)
  Relative segment, address: CODE 0001AAA5 - 0001AABE (0x1a bytes), align: 0
  Segment part 16.            Intra module refs:   Uint8_To_Uint16::?relay
           ENTRY                   ADDRESS         REF BY
           =====                   =======         ======
           Uint8_To_Uint16         0001AAA5 
               ISTACK = 00000000 ( 00000002 )
    -------------------------------------------------------------------------
<BANKED_CODE> 3 (was BANKED_CODE)
  Relative segment, address: CODE 0001AABF - 0001AB1F (0x61 bytes), align: 0
  Segment part 26.            Intra module refs:   Uint8_To_Uint32::?relay
           ENTRY                   ADDRESS         REF BY
           =====                   =======         ======
           Uint8_To_Uint32         0001AABF 
               XSTACK = 00000000 ( 00000004 )
               ISTACK = 00000000 ( 00000003 )
    -------------------------------------------------------------------------
<BANKED_CODE> 3 (was BANKED_CODE)
  Relative segment, address: CODE 0001AB20 - 0001ABE6 (0xc7 bytes), align: 0
  Segment part 30.            Intra module refs:   IntHex2BCD::?relay
           ENTRY                   ADDRESS         REF BY
           =====                   =======         ======
           IntHex2BCD              0001AB20 
               calls direct
               XSTACK = 0000001C ( 00000009 )
    -------------------------------------------------------------------------
<BANKED_CODE> 3 (was BANKED_CODE)
  Relative segment, address: CODE 0001ABE7 - 0001AD10 (0x12a bytes), align: 0
  Segment part 32.            Intra module refs:   Hex2BCD::?relay
           ENTRY                   ADDRESS         REF BY
           =====                   =======         ======
           Hex2BCD                 0001ABE7 
               calls direct
               XSTACK = 00000000 ( 0000001C )
    -------------------------------------------------------------------------
<BANKED_CODE> 3 (was BANKED_CODE)
  Relative segment, address: CODE 0001AD11 - 0001ADB0 (0xa0 bytes), align: 0
  Segment part 34.            Intra module refs:   BCD2Hex::?relay
           ENTRY                   ADDRESS         REF BY
           =====                   =======         ======
           BCD2Hex                 0001AD11 
               calls direct
               XSTACK = 00000000 ( 00000016 )
    -------------------------------------------------------------------------
<BANKED_CODE> 3 (was BANKED_CODE)
  Relative segment, address: CODE 0001ADB1 - 0001ADF2 (0x42 bytes), align: 0
  Segment part 36.            Intra module refs:   IntBCD2Hex::?relay
           ENTRY                   ADDRESS         REF BY
           =====                   =======         ======
           IntBCD2Hex              0001ADB1 
               calls direct
               XSTACK = 00000000 ( 0000000B )
    -------------------------------------------------------------------------
<BANKED_CODE> 3 (was BANKED_CODE)
  Relative segment, address: CODE 0001ADF3 - 0001AE0F (0x1d bytes), align: 0
  Segment part 38.            Intra module refs:   APIByteBCD2HEX::?relay
           ENTRY                   ADDRESS         REF BY
           =====                   =======         ======
           APIByteBCD2HEX          0001ADF3 
               XSTACK = 00000016 ( 0000000A )
    -------------------------------------------------------------------------
<BANKED_CODE> 3 (was BANKED_CODE)
  Relative segment, address: CODE 0001AE10 - 0001AE30 (0x21 bytes), align: 0
  Segment part 40.            Intra module refs:   APIByteHEX2BCD::?relay
           ENTRY                   ADDRESS         REF BY
           =====                   =======         ======
           APIByteHEX2BCD          0001AE10 
               XSTACK = 00000009 ( 0000000A )
    -------------------------------------------------------------------------
<BANKED_CODE> 3 (was BANKED_CODE)
  Relative segment, address: CODE 0001AE31 - 0001AE6F (0x3f bytes), align: 0
  Segment part 42.            Intra module refs:   ApiBufCmp::?relay
           ENTRY                   ADDRESS         REF BY
           =====                   =======         ======
           ApiBufCmp               0001AE31 
               XSTACK = 00000000 ( 00000009 )
    -------------------------------------------------------------------------
<BANKED_CODE> 3 (was BANKED_CODE)
  Relative segment, address: CODE 0001AE70 - 0001AEA6 (0x37 bytes), align: 0
  Segment part 44.            Intra module refs:   ApiRevBufCmp::?relay
           ENTRY                   ADDRESS         REF BY
           =====                   =======         ======
           ApiRevBufCmp            0001AE70 
               is not allocated
               not allocated function
    -------------------------------------------------------------------------
<BANKED_CODE> 3 (was BANKED_CODE)
  Relative segment, address: CODE 0001AEA7 - 0001AF03 (0x5d bytes), align: 0
  Segment part 48.            Intra module refs:   ApiReverseData::?relay
           ENTRY                   ADDRESS         REF BY
           =====                   =======         ======
           ApiReverseData          0001AEA7 
               XSTACK = 00000000 ( 0000000B )
               ISTACK = 00000000 ( 00000001 )
    -------------------------------------------------------------------------
CODE_AC
  Relative segment, address: CODE 00000100 - 000002FF (0x200 bytes), align: 0
  Segment part 3. ROOT.       Intra module refs:   do_CRC
           ENTRY                   ADDRESS         REF BY
           =====                   =======         ======
           CrcTab                  00000100 
    -------------------------------------------------------------------------
<BANKED_CODE> 3 (was BANKED_CODE)
  Relative segment, address: CODE 0001AF04 - 0001AF4B (0x48 bytes), align: 0
  Segment part 50.            Intra module refs:   do_CRC::?relay
           ENTRY                   ADDRESS         REF BY
           =====                   =======         ======
           do_CRC                  0001AF04 
               XSTACK = 00000000 ( 0000000A )
    -------------------------------------------------------------------------
<BANKED_CODE> 3 (was BANKED_CODE)
  Relative segment, address: CODE 0001AF4C - 0001AF85 (0x3a bytes), align: 0
  Segment part 52.            Intra module refs:   JudgeIsNum::?relay
           ENTRY                   ADDRESS         REF BY
           =====                   =======         ======
           JudgeIsNum              0001AF4C 
               calls direct
               XSTACK = 00000000 ( 0000000A )
    -------------------------------------------------------------------------
<BANKED_CODE> 3 (was BANKED_CODE)
  Relative segment, address: CODE 0001AF86 - 0001B001 (0x7c bytes), align: 0
  Segment part 56.            Intra module refs:   MoveBuffer::?relay
           ENTRY                   ADDRESS         REF BY
           =====                   =======         ======
           MoveBuffer              0001AF86 
               XSTACK = 00000002 ( 0000000A )
               ISTACK = 00000000 ( 00000001 )
    -------------------------------------------------------------------------
<BANKED_CODE> 3 (was BANKED_CODE)
  Relative segment, address: CODE 0001B002 - 0001B029 (0x28 bytes), align: 0
  Segment part 60.            Intra module refs:   MemInvertCpy::?relay
           ENTRY                   ADDRESS         REF BY
           =====                   =======         ======
           MemInvertCpy            0001B002 
               is not allocated
               not allocated function
    -------------------------------------------------------------------------
<BANKED_CODE> 3 (was BANKED_CODE)
  Relative segment, address: CODE 0001B02A - 0001B05C (0x33 bytes), align: 0
  Segment part 62.            Intra module refs:   FCpyTMem::?relay
           ENTRY                   ADDRESS         REF BY
           =====                   =======         ======
           FCpyTMem                0001B02A 
               ISTACK = 00000000 ( 00000003 )
    -------------------------------------------------------------------------
<BANKED_CODE> 3 (was BANKED_CODE)
  Relative segment, address: CODE 0001B05D - 0001B08F (0x33 bytes), align: 0
  Segment part 64.            Intra module refs:   FCpyTMem1::?relay
           ENTRY                   ADDRESS         REF BY
           =====                   =======         ======
           FCpyTMem1               0001B05D 
               ISTACK = 00000000 ( 00000003 )
    -------------------------------------------------------------------------
<BANKED_CODE> 3 (was BANKED_CODE)
  Relative segment, address: CODE 0001B090 - 0001B0C2 (0x33 bytes), align: 0
  Segment part 66.            Intra module refs:   FCpyTMem2::?relay
           ENTRY                   ADDRESS         REF BY
           =====                   =======         ======
           FCpyTMem2               0001B090 
               ISTACK = 00000000 ( 00000003 )
    -------------------------------------------------------------------------
<BANKED_CODE> 3 (was BANKED_CODE)
  Relative segment, address: CODE 0001B0C3 - 0001B0F4 (0x32 bytes), align: 0
  Segment part 68.            Intra module refs:   MemCpy::?relay
           ENTRY                   ADDRESS         REF BY
           =====                   =======         ======
           MemCpy                  0001B0C3 
               ISTACK = 00000000 ( 00000003 )
    -------------------------------------------------------------------------
<BANKED_CODE> 3 (was BANKED_CODE)
  Relative segment, address: CODE 0001B0F5 - 0001B115 (0x21 bytes), align: 0
  Segment part 70.            Intra module refs:   MemSet::?relay
           ENTRY                   ADDRESS         REF BY
           =====                   =======         ======
           MemSet                  0001B0F5 
               ISTACK = 00000000 ( 00000003 )
    -------------------------------------------------------------------------
<BANKED_CODE> 3 (was BANKED_CODE)
  Relative segment, address: CODE 0001B116 - 0001B22E (0x119 bytes), align: 0
  Segment part 72.            Intra module refs:   CalCBRCount::?relay
           ENTRY                   ADDRESS         REF BY
           =====                   =======         ======
           CalCBRCount             0001B116 
               calls direct, is not allocated
               not allocated function
    -------------------------------------------------------------------------
<BANKED_CODE> 3 (was BANKED_CODE)
  Relative segment, address: CODE 0001B22F - 0001B44C (0x21e bytes), align: 0
  Segment part 74.            Intra module refs:   CalRDJCount::?relay
           ENTRY                   ADDRESS         REF BY
           =====                   =======         ======
           CalRDJCount             0001B22F 
               calls direct, is not allocated
               not allocated function
    -------------------------------------------------------------------------
<BANKED_CODE> 3 (was BANKED_CODE)
  Relative segment, address: CODE 0001B44D - 0001B47F (0x33 bytes), align: 0
  Segment part 76.            Intra module refs:   HourAndMinToMin::?relay
           ENTRY                   ADDRESS         REF BY
           =====                   =======         ======
           HourAndMinToMin         0001B44D 
               calls direct
               XSTACK = 00000000 ( 0000000A )
    -------------------------------------------------------------------------
CODE_C
  Relative segment, address: CODE 00002441 - 00002444 (0x4 bytes), align: 0
  Segment part 9.             Intra module refs:   Hex2BCD
           ENTRY                   ADDRESS         REF BY
           =====                   =======         ======
           __Constant_fa0a1f00     00002441 
    -------------------------------------------------------------------------
CODE_C
  Relative segment, address: CODE 00002445 - 00002448 (0x4 bytes), align: 0
  Segment part 10.            Intra module refs:   Hex2BCD
           ENTRY                   ADDRESS         REF BY
           =====                   =======         ======
           __Constant_5f5e100      00002445 
    -------------------------------------------------------------------------
CODE_C
  Relative segment, address: CODE 00002449 - 0000244C (0x4 bytes), align: 0
  Segment part 11.            Intra module refs:   BCD2Hex
           ENTRY                   ADDRESS         REF BY
           =====                   =======         ======
           __Constant_64           00002449 
    -------------------------------------------------------------------------
BANK_RELAYS
  Relative segment, address: CODE 00000E0E - 00000E13 (0x6 bytes), align: 0
  Segment part 13.
           ENTRY                   ADDRESS         REF BY
           =====                   =======         ======
           DelayXms::?relay        00000E0E        GetBat (McuDrive)
                                                   Init_Port (McuDrive)
                                                   LCD_Off (LcdBottom)
                                                   Mcu_BatCal (McuDrive)
    -------------------------------------------------------------------------
BANK_RELAYS
  Relative segment, address: CODE 00000E14 - 00000E19 (0x6 bytes), align: 0
  Segment part 15.
           ENTRY                   ADDRESS         REF BY
           =====                   =======         ======
           Uint16_To_Uint8::?relay
                                   00000E14        SysE2ParaSetManage (DataProtect)
    -------------------------------------------------------------------------
BANK_RELAYS
  Relative segment, address: CODE 00000E1A - 00000E1F (0x6 bytes), align: 0
  Segment part 17.
           ENTRY                   ADDRESS         REF BY
           =====                   =======         ======
           Uint8_To_Uint16::?relay
                                   00000E1A        ComCheckFormat (DataProtect)
                                                   ComMeterConst (DLT_645_2007)
                                                   ComRWE2Para (DLT_645_2007)
                                                   Data_FactoryClr (Dataproc)
                                                   E2ParaCheck (DataProtect)
                                                   EnyB_AutoChkIrms (EnergyBottom)
                                                   EnyB_AutoChkUrms (EnergyBottom)
                                                   Eny_JbPm_GetE2 (Energy)
                                                   Init_Var (main)
                                                   RecoverEnegyData (Dataproc)
                                                   RecoverRtcPara (RtcCpt)
                                                   SysE2ParaSetManage (DataProtect)
    -------------------------------------------------------------------------
BANK_RELAYS
  Relative segment, address: CODE 00000E20 - 00000E25 (0x6 bytes), align: 0
  Segment part 27.
           ENTRY                   ADDRESS         REF BY
           =====                   =======         ======
           Uint8_To_Uint32::?relay
                                   00000E20        ComRWE2Para (DLT_645_2007)
                                                   EnyB_AutoChkAngle (EnergyBottom)
                                                   EnyB_AutoChkPW (EnergyBottom)
                                                   FactoryWR (DLT_645_2007)
                                                   IrShowLcd (DLT_645_2007)
                                                   RwDjData (DLT_645_2007)
                                                   RwLcdData (DLT_645_2007)
                                                   ShowDataProc (Lcdshow)
                                                   ShowNumManage (Lcdshow)
    -------------------------------------------------------------------------
BANK_RELAYS
  Relative segment, address: CODE 00000E26 - 00000E2B (0x6 bytes), align: 0
  Segment part 31.            Intra module refs:   Hex2BCD
           ENTRY                   ADDRESS         REF BY
           =====                   =======         ======
           IntHex2BCD::?relay      00000E26        ComRWE2Para (DLT_645_2007)
    -------------------------------------------------------------------------
BANK_RELAYS
  Relative segment, address: CODE 00000E2C - 00000E31 (0x6 bytes), align: 0
  Segment part 33.
           ENTRY                   ADDRESS         REF BY
           =====                   =======         ======
           Hex2BCD::?relay         00000E2C        CalCos (EnergyBottom)
                                                   CalRMS (EnergyBottom)
                                                   ComMeterConst (DLT_645_2007)
                                                   ComRWE2Para (DLT_645_2007)
                                                   ComRdEvCnt (DLT_645_2007)
                                                   Com_ClearMeterJL (Event)
                                                   CoverCloseLog (Event)
                                                   CoverOpenLog (Event)
                                                   Ldc_DataProc (LoadCurve)
                                                   ReadAccuEgy (DLT_645_2007)
                                                   ReadCurEgy (DLT_645_2007)
                                                   ReadEnyD0Block (DLT_645_2007)
                                                   ReadHisEgy (DLT_645_2007)
                                                   ReadVar (DLT_645_2007)
                                                   ReadZHLYEgy (DLT_645_2007)
                                                   RecoverDayDjData (Dataproc)
                                                   RecoverEnegyData (Dataproc)
                                                   ShowNumManage (Lcdshow)
                                                   StructFreezeDate (Event)
    -------------------------------------------------------------------------
BANK_RELAYS
  Relative segment, address: CODE 00000E32 - 00000E37 (0x6 bytes), align: 0
  Segment part 35.
           ENTRY                   ADDRESS         REF BY
           =====                   =======         ======
           BCD2Hex::?relay         00000E32        CalCos (EnergyBottom)
                                                   ComRWE2Para (DLT_645_2007)
                                                   EnyB_AutoChkAngle (EnergyBottom)
                                                   EnyB_AutoChkIrms (EnergyBottom)
                                                   EnyB_AutoChkPW (EnergyBottom)
                                                   EnyB_AutoChkUrms (EnergyBottom)
                                                   FactoryWR (DLT_645_2007)
    -------------------------------------------------------------------------
BANK_RELAYS
  Relative segment, address: CODE 00000E38 - 00000E3D (0x6 bytes), align: 0
  Segment part 37.
           ENTRY                   ADDRESS         REF BY
           =====                   =======         ======
           IntBCD2Hex::?relay      00000E38        ComCheckFormat (DataProtect)
                                                   ComRWE2Para (DLT_645_2007)
    -------------------------------------------------------------------------
BANK_RELAYS
  Relative segment, address: CODE 00000E3E - 00000E43 (0x6 bytes), align: 0
  Segment part 39.            Intra module refs:   BCD2Hex
                                                   CalCBRCount
                                                   CalRDJCount
                                                   HourAndMinToMin
                                                   IntBCD2Hex
                                                   JudgeIsNum
           ENTRY                   ADDRESS         REF BY
           =====                   =======         ======
           APIByteBCD2HEX::?relay
                                   00000E3E        BroadcastTime (DLT_645_2007)
                                                   CalDayBack (Dataproc)
                                                   CalcAbsDay (Timeproc)
                                                   CalcAbsSecond (Timeproc)
                                                   CalcWeek (Timeproc)
                                                   CheckSqFormat (DataProtect)
                                                   ComRWE2Para (DLT_645_2007)
                                                   E2ParaCheck (DataProtect)
                                                   Ldc_DataProc (LoadCurve)
                                                   Ldc_TimeAdd (LoadCurve)
                                                   Ldc_TmMinCal (LoadCurve)
                                                   ReadCurveJl (DLT_645_2007)
                                                   RecoverJSRData (Dataproc)
                                                   TimerProc (Timeproc)
                                                   ValidTime (Timeproc)
    -------------------------------------------------------------------------
BANK_RELAYS
  Relative segment, address: CODE 00000E44 - 00000E49 (0x6 bytes), align: 0
  Segment part 41.            Intra module refs:   IntHex2BCD
           ENTRY                   ADDRESS         REF BY
           =====                   =======         ======
           APIByteHEX2BCD::?relay
                                   00000E44        CalDayBack (Dataproc)
                                                   ComRWE2Para (DLT_645_2007)
                                                   Ldc_TimeAdd (LoadCurve)
                                                   RecoverJSRData (Dataproc)
                                                   TimerProc (Timeproc)
    -------------------------------------------------------------------------
BANK_RELAYS
  Relative segment, address: CODE 00000E4A - 00000E4F (0x6 bytes), align: 0
  Segment part 43.
           ENTRY                   ADDRESS         REF BY
           =====                   =======         ======
           ApiBufCmp::?relay       00000E4A        CheckSqFormat (DataProtect)
                                                   Init_Var (main)
                                                   IrShowLcd (DLT_645_2007)
                                                   Judge645Addr (Prcfrm)
                                                   JudgePassword (Prcfrm)
                                                   RecoverDayDjData (Dataproc)
                                                   RecoverJSRData (Dataproc)
    -------------------------------------------------------------------------
BANK_RELAYS
  Relative segment, address: CODE 00000E50 - 00000E55 (0x6 bytes), align: 0
  Segment part 45.
           ENTRY                   ADDRESS         REF BY
           =====                   =======         ======
           ApiRevBufCmp::?relay    00000E50        IsJR (Multariff)
                                                   IsNumSD (Multariff)
                                                   IsNumSQ (Multariff)
    -------------------------------------------------------------------------
BANK_RELAYS
  Relative segment, address: CODE 00000E56 - 00000E5B (0x6 bytes), align: 0
  Segment part 49.
           ENTRY                   ADDRESS         REF BY
           =====                   =======         ======
           ApiReverseData::?relay
                                   00000E56        RWData (DLT_645_2007)
    -------------------------------------------------------------------------
BANK_RELAYS
  Relative segment, address: CODE 00000E5C - 00000E61 (0x6 bytes), align: 0
  Segment part 51.
           ENTRY                   ADDRESS         REF BY
           =====                   =======         ======
           do_CRC::?relay          00000E5C        CfgCheck (FunCfg)
                                                   CheckCRCWord (Dataproc)
                                                   CheckTime (Timeproc)
                                                   ClockBAK_RAM (Timeproc)
                                                   ClockCheck (Timeproc)
                                                   Data_FactoryClr (Dataproc)
                                                   E2ParaCheck (DataProtect)
                                                   EnyB_AutoCheck (EnergyBottom)
                                                   EnyB_AutoChkAngle (EnergyBottom)
                                                   EnyB_JbPm_Init (EnergyBottom)
                                                   Eny_CheckEnergy (Energy)
                                                   Eny_CheckEnergyActiveRAM (Energy)
                                                   Eny_EnergyActiveSave (Energy)
                                                   Eny_EnergyClrCur (Energy)
                                                   Eny_EnergyProc (Energy)
                                                   Eny_JbPm_GetE2 (Energy)
                                                   Eny_PurCheckRAMEny (Energy)
                                                   Eny_RefVar (Energy)
                                                   FactoryWR (DLT_645_2007)
                                                   Init_Var (main)
                                                   Pow_DnProc (Powmanger)
                                                   RecoverCfg (FunCfg)
                                                   RecoverEnegyData (Dataproc)
                                                   RecoverRtcPara (RtcCpt)
                                                   RecoverRunPara (Dataproc)
                                                   Rpt_Crc (Report)
                                                   Rpt_Recover (Report)
                                                   SetCRCWord (Dataproc)
                                                   ShowInitial (Lcdshow)
                                                   SysE2ParaSetManage (DataProtect)
                                                   Up_FunCfg (FunCfg)
    -------------------------------------------------------------------------
BANK_RELAYS
  Relative segment, address: CODE 00000E62 - 00000E67 (0x6 bytes), align: 0
  Segment part 53.
           ENTRY                   ADDRESS         REF BY
           =====                   =======         ======
           JudgeIsNum::?relay      00000E62        CheckSdFormat (DataProtect)
                                                   CheckSqFormat (DataProtect)
                                                   ComCheckFormat (DataProtect)
                                                   Freeze (DLT_645_2007)
                                                   RTCCheck (Timeproc)
                                                   ReadCurveJl (DLT_645_2007)
                                                   ValidTime (Timeproc)
                                                   WrPassWord (DLT_645_2007)
                                                   WriteMeterAddr (DLT_645_2007)
    -------------------------------------------------------------------------
BANK_RELAYS
  Relative segment, address: CODE 00000E68 - 00000E6D (0x6 bytes), align: 0
  Segment part 57.
           ENTRY                   ADDRESS         REF BY
           =====                   =======         ======
           MoveBuffer::?relay      00000E68        SaveProgramLog (Event)
    -------------------------------------------------------------------------
BANK_RELAYS
  Relative segment, address: CODE 00000E6E - 00000E73 (0x6 bytes), align: 0
  Segment part 61.
           ENTRY                   ADDRESS         REF BY
           =====                   =======         ======
           MemInvertCpy::?relay    00000E6E        CalRTC (RtcCpt)
                                                   RtcParaFsToE2 (RtcCpt)
    -------------------------------------------------------------------------
BANK_RELAYS
  Relative segment, address: CODE 00000E74 - 00000E79 (0x6 bytes), align: 0
  Segment part 63.
           ENTRY                   ADDRESS         REF BY
           =====                   =======         ======
           FCpyTMem::?relay        00000E74        CalRTC (RtcCpt)
                                                   Com_ClearEventJL (Event)
                                                   Data_FactoryClr (Dataproc)
                                                   EnyB_JbPm_Init (EnergyBottom)
                                                   FactoryWR (DLT_645_2007)
                                                   ReadFlash (CmpCode)
                                                   ReadSwVersion (DLT_645_2007)
                                                   RtcParaFsToE2 (RtcCpt)
    -------------------------------------------------------------------------
BANK_RELAYS
  Relative segment, address: CODE 00000E7A - 00000E7F (0x6 bytes), align: 0
  Segment part 65.
           ENTRY                   ADDRESS         REF BY
           =====                   =======         ======
           FCpyTMem1::?relay       00000E7A        ReadFlash (CmpCode)
    -------------------------------------------------------------------------
BANK_RELAYS
  Relative segment, address: CODE 00000E80 - 00000E85 (0x6 bytes), align: 0
  Segment part 67.
           ENTRY                   ADDRESS         REF BY
           =====                   =======         ======
           FCpyTMem2::?relay       00000E80        ReadFlash (CmpCode)
    -------------------------------------------------------------------------
BANK_RELAYS
  Relative segment, address: CODE 00000E86 - 00000E8B (0x6 bytes), align: 0
  Segment part 69.
           ENTRY                   ADDRESS         REF BY
           =====                   =======         ======
           MemCpy::?relay          00000E86        BroadcastTime (DLT_645_2007)
                                                   CalPowDwTm (Dataproc)
                                                   ChangePassWord (DLT_645_2007)
                                                   CheckTime (Timeproc)
                                                   ClearEvent (DLT_645_2007)
                                                   ClearMeter (DLT_645_2007)
                                                   ClockBAK_RAM (Timeproc)
                                                   CmpCode (DLT_645_2007)
                                                   ComCheckFormat (DataProtect)
                                                   ComMeterConst (DLT_645_2007)
                                                   ComRWE2Para (DLT_645_2007)
                                                   ComRdEvCnt (DLT_645_2007)
                                                   ComReadRunCode (DLT_645_2007)
                                                   Com_ClearEventJL (Event)
                                                   Com_ClearMeterJL (Event)
                                                   Com_JSJL (Event)
                                                   CoverCloseLog (Event)
                                                   CoverOpenLog (Event)
                                                   Data_FactoryClr (Dataproc)
                                                   Decode645Frame (Prcfrm)
                                                   Encode645Frame (Prcfrm)
                                                   Eny_CheckEnergy (Energy)
                                                   Eny_EnergyActiveSave (Energy)
                                                   Eny_EnergyClrCur (Energy)
                                                   Eny_EnergyProc (Energy)
                                                   Eny_PurCheckRAMEny (Energy)
                                                   FactoryRD (DLT_645_2007)
                                                   FactoryWR (DLT_645_2007)
                                                   IrShowLcd (DLT_645_2007)
                                                   Ldc_BuildFakeFrm (LoadCurve)
                                                   Ldc_BuildFrame (LoadCurve)
                                                   Ldc_DataProc (LoadCurve)
                                                   Ldc_Get1stRecord (LoadCurve)
                                                   Ldc_GetSeqRecord (LoadCurve)
                                                   Ldc_TimeSub (LoadCurve)
                                                   Ldc_ZoneChk (LoadCurve)
                                                   LoadCurveCheck (LoadCurve)
                                                   Pow_DnProc (Powmanger)
                                                   PowerJL (Event)
                                                   ProJL (PrologFee)
                                                   RSDJLlog (PrologFee)
                                                   ReadAccuEgy (DLT_645_2007)
                                                   ReadCurEgy (DLT_645_2007)
                                                   ReadCurveJl (DLT_645_2007)
                                                   ReadEnyD0Block (DLT_645_2007)
                                                   ReadHisEgy (DLT_645_2007)
                                                   ReadHisJSTime (DLT_645_2007)
                                                   ReadJL (DLT_645_2007)
                                                   ReadRSDLogItem (PrologFee)
                                                   ReadSQLogItem (PrologFee)
                                                   ReadVar (DLT_645_2007)
                                                   ReadZHLYEgy (DLT_645_2007)
                                                   RecoverDayDjData (Dataproc)
                                                   RecoverEnegyData (Dataproc)
                                                   RecoverJSRData (Dataproc)
                                                   Report (DLT_645_2007)
                                                   Rpt_Clr (Report)
                                                   Rpt_Crc (Report)
                                                   Rpt_Recover (Report)
                                                   RtcParaFsToE2 (RtcCpt)
                                                   RwDjData (DLT_645_2007)
                                                   RwSqSd (DLT_645_2007)
                                                   RwSysTime (DLT_645_2007)
                                                   SaveProgramLog (Event)
                                                   ShowDataProc (Lcdshow)
                                                   SleepTimeProc (Timeproc)
                                                   SoftClockCheck (Timeproc)
                                                   StructFreezeDate (Event)
                                                   SysE2ParaSetManage (DataProtect)
                                                   WriLastDJTime (Dataproc)
                                                   WriteMeterAddr (DLT_645_2007)
    -------------------------------------------------------------------------
BANK_RELAYS
  Relative segment, address: CODE 00000E8C - 00000E91 (0x6 bytes), align: 0
  Segment part 71.
           ENTRY                   ADDRESS         REF BY
           =====                   =======         ======
           MemSet::?relay          00000E8C        CmpCode (DLT_645_2007)
                                                   ComReadRunCode (DLT_645_2007)
                                                   CoverOpenLog (Event)
                                                   Data_ClearEvent (Event)
                                                   Data_ClearMeter (Dataproc)
                                                   Data_FactoryClr (Dataproc)
                                                   Disp_Clear (LcdBottom)
                                                   Disp_Full (LcdBottom)
                                                   Eny_EnergyClrCur (Energy)
                                                   FactoryWR (DLT_645_2007)
                                                   Init_Var (main)
                                                   IrShowLcd (DLT_645_2007)
                                                   IsNumSD (Multariff)
                                                   IsNumSQ (Multariff)
                                                   Ldc_BuildFakeFrm (LoadCurve)
                                                   LoadCurveCheck (LoadCurve)
                                                   PowerJL (Event)
                                                   ReadCurveJl (DLT_645_2007)
                                                   ReadFlash (CmpCode)
                                                   ReadJL (DLT_645_2007)
                                                   ReadRSDLogItem (PrologFee)
                                                   ReadSQLogItem (PrologFee)
                                                   ReadVar (DLT_645_2007)
                                                   RecoverDayDjData (Dataproc)
                                                   RecoverEnegyData (Dataproc)
                                                   RecoverJSRData (Dataproc)
                                                   RecoverRunPara (Dataproc)
                                                   Rpt_Clr (Report)
                                                   RwDjData (DLT_645_2007)
                                                   SaveProgramLog (Event)
                                                   ShowDataProc (Lcdshow)
    -------------------------------------------------------------------------
BANK_RELAYS
  Relative segment, address: CODE 00000E92 - 00000E97 (0x6 bytes), align: 0
  Segment part 73.
           ENTRY                   ADDRESS         REF BY
           =====                   =======         ======
           CalCBRCount::?relay     00000E92        RecoverJSRData (Dataproc)
    -------------------------------------------------------------------------
BANK_RELAYS
  Relative segment, address: CODE 00000E98 - 00000E9D (0x6 bytes), align: 0
  Segment part 75.
           ENTRY                   ADDRESS         REF BY
           =====                   =======         ======
           CalRDJCount::?relay     00000E98        RecoverDayDjData (Dataproc)
    -------------------------------------------------------------------------
BANK_RELAYS
  Relative segment, address: CODE 00000E9E - 00000EA3 (0x6 bytes), align: 0
  Segment part 77.
           ENTRY                   ADDRESS         REF BY
           =====                   =======         ======
           HourAndMinToMin::?relay
                                   00000E9E        ComCheckFormat (DataProtect)

    *************************************************************************

  FILE NAME : F:\SVN\06solution\Projects\农网\D105\Sw\Debug\Obj\BEBottom.r51
  PROGRAM MODULE, NAME : BEBottom

  SEGMENTS IN THE MODULE
  ======================
SFR_AN
  Relative segment, address: DATA 000000A4 - 000000A4 (0x1 bytes), align: 0
  Segment part 1. ROOT.       Intra module refs:   BE_I_ACK
                                                   BE_I_NAK
                                                   BE_I_ReadB
                                                   BE_I_Start
                                                   BE_I_Stop
                                                   BE_I_WriteB
                                                   BE_ReadP
                                                   BE_WriteP
                                                   EnyB_InitCFInt (EnergyBottom)
                                                   IOOFF (McuDrive)
                                                   Init_Port (McuDrive)
                                                   Init_Uart4 (Uart4)
                                                   KeyInit (Key)
                                                   Pow_DnProc (Powmanger)
                                                   SwichPluseOutType (McuDrive)
                                                   Uart4_Transmit (Uart4)
           ENTRY                   ADDRESS         REF BY
           =====                   =======         ======
           P9OE                    000000A4 
    -------------------------------------------------------------------------
SFR_AN
  Relative segment, address: DATA 000000A5 - 000000A5 (0x1 bytes), align: 0
  Segment part 2. ROOT.       Intra module refs:   BE_I_ACK
                                                   BE_I_NAK
                                                   BE_I_ReadB
                                                   BE_I_Start
                                                   BE_I_Stop
                                                   BE_I_WriteB
                                                   BE_ReadP
                                                   BE_WriteP
                                                   IOOFF (McuDrive)
                                                   Init_Port (McuDrive)
                                                   Init_Uart4 (Uart4)
                                                   KeyInit (Key)
                                                   Pow_DnProc (Powmanger)
                                                   Uart4_Transmit (Uart4)
           ENTRY                   ADDRESS         REF BY
           =====                   =======         ======
           P9IE                    000000A5 
    -------------------------------------------------------------------------
SFR_AN
  Relative segment, address: DATA 000000A6 - 000000A6 (0x1 bytes), align: 0
  Segment part 3. ROOT.       Intra module refs:   BE_I_ACK
                                                   BE_I_NAK
                                                   BE_I_ReadB
                                                   BE_I_Start
                                                   BE_I_Stop
                                                   BE_I_WriteB
                                                   BE_ReadP
                                                   BE_WriteP
                                                   Init_Port (McuDrive)
                                                   Init_Uart4 (Uart4)
                                                   Pow_DnProc (Powmanger)
                                                   Timer2Interrupt (System)
                                                   Uart4_Transmit (Uart4)
                                                   getTimeZone (Multariff)
           ENTRY                   ADDRESS         REF BY
           =====                   =======         ======
           P9OD                    000000A6 
    -------------------------------------------------------------------------
SFR_AN
  Relative segment, address: DATA 000000A7 - 000000A7 (0x1 bytes), align: 0
  Segment part 4. ROOT.       Intra module refs:   BE_I_ReadB
                                                   BE_I_WriteB
                                                   KeyScan (Key)
           ENTRY                   ADDRESS         REF BY
           =====                   =======         ======
           P9ID                    000000A7 
    -------------------------------------------------------------------------
<BANKED_CODE> 1 (was BANKED_CODE)
  Relative segment, address: CODE 00007B57 - 00007B70 (0x1a bytes), align: 0
  Segment part 12.            Intra module refs:   Stop_Delay::?relay
           ENTRY                   ADDRESS         REF BY
           =====                   =======         ======
           Stop_Delay              00007B57 
               XSTACK = 00000011 ( 00000000 )
    -------------------------------------------------------------------------
<BANKED_CODE> 1 (was BANKED_CODE)
  Relative segment, address: CODE 00007B71 - 00007C98 (0x128 bytes), align: 0
  Segment part 14.            Intra module refs:   BE_WriteP::?relay
           ENTRY                   ADDRESS         REF BY
           =====                   =======         ======
           BE_WriteP               00007B71 
               calls direct
               XSTACK = 00000002 ( 00000010 )
    -------------------------------------------------------------------------
<BANKED_CODE> 1 (was BANKED_CODE)
  Relative segment, address: CODE 00007C99 - 00007D9A (0x102 bytes), align: 0
  Segment part 16.            Intra module refs:   BE_ReadP::?relay
           ENTRY                   ADDRESS         REF BY
           =====                   =======         ======
           BE_ReadP                00007C99 
               calls direct
               XSTACK = 0000000E ( 00000011 )
               ISTACK = 00000000 ( 00000001 )
    -------------------------------------------------------------------------
<BANKED_CODE> 1 (was BANKED_CODE)
  Relative segment, address: CODE 00007D9B - 00007DB8 (0x1e bytes), align: 0
  Segment part 18.            Intra module refs:   BE_ReadB::?relay
           ENTRY                   ADDRESS         REF BY
           =====                   =======         ======
           BE_ReadB                00007D9B 
               calls direct
               XSTACK = 00000002 ( 0000000E )
    -------------------------------------------------------------------------
<BANKED_CODE> 1 (was BANKED_CODE)
  Relative segment, address: CODE 00007DB9 - 00007DD6 (0x1e bytes), align: 0
  Segment part 20.            Intra module refs:   BE_ReadW::?relay
           ENTRY                   ADDRESS         REF BY
           =====                   =======         ======
           BE_ReadW                00007DB9 
               calls direct, is not allocated
               not allocated function
    -------------------------------------------------------------------------
XDATA_Z
  Relative segment, address: XDATA 00000201 - 00000201 (0x1 bytes), align: 0
  Segment part 10.            Intra module refs:   BE_I_ReadB
           ENTRY                   ADDRESS         REF BY
           =====                   =======         ======
           uc_BeRdData             00000201 
    -------------------------------------------------------------------------
<BANKED_CODE> 1 (was BANKED_CODE)
  Relative segment, address: CODE 00007DD7 - 00007E23 (0x4d bytes), align: 0
  Segment part 22.            Intra module refs:   BE_I_ReadB::?relay
           ENTRY                   ADDRESS         REF BY
           =====                   =======         ======
           BE_I_ReadB              00007DD7 
               XSTACK = 00000011 ( 00000000 )
               ISTACK = 00000000 ( 00000002 )
    -------------------------------------------------------------------------
XDATA_Z
  Relative segment, address: XDATA 00000202 - 00000202 (0x1 bytes), align: 0
  Segment part 11.            Intra module refs:   BE_I_WriteB
           ENTRY                   ADDRESS         REF BY
           =====                   =======         ======
           uc_BeWrData             00000202 
    -------------------------------------------------------------------------
<BANKED_CODE> 1 (was BANKED_CODE)
  Relative segment, address: CODE 00007E24 - 00007EA4 (0x81 bytes), align: 0
  Segment part 24.            Intra module refs:   BE_I_WriteB::?relay
           ENTRY                   ADDRESS         REF BY
           =====                   =======         ======
           BE_I_WriteB             00007E24 
               XSTACK = 00000011 ( 00000000 )
               ISTACK = 00000000 ( 00000002 )
    -------------------------------------------------------------------------
<BANKED_CODE> 1 (was BANKED_CODE)
  Relative segment, address: CODE 00007EA5 - 00007ED4 (0x30 bytes), align: 0
  Segment part 26.            Intra module refs:   BE_I_Start::?relay
           ENTRY                   ADDRESS         REF BY
           =====                   =======         ======
           BE_I_Start              00007EA5 
               XSTACK = 00000011 ( 00000000 )
    -------------------------------------------------------------------------
<BANKED_CODE> 1 (was BANKED_CODE)
  Relative segment, address: CODE 00007ED5 - 00007F0A (0x36 bytes), align: 0
  Segment part 28.            Intra module refs:   BE_I_Stop::?relay
           ENTRY                   ADDRESS         REF BY
           =====                   =======         ======
           BE_I_Stop               00007ED5 
               XSTACK = 00000011 ( 00000000 )
    -------------------------------------------------------------------------
<BANKED_CODE> 1 (was BANKED_CODE)
  Relative segment, address: CODE 00007F0B - 00007F30 (0x26 bytes), align: 0
  Segment part 30.            Intra module refs:   BE_I_NAK::?relay
           ENTRY                   ADDRESS         REF BY
           =====                   =======         ======
           BE_I_NAK                00007F0B 
               XSTACK = 00000011 ( 00000000 )
    -------------------------------------------------------------------------
<BANKED_CODE> 1 (was BANKED_CODE)
  Relative segment, address: CODE 00007F31 - 00007F56 (0x26 bytes), align: 0
  Segment part 32.            Intra module refs:   BE_I_ACK::?relay
           ENTRY                   ADDRESS         REF BY
           =====                   =======         ======
           BE_I_ACK                00007F31 
               XSTACK = 00000011 ( 00000000 )
    -------------------------------------------------------------------------
BANK_RELAYS
  Relative segment, address: CODE 00000EA4 - 00000EA9 (0x6 bytes), align: 0
  Segment part 13.            Intra module refs:   BE_ReadP
                                                   BE_WriteP
           ENTRY                   ADDRESS         REF BY
           =====                   =======         ======
           Stop_Delay::?relay      00000EA4 
    -------------------------------------------------------------------------
BANK_RELAYS
  Relative segment, address: CODE 00000EAA - 00000EAF (0x6 bytes), align: 0
  Segment part 15.
           ENTRY                   ADDRESS         REF BY
           =====                   =======         ======
           BE_WriteP::?relay       00000EAA        CalPowDwTm (Dataproc)
                                                   ClockBAK_E2 (Timeproc)
                                                   DataProcEvCountAdd (Dataproc)
                                                   DataProcWriteRound2 (Dataproc)
                                                   Data_ClearEvent (Event)
                                                   Data_ClearMeter (Dataproc)
                                                   Data_FactoryClr (Dataproc)
                                                   E2ParaCheck (DataProtect)
                                                   Eny_EnergyActiveSave (Energy)
                                                   Eny_EnergyClrCur (Energy)
                                                   FactoryWR (DLT_645_2007)
                                                   JudgePassword (Prcfrm)
                                                   KeyPgm_DyOut (Key)
                                                   LoadCurveCheck (LoadCurve)
                                                   MonthLYDL (Energy)
                                                   Pow_DnProc (Powmanger)
                                                   PwBs_DyOut (Prcfrm)
                                                   RSDJLlog (PrologFee)
                                                   RecoverEnegyData (Dataproc)
                                                   Rpt_Crc (Report)
                                                   RwGGJR (DLT_645_2007)
                                                   RwLcdData (DLT_645_2007)
                                                   RwRamE2 (DLT_645_2007)
                                                   SysE2ParaSetManage (DataProtect)
                                                   Up_FunCfg (FunCfg)
    -------------------------------------------------------------------------
BANK_RELAYS
  Relative segment, address: CODE 00000EB0 - 00000EB5 (0x6 bytes), align: 0
  Segment part 17.            Intra module refs:   BE_ReadB
                                                   BE_ReadW
           ENTRY                   ADDRESS         REF BY
           =====                   =======         ======
           BE_ReadP::?relay        00000EB0        BroadcastTime (DLT_645_2007)
                                                   CalPowDwTm (Dataproc)
                                                   CalRTC (RtcCpt)
                                                   ComRWE2Para (DLT_645_2007)
                                                   ComRdEvCnt (DLT_645_2007)
                                                   DataProcEvCountAdd (Dataproc)
                                                   DataProcRead2Slice (Dataproc)
                                                   DataProcWriteRound2 (Dataproc)
                                                   Data_FactoryClr (Dataproc)
                                                   E2ParaCheck (DataProtect)
                                                   EnergyCBRManage (Energy)
                                                   EnyB_AutoChkAngle (EnergyBottom)
                                                   EnyB_AutoChkIrms (EnergyBottom)
                                                   EnyB_AutoChkPW (EnergyBottom)
                                                   EnyB_AutoChkUrms (EnergyBottom)
                                                   Eny_EnergyActiveSave (Energy)
                                                   Eny_JbPm_GetE2 (Energy)
                                                   Eny_PurCheckRAMEny (Energy)
                                                   FactoryRD (DLT_645_2007)
                                                   FactoryWR (DLT_645_2007)
                                                   Init_Var (main)
                                                   IsJR (Multariff)
                                                   IsNumSD (Multariff)
                                                   IsNumSQ (Multariff)
                                                   IsValidSQ (Multariff)
                                                   Judge645Addr (Prcfrm)
                                                   JudgePassword (Prcfrm)
                                                   Ldc_Get1stRecord (LoadCurve)
                                                   Ldc_GetSeqRecord (LoadCurve)
                                                   Ldc_ZoneChk (LoadCurve)
                                                   LoadCurveCheck (LoadCurve)
                                                   ProJL (PrologFee)
                                                   RSDJLlog (PrologFee)
                                                   ReadHisJSTime (DLT_645_2007)
                                                   ReadJL (DLT_645_2007)
                                                   ReadRSDLogItem (PrologFee)
                                                   ReadSQLogItem (PrologFee)
                                                   ReadZHLYEgy (DLT_645_2007)
                                                   RecoverDayDjData (Dataproc)
                                                   RecoverEnegyData (Dataproc)
                                                   RecoverJSRData (Dataproc)
                                                   RecoverRtcPara (RtcCpt)
                                                   Rpt_Recover (Report)
                                                   RwDjData (DLT_645_2007)
                                                   RwGGJR (DLT_645_2007)
                                                   RwLcdData (DLT_645_2007)
                                                   RwRamE2 (DLT_645_2007)
                                                   RwSqSd (DLT_645_2007)
                                                   Search1stEqualItem (LoadCurve)
                                                   SearchEqualItem (LoadCurve)
                                                   SeekDataID (PrologFee)
                                                   ShowDataProc (Lcdshow)
                                                   ShowNumManage (Lcdshow)
[...]
                                                   MCUForPowerOff (McuDrive)
                                                   MonthLYDL (Energy)
                                                   PMDspInit (EnergyBottom)
                                                   Pow_DnProc (Powmanger)
                                                   PowerJL (Event)
                                                   ProJL (PrologFee)
                                                   PwBs_DyOut (Prcfrm)
                                                   RSDJLlog (PrologFee)
                                                   ReadAccuEgy (DLT_645_2007)
                                                   ReadEnyD0Block (DLT_645_2007)
                                                   ReadHisEgy (DLT_645_2007)
                                                   ReadHisJSTime (DLT_645_2007)
                                                   ReadJL (DLT_645_2007)
                                                   ReadRSDLogItem (PrologFee)
                                                   ReadSQLogItem (PrologFee)
                                                   ReadZHLYEgy (DLT_645_2007)
                                                   RecoverDayDjData (Dataproc)
                                                   RecoverEnegyData (Dataproc)
                                                   RecoverJSRData (Dataproc)
                                                   RecoverRtcPara (RtcCpt)
                                                   Rpt_Crc (Report)
                                                   Rpt_Recover (Report)
                                                   RwDjData (DLT_645_2007)
                                                   RwGGJR (DLT_645_2007)
                                                   RwLcdData (DLT_645_2007)
                                                   RwRamE2 (DLT_645_2007)
                                                   RwSqSd (DLT_645_2007)
                                                   RwSysTime (DLT_645_2007)
                                                   SaveProgramLog (Event)
                                                   Search1stEqualItem (LoadCurve)
                                                   SearchEqualItem (LoadCurve)
                                                   SeekDataID (PrologFee)
                                                   ShowDataProc (Lcdshow)
                                                   ShowNumManage (Lcdshow)
                                                   SleepTimeProc (Timeproc)
                                                   SoftClockCheck (Timeproc)
                                                   SysE2ParaSetManage (DataProtect)
                                                   Up_FunCfg (FunCfg)
                                                   WriteHisEP (Energy)
                                                   getFee (Multariff)
                                                   getTimeZone (Multariff)
                                                   sqrt (?sqrt)
    -------------------------------------------------------------------------
RCODE
  Relative segment, address: CODE 00002315 - 00002316 (0x2 bytes), align: 0
  Segment part 3.
           ENTRY                   ADDRESS         REF BY
           =====                   =======         ======
           ?PUSH_XSTACK_I_ONE      00002315        RecoverDayDjData (Dataproc)
                                                   RecoverJSRData (Dataproc)
    -------------------------------------------------------------------------
RCODE
  Relative segment, address: CODE 00002317 - 00002323 (0xd bytes), align: 0
  Segment part 4.             Intra module refs:   ?PUSH_XSTACK_I_FOUR
                                                   ?PUSH_XSTACK_I_ONE
                                                   ?PUSH_XSTACK_I_TWO
           ENTRY                   ADDRESS         REF BY
           =====                   =======         ======
           ?PUSH_XSTACK_I          00002317 

    -------------------------------------------------------------------------
  LIBRARY MODULE, NAME : ?PUSH_XSTACK8_X

  SEGMENTS IN THE MODULE
  ======================
RCODE
  Relative segment, address: CODE 00002324 - 00002327 (0x4 bytes), align: 0
  Segment part 1.
           ENTRY                   ADDRESS         REF BY
           =====                   =======         ======
           ?PUSH_XSTACK8_X_FOUR    00002324        EnyB_AutoChkAngle (EnergyBottom)
                                                   EnyB_AutoChkIrms (EnergyBottom)
                                                   EnyB_AutoChkPW (EnergyBottom)
                                                   EnyB_AutoChkUrms (EnergyBottom)
                                                   ShowRefresh (Lcdshow)
    -------------------------------------------------------------------------
RCODE
  Relative segment, address: CODE 00002328 - 0000232B (0x4 bytes), align: 0
  Segment part 3.
           ENTRY                   ADDRESS         REF BY
           =====                   =======         ======
           ?PUSH_XSTACK8_X_TWO     00002328        BE_ReadB (BEBottom)
                                                   BE_ReadW (BEBottom)
                                                   DataProcRead2Slice (Dataproc)
                                                   DataProcWriteRound2 (Dataproc)
                                                   Ldc_GetSeqRecord (LoadCurve)
                                                   ReadRSDLogItem (PrologFee)
                                                   ReadSQLogItem (PrologFee)
                                                   RwGGJR (DLT_645_2007)
                                                   RwLcdData (DLT_645_2007)
                                                   RwSqSd (DLT_645_2007)
                                                   SysE2ParaSetManage (DataProtect)
                                                   SysE2ReadData (DataProtect)
    -------------------------------------------------------------------------
RCODE
  Relative segment, address: CODE 0000232C - 00002354 (0x29 bytes), align: 0
  Segment part 5.             Intra module refs:   ?PUSH_XSTACK8_X_FOUR
                                                   ?PUSH_XSTACK8_X_TWO
           ENTRY                   ADDRESS         REF BY
           =====                   =======         ======
           ?PUSH_XSTACK8_X         0000232C        IrShowLcd (DLT_645_2007)
                                                   IsValidSQ (Multariff)
                                                   RWData (DLT_645_2007)
                                                   RwLcdData (DLT_645_2007)
                                                   RwSqSd (DLT_645_2007)
                                                   ShowDataProc (Lcdshow)
                                                   getFee (Multariff)

    -------------------------------------------------------------------------
  LIBRARY MODULE, NAME : ?UC_SWITCH_DENSE

  SEGMENTS IN THE MODULE
  ======================
RCODE
  Relative segment, address: CODE 00002355 - 0000235A (0x6 bytes), align: 0
  Segment part 0.
           ENTRY                   ADDRESS         REF BY
           =====                   =======         ======
           ?UC_SWITCH_DENSE        00002355        ComCheckFormat (DataProtect)
           ?UC_SWITCH_DENSE_CFI_INVALID_BEGINS
                                   00002355 
    -------------------------------------------------------------------------
RCODE
  Relative segment, address: CODE 0000235B - 00002389 (0x2f bytes), align: 0
  Segment part 2.             Intra module refs:   Segment part 0
    -------------------------------------------------------------------------
RCODE
  Relative segment, address: CODE 0000238A - 0000238A (0x1 bytes), align: 0
  Segment part 4.             Intra module refs:   Segment part 0
           ENTRY                   ADDRESS         REF BY
           =====                   =======         ======
           ?UC_SWITCH_DENSE_CFI_INVALID_ENDS
                                   0000238B 

    -------------------------------------------------------------------------
  LIBRARY MODULE, NAME : ?US_SWITCH_SPARSE

  SEGMENTS IN THE MODULE
  ======================
RCODE
  Relative segment, address: CODE 0000238B - 00002394 (0xa bytes), align: 0
  Segment part 0.
           ENTRY                   ADDRESS         REF BY
           =====                   =======         ======
           ?US_SWITCH_SPARSE       0000238B        CalRMS (EnergyBottom)
           ?US_SWITCH_SPARSE_CFI_INVALID_BEGINS
                                   0000238B 
    -------------------------------------------------------------------------
RCODE
  Relative segment, address: CODE 00002395 - 000023D5 (0x41 bytes), align: 0
  Segment part 2.             Intra module refs:   Segment part 0
           ENTRY                   ADDRESS         REF BY
           =====                   =======         ======
           ?US_SWITCH_SPARSE_LEAVE
                                   000023C7        Segment part 0 (?US_JMP_IF_IN_RANGE)
                                                   Segment part 0 (?US_JMP_IF_VALUE)
    -------------------------------------------------------------------------
RCODE
  Relative segment, address: CODE 000023D6 - 000023D6 (0x1 bytes), align: 0
  Segment part 4.             Intra module refs:   Segment part 0
           ENTRY                   ADDRESS         REF BY
           =====                   =======         ======
           ?US_SWITCH_SPARSE_CFI_INVALID_ENDS
                                   000023D7 

    -------------------------------------------------------------------------
  LIBRARY MODULE, NAME : ?US_JMP_IF_IN_RANGE

  SEGMENTS IN THE MODULE
  ======================
RCODE
  Relative segment, address: CODE 000023D7 - 00002415 (0x3f bytes), align: 0
  Segment part 0.
           ENTRY                   ADDRESS         REF BY
           =====                   =======         ======
           ?US_JMP_IF_IN_RANGE     000023D7        ?US_SWITCH_SPARSE_LEAVE (?US_SWITCH_SPARSE)
           ?US_JMP_IF_IN_RANGE_CFI_INVALID_BEGINS
                                   000023D7 
           ?US_JMP_IF_IN_RANGE_CFI_INVALID_ENDS
                                   00002416 

    -------------------------------------------------------------------------
  LIBRARY MODULE, NAME : ?US_JMP_IF_VALUE

  SEGMENTS IN THE MODULE
  ======================
RCODE
  Relative segment, address: CODE 00002416 - 00002440 (0x2b bytes), align: 0
  Segment part 0.
           ENTRY                   ADDRESS         REF BY
           =====                   =======         ======
           ?US_JMP_IF_VALUE        00002416        ?US_SWITCH_SPARSE_LEAVE (?US_SWITCH_SPARSE)
           ?US_JMP_IF_VALUE_CFI_INVALID_BEGINS
                                   00002416 
           ?US_JMP_IF_VALUE_CFI_INVALID_ENDS
                                   00002441 

    -------------------------------------------------------------------------
  LIBRARY MODULE, NAME : ?sqrt

  SEGMENTS IN THE MODULE
  ======================
<BANKED_CODE> 3 (was BANKED_CODE)
  Relative segment, address: CODE 0001E6BD - 0001E848 (0x18c bytes), align: 0
  Segment part 12.            Intra module refs:   sqrt::?relay
           ENTRY                   ADDRESS         REF BY
           =====                   =======         ======
           sqrt                    0001E6BD 
               calls direct, is not allocated
               not allocated function
    -------------------------------------------------------------------------
CODE_C
  Relative segment, address: CODE 0000361C - 0000361F (0x4 bytes), align: 0
  Segment part 8.             Intra module refs:   sqrt
           ENTRY                   ADDRESS         REF BY
           =====                   =======         ======
           __Constant_3f4203c5     0000361C 
    -------------------------------------------------------------------------
CODE_C
  Relative segment, address: CODE 00003620 - 00003623 (0x4 bytes), align: 0
  Segment part 9.             Intra module refs:   sqrt
           ENTRY                   ADDRESS         REF BY
           =====                   =======         ======
           __Constant_3f12511a     00003620 
    -------------------------------------------------------------------------
CODE_C
  Relative segment, address: CODE 00003624 - 00003627 (0x4 bytes), align: 0
  Segment part 10.            Intra module refs:   sqrt
           ENTRY                   ADDRESS         REF BY
           =====                   =======         ======
           __Constant_3fb504f3     00003624 
    -------------------------------------------------------------------------
CODE_C
  Relative segment, address: CODE 00003628 - 0000362B (0x4 bytes), align: 0
  Segment part 11.            Intra module refs:   sqrt
           ENTRY                   ADDRESS         REF BY
           =====                   =======         ======
           __Constant_3e800000     00003628 
    -------------------------------------------------------------------------
BANK_RELAYS
  Relative segment, address: CODE 00001528 - 0000152D (0x6 bytes), align: 0
  Segment part 13.
           ENTRY                   ADDRESS         REF BY
           =====                   =======         ======
           sqrt::?relay            00001528        CalRTC (RtcCpt)

    *************************************************************************

  DEFINED ABSOLUTE ENTRIES



                ****************************************
                *                                      *
                *      SEGMENTS IN ADDRESS ORDER       *
                *                                      *
                ****************************************


SEGMENT              SPACE    START ADDRESS   END ADDRESS     SIZE  TYPE  ALIGN
=======              =====    =============   ===========     ====  ====  =====
INTVEC               CODE          00000000 - 00000065          66   com    0
CSTART               CODE          00000066 - 000000EE          89   rel    0
CODE_AC              CODE          00000100 - 00000399         29A   rel    0
                     CODE          0000039C - 00000BC3         828 
                     CODE          00000C00 - 00000C05           6 
                     CODE          00000D00 - 00000D3F          40 
                     CODE          00000E00 - 00000E09           A 
                     CODE          00000E0D - 00000E0D           1 
BANK_RELAYS          CODE          00000E0E - 0000152D         720   rel    0
RCODE                CODE          0000152E - 00002440         F13   rel    0
DIFUNCT              CODE               00002441                     dse    0
CODE_C               CODE          00002441 - 0000362B        11EB   rel    0
CODE_N               CODE               0000362C                     dse    0
NEAR_CODE            CODE          0000362C - 00003989         35E   rel    0
<BANKED_CODE> 1      CODE          0000398A - 00007FC7        463E   rel    0
<BANKED_CODE> 2      CODE          00008000 - 0000FFF5        7FF6   rel    0
<BANKED_CODE> 3      CODE          00018000 - 0001E97C        697D   rel    0
REGISTERS            DATA          00000000 - 00000007           8   rel    0
__REG_BANK2          DATA          00000010 - 00000017           8   rel    0
BREG                 BIT        00000020.0  -  00000020.7        8   rel    0
VREG                 DATA          00000021 - 00000030          10   rel    0
PSP                  DATA               00000031                     dse    0
XSP                  DATA          00000031 - 00000032           2   rel    0
SFR_AN               DATA          00000080 - 00000080           1   rel    0
                     DATA          00000088 - 0000008E           7 
                     DATA          00000090 - 00000091           2 
                     DATA          00000093 - 00000097           5 
                     DATA          0000009A - 0000009F           6 
                     DATA          000000A1 - 000000A1           1 
                     DATA          000000A3 - 000000A9           7 
                     DATA          000000AB - 000000AB           1 
                     DATA          000000AD - 000000AD           1 
                     DATA          000000C0 - 000000C1           2 
                     DATA          000000C7 - 000000C8           2 
                     DATA          000000CC - 000000D0           5 
                     DATA          000000D8 - 000000D8           1 
                     DATA          000000DA - 000000DD           4 
                     DATA          000000E0 - 000000E0           1 
                     DATA          000000E8 - 000000E8           1 
XSTACK               XDATA         00000001 - 00000200         200   rel    0
XDATA_Z              XDATA         00000201 - 00000A22         822   rel    0
XDATA_AN             XDATA         00002820 - 00002821           2   rel    0
                     XDATA         00002823 - 00002823           1 
                     XDATA         00002825 - 00002828           4 
                     XDATA         0000282E - 0000282E           1 
                     XDATA         00002830 - 00002831           2 
                     XDATA         00002833 - 00002833           1 
                     XDATA         00002835 - 00002838           4 
                     XDATA         0000283E - 0000283E           1 
                     XDATA         00002840 - 00002840           1 
                     XDATA         00002843 - 00002843           1 
                     XDATA         00002848 - 00002848           1 
                     XDATA         0000284B - 0000284B           1 
                     XDATA         00002850 - 00002850           1 
                     XDATA         00002858 - 00002858           1 
                     XDATA         0000285D - 00002868           C 
                     XDATA         00002898 - 0000289B           4 
                     XDATA         000028A8 - 000028AA           3 
                     XDATA         000028AC - 000028B2           7 
                     XDATA         000028B4 - 000028B5           2 
                     XDATA         000028B8 - 000028BA           3 
                     XDATA         000028BC - 000028BD           2 
                     XDATA         000028C0 - 000028C2           3 
                     XDATA         000028C5 - 000028CA           6 
                     XDATA         000028CD - 000028CF           3 
                     XDATA         000028D5 - 000028D7           3 
                     XDATA         000028D9 - 000028DB           3 
                     XDATA         00002A04 - 00002A05           2 
                     XDATA         00002C01 - 00002C03           3 
                     XDATA         00002C1E - 00002C23           6 
IDATA_I              IDATA              00000033                     dse    0
IDATA_Z              IDATA         00000033 - 00000042          10   rel    0
ISTACK               IDATA         000000A0 - 000000FF          60   rel    0

                ****************************************
                *                                      *
                *        END OF CROSS REFERENCE        *
                *                                      *
                ****************************************

 89 116 bytes of CODE  memory (+ 2 835 absolute )
     26 bytes of DATA  memory (+    55 absolute )
  2 594 bytes of XDATA memory (+    84 absolute )
    112 bytes of IDATA memory
      8 bits  of BIT   memory

Errors: none
Warnings: none

