BL51 BANKED LINKER/LOCATER V6.11                                                        09/10/2014  11:30:28  PAGE 1


BL51 BANKED LINKER/LOCATER V6.11, INVOKED BY:
C:\KEIL3\C51\BIN\BL51.EXE .\list\main.obj, .\list\Func.obj, .\list\delay.obj, .\code\Liger_LV1_8.LIB TO .\list\v9401test
>>  PRINT (.\list\v9401test.m51) RAMSIZE (256)


MEMORY MODEL: LARGE


INPUT MODULES INCLUDED:
  .\list\main.obj (MAIN)
  .\list\Func.obj (FUNC)
  .\list\delay.obj (DELAY)
  .\code\Liger_LV1_8.LIB (?C_STARTUP)
  .\code\Liger_LV1_8.LIB (SETPLL)


LINK MAP OF MODULE:  .\list\v9401test (MAIN)


            TYPE    BASE      LENGTH    RELOCATION   SEGMENT NAME
            -----------------------------------------------------

            * * * * * * *   D A T A   M E M O R Y   * * * * * * *
            REG     0000H     0008H     ABSOLUTE     "REG BANK 0"
            IDATA   0008H     0001H     UNIT         ?STACK

            * * * * * * *  X D A T A   M E M O R Y  * * * * * * *
            XDATA   0000H     0001H     UNIT         _XDATA_GROUP_

            * * * * * * *   C O D E   M E M O R Y   * * * * * * *
            CODE    0000H     0003H     ABSOLUTE     
                    0003H     0005H                  *** GAP ***
            CODE    0008H     0001H     ABSOLUTE     
            CODE    0009H     0064H     UNIT         ?PR?INIT_PORT?FUNC
            CODE    006DH     005DH     UNIT         ?PR?_SETPLL?SETPLL
            CODE    00CAH     0042H     UNIT         ?PR?_LED_TWIN?FUNC
            CODE    010CH     0036H     UNIT         ?PR?MAIN?MAIN
            CODE    0142H     0024H     UNIT         ?PR?_DELAY_100MS?DELAY
            CODE    0166H     0019H     UNIT         ?PR?_DELAYMS?DELAY
            CODE    017FH     000FH     UNIT         ?PR?SETPLL
            CODE    018EH     0006H     UNIT         ?C_C51STARTUP
                    0194H     026CH                  *** GAP ***
            CODE    0400H     0001H     ABSOLUTE     



OVERLAY MAP OF MODULE:   .\list\v9401test (MAIN)


SEGMENT                          XDATA_GROUP
  +--> CALLED SEGMENT          START    LENGTH
----------------------------------------------
?C_C51STARTUP                  -----    -----
  +--> ?PR?MAIN?MAIN

?PR?MAIN?MAIN                  -----    -----
  +--> ?PR?INIT_PORT?FUNC
  +--> ?PR?_SETPLL?SETPLL
BL51 BANKED LINKER/LOCATER V6.11                                                      09/10/2014  11:30:28  PAGE 2


  +--> ?PR?_LED_TWIN?FUNC
  +--> ?PR?_DELAYMS?DELAY

?PR?_SETPLL?SETPLL             -----    -----
  +--> ?PR?SETPLL

?PR?_LED_TWIN?FUNC             0000H    0001H
  +--> ?PR?_DELAY_100MS?DELAY



SYMBOL TABLE OF MODULE:  .\list\v9401test (MAIN)

  VALUE           TYPE          NAME
  ----------------------------------

  -------         MODULE        MAIN
  C:0000H         SYMBOL        _ICE_DUMMY_
  D:0090H         PUBLIC        P1
  D:00B0H         PUBLIC        P3
  D:00CEH         PUBLIC        WDTEN
  D:00A8H         PUBLIC        IE
  D:00B8H         PUBLIC        IP
  C:010CH         PUBLIC        main
  D:0090H         PUBLIC        RTCSFTO
  D:0098H         PUBLIC        SCON
  D:0088H         PUBLIC        TCON
  D:00CFH         PUBLIC        WDTCLR
  D:0080H         PUBLIC        SysCtrl
  D:00C8H         PUBLIC        T2CON
  D:00D0H         PUBLIC        PSW
  -------         PROC          MAIN
  C:010CH         LINE#         20
  C:010CH         LINE#         21
  C:010CH         LINE#         22
  C:010FH         LINE#         23
  C:0114H         LINE#         24
  C:011AH         LINE#         25
  C:011AH         LINE#         26
  C:011AH         LINE#         27
  C:011FH         LINE#         28
  C:0125H         LINE#         29
  C:012CH         LINE#         30
  C:0133H         LINE#         31
  C:013AH         LINE#         32
  C:0140H         LINE#         33
  -------         ENDPROC       MAIN
  -------         ENDMOD        MAIN

  -------         MODULE        FUNC
  C:0000H         SYMBOL        _ICE_DUMMY_
  D:0090H         PUBLIC        P1
  D:00B0H         PUBLIC        P3
  D:00A8H         PUBLIC        IE
  D:00B8H         PUBLIC        IP
  C:00CAH         PUBLIC        _Led_Twin
  C:0009H         PUBLIC        Init_Port
BL51 BANKED LINKER/LOCATER V6.11                                                      09/10/2014  11:30:28  PAGE 3


  D:0090H         PUBLIC        RTCSFTO
  D:0098H         PUBLIC        SCON
  D:0088H         PUBLIC        TCON
  D:0080H         PUBLIC        SysCtrl
  D:00C8H         PUBLIC        T2CON
  D:00D0H         PUBLIC        PSW
  -------         PROC          INIT_PORT
  C:0009H         LINE#         8
  C:0009H         LINE#         9
  C:0009H         LINE#         11
  C:000EH         LINE#         12
  C:0014H         LINE#         13
  C:0019H         LINE#         14
  C:001FH         LINE#         15
  C:0024H         LINE#         16
  C:002AH         LINE#         17
  C:002FH         LINE#         18
  C:0035H         LINE#         19
  C:003AH         LINE#         20
  C:0040H         LINE#         21
  C:0045H         LINE#         22
  C:004BH         LINE#         23
  C:0050H         LINE#         24
  C:0056H         LINE#         25
  C:005BH         LINE#         26
  C:0061H         LINE#         27
  C:0066H         LINE#         28
  C:006CH         LINE#         30
  -------         ENDPROC       INIT_PORT
  -------         PROC          _LED_TWIN
  D:0007H         SYMBOL        i
  -------         DO            
  X:0000H         SYMBOL        count
  -------         ENDDO         
  C:00CAH         LINE#         32
  C:00CAH         LINE#         33
  C:00CAH         LINE#         35
  C:00CFH         LINE#         36
  C:00D9H         LINE#         37
  C:00D9H         LINE#         38
  C:00EAH         LINE#         39
  C:00F1H         LINE#         40
  C:0102H         LINE#         41
  C:0109H         LINE#         42
  C:010BH         LINE#         43
  -------         ENDPROC       _LED_TWIN
  -------         ENDMOD        FUNC

  -------         MODULE        DELAY
  C:0000H         SYMBOL        _ICE_DUMMY_
  C:0142H         PUBLIC        _delay_100ms
  C:0166H         PUBLIC        _delayms
  -------         PROC          _DELAY_100MS
  D:0006H         SYMBOL        sec
  -------         DO            
  D:0003H         SYMBOL        i
  D:0002H         SYMBOL        j
BL51 BANKED LINKER/LOCATER V6.11                                                      09/10/2014  11:30:28  PAGE 4


  D:0004H         SYMBOL        k
  -------         ENDDO         
  C:0142H         LINE#         4
  C:0142H         LINE#         5
  C:0142H         LINE#         8
  C:014CH         LINE#         9
  C:014EH         LINE#         10
  C:0150H         LINE#         11
  C:0150H         LINE#         12
  C:0151H         LINE#         13
  C:0152H         LINE#         14
  C:0153H         LINE#         15
  C:0154H         LINE#         17
  C:015EH         LINE#         18
  C:0165H         LINE#         19
  -------         ENDPROC       _DELAY_100MS
  -------         PROC          _DELAYMS
  D:0006H         SYMBOL        j
  -------         DO            
  D:0005H         SYMBOL        i
  -------         ENDDO         
  C:0166H         LINE#         20
  C:0166H         LINE#         21
  C:0166H         LINE#         24
  C:0170H         LINE#         25
  C:0170H         LINE#         26
  C:0178H         LINE#         27
  C:0178H         LINE#         28
  C:0179H         LINE#         29
  C:017AH         LINE#         30
  C:017BH         LINE#         32
  C:017EH         LINE#         33
  C:017EH         LINE#         34
  -------         ENDPROC       _DELAYMS
  -------         ENDMOD        DELAY

  -------         MODULE        ?C_STARTUP
  C:018EH         SEGMENT       ?C_C51STARTUP
  I:0008H         SEGMENT       ?STACK
  C:0000H         PUBLIC        ?C_STARTUP
  D:00E0H         SYMBOL        ACC
  D:00F0H         SYMBOL        B
  D:0083H         SYMBOL        DPH
  D:0082H         SYMBOL        DPL
  N:0000H         SYMBOL        IBPSTACK
  N:0100H         SYMBOL        IBPSTACKTOP
  N:0100H         SYMBOL        IDATALEN
  N:0000H         SYMBOL        PBPSTACK
  N:0000H         SYMBOL        PBPSTACKTOP
  N:0000H         SYMBOL        PDATALEN
  N:0000H         SYMBOL        PDATASTART
  N:0000H         SYMBOL        PPAGE
  N:0000H         SYMBOL        PPAGEENABLE
  D:00A0H         SYMBOL        PPAGE_SFR
  D:0081H         SYMBOL        SP
  C:018EH         SYMBOL        STARTUP1
  N:0000H         SYMBOL        XBPSTACK
BL51 BANKED LINKER/LOCATER V6.11                                                      09/10/2014  11:30:28  PAGE 5


  N:0000H         SYMBOL        XBPSTACKTOP
  N:0000H         SYMBOL        XDATALEN
  N:0000H         SYMBOL        XDATASTART
  C:0400H         LINE#         94
  C:0000H         LINE#         97
  C:018EH         LINE#         156
  C:0191H         LINE#         161
  -------         ENDMOD        ?C_STARTUP

  -------         MODULE        SETPLL
  C:0000H         SYMBOL        _ICE_DUMMY_
  D:0090H         PUBLIC        P1
  D:00B0H         PUBLIC        P3
  D:00A8H         PUBLIC        IE
  C:006DH         PUBLIC        _SetPLL
  D:00B8H         PUBLIC        IP
  D:0090H         PUBLIC        RTCSFTO
  D:0098H         PUBLIC        SCON
  D:0088H         PUBLIC        TCON
  B:0080H.0       PUBLIC        CLKFRQ
  D:0080H         PUBLIC        SysCtrl
  D:00C8H         PUBLIC        T2CON
  B:00D0H.5       PUBLIC        F0
  D:00D0H         PUBLIC        PSW
  C:017FH         SYMBOL        Com000F
  C:017FH         SYMBOL        L?0016
  -------         PROC          COM000F
  -------         ENDPROC       COM000F
  -------         PROC          _SETPLL
  D:0007H         SYMBOL        PLLClk
  -------         DO            
  D:0006H         SYMBOL        tmp
  D:0005H         SYMBOL        i
  -------         ENDDO         
  C:006DH         LINE#         33
  C:006DH         LINE#         34
  C:006DH         LINE#         35
  C:006FH         LINE#         41
  C:0073H         LINE#         42
  C:0073H         LINE#         43
  C:0074H         LINE#         44
  C:0074H         LINE#         45
  C:0076H         LINE#         47
  C:007DH         LINE#         48
  C:007DH         LINE#         49
  C:007FH         LINE#         50
  C:0082H         LINE#         51
  C:0088H         LINE#         52
  C:008FH         LINE#         53
  C:0094H         LINE#         54
  C:009BH         LINE#         55
  C:009BH         LINE#         57
  C:00A0H         LINE#         60
  C:00A5H         LINE#         61
  C:00A5H         LINE#         63
  C:00ABH         LINE#         64
  C:00ADH         LINE#         65
BL51 BANKED LINKER/LOCATER V6.11                                                      09/10/2014  11:30:28  PAGE 6


  C:00ADH         LINE#         66
  C:00ADH         LINE#         67
  C:00B0H         LINE#         68
  C:00B2H         LINE#         70
  C:00B2H         LINE#         71
  C:00B3H         LINE#         72
  C:00B3H         LINE#         73
  C:00B3H         LINE#         74
  C:00B6H         LINE#         75
  C:00BAH         LINE#         76
  C:00BAH         LINE#         77
  C:00BDH         LINE#         78
  C:00C2H         LINE#         80
  C:00C9H         LINE#         83
  -------         ENDPROC       _SETPLL
  -------         ENDMOD        SETPLL

Program Size: data=9.0 xdata=1 code=400
LINK/LOCATE RUN COMPLETE.  0 WARNING(S),  0 ERROR(S)
